eve borrowed X1, due day 14
line 2: refused: X1 is on loan
fay borrowed X2, X3, due day 14
reserved X1 for gus (position 1)
reserved X2 for gus (position 1)
fay returned X2
X2 held for gus
eve returned X1
X1 held for gus
line 7: refused: X3 is on loan
line 8: refused: X3 is on loan
line 9: refused: X3 is on loan
gus borrowed X1, X2, due day 20
reserved X1 for fay (position 1)
member       loans     owes
eve              0     0.00
fay              1     0.00
gus              2     0.00
overdue on day 7:
  none
