#1 kim: E-101 (economy)
E-101 needs service at 15220 km
#2 lee: C-201 (compact) upgrade
#3 max: C-202 (compact)
C-202 needs service at 20150 km
#4 nia: S-301 (suv)
#5 oli: C-201 (compact)
#6 pam: E-102 (economy)
#7 quo: V-401 (van)
#8 ray: C-201 (compact) upgrade
#9 sue: S-301 (suv)
#10 tom: refused (no compact or better at airport for days 9..10)
--- utilization over days 1..10
E-101  economy  ###.......  30%  15220 km
E-102  economy  ....##....  20%   3120 km
C-201  compact  .########.  80%   8570 km
C-202  compact  ##........  20%  20150 km
S-301  suv      ..######..  60%   1550 km
V-401  van      ...##.....  20%   2210 km
bookings 9, refused [10], upgrades 2, revenue $1487
busiest car: C-201
