== FCFS
  |AAAAAAABBBBCCCCCCCCCDDEEEEEFFFG|
  A arrive  0 burst  7 prio 3 -> done  7 turnaround  7 wait  0
  B arrive  1 burst  4 prio 1 -> done 11 turnaround 10 wait  6
  C arrive  2 burst  9 prio 4 -> done 20 turnaround 18 wait  9
  D arrive  3 burst  2 prio 2 -> done 22 turnaround 19 wait 17
  E arrive  6 burst  5 prio 1 -> done 27 turnaround 21 wait 16
  F arrive 10 burst  3 prio 5 -> done 30 turnaround 20 wait 17
  G arrive 12 burst  1 prio 2 -> done 31 turnaround 19 wait 18
  avg turnaround 16.29  avg wait 11.86  avg response 11.86  switches 6
== Round robin (q=2)
  |AABBCCAADDBBEECCAAFFGEECCAFECCC|
  A arrive  0 burst  7 prio 3 -> done 26 turnaround 26 wait 19
  B arrive  1 burst  4 prio 1 -> done 12 turnaround 11 wait  7
  C arrive  2 burst  9 prio 4 -> done 31 turnaround 29 wait 20
  D arrive  3 burst  2 prio 2 -> done 10 turnaround  7 wait  5
  E arrive  6 burst  5 prio 1 -> done 28 turnaround 22 wait 17
  F arrive 10 burst  3 prio 5 -> done 27 turnaround 17 wait 14
  G arrive 12 burst  1 prio 2 -> done 21 turnaround  9 wait  8
  avg turnaround 17.29  avg wait 12.86  avg response 4.29  switches 16
== Round robin (q=4)
  |AAAABBBBCCCCDDAAAEEEEFFFGCCCCEC|
  A arrive  0 burst  7 prio 3 -> done 17 turnaround 17 wait 10
  B arrive  1 burst  4 prio 1 -> done  8 turnaround  7 wait  3
  C arrive  2 burst  9 prio 4 -> done 31 turnaround 29 wait 20
  D arrive  3 burst  2 prio 2 -> done 14 turnaround 11 wait  9
  E arrive  6 burst  5 prio 1 -> done 30 turnaround 24 wait 19
  F arrive 10 burst  3 prio 5 -> done 24 turnaround 14 wait 11
  G arrive 12 burst  1 prio 2 -> done 25 turnaround 13 wait 12
  avg turnaround 16.43  avg wait 12.00  avg response 7.43  switches 10
== Shortest remaining time first
  |ABBBBDDEEEEEGFFFAAAAAACCCCCCCCC|
  A arrive  0 burst  7 prio 3 -> done 22 turnaround 22 wait 15
  B arrive  1 burst  4 prio 1 -> done  5 turnaround  4 wait  0
  C arrive  2 burst  9 prio 4 -> done 31 turnaround 29 wait 20
  D arrive  3 burst  2 prio 2 -> done  7 turnaround  4 wait  2
  E arrive  6 burst  5 prio 1 -> done 12 turnaround  6 wait  1
  F arrive 10 burst  3 prio 5 -> done 16 turnaround  6 wait  3
  G arrive 12 burst  1 prio 2 -> done 13 turnaround  1 wait  0
  avg turnaround 10.29  avg wait 5.86  avg response 3.71  switches 7
== Priority, preemptive
  |ABBBBDEEEEEDGAAAAAACCCCCCCCCFFF|
  A arrive  0 burst  7 prio 3 -> done 19 turnaround 19 wait 12
  B arrive  1 burst  4 prio 1 -> done  5 turnaround  4 wait  0
  C arrive  2 burst  9 prio 4 -> done 28 turnaround 26 wait 17
  D arrive  3 burst  2 prio 2 -> done 12 turnaround  9 wait  7
  E arrive  6 burst  5 prio 1 -> done 11 turnaround  5 wait  0
  F arrive 10 burst  3 prio 5 -> done 31 turnaround 21 wait 18
  G arrive 12 burst  1 prio 2 -> done 13 turnaround  1 wait  0
  avg turnaround 12.14  avg wait 7.71  avg response 5.29  switches 8
--- ranking by average wait
1. SRTF    5.86
2. PRIO    7.71
3. FCFS   11.86
4. RR4    12.00
5. RR2    12.86
