t=0 ann calls at 0, assigned A
t=0 ben calls at 5, assigned B
t=0 ann boards car A at 0 -> 7
t=2 cat calls at 3, assigned A
t=3 dan calls at 8, assigned B
t=3 cat boards car A at 3 -> 9
t=3 ben boards car B at 5 -> 1
t=4 eve calls at 1, assigned A
t=6 fay calls at 9, assigned A
t=7 gus calls at 4, assigned A
t=7 ann leaves car A at 7
t=7 ben leaves car B at 1
t=7 eve boards car B at 1 -> 4
t=9 hal calls at 0, assigned B
t=9 cat leaves car A at 9
t=9 fay boards car A at 9 -> 2
t=10 eve leaves car B at 4
t=10 gus boards car B at 4 -> 6
t=11 ivy calls at 6, assigned A
t=12 jon calls at 2, assigned B
t=12 ivy boards car A at 6 -> 0
t=12 gus leaves car B at 6
t=14 dan boards car B at 8 -> 0
t=15 kim calls at 7, assigned B
t=15 kim boards car B at 7 -> 5
t=16 lou calls at 0, assigned A
t=16 fay leaves car A at 2
t=16 jon boards car A at 2 -> 8
t=17 kim leaves car B at 5
t=18 ivy leaves car A at 0
t=18 hal boards car A at 0 -> 3
t=18 lou boards car A at 0 -> 9
t=21 hal leaves car A at 3
t=22 dan leaves car B at 0
t=26 jon leaves car A at 8
t=27 lou leaves car A at 9
--- finished at t=27
car A @9 idle load=0
car B @0 idle load=0
ann  0->7 wait  0 ride  7
ben  5->1 wait  3 ride  4
cat  3->9 wait  1 ride  6
dan  8->0 wait 11 ride  8
eve  1->4 wait  3 ride  3
fay  9->2 wait  3 ride  7
gus  4->6 wait  3 ride  2
hal  0->3 wait  9 ride  3
ivy  6->0 wait  1 ride  6
jon  2->8 wait  4 ride 10
kim  7->5 wait  0 ride  2
lou  0->9 wait  2 ride  9
avg wait 3.33, avg ride 5.58, moves A=27 B=23
unserved: 0
