most connected: eli(4) fay(4) kai(4)
== no vaccination
day  1  S 15  I  2  R  0  **
day  2  S 13  I  4  R  0  ****
day  3  S 12  I  4  R  1  ****
day  4  S 11  I  4  R  2  ****
day  5  S  8  I  5  R  4  *****
day  6  S  6  I  6  R  5  ******
day  7  S  6  I  5  R  6  *****
day  8  S  5  I  3  R  9  ***
day  9  S  4  I  2  R 11  **
day 10  S  4  I  2  R 11  **
day 11  S  4  I  1  R 12  *
day 12  S  4  I  0  R 13  
peak: 6 infected on day 6
total infected: 13 of 17
top spreader: ann (3)
longest chain: ann > cy > fay > ivy > quin > pat
== vaccinate hubs eli,fay,kai
day  1  S 12  I  2  R  3  **
day  2  S 10  I  4  R  3  ****
day  3  S 10  I  3  R  4  ***
day  4  S  9  I  3  R  5  ***
day  5  S  9  I  1  R  7  *
day  6  S  9  I  1  R  7  *
day  7  S  8  I  1  R  8  *
day  8  S  8  I  1  R  8  *
day  9  S  8  I  1  R  8  *
day 10  S  8  I  0  R  9  
peak: 4 infected on day 2
total infected: 6 of 17
top spreader: ann (3)
longest chain: ann > dee > gil > jo
infections avoided: 7 (54%)
