== calm east wind: 188 trees, wind [1, 0]
after 6 steps:
TTTTT.TT.T.TTTTTT.TTTTTT
TTTTTTTTTT.TTTT....TTTT.
TTTTTTTTT.~.T.TTTTT.TTTT
TT...TTT.~.~*TT.TTTT.TT.
TTTT.TTT.~~~~*TT.TT.TTTT
.TTTTTTT~.~~.TTTTT.TTTT.
TTTTTTTT.TT*T....TTTT.TT
TTTTTTTTTTTTTT.T.T.TTT.T
TTT.TT..TTT.TTTTTT.TT.TT
TTTTTTTTT.TTTTTTTTTTTT.T
burned out after 23 steps
fire front: 2 1 2 3 4 3 5 4 3 3 3 4 6 5 5 2 4 4 4 3 1 1 0
burned 73 of 188 trees (38.8%), peak front 6 at step 13
TTTTTTTTTT.TTTTTT.T~~~~~
TTTTTTTTTT.TTTTTT..~~~~T
TTTTTTTTT..TT.TTTT..~~.~
TT...TTTT..~TT..T~~~.TT.
TTTT.TTT.....T...~..TTTT
.TTTTTTT~.T...~....TTTT.
TTTTTTTT.TT..TT....~..TT
TTTTTTTTTTT.~T.~T~T~...T
TTT.TT.TTTTT.....~.T~.TT
TTTTTTTTT.TT.~.~.TTT.~.T
== west wind: 188 trees, wind [-1, 0]
after 6 steps:
TTTTT.T*.T.TTTT.T.TTTTTT
TTTTTT*~TT.TTTT....TTTT.
TTTTT*~~~.T.T.TTTTT.TTTT
TT...~~..TTTTTT.TTTT.TT.
TTTTT~~~.~TTTTTT.TT.TTTT
.TTT*~~...TT.TTTTT.TTTT.
TTT*~~~~~TTTT....TTTT..T
TTTT*~TTTTTTTT.T.TTTTT.T
TTT.TTT.TTT.TTTT.T.TT.TT
TTTTTTTTT.TTTTTTTTTTTT..
burned out after 16 steps
fire front: 3 3 3 5 7 6 8 6 7 8 6 3 2 1 1 0
burned 70 of 188 trees (37.2%), peak front 8 at step 7
~~.~~.~..T.TTTT.T.TTTTTT
~~.~...~TT.TTTT...TTTTT.
~.~~.~...TTTT.TTTTT.TTTT
~T..T~~..TTTTTT.TTTT.TT.
.~.~~.~~..TTTTTT.TT.TTTT
T~T.~~~...TT.TTTTT.TTTT.
~~...~.~TTTTT..T.TTTT.TT
.~~..~TTTTTTTT.T.TTTTT.T
~~....T.TTT.TTTT.T.TT.TT
TT~~.~TTTTTTTTTTTTTTTT..
== south wind: 188 trees, wind [0, 1]
after 6 steps:
TTTTT.TT.T.TTTT.T.TTTTTT
TTTTTTTTTT.TTTT....TTTT.
TTTTTTTTT.T.T.TTTTT.TTTT
TT...TTT.TTTTTT.TTTT.TT.
TTTT.TTTTTTTTTTT.TT.TTTT
.TTTTTTT..~T.TTTTT.TTTT.
TTT*~~~~.~~TT..TTTTTT..T
TTTT*~~~~~~TTT.T.TTTTT.T
TTT.T*..~~~.TTTT.T.TTTTT
TTTTTTTT*.*TTTTTTTTTTT..
burned out after 14 steps
fire front: 1 2 4 6 4 5 5 3 3 3 3 2 1 0
burned 43 of 188 trees (22.9%), peak front 6 at step 4
TTTTT.TT.T.TTTT.T.TTTTTT
TTTTTTTTTT.TTTT....TTTT.
TTTTTTTTT.TTT.TTTTT.TTTT
TT...TTT.TTTTTT.TTTT.TT.
TTTTTTTTTTTTTTTT.TT.TTTT
.TTTTTTT...T.TTTTT.TTTT.
~~~.~...T~.TT..TTTTTT..T
.~~.~.~~..~TTT.T.TTTTT.T
~.~.~...T~..TTTT.T.TTTTT
~~~~~~~~~...TTTTTTTTTT..
worst case: calm east wind
