01 07:00 MOTO-1  in  -> L1-1 (compact)
  occupancy L1:1/5 L2:0/4
01 07:05 CAR-11  in  -> L1-3 (regular)
01 07:12 VAN-7   in  -> L1-5 (large)
01 07:20 CAR-12  in  -> L1-4 (regular)
01 07:25 MOTO-2  in  -> L1-2 (compact)
01 07:31 TRK-3   in  -> L2-4 (large)
01 07:40 CAR-13  in  -> L2-1 (regular)
01 07:45 MOTO-1  out after 45 min, pays $1.00
01 07:50 CAR-14  in  -> L2-2 (regular)
  occupancy L1:4/5 L2:3/4
01 07:52 TRK-4   refused: full for truck
01 07:55 MOTO-3  in  -> L1-1 (compact)
01 08:30 CAR-11  out after 85 min, pays $5.00
01 08:35 TRK-4   refused: full for truck
01 10:20 VAN-7   out after 188 min, pays $16.00
  occupancy L1:3/5 L2:3/4
01 10:30 CAR-99  out: no ticket
01 17:00 CAR-12  out after 580 min, pays $20.00
  occupancy L1:2/5 L2:3/4
01 18:40 TRK-3   out after 669 min, pays $32.00
  occupancy L1:2/5 L2:2/4
02 08:00 CAR-13  out after 1460 min, pays $22.50
  occupancy L1:2/5 L2:1/4
02 16:10 MOTO-2  out after 1965 min, pays $16.00
--- end of run
still parked: CAR-14, MOTO-3
refused: TRK-4, TRK-4
revenue: $112.50
longest stay: MOTO-2 32h45m
