00:59 - roof 0.00 | cistern 0.87 | well 2.50 | header 0.40 rain  0.0
01:59 P roof 0.00 | cistern 0.62 | well 2.50 | header 1.15 rain  0.0
02:59 - roof 0.00 | cistern 0.70 | well 2.50 | header 0.95 rain 12.0
03:59 - roof 0.00 | cistern 0.78 | well 2.50 | header 0.75 rain 12.0
04:59 - roof 0.00 | cistern 0.86 | well 2.50 | header 0.55 rain 12.0
05:59 P roof 0.00 | cistern 0.79 | well 2.50 | header 0.60 rain  0.0
06:59 P roof 0.00 | cistern 0.54 | well 2.50 | header 0.80 rain  0.0
07:59 P roof 0.00 | cistern 0.29 | well 2.50 | header 1.00 rain  0.0
08:00 open pipe well->cistern
08:59 P roof 0.00 | cistern 0.11 | well 2.37 | header 1.00 rain  0.0
09:59 - roof 0.00 | cistern 0.31 | well 2.24 | header 1.00 rain 30.0
10:59 - roof 0.00 | cistern 0.37 | well 2.13 | header 0.80 rain  0.0
11:59 - roof 0.00 | cistern 0.42 | well 2.02 | header 0.60 rain  0.0
12:59 - roof 0.00 | cistern 0.47 | well 1.91 | header 0.40 rain  0.0
13:59 P roof 0.00 | cistern 0.27 | well 1.82 | header 1.15 rain  0.0
14:00 close pipe well->cistern
14:59 - roof 0.00 | cistern 0.27 | well 1.82 | header 0.95 rain  0.0
15:59 - roof 0.00 | cistern 0.27 | well 1.82 | header 0.75 rain  0.0
16:59 - roof 0.00 | cistern 0.31 | well 1.82 | header 0.55 rain  6.0
17:59 P roof 0.00 | cistern 0.29 | well 1.82 | header 0.60 rain  6.0
18:59 P roof 0.00 | cistern 0.08 | well 1.82 | header 0.80 rain  6.0
19:59 P roof 0.00 | cistern 0.00 | well 1.82 | header 0.33 rain  0.0
20:00 open pipe well->cistern
20:59 P roof 0.00 | cistern 0.00 | well 1.70 | header 0.00 rain  0.0
21:59 P roof 0.00 | cistern 0.00 | well 1.59 | header 0.00 rain  0.0
22:59 P roof 0.00 | cistern 0.00 | well 1.49 | header 0.01 rain  0.0
23:59 P roof 0.00 | cistern 0.00 | well 1.39 | header 0.00 rain  0.0
--- totals
roof     final  0.00 m (0.00 m3), overflow 0.00 m3
cistern  final  0.00 m (0.00 m3), overflow 0.00 m3
well     final  1.39 m (4.18 m3), overflow 0.00 m3
header   final  0.00 m (0.00 m3), overflow 0.52 m3
delivered 12.25 m3, shortfall 1.25 m3
short in hours 20,21
