 1: (1,1) islands=1 largest=1
 2: (2,1) islands=1 largest=2
 3: (5,1) islands=2 largest=2
 4: (6,1) islands=2 largest=2
 5: (1,2) islands=2 largest=3
 6: (6,2) islands=2 largest=3
 7: (3,4) islands=3 largest=3
 8: (8,4) islands=4 largest=3
 9: (8,3) islands=4 largest=3
10: (8,5) islands=4 largest=3
11: (2,2) islands=4 largest=4
12: (4,4) islands=4 largest=4
13: (4,3) islands=4 largest=4
14: (5,2) islands=4 largest=4
15: (4,2) islands=3 largest=8
16: (3,2) islands=2 largest=13
17: (0,6) islands=3 largest=13
18: (9,0) islands=4 largest=13
19: (2,1) islands=4 largest=13 (already land)
20: (7,4) islands=4 largest=13
  ~~~~~~~~~a
  ~bb~~bb~~~
  ~bbbbbb~~~
  ~~~~b~~~c~
  ~~~bb~~cc~
  ~~~~~~~~c~
  d~~~~~~~~~
peak islands: 4 after step 8
steps that merged islands: 2
flood fill agrees: true
