== config
tokens: L1 indent L2 L3 indent L4 L5 dedent dedent L8 indent L9 dedent
- server: (2)
  - host: example.org
  - ports: (2)
    - - 80
    - - 443
- client: (1)
  - retries: 3
depth: 3
== code
tokens: L1 indent L2 indent L3 indent L4 dedent dedent L5 dedent L6
- def main(): (2)
  - for x in xs: (1)
    - if x: (1)
      - print(x)
  - return 0
- main()
depth: 4
== bad dedent
indent error on line 3: dedent to column 2 matches no outer level
== tabs
indent error on line 2: tab in indentation
== orphan
tokens: indent L1 dedent L2
indent error on line 1: unexpected indent
