== good.ini
  db.pool        = 5
  db.replicas    = ["r1.local", "r2.local", "r3.local"]
  db.url         = "postgres://db/app"
  log.level      = "warn"
  server.debug   = true
  server.host    = "example.org"
  server.port    = 9000
  server.workers = 4
  0 error(s)
== bad.ini
  db.pool        = 10
  db.replicas    = []
  log.level      = "info"
  server.host    = "localhost"
  server.workers = 4
  config: missing required db.url
  line 2: not an integer: eighty
  line 3: not a boolean: maybe
  line 4: unknown key server.colour
  line 7: cannot parse: this line is junk
  line 8: duplicate section [server]
  6 error(s)
