{
  "store": {
    "name": "Corner \"Books\"",
    "open": true,
    "rating": 4.5,
    "books": [
      {
        "title": "Dune",
        "price": 9.99,
        "tags": ["sf", "classic"],
        "stock": 3
      },
      {
        "title": "Emma",
        "price": 4,
        "tags": [],
        "stock": 0
      },
      {
        "title": "Neuromancer",
        "price": 7.5,
        "tags": ["sf", "cyber"],
        "stock": 12
      }
    ],
    "manager": null,
    "note": "line1\nline2 A",
    "path": "C:\\tmp"
  },
  "version": -2
}
store.name -> "Corner \"Books\""
store.books[2].title -> "Neuromancer"
store.books[0].tags[1] -> "classic"
store.books[5].title -> null
store.manager -> null
version -> -2
store.rating.x -> null
inventory value: 119.97
sf titles: Dune, Neuromancer
"[1, 2,]" => error at 6: unexpected character ']'
"{\"a\" 1}" => error at 5: expected ':'
"[1, 2] x" => error at 7: trailing characters
"\"abc" => error at 4: unterminated string
"{\"k\": tru}" => error at 6: unexpected character 't'
"[01]" => error at 3: expected ',' or ']'
"" => error at 0: unexpected end of input
"[[[]]]" => [
  [
    []
  ]
]
"{\"e\": 1E3}" => {
  "e": 1000.0
}
