expr:  3 + 4 * 2 / ( 1 - 5 ) ^ 2 ^ 3
rpn:   3 4 2 * 1 5 - 2 3 ^ ^ / +
value: 24577/8192
expr:  1 / 3 + 1 / 6
rpn:   1 3 / 1 6 / +
value: 1/2
expr:  2 ^ 10 / 3
rpn:   2 10 ^ 3 /
value: 1024/3
expr:  (2 + 3) * (7 - 4) / 5
rpn:   2 3 + 7 4 - * 5 /
value: 3
expr:  10 - 4 - 3
rpn:   10 4 - 3 -
value: 3
expr:  2 ^ 3 ^ 2
rpn:   2 3 2 ^ ^
value: 512
expr:  (1 + 2
syntax error: unbalanced '(' (()
expr:  1 + 2)
syntax error: unbalanced ')' ())
expr:  7 / (3 - 3)
rpn:   7 3 3 - /
eval error: division by zero
expr:  1 +
rpn:   1 +
eval error: missing operand for '+'
expr:  4 $ 2
syntax error: unknown token ($)
expr:  12 34
rpn:   12 34
eval error: expected one result, got 2
6/12 evaluated
