--- template 1
Hello Ada &lt;admin&gt; from Kyoto! (VIP)
--- template 2
Tea &amp; Co receipt:
- 2 x sencha @ 3.5
- 1 x matcha @ 12.0 [ceremonial]
- 3 x hojicha @ 2.25
--- template 3
Tags: <green> <loose> <organic> | coupons: none
--- template 4
&lt;em&gt;thanks&lt;/em&gt; vs <em>thanks</em>; missing=[] []
--- template 5
sencha for Ada &lt;admin&gt;; matcha for Ada &lt;admin&gt;; hojicha for Ada &lt;admin&gt;; 
--- template 6
error at 14: unclosed section 'items'
--- template 7
error at 9: unexpected {{/items}}
--- template 8
error at 3: unclosed tag
--- template 9
error at 0: empty tag
