13 employees, best total fun 44 with 7 guests
  * Grace (2)
      Alan (5)
  *     Barbara (9)
        Ken (4)
  *       Dennis (6)
      Ada (7)
  *     Edsger (8)
        Tony (1)
  *       Niklaus (5)
      Linus (3)
  *     Donald (10)
        John (2)
  *       Frances (4)
best party per department:
  Alan      15 (head stays home)
  Ada       13 (head stays home)
  Linus     14 (head stays home)
org error at C: unknown manager Z
org error at B: two people at the top
org error at A: duplicate employee
org error at ?: cannot parse "A one"
