2d6:
    2 1/36       2.78% *****
    3 1/18       5.56% **********
    4 1/12       8.33% ***************
    5 1/9       11.11% ********************
    6 5/36      13.89% *************************
    7 1/6       16.67% ******************************
    8 5/36      13.89% *************************
    9 1/9       11.11% ********************
   10 1/12       8.33% ***************
   11 1/18       5.56% **********
   12 1/36       2.78% *****
  mean 7/1
d6+d6+d6       range 3..18, mean 21/2, most likely 10 (1/8)
  P(total >= 13) = 7/27 ~ 0.2593
d20            range 1..20, mean 21/2, most likely 1 (1/20)
  P(total >= 13) = 2/5 ~ 0.4000
d4+d8+d12      range 3..24, mean 27/2, most likely 13 (1/12)
  P(total >= 16) = 43/128 ~ 0.3359
fudge+fudge+fudge range -3..3, mean 0/1, most likely 0 (7/27)
  P(total >= 2) = 4/27 ~ 0.1481
dice pool, success on 5 or 6:
   3 dice, need 1:  70.37%
   3 dice, need 2:  25.93%
   6 dice, need 2:  64.88%
   6 dice, need 4:  10.01%
  10 dice, need 5:  21.31%
