kitten     -> sitting    distance 3
  k>s =i =t =t e>i =n +g
  (3 edit operations)
sunday     -> saturday   distance 3
  =s +a +t =u n>r =d =a =y
  (3 edit operations)
flaw       -> lawn       distance 2
  -f =l =a =w +n
  (2 edit operations)
intention  -> execution  distance 5
  i>e n>x t>e e>c n>u =t =i =o =n
  (5 edit operations)
           -> abc        distance 3
  +a +b +c
  (3 edit operations)
same       -> same       distance 0
  =s =a =m =e
  (0 edit operations)
spelling suggestions:
  recieve: receive(2), believe(2)
  beleive: receive(2), believe(2)
  wierd: weird(2)
  freind: friend(2)
  seperate: separate(1)
  definately: definitely(1)
  neccessary: necessary(1)
  ocasion: occasion(1)
  xyzzy: no suggestion
distance matrix:
      rust ruby rubs tuba cube cubs 
rust  0    2    2    3    3    3    
ruby  2    0    1    2    2    2    
rubs  2    1    0    2    2    1    
tuba  3    2    2    0    2    2    
cube  3    2    2    2    0    1    
cubs  3    2    1    2    1    0    
