open (3x4): 10 monotone paths
  cheapest: cost 6, moves 3R 2D
    ****
    ...*
    ...*
walls (4x5): 2 monotone paths
  cheapest: cost 8, moves 2D 2R 1D 2R
    *.#..
    *#...
    ***#.
    #.***
weighted (4x4): 20 monotone paths
  cheapest: cost 9, moves 2R 1D 1R 2D
    ***9
    .9**
    52.*
    119*
sealed (3x3): 0 monotone paths
  no path to the corner
maze (5x6): 4 monotone paths
  cheapest: cost 16, moves 2D 3R 1D 2R 1D
    *2..#.
    *#.#..
    ****#.
    #9#***
    ...#1*
lattice paths in an empty n x n grid:
   2: 2
   5: 70
  10: 48620
  16: 155117520
