4 stops:
  optimal 32: Depot -> Cedar -> Ash -> Birch -> Depot
  greedy  32: Depot -> Cedar -> Ash -> Birch -> Depot
  greedy is 0.0% longer
6 stops:
  optimal 40: Depot -> Elm -> Ash -> Dogwood -> Birch -> Cedar -> Depot
  greedy  48: Depot -> Cedar -> Ash -> Dogwood -> Birch -> Elm -> Depot
  greedy is 20.0% longer
8 stops:
  optimal 44: Depot -> Elm -> Ash -> Dogwood -> Gum -> Birch -> Fir -> Cedar -> Depot
  greedy  54: Depot -> Cedar -> Fir -> Ash -> Dogwood -> Gum -> Birch -> Elm -> Depot
  greedy is 22.7% longer
leg lengths of the optimal 8-stop tour:
  Depot    Elm       10
  Elm      Ash        5
  Ash      Dogwood    5
  Dogwood  Gum        4
  Gum      Birch      5
  Birch    Fir        5
  Fir      Cedar      4
  Cedar    Depot      6
