== camping (capacity 10) ==
best value: 50
weight used: 10/10
  water (w=6, v=30)
  camera (w=2, v=12)
  lantern (w=2, v=8)
skipped: tent, stove, food, book, rope
== camping (capacity 20) ==
best value: 93
weight used: 20/20
  stove (w=4, v=15)
  water (w=6, v=30)
  food (w=5, v=25)
  camera (w=2, v=12)
  book (w=1, v=3)
  lantern (w=2, v=8)
skipped: tent, rope
== camping (capacity 30) ==
best value: 130
weight used: 30/30
  tent (w=11, v=40)
  stove (w=4, v=15)
  water (w=6, v=30)
  food (w=5, v=25)
  camera (w=2, v=12)
  lantern (w=2, v=8)
skipped: book, rope
== parts (capacity 12) ==
best value: 490
weight used: 12/12
  cpu (w=3, v=120)
  gpu (w=7, v=300)
  ssd (w=2, v=70)
skipped: ram, fan
== summary ==
 10 ->   50 (5.00 per unit)
 20 ->   93 (4.65 per unit)
 30 ->  130 (4.33 per unit)
 12 ->  490 (40.83 per unit)
