greedy, width 24 (cost 1441)
  +------------------------+
  |Dynamic programming     |
  |solves a problem by     |
  |combining the solutions |
  |of overlapping          |
  |subproblems, each solved|
  |once and stored for     |
  |reuse, which turns many |
  |exponential searches    |
  |into polynomial ones.   |
  +------------------------+
optimal, width 24 (cost 1339)
  +------------------------+
  |Dynamic programming     |
  |solves a problem        |
  |by combining the        |
  |solutions of overlapping|
  |subproblems, each solved|
  |once and stored for     |
  |reuse, which turns many |
  |exponential searches    |
  |into polynomial ones.   |
  +------------------------+
  dp cost 1339 agrees
greedy, width 32 (cost 1241)
  +--------------------------------+
  |Dynamic programming solves a    |
  |problem by combining the        |
  |solutions of overlapping        |
  |subproblems, each solved once   |
  |and stored for reuse, which     |
  |turns many exponential searches |
  |into polynomial ones.           |
  +--------------------------------+
optimal, width 32 (cost 1097)
  +--------------------------------+
  |Dynamic programming solves      |
  |a problem by combining the      |
  |solutions of overlapping        |
  |subproblems, each solved once   |
  |and stored for reuse, which     |
  |turns many exponential searches |
  |into polynomial ones.           |
  +--------------------------------+
  dp cost 1097 agrees
["aaa", "bb cc", "ddddd"]
["aaa bb", "cc", "ddddd"]
word does not fit: "supercalifragilistic" is wider than 10
