optimal expected comparisons:  1.9703 (dp 1.9703), height 5
balanced expected comparisons: 2.2122, height 4
optimal tree (rotated):
                  yield
              while
          return
      if
  end
              else
          do
      def
          begin
comparisons per keyword (optimal / balanced):
  begin   0.018  3 / 4
  def     0.208  2 / 3
  do      0.141  3 / 2
  else    0.045  4 / 3
  end     0.386  1 / 1
  if      0.119  2 / 4
  return  0.067  3 / 3
  while   0.012  4 / 2
  yield   0.006  5 / 3
rescue: not a key
uniform weights: optimal 2.7778, root else
