render farm: total 110, perfect split
  A 55: 15 + 5 + 35
  B 55: 20 + 10 + 15 + 10
moving boxes: total 13, difference 1
  A 6: 3 + 1 + 2
  B 7: 4 + 2 + 1
odd total: total 23, difference 1
  A 11: 6 + 5
  B 12: 8 + 3 + 1
lopsided: total 62, difference 38
  A 12: 3 + 4 + 5
  B 50: 50
single: total 7, difference 7
  A 0: 
  B 7: 7
subsets of [2, 3, 5, 6, 8, 10] summing to:
  10 -> 3
  13 -> 4
  17 -> 2
  34 -> 1
   1 -> 0
sums from 3, 7, 12: 0 3 7 10 12 15 19 22
unreachable below 22: 15 values, largest 21
