"applepenapple": breakable
  2 way(s)
    apple pen apple
    applepen apple
  fewest words: applepen | apple
"pineapplepenapple": breakable
  3 way(s)
    pine apple pen apple
    pine applepen apple
    pineapple pen apple
  fewest words: pine | applepen | apple
"catsanddog": breakable
  2 way(s)
    cat sand dog
    cats and dog
  fewest words: cat | sand | dog
"catsandog": breakable
  1 way(s)
    cats an dog
  fewest words: cats | an | dog
"seashellsbytheseashore": breakable
  1 way(s)
    sea shells by the sea shore
  fewest words: sea | shells | by | the | sea | shore
"shesellsseashells": breakable
  1 way(s)
    she sells sea shells
  fewest words: she | sells | sea | shells
"andor": breakable
  1 way(s)
    and or
  fewest words: and | or
"": breakable
  1 way(s)
    
  fewest words: 
#lovesea       -> Love Sea
#dogsandcats   -> Dog Sand Cats
#pineapple     -> Pineapple
#seashore      -> Sea Shore
