10:04:55 pass
p11-t-haskell-1-c2: change hidden 55/55 public 374/374 regressions 0+0 diff +107/-16 
p11-t-java-2-c2: change hidden 55/55 public 374/374 regressions 0+0 diff +131/-22 
p11-t-ruby-2-c2: change hidden 55/55 public 374/374 regressions 0+0 diff +78/-21 
p11-t-steep-1-c2: change hidden 55/55 public 374/374 regressions 0+0 diff +181/-29 
10:09:18 pass
p11-t-haskell-2-c2: change hidden 55/55 public 374/374 regressions 0+0 diff +94/-11 timeouts 0 
p11-t-java-1-c2: change hidden 55/55 public 374/374 regressions 0+0 diff +166/-23 timeouts 0 
p11-t-scheme-1-c2: change hidden 55/55 public 374/374 regressions 0+0 diff +173/-64 timeouts 0 
p11-t-scheme-2-c2: change hidden 55/55 public 374/374 regressions 0+0 diff +109/-35 timeouts 0 
p11-t-steep-2-c2: change hidden 55/55 public 374/374 regressions 0+0 diff +176/-30 timeouts 0 
10:15:36 pass
p11-n-haskell-1-c2: change hidden 55/55 public 374/374 regressions 0+0 diff +106/-17 timeouts 0 
p11-n-haskell-2-c2: change hidden 55/55 public 374/374 regressions 0+0 diff +92/-10 timeouts 0 
p11-n-java-1-c2: change hidden 55/55 public 374/374 regressions 0+0 diff +175/-25 timeouts 0 
p11-n-java-2-c2: change hidden 55/55 public 374/374 regressions 0+0 diff +180/-33 timeouts 0 
p11-n-ruby-1-c2: change hidden 55/55 public 374/374 regressions 0+0 diff +96/-25 timeouts 0 
p11-n-ruby-2-c2: change hidden 55/55 public 374/374 regressions 0+0 diff +94/-28 timeouts 0 
p11-n-scheme-1-c2: change hidden 0/55 public 0/374 regressions 366+366 diff +119/-30 timeouts 0 
p11-n-scheme-2-c2: change hidden 55/55 public 374/374 regressions 0+0 diff +119/-30 timeouts 0 
p11-n-steep-1-c2: change hidden 55/55 public 374/374 regressions 0+0 diff +173/-33 timeouts 0 
p11-n-steep-2-c2: change hidden 55/55 public 374/374 regressions 0+0 diff +161/-31 timeouts 0 
10:23:35 pass
10:24:35 pass
10:25:36 pass
10:26:38 pass
10:27:40 pass
10:32:54 pass 3
10:32:54 pass 2
10:32:54 pass 1
p11-n-haskell-1-c1: change hidden 48/48 public 374/374 regressions 0+0 diff +335/-141 timeouts 0 
p11-n-haskell-2-c1: change hidden 48/48 public 374/374 regressions 0+0 diff +296/-104 timeouts 0 
p11-n-haskell-2-c1: change hidden 48/48 public 374/374 regressions 0+0 diff +296/-104 timeouts 0 
p11-n-ruby-1-c1: change hidden 48/48 public 374/374 regressions 0+0 diff +282/-70 timeouts 0 
p11-n-java-1-c1: change hidden 48/48 public 374/374 regressions 0+0 diff +427/-88 timeouts 0 
p11-n-java-2-c1: change hidden 48/48 public 374/374 regressions 0+0 diff +400/-105 timeouts 0 
p11-n-ruby-2-c1: change hidden 48/48 public 374/374 regressions 0+0 diff +247/-83 timeouts 0 
10:35:40 pass 3
p11-n-sake-1-c2: change hidden 55/55 public 374/374 regressions 0+0 diff +174/-35 timeouts 0 
p11-n-scheme-1-c1: change hidden 48/48 public 374/374 regressions 0+0 diff +323/-139 timeouts 0 
p11-n-scheme-2-c1: change hidden 48/48 public 374/374 regressions 0+0 diff +388/-181 timeouts 0 
p11-n-steep-1-c1: change hidden 48/48 public 374/374 regressions 0+0 diff +530/-159 timeouts 0 
p11-n-steep-2-c1: change hidden 48/48 public 374/374 regressions 0+0 diff +472/-139 timeouts 0 
10:45:57 pass 5
10:45:57 pass 4
/home/ko1/app/sake/experiments/2026-10-05-ai-writability/runs/p11-n-haskell-1-c3/final exists
FAILED p11-n-haskell-1-c3
p11-n-haskell-1-c3: change hidden 44/44 public 374/374 regressions 0+0 diff +80/-39 timeouts 0 
p11-n-haskell-1-c4: change hidden 17/17 public 374/374 regressions 0+0 diff +39/-1 timeouts 0 
10:46:24 pass 1
10:46:24 pass 3
10:46:24 pass 2
/home/ko1/app/sake/experiments/2026-10-05-ai-writability/runs/p11-n-haskell-2-c4/final exists
FAILED p11-n-haskell-2-c4
p11-n-haskell-1-c5: change hidden 24/24 public 374/374 regressions 0+0 diff +116/-18 timeouts 0 
p11-n-haskell-2-c3: change hidden 44/44 public 374/374 regressions 0+0 diff +84/-38 timeouts 0 
p11-n-haskell-2-c4: change hidden 17/17 public 374/374 regressions 0+0 diff +36/-3 timeouts 0 
p11-n-haskell-2-c5: change hidden 24/24 public 374/374 regressions 0+0 diff +153/-23 timeouts 0 
p11-n-java-1-c3: change hidden 44/44 public 374/374 regressions 0+0 diff +110/-28 timeouts 0 
p11-n-java-1-c4: change hidden 17/17 public 374/374 regressions 0+0 diff +37/-0 timeouts 0 
p11-n-java-1-c5: change hidden 24/24 public 374/374 regressions 0+0 diff +156/-6 timeouts 0 
p11-n-java-2-c4: change hidden 17/17 public 374/374 regressions 0+0 diff +43/-0 timeouts 0 
p11-n-java-2-c3: change hidden 44/44 public 374/374 regressions 0+0 diff +99/-30 timeouts 0 
p11-n-ruby-1-c3: change hidden 42/44 public 366/374 regressions 9+8 diff +87/-34 timeouts 0 
p11-n-ruby-1-c4: change hidden 17/17 public 374/374 regressions 0+0 diff +12/-0 timeouts 0 
p11-n-java-2-c5: change hidden 24/24 public 374/374 regressions 0+0 diff +191/-34 timeouts 0 
p11-n-ruby-1-c5: change hidden 14/24 public 371/374 regressions 0+0 diff +104/-17 timeouts 0 
p11-n-ruby-2-c3: change hidden 44/44 public 374/374 regressions 0+0 diff +83/-29 timeouts 0 
p11-n-ruby-2-c4: change hidden 17/17 public 374/374 regressions 0+0 diff +19/-0 timeouts 0 
p11-n-ruby-2-c5: change hidden 14/24 public 371/374 regressions 0+0 diff +114/-15 timeouts 0 
p11-n-sake-2-c2: change hidden 55/55 public 374/374 regressions 0+0 diff +223/-28 timeouts 0 
p11-n-scheme-1-c4: change hidden 17/17 public 374/374 regressions 0+0 diff +35/-0 timeouts 0 
p11-t-sake-2-c2: change hidden 55/55 public 374/374 regressions 0+0 diff +202/-28 timeouts 0 
p11-n-scheme-1-c3: change hidden 44/44 public 374/374 regressions 0+0 diff +83/-28 timeouts 0 
p11-n-scheme-1-c5: change hidden 24/24 public 374/374 regressions 0+0 diff +110/-29 timeouts 0 
p11-n-scheme-2-c3: change hidden 44/44 public 374/374 regressions 0+0 diff +93/-34 timeouts 0 
p11-n-steep-1-c3: change hidden 44/44 public 374/374 regressions 0+0 diff +130/-52 timeouts 0 
p11-n-steep-1-c4: change hidden 17/17 public 374/374 regressions 0+0 diff +34/-1 timeouts 0 
p11-n-steep-1-c5: change hidden 24/24 public 374/374 regressions 0+0 diff +168/-17 timeouts 0 
p11-n-steep-2-c3: change hidden 44/44 public 374/374 regressions 0+0 diff +87/-24 timeouts 0 
p11-n-steep-2-c4: change hidden 17/17 public 374/374 regressions 0+0 diff +21/-1 timeouts 0 
p11-n-scheme-2-c4: change hidden 17/17 public 374/374 regressions 0+0 diff +35/-0 timeouts 0 
p11-n-steep-2-c5: change hidden 24/24 public 374/374 regressions 0+0 diff +151/-6 timeouts 0 
p11-n-scheme-2-c5: change hidden 24/24 public 374/374 regressions 0+0 diff +126/-16 timeouts 0 
10:59:48 pass 4
10:59:52 pass 2
10:59:59 pass 5
11:00:07 pass 3
p11-n-haskell-1-c6: change hidden 18/18 public 374/374 regressions 0+0 diff +58/-0 timeouts 0 
p11-n-haskell-2-c6: change hidden 18/18 public 374/374 regressions 0+0 diff +58/-1 timeouts 0 
p11-t-sake-1-c2: change hidden 55/55 public 374/374 regressions 0+0 diff +164/-34 timeouts 0 
p11-n-java-1-c6: change hidden 18/18 public 374/374 regressions 0+0 diff +43/-0 timeouts 0 
p11-n-ruby-1-c6: change hidden 18/18 public 374/374 regressions 0+0 diff +37/-0 timeouts 0 
p11-n-ruby-2-c6: change hidden 18/18 public 374/374 regressions 0+0 diff +43/-0 timeouts 0 
p11-n-java-2-c6: change hidden 18/18 public 374/374 regressions 0+0 diff +48/-0 timeouts 0 
p11-n-scheme-1-c6: change hidden 18/18 public 374/374 regressions 0+0 diff +49/-0 timeouts 0 
p11-n-scheme-2-c6: change hidden 18/18 public 374/374 regressions 0+0 diff +45/-1 timeouts 0 
p11-n-steep-1-c6: change hidden 18/18 public 374/374 regressions 0+0 diff +58/-1 timeouts 0 
p11-n-steep-2-c6: change hidden 18/18 public 374/374 regressions 0+0 diff +55/-1 timeouts 0 
11:05:00 pass 5
11:05:01 pass 4
11:06:01 pass 5
11:06:01 pass 4
11:07:02 pass 5
11:07:02 pass 4
11:08:03 pass 5
11:08:04 pass 4
p11-n-sake-1-c1: change hidden 48/48 public 374/374 regressions 0+0 diff +357/-121 timeouts 0 
11:09:04 pass 5
11:09:05 pass 4
11:09:14 pass 1
11:10:05 pass 5
11:10:06 pass 4
p11-n-sake-1-c3: change hidden 44/44 public 374/374 regressions 0+0 diff +116/-40 timeouts 0 
11:11:06 pass 5
11:11:07 pass 4
p11-n-sake-2-c1: change hidden 48/48 public 374/374 regressions 0+0 diff +375/-105 timeouts 0 
11:12:07 pass 5
11:12:08 pass 4
11:13:07 pass 5
11:13:08 pass 4
11:14:08 pass 5
11:14:09 pass 4
11:15:09 pass 5
11:15:09 pass 4
p11-n-sake-1-c6: change hidden 18/18 public 374/374 regressions 0+0 diff +69/-1 timeouts 0 
11:16:09 pass 5
11:16:10 pass 4
p11-n-sake-2-c3: change hidden 44/44 public 374/374 regressions 0+0 diff +88/-33 timeouts 0 
11:17:10 pass 5
11:17:11 pass 4
11:18:06 pass 2
11:18:11 pass 5
11:18:12 pass 4
p11-n-sake-2-c4: change hidden 17/17 public 374/374 regressions 0+0 diff +47/-0 timeouts 0 
11:19:12 pass 5
11:19:13 pass 4
11:19:19 pass 3
11:20:13 pass 5
11:20:13 pass 4
11:21:13 pass 5
11:21:14 pass 4
p11-n-sake-2-c6: change hidden 18/18 public 374/374 regressions 0+0 diff +74/-0 timeouts 0 
11:22:14 pass 5
11:22:15 pass 4
11:22:58 pass 1
11:23:15 pass 5
11:23:15 pass 4
p11-n-sake-1-c4: change hidden 17/17 public 374/374 regressions 0+0 diff +27/-1 timeouts 0 
11:24:16 pass 5
11:24:16 pass 4
11:24:34 pass 2
p11-n-sake-1-c5: change hidden 24/24 public 374/374 regressions 0+0 diff +197/-20 timeouts 0 
11:25:17 pass 5
11:25:17 pass 4
11:25:35 pass 2
11:25:57 pass 3
11:26:17 pass 5
11:26:18 pass 4
11:26:35 pass 2
11:26:58 pass 3
11:27:17 pass 5
11:27:18 pass 4
11:27:36 pass 2
11:27:58 pass 3
11:28:18 pass 5
11:28:19 pass 4
p11-n-sake-2-c5: change hidden 24/24 public 374/374 regressions 0+0 diff +181/-17 timeouts 0 
11:28:36 pass 2
11:28:59 pass 3
p11-h-java-1-c2: change hidden 55/55 public 374/374 regressions 0+0 diff +180/-25 timeouts 0 
11:29:19 pass 5
11:29:20 pass 4
11:29:23 pass 1
p11-h-ruby-1-c2: change hidden 55/55 public 374/374 regressions 0+0 diff +94/-31 timeouts 0 
11:29:37 pass 2
p11-h-haskell-1-c2: change hidden 55/55 public 374/374 regressions 0+0 diff +106/-10 timeouts 0 
p11-h-ruby-2-c2: change hidden 55/55 public 374/374 regressions 0+0 diff +101/-29 timeouts 0 
11:30:15 pass 3
11:30:20 pass 4
11:30:24 pass 1
p11-h-haskell-2-c2: change hidden 55/55 public 374/374 regressions 0+0 diff +84/-11 timeouts 0 
11:30:31 pass 5
11:30:54 pass 2
p11-h-scheme-2-c2: change hidden 0/55 public 0/374 regressions 367+366 diff +131/-30 timeouts 0 
p11-h-java-2-c2: change hidden 55/55 public 374/374 regressions 0+0 diff +178/-32 timeouts 0 
p11-h-scheme-1-c2: change hidden 0/55 public 0/374 regressions 366+366 diff +135/-38 timeouts 0 
11:31:33 pass 5
11:31:57 pass 2
p11-h-java-2-c1: change hidden 48/48 public 374/374 regressions 0+0 diff +348/-99 timeouts 0 
11:31:58 pass 3
11:32:11 pass 4
11:32:18 pass 1
p11-h-ruby-1-c1: change hidden 48/48 public 374/374 regressions 0+0 diff +255/-68 timeouts 0 
p11-h-ruby-2-c1: change hidden 48/48 public 374/374 regressions 0+0 diff +255/-87 timeouts 0 
p11-h-ruby-2-c3: change hidden 44/44 public 374/374 regressions 0+0 diff +78/-26 timeouts 0 
p11-h-haskell-2-c1: change hidden 48/48 public 374/374 regressions 0+0 diff +289/-120 timeouts 0 
p11-h-java-2-c3: change hidden 44/44 public 374/374 regressions 0+0 diff +76/-25 timeouts 0 
p11-h-steep-1-c2: change hidden 55/55 public 374/374 regressions 0+0 diff +173/-30 timeouts 0 
p11-h-steep-2-c2: change hidden 55/55 public 374/374 regressions 0+0 diff +140/-26 timeouts 0 
11:33:32 pass 5
p11-h-haskell-1-c1: change hidden 48/48 public 374/374 regressions 0+0 diff +331/-142 timeouts 0 
11:33:59 pass 4
11:34:04 pass 2
p11-h-java-1-c1: change hidden 48/48 public 374/374 regressions 0+0 diff +365/-84 timeouts 0 
11:34:10 pass 3
11:34:19 pass 1
p11-h-haskell-2-c3: change hidden 44/44 public 374/374 regressions 0+0 diff +73/-34 timeouts 0 
p11-h-ruby-1-c3: change hidden 44/44 public 374/374 regressions 0+0 diff +120/-43 timeouts 0 
p11-h-haskell-1-c3: change hidden 44/44 public 374/374 regressions 0+0 diff +100/-37 timeouts 0 
p11-h-java-1-c3: change hidden 44/44 public 374/374 regressions 0+0 diff +122/-30 timeouts 0 
p11-h-steep-2-c1: change hidden 48/48 public 374/374 regressions 0+0 diff +477/-137 timeouts 0 
11:36:03 pass 3
11:36:07 pass 2
11:36:40 pass 5
p11-h-scheme-1-c1: change hidden 48/48 public 374/374 regressions 0+0 diff +310/-131 timeouts 0 
p11-h-steep-1-c1: change hidden 48/48 public 374/374 regressions 0+0 diff +512/-162 timeouts 0 
p11-h-scheme-2-c1: change hidden 48/48 public 374/374 regressions 0+0 diff +446/-231 timeouts 0 
11:38:32 pass 1
p11-h-steep-1-c3: change hidden 44/44 public 374/374 regressions 0+0 diff +120/-50 timeouts 0 
11:39:02 pass 4
p11-h-scheme-1-c3: change hidden 44/44 public 374/374 regressions 0+0 diff +92/-39 timeouts 0 
p11-h-steep-2-c3: change hidden 44/44 public 374/374 regressions 0+0 diff +77/-23 timeouts 0 
p11-h-scheme-2-c3: change hidden 44/44 public 374/374 regressions 0+0 diff +112/-44 timeouts 0 
11:39:49 pass 5
11:40:06 pass 4
11:40:23 pass 3
11:40:24 pass 1
11:40:24 pass 2
11:40:50 pass 5
11:41:06 pass 4
11:41:23 pass 3
11:41:25 pass 1
11:41:25 pass 2
11:41:51 pass 5
11:42:07 pass 4
11:42:24 pass 3
11:42:26 pass 1
11:42:26 pass 2
11:42:52 pass 5
11:43:08 pass 4
11:43:25 pass 3
11:43:26 pass 1
11:43:26 pass 2
11:43:53 pass 5
11:44:09 pass 4
11:44:53 pass 5
11:45:09 pass 4
11:45:54 pass 5
11:46:10 pass 4
11:46:55 pass 5
11:47:11 pass 4
11:47:56 pass 5
11:48:12 pass 4
11:48:59 pass 5
11:49:15 pass 4
p11-h-sake-1-c3: change hidden 44/44 public 374/374 regressions 0+0 diff +88/-25 timeouts 0 
p11-h-sake-1-c2: change hidden 55/55 public 374/374 regressions 0+0 diff +146/-38 timeouts 0 
11:50:02 pass 5
p11-h-sake-1-c1: change hidden 48/48 public 374/374 regressions 0+0 diff +371/-126 timeouts 0 
11:50:18 pass 4
11:51:03 pass 5
11:51:05 pass 3
11:51:18 pass 4
11:52:04 pass 5
11:52:19 pass 4
11:53:05 pass 5
11:53:20 pass 4
11:54:05 pass 5
11:54:20 pass 4
11:55:07 pass 5
11:55:23 pass 4
p11-h-sake-2-c2: change hidden 55/55 public 374/374 regressions 0+0 diff +223/-35 timeouts 0 
p11-h-sake-2-c3: change hidden 44/44 public 374/374 regressions 0+0 diff +96/-38 timeouts 0 
11:56:10 pass 5
11:56:26 pass 4
11:56:54 pass 2
11:57:04 pass 1
11:57:10 pass 5
11:57:26 pass 4
11:57:55 pass 2
p11-h-sake-2-c1: change hidden 48/48 public 374/374 regressions 0+0 diff +375/-118 timeouts 0 
11:58:06 pass 1
11:58:12 pass 5
11:58:28 pass 4
11:58:56 pass 2
11:58:58 pass 3
11:59:06 pass 1
11:59:12 pass 5
11:59:28 pass 4
11:59:56 pass 2
11:59:59 pass 3
12:00:07 pass 1
12:00:13 pass 5
12:00:29 pass 4
12:00:57 pass 2
12:00:59 pass 3
12:01:07 pass 1
12:01:13 pass 5
12:01:29 pass 4
12:01:58 pass 2
12:02:00 pass 3
12:02:08 pass 1
12:02:14 pass 5
12:02:30 pass 4
12:02:58 pass 2
12:03:00 pass 3
12:03:08 pass 1
12:03:14 pass 5
12:03:30 pass 4
12:03:59 pass 2
12:04:01 pass 3
12:04:09 pass 1
12:04:15 pass 5
12:04:31 pass 4
12:04:59 pass 2
12:05:01 pass 3
12:05:09 pass 1
12:05:16 pass 5
12:05:32 pass 4
12:06:00 pass 2
12:06:02 pass 3
12:06:10 pass 1
12:06:16 pass 5
12:06:32 pass 4
12:07:00 pass 2
12:07:03 pass 3
12:07:11 pass 1
12:07:17 pass 5
12:07:33 pass 4
12:08:01 pass 2
12:08:03 pass 3
12:08:11 pass 1
12:08:17 pass 5
12:08:33 pass 4
12:09:01 pass 2
12:09:04 pass 3
12:09:12 pass 1
12:09:18 pass 5
12:09:34 pass 4
12:10:02 pass 2
12:10:04 pass 3
12:10:12 pass 1
12:10:18 pass 5
12:10:34 pass 4
12:11:03 pass 2
12:11:05 pass 3
12:11:13 pass 1
12:11:19 pass 5
12:11:35 pass 4
12:12:03 pass 2
12:12:05 pass 3
12:12:13 pass 1
12:12:19 pass 5
12:12:35 pass 4
12:13:04 pass 2
12:13:06 pass 3
12:13:14 pass 1
12:13:20 pass 5
12:13:36 pass 4
12:14:04 pass 2
12:14:06 pass 3
12:14:14 pass 1
12:14:21 pass 5
12:14:37 pass 4
12:15:05 pass 2
12:15:07 pass 3
12:15:15 pass 1
12:15:21 pass 5
12:15:37 pass 4
12:16:05 pass 2
12:16:07 pass 3
12:16:16 pass 1
12:16:22 pass 5
12:16:38 pass 4
12:17:06 pass 2
12:17:08 pass 3
12:17:16 pass 1
12:17:22 pass 5
12:17:38 pass 4
12:18:06 pass 2
12:18:09 pass 3
12:18:17 pass 1
12:18:23 pass 5
12:18:39 pass 4
12:19:07 pass 2
12:19:09 pass 3
12:19:17 pass 1
12:19:23 pass 5
12:19:39 pass 4
12:20:07 pass 2
12:20:10 pass 3
12:20:18 pass 1
12:20:24 pass 5
12:20:40 pass 4
12:21:08 pass 2
12:21:10 pass 3
12:21:18 pass 1
12:21:24 pass 5
12:21:40 pass 4
12:22:09 pass 2
12:22:11 pass 3
12:22:19 pass 1
12:22:25 pass 5
12:22:41 pass 4
12:23:09 pass 2
12:23:11 pass 3
12:23:19 pass 1
12:23:25 pass 5
12:23:41 pass 4
12:24:10 pass 2
12:24:12 pass 3
12:24:20 pass 1
12:24:26 pass 5
12:24:42 pass 4
12:25:10 pass 2
12:25:12 pass 3
12:25:20 pass 1
12:25:27 pass 5
12:25:43 pass 4
12:26:11 pass 2
12:26:13 pass 3
12:26:21 pass 1
12:26:27 pass 5
12:26:43 pass 4
12:27:11 pass 2
12:27:14 pass 3
12:27:22 pass 1
12:27:28 pass 5
12:27:44 pass 4
12:28:12 pass 2
12:28:14 pass 3
12:28:22 pass 1
12:28:28 pass 5
12:28:44 pass 4
12:29:12 pass 2
12:29:15 pass 3
12:29:23 pass 1
12:29:29 pass 5
12:29:45 pass 4
12:30:13 pass 2
12:30:15 pass 3
12:30:23 pass 1
12:30:29 pass 5
12:30:45 pass 4
12:31:14 pass 2
12:31:16 pass 3
12:31:24 pass 1
12:31:30 pass 5
12:31:46 pass 4
12:32:14 pass 2
12:32:16 pass 3
12:32:24 pass 1
12:32:30 pass 5
12:32:46 pass 4
12:33:15 pass 2
12:33:17 pass 3
12:33:25 pass 1
12:33:31 pass 5
12:33:47 pass 4
12:34:15 pass 2
12:34:17 pass 3
12:34:25 pass 1
12:34:32 pass 5
12:34:47 pass 4
12:35:16 pass 2
12:35:18 pass 3
12:35:26 pass 1
12:35:32 pass 5
12:35:48 pass 4
12:36:16 pass 2
12:36:18 pass 3
12:36:26 pass 1
12:36:33 pass 5
12:36:49 pass 4
12:37:17 pass 2
12:37:19 pass 3
12:37:27 pass 1
12:37:33 pass 5
12:37:49 pass 4
12:38:17 pass 2
12:38:20 pass 3
12:38:28 pass 1
12:38:34 pass 5
12:38:50 pass 4
12:39:18 pass 2
12:39:20 pass 3
12:39:28 pass 1
12:39:34 pass 5
12:39:50 pass 4
12:40:18 pass 2
12:40:21 pass 3
12:40:29 pass 1
12:40:35 pass 5
12:40:51 pass 4
12:41:19 pass 2
12:41:21 pass 3
12:41:29 pass 1
12:41:35 pass 5
12:41:51 pass 4
12:42:20 pass 2
12:42:22 pass 3
12:42:30 pass 1
12:42:36 pass 5
12:42:52 pass 4
12:43:20 pass 2
12:43:22 pass 3
12:43:30 pass 1
12:43:36 pass 5
12:43:52 pass 4
12:44:21 pass 2
12:44:23 pass 3
12:44:31 pass 1
12:44:37 pass 5
12:44:53 pass 4
12:45:21 pass 2
12:45:23 pass 3
12:45:31 pass 1
12:45:38 pass 5
12:45:54 pass 4
12:46:22 pass 2
12:46:24 pass 3
12:46:32 pass 1
12:46:38 pass 5
12:46:54 pass 4
12:47:22 pass 2
12:47:25 pass 3
12:47:33 pass 1
12:47:39 pass 5
12:47:55 pass 4
12:48:23 pass 2
12:48:25 pass 3
12:48:33 pass 1
12:48:39 pass 5
12:48:55 pass 4
12:49:23 pass 2
12:49:26 pass 3
12:49:34 pass 1
12:49:40 pass 5
12:49:56 pass 4
12:50:24 pass 2
12:50:26 pass 3
12:50:34 pass 1
12:50:40 pass 5
12:50:56 pass 4
12:51:24 pass 2
12:51:27 pass 3
12:51:35 pass 1
12:51:41 pass 5
12:51:57 pass 4
12:52:25 pass 2
12:52:27 pass 3
12:52:35 pass 1
12:52:41 pass 5
12:52:57 pass 4
12:53:26 pass 2
12:53:28 pass 3
12:53:36 pass 1
12:53:42 pass 5
12:53:58 pass 4
12:54:26 pass 2
12:54:28 pass 3
12:54:36 pass 1
12:54:42 pass 5
12:54:58 pass 4
12:55:27 pass 2
12:55:29 pass 3
12:55:37 pass 1
12:55:43 pass 5
12:55:59 pass 4
12:56:27 pass 2
12:56:29 pass 3
12:56:37 pass 1
12:56:44 pass 5
12:57:00 pass 4
12:57:28 pass 2
12:57:30 pass 3
12:57:38 pass 1
12:57:44 pass 5
12:58:00 pass 4
12:58:28 pass 2
12:58:31 pass 3
12:58:39 pass 1
12:58:45 pass 5
12:59:01 pass 4
12:59:29 pass 2
12:59:31 pass 3
12:59:39 pass 1
12:59:45 pass 5
13:00:01 pass 4
13:00:29 pass 2
13:00:32 pass 3
13:00:40 pass 1
13:00:46 pass 5
13:01:02 pass 4
13:01:30 pass 2
13:01:32 pass 3
13:01:40 pass 1
13:01:46 pass 5
13:02:02 pass 4
13:02:31 pass 2
13:02:33 pass 3
13:02:41 pass 1
13:02:47 pass 5
13:03:03 pass 4
13:03:31 pass 2
13:03:33 pass 3
13:03:41 pass 1
13:03:47 pass 5
13:04:03 pass 4
13:04:32 pass 2
13:04:34 pass 3
13:04:42 pass 1
13:04:48 pass 5
13:05:04 pass 4
13:05:32 pass 2
13:05:34 pass 3
13:05:42 pass 1
13:05:49 pass 5
13:06:05 pass 4
13:06:33 pass 2
13:06:35 pass 3
13:06:43 pass 1
13:06:49 pass 5
13:07:05 pass 4
13:07:33 pass 2
13:07:35 pass 3
13:07:44 pass 1
13:07:50 pass 5
13:08:06 pass 4
13:08:34 pass 2
13:08:36 pass 3
13:08:44 pass 1
13:08:50 pass 5
13:09:06 pass 4
13:09:34 pass 2
13:09:37 pass 3
13:09:45 pass 1
13:09:51 pass 5
13:10:07 pass 4
13:10:35 pass 2
13:10:37 pass 3
13:10:45 pass 1
13:10:51 pass 5
13:11:07 pass 4
13:11:35 pass 2
13:11:38 pass 3
13:11:46 pass 1
13:11:52 pass 5
13:12:08 pass 4
13:12:36 pass 2
13:12:38 pass 3
13:12:46 pass 1
13:12:52 pass 5
13:13:08 pass 4
13:13:37 pass 2
13:13:39 pass 3
13:13:47 pass 1
13:13:53 pass 5
13:14:09 pass 4
13:14:37 pass 2
13:14:39 pass 3
13:14:47 pass 1
13:14:54 pass 5
13:15:09 pass 4
13:15:38 pass 2
13:15:40 pass 3
13:15:48 pass 1
13:15:54 pass 5
13:16:10 pass 4
13:16:38 pass 2
13:16:40 pass 3
13:16:48 pass 1
13:16:55 pass 5
13:17:11 pass 4
13:17:39 pass 2
13:17:41 pass 3
13:17:49 pass 1
13:17:55 pass 5
13:18:11 pass 4
13:18:39 pass 2
13:18:42 pass 3
13:18:50 pass 1
13:18:56 pass 5
13:19:12 pass 4
13:19:40 stopped 2
13:19:42 stopped 3
13:19:50 stopped 1
13:19:56 stopped 5
13:20:12 stopped 4
