09:59:28 start p10-ruby-1 c2-blob
09:59:28 start p10-ruby-2 c2-blob
09:59:28 start p10-java-1 c2-blob
p10-ruby-2 c2-blob: public failed 8/374 hidden failed 56/424 
09:59:49 start p10-java-2 c2-blob
p10-ruby-1 c2-blob: public failed 8/374 hidden failed 57/424 
09:59:50 start p10-haskell-1 c2-blob
p10-java-1 c2-blob: public failed 8/374 hidden failed 57/424 
10:00:07 start p10-haskell-2 c2-blob
p10-java-2 c2-blob: public failed 8/374 hidden failed 56/424 
10:00:22 start p10-scheme-1 c2-blob
p10-haskell-1 c2-blob: public failed 8/374 hidden failed 56/424 
10:00:23 start p10-scheme-2 c2-blob
p10-haskell-2 c2-blob: public failed 8/374 hidden failed 57/424 
10:01:00 start p10-steep-1 c2-blob
p10-steep-1 c2-blob: public failed 8/374 hidden failed 57/424 
10:01:50 start p10-steep-2 c2-blob
p10-scheme-1 c2-blob: public failed 8/374 hidden failed 58/424 
10:03:28 start p10-sake-1 c2-blob
p10-scheme-2 c2-blob: public failed 8/374 hidden failed 57/424 
10:03:38 start p10-sake-2 c2-blob
p10-steep-2 c2-blob: public failed 8/374 hidden failed 56/424 
10:03:45 start p10-ruby-1 c3-rowid
p10-ruby-1 c3-rowid: public failed 8/374 hidden failed 45/413 
10:04:46 start p10-ruby-2 c3-rowid
p10-ruby-2 c3-rowid: public failed 8/374 hidden failed 44/413 
10:05:30 start p10-java-1 c3-rowid
p10-java-1 c3-rowid: public failed 8/374 hidden failed 45/413 
10:06:14 start p10-java-2 c3-rowid
p10-java-2 c3-rowid: public failed 8/374 hidden failed 44/413 
10:07:35 start p10-haskell-1 c3-rowid
p10-haskell-1 c3-rowid: public failed 8/374 hidden failed 44/413 
10:08:08 start p10-haskell-2 c3-rowid
p10-haskell-2 c3-rowid: public failed 8/374 hidden failed 45/413 
10:08:34 start p10-scheme-1 c3-rowid
p10-scheme-1 c3-rowid: public failed 8/374 hidden failed 46/413 timeouts 0 
10:09:47 start p10-scheme-2 c3-rowid
p10-scheme-2 c3-rowid: public failed 8/374 hidden failed 45/413 timeouts 0 
10:11:37 start p10-steep-1 c3-rowid
p10-steep-1 c3-rowid: public failed 8/374 hidden failed 45/413 timeouts 0 
10:12:19 start p10-steep-2 c3-rowid
p10-steep-2 c3-rowid: public failed 8/374 hidden failed 44/413 timeouts 0 
10:12:58 start p10-sake-1 c3-rowid
#<Thread:0x00007baeb17fefc8 /home/ko1/.rbenv/versions/4.0.2/lib/ruby/4.0.0/open3.rb:664 run> terminated with exception (report_on_exception is true):
/home/ko1/.rbenv/versions/4.0.2/lib/ruby/4.0.0/open3.rb:664:in 'IO#read': stream closed in another thread (IOError)
	from /home/ko1/.rbenv/versions/4.0.2/lib/ruby/4.0.0/open3.rb:664:in 'block (2 levels) in Open3.capture3'
#<Thread:0x00007baeb17feeb0 /home/ko1/.rbenv/versions/4.0.2/lib/ruby/4.0.0/open3.rb:665 run> terminated with exception (report_on_exception is true):
/home/ko1/.rbenv/versions/4.0.2/lib/ruby/4.0.0/open3.rb:665:in 'IO#read': stream closed in another thread (IOError)
	from /home/ko1/.rbenv/versions/4.0.2/lib/ruby/4.0.0/open3.rb:665:in 'block (2 levels) in Open3.capture3'
10:25:14 start p10-ruby-1
10:25:14 start p10-ruby-2
10:25:14 start p10-java-1
p10-ruby-2 c1-collate: public failed 8/374 hidden failed 49/417 timeouts 0 
p10-ruby-2 c4-functions: public failed 8/374 hidden failed 18/386 timeouts 0 
p10-ruby-2 c5-glob: public failed 8/374 hidden failed 25/393 timeouts 0 
p10-ruby-2 c6-math: public failed 8/374 hidden failed 19/387 timeouts 0 
10:25:56 start p10-java-2
p10-ruby-1 c1-collate: public failed 8/374 hidden failed 50/417 timeouts 0 
p10-ruby-1 c4-functions: public failed 8/374 hidden failed 19/386 timeouts 0 
p10-ruby-1 c5-glob: public failed 8/374 hidden failed 26/393 timeouts 0 
p10-ruby-1 c6-math: public failed 8/374 hidden failed 20/387 timeouts 0 
10:25:56 start p10-haskell-1
p10-java-1 c1-collate: public failed 8/374 hidden failed 50/417 timeouts 0 
p10-java-1 c4-functions: public failed 8/374 hidden failed 19/386 timeouts 0 
p10-java-1 c5-glob: public failed 8/374 hidden failed 26/393 timeouts 0 
p10-java-1 c6-math: public failed 8/374 hidden failed 20/387 timeouts 0 
10:26:14 start p10-haskell-2
p10-haskell-1 c1-collate: public failed 8/374 hidden failed 49/417 timeouts 0 
p10-haskell-1 c4-functions: public failed 8/374 hidden failed 18/386 timeouts 0 
p10-haskell-1 c5-glob: public failed 8/374 hidden failed 25/393 timeouts 0 
p10-haskell-1 c6-math: public failed 8/374 hidden failed 19/387 timeouts 0 
10:26:28 start p10-scheme-1
p10-sake-1 c2-blob: public failed 8/374 hidden failed 57/424 
p10-haskell-2 c1-collate: public failed 8/374 hidden failed 50/417 timeouts 0 
p10-haskell-2 c4-functions: public failed 8/374 hidden failed 19/386 timeouts 0 
p10-haskell-2 c5-glob: public failed 8/374 hidden failed 26/393 timeouts 0 
p10-haskell-2 c6-math: public failed 8/374 hidden failed 20/387 timeouts 0 
10:26:48 start p10-scheme-2
p10-java-2 c1-collate: public failed 8/374 hidden failed 49/417 timeouts 0 
p10-java-2 c4-functions: public failed 8/374 hidden failed 18/386 timeouts 0 
p10-java-2 c5-glob: public failed 8/374 hidden failed 25/393 timeouts 0 
p10-java-2 c6-math: public failed 8/374 hidden failed 19/387 timeouts 0 
10:27:07 start p10-steep-1
p10-steep-1 c1-collate: public failed 8/374 hidden failed 50/417 timeouts 0 
p10-steep-1 c4-functions: public failed 8/374 hidden failed 19/386 timeouts 0 
p10-steep-1 c5-glob: public failed 8/374 hidden failed 26/393 timeouts 0 
p10-steep-1 c6-math: public failed 8/374 hidden failed 20/387 timeouts 0 
10:27:56 start p10-steep-2
p10-steep-2 c1-collate: public failed 8/374 hidden failed 49/417 timeouts 0 
p10-steep-2 c4-functions: public failed 8/374 hidden failed 18/386 timeouts 0 
p10-steep-2 c5-glob: public failed 8/374 hidden failed 25/393 timeouts 0 
p10-steep-2 c6-math: public failed 8/374 hidden failed 19/387 timeouts 0 
10:28:55 start p10-sake-1
p10-scheme-1 c1-collate: public failed 8/374 hidden failed 51/417 timeouts 0 
p10-scheme-1 c4-functions: public failed 8/374 hidden failed 20/386 timeouts 0 
p10-scheme-1 c5-glob: public failed 8/374 hidden failed 27/393 timeouts 0 
p10-scheme-1 c6-math: public failed 8/374 hidden failed 21/387 timeouts 0 
10:29:18 start p10-sake-2
p10-scheme-2 c1-collate: public failed 8/374 hidden failed 50/417 timeouts 0 
p10-scheme-2 c4-functions: public failed 8/374 hidden failed 19/386 timeouts 0 
p10-scheme-2 c5-glob: public failed 8/374 hidden failed 26/393 timeouts 0 
p10-scheme-2 c6-math: public failed 8/374 hidden failed 20/387 timeouts 0 
p10-sake-2 c2-blob: public failed 8/374 hidden failed 58/424 
p10-sake-1 c1-collate: public failed 8/374 hidden failed 50/417 timeouts 0 
p10-sake-1 c3-rowid: public failed 8/374 hidden failed 45/413 timeouts 0 
p10-sake-1 c4-functions: public failed 8/374 hidden failed 19/386 timeouts 0 
p10-sake-1 c5-glob: public failed 8/374 hidden failed 26/393 timeouts 0 
p10-sake-1 c6-math: public failed 8/374 hidden failed 20/387 timeouts 0 
p10-sake-2 c1-collate: public failed 8/374 hidden failed 51/417 timeouts 0 
p10-sake-2 c2-blob: public failed 8/374 hidden failed 58/424 timeouts 0 
p10-sake-2 c3-rowid: public failed 8/374 hidden failed 46/413 timeouts 0 
p10-sake-2 c4-functions: public failed 8/374 hidden failed 20/386 timeouts 0 
p10-sake-2 c5-glob: public failed 8/374 hidden failed 27/393 timeouts 0 
p10-sake-2 c6-math: public failed 8/374 hidden failed 21/387 timeouts 0 
10:41:34 DONE
