20:20:45Z grading p11f-n-sake-1-c4 load=0.59
p11f-n-sake-1-c4: change hidden 17/17 public 374/374 regressions 0+0 diff +28/-1 timeouts 0 
20:22:07Z grading p11f-n-sake-1-c6 load=8.60
p11f-n-sake-1-c6: change hidden 18/18 public 374/374 regressions 0+0 diff +66/-1 timeouts 0 
20:24:15Z grading p11f-n-sake-2-c4 load=15.25
p11f-n-sake-2-c4: change hidden 17/17 public 374/374 regressions 0+0 diff +42/-0 timeouts 0 
20:26:22Z grading p11f-n-sake-2-c6 load=13.91
p11f-n-sake-2-c6: change hidden 18/18 public 374/374 regressions 0+0 diff +66/-1 timeouts 0 
20:27:49Z pass done
20:27:52Z grading p11f-h-sake-1-c2 load=9.68
p11f-h-sake-1-c2: change hidden 55/55 public 374/374 regressions 0+0 diff +184/-36 timeouts 0 
20:29:18Z grading p11f-h-sake-1-c3 load=8.38
p11f-h-sake-1-c3: change hidden 44/44 public 374/374 regressions 0+0 diff +122/-50 timeouts 0 
20:30:42Z grading p11f-h-sake-2-c2 load=7.79
p11f-h-sake-2-c2: change hidden 55/55 public 374/374 regressions 0+0 diff +213/-24 timeouts 0 
20:32:11Z grading p11f-h-sake-2-c3 load=8.37
p11f-h-sake-2-c3: change hidden 44/44 public 374/374 regressions 0+0 diff +90/-29 timeouts 0 
20:33:38Z grading p11f-n-sake-1-c1 load=7.95
p11f-n-sake-1-c1: change hidden 48/48 public 374/374 regressions 0+0 diff +376/-115 timeouts 0 
20:35:05Z grading p11f-n-sake-1-c2 load=7.92
p11f-n-sake-1-c2: change hidden 55/55 public 374/374 regressions 0+0 diff +202/-39 timeouts 0 
20:36:33Z grading p11f-n-sake-1-c3 load=7.82
p11f-n-sake-1-c3: change hidden 44/44 public 374/374 regressions 0+0 diff +106/-42 timeouts 0 
20:37:57Z grading p11f-n-sake-1-c5 load=7.81
p11f-n-sake-1-c5: change hidden 24/24 public 374/374 regressions 0+0 diff +218/-42 timeouts 0 
20:39:21Z grading p11f-n-sake-2-c1 load=7.83
p11f-n-sake-2-c1: change hidden 48/48 public 374/374 regressions 0+0 diff +380/-111 timeouts 0 
20:40:51Z grading p11f-n-sake-2-c2 load=7.87
p11f-n-sake-2-c2: change hidden 55/55 public 374/374 regressions 0+0 diff +205/-27 timeouts 0 
20:42:20Z grading p11f-n-sake-2-c3 load=7.84
p11f-n-sake-2-c3: change hidden 44/44 public 374/374 regressions 0+0 diff +104/-42 timeouts 0 
20:43:48Z grading p11f-n-sake-2-c5 load=7.88
p11f-n-sake-2-c5: change hidden 24/24 public 374/374 regressions 0+0 diff +169/-13 timeouts 0 
20:45:15Z grading p11f-t-sake-1-c2 load=7.89
p11f-t-sake-1-c2: change hidden 55/55 public 374/374 regressions 0+0 diff +129/-27 timeouts 0 
20:46:41Z grading p11f-t-sake-2-c2 load=7.87
p11f-t-sake-2-c2: change hidden 55/55 public 374/374 regressions 0+0 diff +182/-28 timeouts 0 
20:48:40Z grading p11f-h-sake-1-c1 load=4.77
p11f-h-sake-1-c1: change hidden 48/48 public 374/374 regressions 0+0 diff +401/-156 timeouts 0 
20:50:04Z grading p11f-h-sake-2-c1 load=7.26
p11f-h-sake-2-c1: change hidden 48/48 public 374/374 regressions 0+0 diff +362/-106 timeouts 0 
20:52:03Z grader stopped
