entropy(play) = 0.9403
  gain(outlook ) = 0.2467
  gain(temp    ) = 0.0292
  gain(humidity) = 0.1518
  gain(wind    ) = 0.0481
-- max depth 1: 4 nodes, 3 leaves --
  outlook = overcast => yes (4)
  outlook = rain => yes (5)
  outlook = sunny => no (5)
  training accuracy: 10/14 (71.4%)
-- max depth 3: 8 nodes, 5 leaves --
  outlook = overcast => yes (4)
  outlook = rain:
    wind = strong => no (2)
    wind = weak => yes (3)
  outlook = sunny:
    humidity = high => no (3)
    humidity = normal => yes (2)
  training accuracy: 14/14 (100.0%)
sunny/cool/high/strong -> no
overcast/mild/normal/weak -> yes
rain/hot/normal/strong -> no
foggy/mild/high/weak -> yes
