-- inversions --
[3, 1, 2]: 2 (checked)
[1, 2, 3, 4]: 0 (checked)
[5, 4, 3, 2, 1]: 10 (checked)
[8, 4, 2, 1, 4, 8, 3, 3]: 15 (checked)
[]: 0 (checked)
-- live leaderboard --
ann  joins      40  rank 1 of 1  (percentile 100.0)
bob  joins      72  rank 1 of 2  (percentile 100.0)
cy   joins      55  rank 2 of 3  (percentile 66.7)
dee  joins      72  rank 1 of 4  (percentile 100.0)
ann  moves 40->  90  rank 1 of 4  (percentile 100.0)
eve  joins      12  rank 5 of 5  (percentile 20.0)
bob  moves 72->  30  rank 4 of 5  (percentile 40.0)
fay  joins     100  rank 1 of 6  (percentile 100.0)
median score: 55
1-th lowest: 12
6-th lowest: 100
7-th lowest: none
buckets: 0-49: 2, 50-79: 2, 80-100: 2
