""                             ->                                          ok
"f"                            -> Zg==                                     ok
"fo"                           -> Zm8=                                     ok
"foo"                          -> Zm9v                                     ok
"foob"                         -> Zm9vYg==                                 ok
"fooba"                        -> Zm9vYmE=                                 ok
"foobar"                       -> Zm9vYmFy                                 ok
"Many hands make light work."  -> TWFueSBoYW5kcyBtYWtlIGxpZ2h0IHdvcmsu     ok
"subjects?_d>>"                -> c3ViamVjdHM/X2Q+Pg==                     ok
-- url-safe, unpadded --
bytes: fb ff bf 00 3e 3f fe
std  : +/+/AD4//g==
url  : -_-_AD4__g
url decoded: fb ff bf 00 3e 3f fe
-- wrapped input --
Man is distinguished
-- errors --
SGVsbG8*: error at 7: invalid character "*"
QUJD$EFG: error at 4: invalid character "$"
QQ: decoded 1 bytes: 41
Q: error at 0: dangling bits
