plain : Meet me at the old bridge after sunset
key 3: Phhw ph dw wkh rog eulgjh diwhu vxqvhw
roundtrip ok: true
  guess k= 3 chi2=    13.58 Meet me at the old bridge afte
  guess k=15 chi2=    80.30 Assh as oh hvs czr pfwrus oths
  guess k=14 chi2=   108.99 Btti bt pi iwt das qgxsvt puit
  cracked: yes
plain : The quick brown fox jumps over the lazy dog
key 11: Esp bftnv mczhy qzi ufxad zgpc esp wlkj ozr
roundtrip ok: true
  guess k=11 chi2=   109.66 The quick brown fox jumps over
  guess k=17 chi2=   123.14 Nby kocwe vliqh zir dogjm ipyl
  guess k=23 chi2=   129.52 Hvs eiwqy pfckb tcl xiadg cjsf
  cracked: yes
plain : Attack at dawn, hold the northern ridge!
key 19: Tmmtvd tm wtpg, ahew max ghkmaxkg kbwzx!
roundtrip ok: true
  guess k=19 chi2=    15.91 Attack at dawn, hold the north
  guess k=12 chi2=    94.62 Haahjr ha khdu, ovsk aol uvyao
  guess k=21 chi2=    99.27 Yrryai yr byul, fmjb rfc lmprf
  cracked: yes
plain : Cryptography is the art of writing secret messages
key 7: Jyfwavnyhwof pz aol hya vm dypapun zljyla tlzzhnlz
roundtrip ok: true
  guess k= 7 chi2=    21.92 Cryptography is the art of wri
  guess k=11 chi2=    71.31 Ynulpkcnwldu eo pda wnp kb sne
  guess k=20 chi2=   121.25 Pelcgbtencul vf gur neg bs jev
  cracked: yes
Jul qvq gur puvpxra pebff gur ebnq?
Why did the chicken cross the road?
