card    4539 1488 0343 6467    visa       valid
card    4539 1488 0343 6468    visa       INVALID
card    5555-5555-5555-4444    mastercard valid
card    3782 822463 10005      amex       valid
card    6011 1111 1111 1117    unknown    valid
isbn10  0-306-40615-2          isbn-10    valid
isbn10  0-8044-2957-X          isbn-10    valid
isbn10  0-306-40615-3          isbn-10    INVALID
ean13   978-0-306-40615-7      ean-13     valid
ean13   4006381333931          ean-13     valid
ean13   4006381333932          ean-13     INVALID
8 of 11 valid
  visa: 2
  mastercard: 1
  amex: 1
  unknown: 1
  isbn-10: 3
  ean-13: 3
-- completing --
7992739871 -> 79927398713 (true)
453914880343646 -> 4539148803436467 (true)
37828224631000 -> 378282246310005 (true)
0-306-40615-2 -> 9780306406157 (true)
0-8044-2957-X -> 9780804429573 (true)
1-56619-909-3 -> 9781566199094 (true)
