SOS
  morse : ... --- ...
  units : 27 (15 on)
  decode: SOS
Hello, World
  morse : .... . .-.. .-.. --- --..-- / .-- --- .-. .-.. -..
  units : 133 (72 on)
  decode: HELLO, WORLD
What hath God wrought?
  morse : .-- .... .- - / .... .- - .... / --. --- -.. / .-- .-. --- ..- --. .... - ..--..
  units : 207 (104 on)
  decode: WHAT HATH GOD WROUGHT?
Meet at 1030 sharp
  morse : -- . . - / .- - / .---- ----- ...-- ----- / ... .... .- .-. .--.
  units : 177 (94 on)
  decode: MEET AT 1030 SHARP
Café #9
  morse : -.-. .- ..-. / ----.
  units : 55 (31 on)
  decode: CAF 9
  skipped: # É
signal sample: =_===_===_=___=_===___=_===_=___=_=___=_=_=
noisy decode: OSO?
longest code: . (6 symbols)
letters with 4 symbols: BCFHJLPQVXYZ
