== text ==
 67 ->  16  12WB12W3B24WB14W  ok
  3 ->   3  abc  ok
 11 ->   7  2ab5c3a  ok
  0 ->   0    ok
 30 ->   3  30z  ok
== bitmap ==
row 0: 16                       
row 1: 4,6,6                    
row 2: 3,1,6,1,5                
row 3: 2,1,2,1,2,1,2,1,4        
row 4: 2,1,8,1,4                
row 5: 2,1,2,4,2,1,4            
row 6: 3,1,6,1,5                
row 7: 4,6,6                    
raw 128 pixels, 38 run lengths, ratio 0.30
darkest row has 6 dark pixels
== errors ==
3a0b -> error at 3: zero-length run
12 -> error at 2: trailing count 12
4x2y1 -> error at 5: trailing count 1
