to_base:
  255 in base 2 = 11111111
  255 in base 16 = ff
  -42 in base 7 = -60
  1295 in base 36 = zz
  0 in base 5 = 0
  100 in base 1: base 1 out of range
parse:
  "ff"         base 16 = 255
  "1010_1010"  base  2 = 170
  "-zz"        base 36 = -1295
  "129"        base  8: bad digit '9' for base 8
  ""           base 10: empty number
  " 7Fa "      base 16 = 2042
  "12g"        base 16: bad digit 'g' for base 16
round trips:
  bases with exact round trip: 35 of 35
balanced ternary:
      0 -> 0        -> 0
      1 -> 1        -> 1
      2 -> 1T       -> 2
      5 -> 1TT      -> 5
      8 -> 10T      -> 8
     -7 -> T1T      -> -7
    100 -> 11T01    -> 100
   -100 -> TT10T    -> -100
palindromic in base 10 and base 2:
  1 = 1
  3 = 11
  5 = 101
  7 = 111
  9 = 1001
  33 = 100001
  99 = 1100011
  313 = 100111001
  585 = 1001001001
  717 = 1011001101
digit sums of 2^20 by base:
  base 2: 100000000000000000000 (digit sum 1)
  base 3: 1222021101011 (digit sum 14)
  base 7: 11625034 (digit sum 22)
  base 10: 1048576 (digit sum 31)
  base 16: 100000 (digit sum 1)
  base 36: mh34 (digit sum 46)
