Luhn:
  4539 1488 0343 6467    valid
  8273 1232 7352 0569    invalid
  79927398713            valid
  1234-5678-9012-3456    invalid
  12a4                   invalid
  complete 7992739871 -> 79927398713
  complete 4111111111111 -> 41111111111114
ISBN:
  0-306-40615-2    valid
  0-306-40615-3    check digit mismatch
  0-8044-2957-X    valid
  123456789        wrong length
  0-30A-40615-2    invalid character
  978-0-306-40615-7    valid
  978-0-306-40615-8    check digit mismatch
  978-3-16-148410-0    valid
  97803064061          wrong length
  0-306-40615-2 as ISBN-13: 9780306406157
single-digit typo detection on 79927398713:
  99/99 caught
  adjacent swaps: 9, missed: []
mod 97:
  3214282912345698765432161182: valid
  3214282912345698765432161183: invalid
