rationals:
  415/93 = [4; 2, 6, 7]  (back: 415/93)
  649/200 = [3; 4, 12, 4]  (back: 649/200)
  -17/5 = [-4; 1, 1, 2]  (back: -17/5)
  3/7 = [0; 2, 3]  (back: 3/7)
square roots:
  sqrt(2) = [1; (2)]
  sqrt(3) = [1; (1, 2)]
  sqrt(5) = [2; (4)]
  sqrt(6) = [2; (2, 4)]
  sqrt(7) = [2; (1, 1, 1, 4)]
  sqrt(8) = [2; (1, 4)]
  sqrt(10) = [3; (6)]
  sqrt(11) = [3; (3, 6)]
  sqrt(12) = [3; (2, 6)]
  sqrt(13) = [3; (1, 1, 1, 1, 6)]
  sqrt(14) = [3; (1, 2, 1, 6)]
  sqrt(29) = [5; (2, 1, 1, 2, 10)]
  odd periods for n <= 30: 2 5 10 13 17 26 29
convergents of sqrt(2):
  1/1        1.0000000000  err 4.14e-01
  3/2        1.5000000000  err 8.58e-02
  7/5        1.4000000000  err 1.42e-02
  17/12      1.4166666667  err 2.45e-03
  41/29      1.4137931034  err 4.20e-04
  99/70      1.4142857143  err 7.22e-05
  239/169    1.4142011834  err 1.24e-05
  577/408    1.4142156863  err 2.12e-06
Pell x^2 - n*y^2 = 1:
  n=2: x=3, y=2
  n=3: x=2, y=1
  n=5: x=9, y=4
  n=7: x=8, y=3
  n=13: x=649, y=180
  n=29: x=9801, y=1820
  n=61: x=1766319049, y=226153980
  n=9: perfect square, only trivial solution
golden ratio convergents: 1/1 2/1 3/2 5/3 8/5 13/8 21/13 34/21 55/34 89/55 144/89 233/144
