digital roots:
          16  sum=7  root=7
         942  sum=15  root=6
      132189  sum=24  root=6
      493193  sum=29  root=2
   999999999  sum=81  root=9
Armstrong numbers < 10000: 1 2 3 4 5 6 7 8 9 153 370 371 407 1634 8208 9474
Harshad numbers <= 60: 25
  1,2,3,4,5,6,7,8,9,10,12,18,20,21,24,27,30,36,40,42,45,48,50,54,60
longest run of consecutive Harshad numbers <= 2000: 10 from 1
n with palindromic n^2: 11^2=121 22^2=484 26^2=676 101^2=10201 111^2=12321 121^2=14641 202^2=40804 212^2=44944 264^2=69696
reverse-and-add:
  56: 1 steps -> 121
  87: 4 steps -> 4884
  89: 24 steps -> 8813200023188
  196: no palindrome in 30 steps (Lychrel candidate)
  295: no palindrome in 30 steps (Lychrel candidate)
Kaprekar routine:
  3524: 3 steps
    5432-2345 / 8730-0378 / 8532-2358
  2111: 5 steps
  9831: 7 steps
  1000: 5 steps
  7777: degenerate
    7777-7777
  1 steps: 33
  2 steps: 75
  3 steps: 240
  4 steps: 108
  5 steps: 179
  6 steps: 184
  7 steps: 180
