F1: 0/1 1/1
F2: 0/1 1/2 1/1
F3: 0/1 1/3 1/2 2/3 1/1
F4: 0/1 1/4 1/3 1/2 2/3 3/4 1/1
F5: 0/1 1/5 1/4 1/3 2/5 1/2 3/5 2/3 3/4 4/5 1/1
F6: 0/1 1/6 1/5 1/4 1/3 2/5 1/2 3/5 2/3 3/4 4/5 5/6 1/1
sizes |F_n| = 1 + sum phi(k):
  2 3 5 7 11 13 19 23 29 33 43 47
neighbour determinant = 1 for F_1..F_12: true
neighbours of 3/7 in F7: 2/5 and 1/2, mediant 3/7
Stern-Brocot paths:
  3/7    LLRR         back: 3/7
  5/2    RRL          back: 5/2
  13/8   RLRLR        back: 13/8
  1/1    (root)       back: 1/1
  22/7   RRRLLLLLL    back: 22/7
best approximations of pi:
  den <= 1      3/1          err 1.416e-01
  den <= 7      22/7         err 1.264e-03
  den <= 57     179/57       err 1.242e-03
  den <= 106    333/106      err 8.322e-05
  den <= 113    355/113      err 2.668e-07
  den <= 1000   355/113      err 2.668e-07
  den <= 33102  103993/33102 err 5.779e-10
best approximations of sqrt(2) and e:
  sqrt2: 7/5, 140/99, 1393/985
  e: 19/7, 193/71, 1457/536
