partitions of small evens:
  4 = 2+2
  10 = 3+7 = 5+5
  16 = 3+13 = 5+11
  22 = 3+19 = 5+17 = 11+11
  28 = 5+23 = 11+17
  34 = 3+31 = 5+29 = 11+23 = 17+17
  40 = 3+37 = 11+29 = 17+23
evens <= 1000 without a partition: none
Goldbach's comet (min / max count per block of 250):
     4.. 252  min  1 at    4   max  19 at  210
   254.. 502  min  6 at  332   max  30 at  420
   504.. 752  min 10 at  542   max  41 at  630
   754..1000  min 13 at  992   max  52 at  990
evens with a record-large smallest prime in their partition:
  4 = 2 + 2
  6 = 3 + 3
  12 = 5 + 7
  30 = 7 + 23
  98 = 19 + 79
  220 = 23 + 197
  308 = 31 + 277
  556 = 47 + 509
  992 = 73 + 919
multiples of 30 vs neighbours:
  208:7  210:19  212:6
  418:11  420:30  422:11
  838:17  840:51  842:18
  1048:  1050:  1052:
weak Goldbach (odd n = p + q + r), fewest decompositions for 7..151:
  7(1) 9(2) 11(2) 13(2) 15(3) 19(3)
