proper divisors:
  28: 1 2 4 7 14 (sum 28, perfect)
  220: 1 2 4 5 10 11 20 22 44 55 110 (sum 284, abundant)
  284: 1 2 4 71 142 (sum 220, deficient)
  945: 1 3 5 7 9 15 21 27 35 45 63 105 135 189 315 (sum 975, abundant)
  97: 1 (sum 1, deficient)
perfect: 3
abundant: 121
deficient: 376
perfect numbers <= 3000: 6, 28, 496
first odd abundant number: 945
amicable pairs <= 3000:
  220 <-> 284
  1184 <-> 1210
  2620 <-> 2924
aliquot sequences:
  12: terminates after 7 terms: 12 -> 16 -> 15 -> 9 -> 4 -> 3 -> 1
  95: enters a cycle of length 1: 95 -> 25 -> 6
  220: enters a cycle of length 2: 220 -> 284
  562: enters a cycle of length 2: 562 -> 284 -> 220
  25: enters a cycle of length 1: 25 -> 6
  6: enters a cycle of length 1: 6
