--- stderr
args_errors.sake:5:3: error: L.new needs `level`
args_errors.sake:5:11: error: L has no field `levl`
  hint: did you mean `level:`?
args_errors.sake:6:3: error: L.new needs `dev`
args_errors.sake:7:3: error: L.new needs `level`
args_errors.sake:7:11: error: field `dev` is already given as argument 1
args_errors.sake:8:7: error: parameters after `*rest` are not supported: required, optional, `*rest`, keywords, `**opts`, in that order
args_errors.sake:10:15: error: write the field's name without `:`: `val`
--- exit 2
