--- stderr
block_errors.sake:4:7: error: the block parameter `b` can only be passed on as `&b`
  hint: call the block with `yield`; Sake has no block values
block_errors.sake:9:19: error: `&xs`: only the function's own block parameter can be passed on (`def f(x, &b) = g(x, &b)`)
  hint: or pass a block `{ |x| ... }`
--- exit 2
