--- stderr
bool_op_error.sake:2: in <main>: TypeError: Kernel.==: no implementation for (true, Integer); defined for (any two of Integer, Float, Rational, Complex), (String, String), (true|false, true|false), (nil, nil), (Tuple, Tuple), (Array, Array), (Set, Set), (Hash, Hash), (Time, Time), (Symbol, Symbol), (any, nil), (nil, any)
--- exit 1
