--- stderr
case_coverage.sake:24:8: error: String.upcase: argument 1 must be String, but is Float [type]
  hint: reached by the call at line 27
case_coverage.sake:29:3: error: case/in: no `in` branch matches some values of true|false [exhaustive]
  hint: add an `else`, or `in` branches for the other values
  hint: reached by the call at line 34
--- exit 2
