--- stderr
case_exhaustive.sake:14:3: error: case/in: no `in` branch matches some values of String [exhaustive]
  hint: add an `else`, or `in` branches for the other values
  hint: reached by the call at line 19
case_exhaustive.sake:23:3: error: case/in: no `in` branch matches Integer [type]
  hint: add an `in` branch for it, or an `else`
  hint: reached by the call at line 28
--- exit 2
