--- stderr
chain_errors.sake:1:3: error: `_` is the previous statement's value, and no statement precedes it here
  hint: `_` reads the statement just before, in the same body (a function, block, or branch)
chain_errors.sake:3:5: error: `x.Integer` needs an operation after the type: `x.Integer.op(...)`
chain_errors.sake:4:12: error: undefined type or module `Arrray`
  hint: did you mean `Array`?
chain_errors.sake:5:30: error: `_` is the previous statement's value, and no statement precedes it here
  hint: `_` reads the statement just before, in the same body (a function, block, or branch)
chain_errors.sake:6:48: error: `_` is the previous statement's value, but here it names a local variable
  hint: give the variable another name
chain_errors.sake:8:3: error: `_` is the previous statement's value, and no statement precedes it here
  hint: `_` reads the statement just before, in the same body (a function, block, or branch)
--- exit 2
