81
--- stderr
class_settings_types.sake:5:22: warning: Arithmetic.+: the operands may be (String, Integer), which the left operand's type does not support [mixed]
  hint: Config.port holds String (written at line 8) besides Integer
  hint: reached by the call at line 7
class_settings_types.sake:5: in Config.next_port: TypeError: Arithmetic.+: no implementation for (String, Integer); defined for (any two of Integer, Float, Rational, Complex), (String, String), (Array, Array), (Time, Integer), (Time, Float), (Time, Rational)
  from class_settings_types.sake:8: in <main>
--- exit 1
