--- stderr
class_settings_errors.sake:2:3: error: only `def`, `include`, and (in a class) `attr_reader`/`attr_accessor`/`attr_writer` are allowed in a class/module body
  hint: did you mean `attr_accessor`?
class_settings_errors.sake:4:1: error: field `x` has a default, so the fields after it need defaults too (they may be left out of B.new)
class_settings_errors.sake:8:24: error: a default must be a literal number, String, Symbol, true, false, or nil
class_settings_errors.sake:11:15: error: write the field's name without `:`: `x`
class_settings_errors.sake:17:3: error: the fields of E are declared in its first `class E` (line 13)
class_settings_errors.sake:19:11: error: `class F < {...}` is the old form of declaring fields
  hint: write them in the body: attr_reader x
class_settings_errors.sake:21:11: error: `class G < Comparable`: Comparable is not a class of this program
  hint: to borrow a module's functions, write `include Comparable` in the body
class_settings_errors.sake:23:3: error: field `x` of D is read-only (attr_reader)
  hint: inside `class D`, use `@x = value`; or declare it with `attr_accessor x`
class_settings_errors.sake:26:11: error: `class I < H` makes a cycle
class_settings_errors.sake:28:17: error: `class Integer` adds functions to Integer; `<` goes on a new class
--- exit 2
