--- stderr
class_struct_super_errors.sake:2:26: error: Struct.new takes field names as symbols, like `Struct.new(:x, :y)`
class_struct_super_errors.sake:4:26: error: Struct.new with a block is not supported; define functions in the body of `class B`
class_struct_super_errors.sake:8:18: error: field `x` is declared twice in C
class_struct_super_errors.sake:10:11: error: `class D < X` takes a class name or `Struct.new(:x, :y)`: B < A writes A's definitions into B
--- exit 2
