--- stderr
class_settings_errors.sake:1:12: error: unknown class setting `acessor`
  hint: did you mean `accessor`?
  hint: settings: accessor, reader, writer, default, exception
class_settings_errors.sake:3:11: error: default for `y`, which is not a field
class_settings_errors.sake:5:43: error: a default must be a literal number, String, Symbol, true, false, or nil
class_settings_errors.sake:9:3: error: field `x` of D is read-only (reader)
  hint: inside `class D`, use `@x = value`; or list it under `accessor:`
--- exit 2
