true
true
true
[]
[".", ".."]
0
0
["lib", "main.rb"]
child lib
["src/lib/util.rb", "src/main.rb"]
["notes.txt", "src/lib", "src/main.rb"]
["/notes.txt", "/src"]
true
false
true
5
true
false
"directory"
false
true
1
1700000000
1700000000
0
false
0
true
"renamed.txt"
"/renamed.txt"
true
1
IOError: File exists @ dir_s_mkdir - /src
IOError: Directory not empty @ dir_s_rmdir - /src
IOError: No such file or directory @ dir_initialize - /missing
IOError: No such file or directory @ rb_file_s_size - /missing
IOError: No such file or directory @ rb_file_s_rename - (/missing, /notes.txt)
1
0
["renamed.txt", "src", "src/main.rb"]
false
true
0
false
"b.rb"
"b"
"b.tar"
"/a/b"
"/a"
".gz"
["/a", "b"]
"a/b/c/"
"a/b/c"
true
"/a/b"
"/a/c"
"/r/x"
true
true
--- stderr
--- exit 0
