--- stderr
endless_def_modifier.sake:3:3: error: only `def`, `include`, a nested `class`/`module`, `Name = Struct.new(...)`, and (in a class) `attr_reader`/`attr_accessor`/`attr_writer` are allowed in a class/module body
  hint: Ruby reads `def initialize(...) = body if cond` as a conditional definition; write the body in parentheses: `def initialize(...) = (body if cond)`
--- exit 2
