--- stderr
exceptions_static.sake:5:8: error: LocalJumpError cannot be rescued: it is a program error, which the checks before running report
exceptions_static.sake:7:8: error: `Point` is not an exception type
  hint: declare it with `Point = Exception.new(...)`
exceptions_static.sake:10:1: error: a bare `raise` re-raises, so it is only allowed in a rescue clause
exceptions_static.sake:11:7: error: `raise T, message` needs an exception type, got `Point`
exceptions_static.sake:12:7: error: ParseError has fields besides message; raise it with `raise ParseError.new(...)`
--- exit 2
