--- stderr
exceptions_flow.sake:5:3: error: raise: ParseError may reach the top level without being rescued [unrescued]
  hint: rescue it, or check with a level below 4
exceptions_flow.sake:10:1: error: rescue OtherError: the begin body never raises OtherError [rescue]
  hint: remove this rescue, or raise OtherError in the body
--- exit 2
