--- stderr
field_shorthand_errors.sake:3:16: error: Point has no field `z`
field_shorthand_errors.sake:4:14: error: `@x` needs a first argument (the Point) in Point.none
field_shorthand_errors.sake:9:6: error: `@x` means a field of the first argument, so it is only available in a function of a Struct type
  hint: outside one, write the reader: `Type.x(obj)`
--- exit 2
