--- stderr
include_errors.sake:5:3: error: `include Summary` in Empty: Summary.total needs `each`, which Empty does not define (used at line 2)
include_errors.sake:7:14: error: Summary.total is a mixin function, and no type includes Summary
  hint: to call it as Summary.total(...), mark it with `module_function`
include_errors.sake:9:3: error: `include B` makes a cycle
include_errors.sake:12:3: error: `include A` makes a cycle
include_errors.sake:15:3: error: `include String`: String is not a module
  hint: only a `module` can be included
include_errors.sake:20:11: error: Helpers.helper is a mixin function, and no type includes Helpers
  hint: to call it as Helpers.helper(...), mark it with `module_function`
--- exit 2
