--- stderr
keyword_params_errors.sake:5:3: error: area needs keyword argument `w:`
keyword_params_errors.sake:6:14: error: area has no keyword parameter `wdth`
keyword_params_errors.sake:7:3: error: wrong number of arguments for f (given 3, expected 1..2)
keyword_params_errors.sake:8:8: error: a keyword argument is written `name: value`
keyword_params_errors.sake:9:3: error: wrong number of arguments for f (given 0, expected 1..2)
keyword_params_errors.sake:10:5: error: keyword arguments go only to functions with keyword parameters (`def f(x, k: 1)`)
keyword_params_errors.sake:11:8: error: f has no keyword parameter `cc`
  hint: did you mean `c:`?
keyword_params_errors.sake:19:5: error: M.m dispatches to A.m, whose arguments or block differ from M.m
--- exit 2
