--- stderr
message_length.sake:201:10: error: String.split: argument 1 must be String, but can be nil | Integer | Array@L64#2[Integer | String | Array@L64#2 | Array@L219#1 Array*[Integer | String | Array@L64#2 | Array@L219#1 Array* | Array@L64#1[Integer | String | Array@L64#2 | Array@L219#1 Array* | Array@L64#1 | {area: Integer, corner: [Integer | String | Array@L219#1 Array+[Integer | String | Array@L64#2 | Array@L219#1 Array* | Array@L64#1 | {area: Integer, corner: [Integer | String | Array@… [type]
  hint: the value has several types here; make each of them fit
  hint: reached by the call at line 246 → line 214 → line 215
message_length.sake:208:3: error: multiple assignment: argument 1 must be Tuple|Array, but can be Integer | String | {area: Integer, corner: [Integer | String | Array@L219#1 Array+[Integer | String | Array@L64#2[Integer | String | Array@L64#2 | Array@L219#1 Array*[Integer | String | Array@L64#2 | Array@L219#1 Array* | Array@L64#1[Integer | String | Array@L64#2 | Array@L219#1 Array* | Array@L64#1 | {area: Integer, corner: [Integer | String | Array@L219#1 Array+, Integer | String | Array@L219#1 … [type]
  hint: the value has several types here; make each of them fit
  hint: reached by the call at line 246 → line 214 → line 215 → line 215
message_length.sake:209:40: error: Arithmetic.*: the operands may be (nil, nil), (nil, Integer), (nil, String), (nil, Array@L64#2[Integer | String | Array@L64#2 | Array@L219#1 Array*[Integer | String | Array@L64#2 | Array@L219#1 Array* | Array@L64#1[Integer | String | Array@L64#2 | Array@L219#1 Array* | Array@L64#1 | {area: Integer, corner: [Integer | String | Array@L219#1 Array+[Integer | String | Array@L64#2 | Array@L219#1 Array* | Array@L64#1 | {area: Integer, c…, which the left operand's type does not support [type]
  hint: reached by the call at line 246 → line 214 → line 215 → line 215
message_length.sake:217:9: error: multiple assignment: argument 1 must be Tuple|Array, but can be Integer | String | {area: Integer, corner: [Integer | String | Array@L219#1 Array+[Integer | String | Array@L64#2[Integer | String | Array@L64#2 | Array@L219#1 Array*[Integer | String | Array@L64#2 | Array@L219#1 Array* | Array@L64#1[Integer | String | Array@L64#2 | Array@L219#1 Array* | Array@L64#1 | {area: Integer, corner: [Integer | String | Array@L219#1 Array+, Integer | String | Array@L219#1 … [type]
  hint: the value has several types here; make each of them fit
  hint: reached by the call at line 246 → line 214 → line 215 → line 216
message_length.sake:218:9: error: multiple assignment: argument 1 must be Tuple|Array, but can be Integer | String | {area: Integer, corner: [Integer | String | Array@L219#1 Array+[Integer | String | Array@L64#2[Integer | String | Array@L64#2 | Array@L219#1 Array*[Integer | String | Array@L64#2 | Array@L219#1 Array* | Array@L64#1[Integer | String | Array@L64#2 | Array@L219#1 Array* | Array@L64#1 | {area: Integer, corner: [Integer | String | Array@L219#1 Array+, Integer | String | Array@L219#1 … [type]
  hint: the value has several types here; make each of them fit
  hint: reached by the call at line 246 → line 214 → line 215 → line 216
message_length.sake:219:16: error: Arithmetic.*: the operands may be (nil, nil), (nil, Integer), (nil, String), (nil, Array@L64#2[Integer | String | Array@L64#2 | Array@L219#1 Array*[Integer | String | Array@L64#2 | Array@L219#1 Array* | Array@L64#1[Integer | String | Array@L64#2 | Array@L219#1 Array* | Array@L64#1 | {area: Integer, corner: [Integer | String | Array@L219#1 Array+[Integer | String | Array@L64#2 | Array@L219#1 Array* | Array@L64#1 | {area: Integer, c…, which the left operand's type does not support [type]
  hint: reached by the call at line 246 → line 214 → line 215 → line 216
message_length.sake:219:32: error: Arithmetic.+: the operands may be (nil, nil), (nil, Integer), (nil, String), (nil, Array@L64#2[Integer | String | Array@L64#2 | Array@L219#1 Array*[Integer | String | Array@L64#2 | Array@L219#1 Array* | Array@L64#1[Integer | String | Array@L64#2 | Array@L219#1 Array* | Array@L64#1 | {area: Integer, corner: [Integer | String | Array@L219#1 Array+[Integer | String | Array@L64#2 | Array@L219#1 Array* | Array@L64#1 | {area: Integer, c…, which the left operand's type does not support [type]
  hint: reached by the call at line 246 → line 214 → line 215 → line 216
message_length.sake:219:39: error: Arithmetic.+: the operands may be (nil, nil), (nil, Integer), (nil, String), (nil, Array@L64#2[Integer | String | Array@L64#2 | Array@L219#1 Array*[Integer | String | Array@L64#2 | Array@L219#1 Array* | Array@L64#1[Integer | String | Array@L64#2 | Array@L219#1 Array* | Array@L64#1 | {area: Integer, corner: [Integer | String | Array@L219#1 Array+[Integer | String | Array@L64#2 | Array@L219#1 Array* | Array@L64#1 | {area: Integer, c…, which the left operand's type does not support [type]
  hint: reached by the call at line 246 → line 214 → line 215 → line 216
message_length.sake:250:77: error: the pattern needs field `area`, but the value may be Integer | String | Array@L64#2[Integer | String | Array@L64#2 | Array@L219#1 Array*[Integer | String | Array@L64#2 | Array@L219#1 Array* | Array@L64#1[Integer | String | Array@L64#2 | Array@L219#1 Array* | Array@L64#1 | {area: Integer, corner: [Integer | String | Array@L219#1 Array+[Integer | String | Array@L64#2 | Array@L219#1 Array* | Array@L64#1 | {area: Integer, corner: [Integer | String | Arr… [type]
  hint: reached by the call at line 250
--- exit 2
