--- stderr
message_length.sake:197:10: error: String.split: argument 1 must be String, but can be nil | Integer | Array@L215 Array*[Integer | String | Array@L215 Array* | Array@L62[Integer | String | Array@L215 Array* | Array@L62 | {area: Integer, corner: [Integer | String | Array@L215 Array+[Integer | String | Array@L215 Array* | Array@L62 | {area: Integer, corner: [Integer | String | Array@L215 Array+, Integer | String | Array@L215 Array+[Integer | String | Array@L215 Array* | Array@L62 | {a… [type]
  hint: the value has several types here; make each of them fit
  hint: reached by the call at line 242 → line 210 → line 211
message_length.sake:204:3: error: multiple assignment: argument 1 must be Tuple|Array, but can be Integer | String | {area: Integer, corner: [Integer | String | Array@L215 Array+[Integer | String | Array@L215 Array*[Integer | String | Array@L215 Array* | Array@L62[Integer | String | Array@L215 Array* | Array@L62 | {area: Integer, corner: [Integer | String | Array@L215 Array+, Integer | String | Array@L215 Array+[Integer | String | Array@L215 Array* | Array@L62 | {area: Integer, corner: [Intege… [type]
  hint: the value has several types here; make each of them fit
  hint: reached by the call at line 242 → line 210 → line 211 → line 211
message_length.sake:205:40: error: Arithmetic.*: the operands may be (nil, nil), (nil, Integer), (nil, String), (nil, Array@L215 Array*[Integer | String | Array@L215 Array* | Array@L62[Integer | String | Array@L215 Array* | Array@L62 | {area: Integer, corner: [Integer | String | Array@L215 Array+[Integer | String | Array@L215 Array* | Array@L62 | {area: Integer, corner: [Integer | String | Array@L215 Array+, Integer | String | Array@L215 Array+[Integer | String | A…, which the left operand's type does not support [type]
  hint: reached by the call at line 242 → line 210 → line 211 → line 211
message_length.sake:213:9: error: multiple assignment: argument 1 must be Tuple|Array, but can be Integer | String | {area: Integer, corner: [Integer | String | Array@L215 Array+[Integer | String | Array@L215 Array*[Integer | String | Array@L215 Array* | Array@L62[Integer | String | Array@L215 Array* | Array@L62 | {area: Integer, corner: [Integer | String | Array@L215 Array+, Integer | String | Array@L215 Array+[Integer | String | Array@L215 Array* | Array@L62 | {area: Integer, corner: [Intege… [type]
  hint: the value has several types here; make each of them fit
  hint: reached by the call at line 242 → line 210 → line 211 → line 212
message_length.sake:214:9: error: multiple assignment: argument 1 must be Tuple|Array, but can be Integer | String | {area: Integer, corner: [Integer | String | Array@L215 Array+[Integer | String | Array@L215 Array*[Integer | String | Array@L215 Array* | Array@L62[Integer | String | Array@L215 Array* | Array@L62 | {area: Integer, corner: [Integer | String | Array@L215 Array+, Integer | String | Array@L215 Array+[Integer | String | Array@L215 Array* | Array@L62 | {area: Integer, corner: [Intege… [type]
  hint: the value has several types here; make each of them fit
  hint: reached by the call at line 242 → line 210 → line 211 → line 212
message_length.sake:215:16: error: Arithmetic.*: the operands may be (nil, nil), (nil, Integer), (nil, String), (nil, Array@L215 Array*[Integer | String | Array@L215 Array* | Array@L62[Integer | String | Array@L215 Array* | Array@L62 | {area: Integer, corner: [Integer | String | Array@L215 Array+[Integer | String | Array@L215 Array* | Array@L62 | {area: Integer, corner: [Integer | String | Array@L215 Array+, Integer | String | Array@L215 Array+[Integer | String | A…, which the left operand's type does not support [type]
  hint: reached by the call at line 242 → line 210 → line 211 → line 212
message_length.sake:215:32: error: Arithmetic.+: the operands may be (nil, nil), (nil, Integer), (nil, String), (nil, Array@L215 Array*[Integer | String | Array@L215 Array* | Array@L62[Integer | String | Array@L215 Array* | Array@L62 | {area: Integer, corner: [Integer | String | Array@L215 Array+[Integer | String | Array@L215 Array* | Array@L62 | {area: Integer, corner: [Integer | String | Array@L215 Array+, Integer | String | Array@L215 Array+[Integer | String | A…, which the left operand's type does not support [type]
  hint: reached by the call at line 242 → line 210 → line 211 → line 212
message_length.sake:215:39: error: Arithmetic.+: the operands may be (nil, nil), (nil, Integer), (nil, String), (nil, Array@L215 Array*[Integer | String | Array@L215 Array* | Array@L62[Integer | String | Array@L215 Array* | Array@L62 | {area: Integer, corner: [Integer | String | Array@L215 Array+[Integer | String | Array@L215 Array* | Array@L62 | {area: Integer, corner: [Integer | String | Array@L215 Array+, Integer | String | Array@L215 Array+[Integer | String | A…, which the left operand's type does not support [type]
  hint: reached by the call at line 242 → line 210 → line 211 → line 212
message_length.sake:246:77: error: the pattern needs field `area`, but the value may be Integer | String | Array@L215 Array*[Integer | String | Array@L215 Array* | Array@L62[Integer | String | Array@L215 Array* | Array@L62 | {area: Integer, corner: [Integer | String | Array@L215 Array+[Integer | String | Array@L215 Array* | Array@L62 | {area: Integer, corner: [Integer | String | Array@L215 Array+, Integer | String | Array@L215 Array+[Integer | String | Array@L215 Array* | Array@L62 |… [type]
  hint: reached by the call at line 246
--- exit 2
