4
2
--- stderr
mixed_warning.sake:21:3: warning: Arithmetic.+: Job does not include Arithmetic [mixed]
  hint: add `include Arithmetic` and `def +(a, b)` to class Job
mixed_warning.sake:22:3: warning: Job.prio: argument 1 must be Job, but can be nil | Integer [mixed]
  hint: the value has several types here; make each of them fit
--- exit 0
