4
2
--- stderr
mixed_warning.sake:19:3: warning: Arithmetic.+: Job does not include Arithmetic [mixed]
  hint: add `include Arithmetic` and `def +(a, b)` to class Job
mixed_warning.sake:20:3: warning: Job.prio: argument 1 must be Job, but can be Integer | nil [mixed]
  hint: the value has several types here; make each of them fit
--- exit 0
