--- stderr
nested_namespaces_errors.sake:7:3: error: only `def`, `include`, a nested `class`/`module`, `Name = Struct.new(...)`, and (in a class) `attr_reader`/`attr_accessor`/`attr_writer` are allowed in a class/module body
nested_namespaces_errors.sake:10:3: error: undefined type or module `Geo::Nope`
  hint: did you mean `Geo::Point`?
nested_namespaces_errors.sake:11:3: error: type `Geo::Point` cannot be used as a value
nested_namespaces_errors.sake:13:1: error: `pt.Geo::Point` needs an operation after the type: `pt.Geo::Point.op(...)`
nested_namespaces_errors.sake:14:14: error: undefined function `Geo::Point.z`
--- exit 2
