--- stderr
nil_narrowing.strict.sake:39:14: error: Node.value: argument 1 may be nil (nil | Node) [nil]
  hint: check the value first: `if x`, `while x`, `return unless x`, or `x != nil`
  hint: Node.next may be nil (nil is stored at line 47)
  hint: reached by the call at line 48
nil_narrowing.strict.sake:44:3: error: Arithmetic.+: the operands may be nil ([Integer | nil, Integer]) [nil]
  hint: check the value first: `if x`, `while x`, `return unless x`, or `x != nil`
  hint: Node.next may be nil (nil is stored at line 47)
  hint: reached by the call at line 48
--- exit 2
