--- stderr
nil_narrowing.strict.sake:39:14: error: Node.get_value: argument 1 may be nil (nil | Node)
  hint: check the value first: `if x`, `while x`, `return unless x`, or `x != nil`
  hint: Node.next may be nil (nil is stored at line 47)
nil_narrowing.strict.sake:44:3: error: BinaryOp.+: an operand may be nil ([Integer | nil, Integer])
  hint: check the value first: `if x`, `while x`, `return unless x`, or `x != nil`
  hint: Node.next may be nil (nil is stored at line 47)
--- exit 2
