--- stderr
operators_errors.sake:6:3: error: Arithmetic.+: Point does not include Arithmetic [type]
  hint: add `include Arithmetic` and `def +(a, b)` to class Point
operators_errors.sake:7:3: error: Comparable.<: Version includes Comparable but defines neither < nor <=> [type]
  hint: define `def <=>(a, b)` in class Version
--- exit 2
