--- stderr
pattern_errors.sake:1:9: error: `Strng` is not a type
  hint: did you mean `String`?
pattern_errors.sake:2:1: error: `case`/`when` is not supported (Ruby's `===` dispatches on the receiver); match with `case x` / `in Type`
pattern_errors.sake:5:9: error: unsupported pattern `[a, b]`; use a type (`in Integer`), a literal, `A | B`, or `{x:}`
--- exit 2
