--- stderr
private_fields_other_errors.sake:5:8: error: field `num` of Unit is private (private attr_*)
  hint: only the functions of `class Unit` read or write it
private_fields_other_errors.sake:6:8: error: field `num` of Unit is private (private attr_*)
  hint: only the functions of `class Unit` read or write it
--- exit 2
