--- stderr
record_errors.sake:1:14: error: Sake's named types are mutable, so they are made with Struct.new, not Data.define
  hint: Point = Struct.new(:x, :y)
record_errors.sake:2:10: error: `{}` is an empty Record, not a Hash
  hint: for a Hash, write `Hash[]`; for a growable list, `Array[]`
record_errors.sake:3:6: error: `{"a" => ...}` is not a Hash in Sake: `{name: value}` makes a Record
  hint: for a Hash, write `Hash["a" => ...]`
record_errors.sake:4:12: error: duplicate field `x` in a Record
record_errors.sake:5:6: error: unsupported pattern `[a, b]`; use a type (`in Integer`), a literal, `A | B`, or `{x:}`
--- exit 2
