--- stderr
ruby_types_static.sake:1:3: error: Sake has no global variables (`$1`)
  hint: keep the match: `m = String.match(s, re)`, then `m[1]`
ruby_types_static.sake:2:7: error: Hash[...] takes `key => value` pairs, like `Hash["a" => 1]`
ruby_types_static.sake:3:3: error: interpolation is not supported yet (how values become strings is undecided)
--- exit 2
