{"a" => 1, b: 2}
1
2
nil
{"a" => 11, b: 2, "c" => 3}
a=11 b=2 c=3 
{"a" => 3, "b" => 1, "c" => 1}
{"x" => 2, "y" => 1}
[["a", 3], ["b", 1], ["c", 1]]
{false => [1, 3], true => [2, 4]}
1..5
[1, 2, 3, 4, 5]
6
[2, 4, 6]
123
[20, 30]
"ell"
Set[1, 2, 3]
true
Set[1, 2, 3, 9]
:sym
"abc"
true
#<MatchData "key=val" 1:"key" 2:"val">
"key"
["key", "val"]
1
["1", "22", "333"]
"a+b+c"
"003.1|x|42"
"3 items"
[3, 2]
6
42
[[1, "a"], [2, "b"]]
[[2, 3], [1]]
[10, 20]
14
2
{"a" => 1, "b" => 2}
"tuple key"
--- stderr
--- exit 0
