--- stderr
sort_union.strict.sake:3:3: error: Array.sort: elements compared in order may be (Integer, String), which cannot be compared [type]
sort_union.strict.sake:5:3: error: Array.sort_by: argument elements may be nil ([Integer | nil, Integer | nil]) [nil]
  hint: check the value first: `if x`, `while x`, `return unless x`, or `x != nil`
--- exit 2
