--- stderr
splat_errors.sake:4:7: error: `*xs`: splat arguments go only to a `*rest` parameter or to built-ins that take any number of arguments (puts, format, Array[...], Set[...], Array.push, ...)
  hint: add has no `*rest` parameter; pass the arguments one by one
splat_errors.sake:5:4: error: splat in `[...]` is not supported (a Tuple's size must be known)
  hint: Array[*xs, 3] makes an Array
splat_errors.sake:6:17: error: `*Array[xs]`: Array.zip takes its arguments written out (it makes Tuples as long as the number of arguments)
splat_errors.sake:7:13: error: `*Array["%d", "1"]`: the first 1 argument(s) of Kernel.format are written out; a splat fills only the rest
splat_errors.sake:8:4: error: `*xs[0]`: only a local variable can take the rest (`first, *rest = xs`)
--- exit 2
