--- stderr
static_errors.sake:3:8: error: method call on a value `s.upcase` is not allowed
  hint: String.upcase(s)
static_errors.sake:5:9: error: method call on a value `pt.x` is not allowed
  hint: Point.get_x(pt)
static_errors.sake:6:13: error: undefined function `String.upcace`
  hint: did you mean `String.upcase`?
static_errors.sake:7:12: error: undefined function `Point.get_z`
  hint: did you mean `Point.get_y`?
  hint: did you mean `Point.get_x`?
static_errors.sake:8:14: error: method call on a value `s.strip.upcase` is not allowed
  hint: String.upcase(String.strip(s))
static_errors.sake:9:4: error: method call on a value `pt.y = ...` is not allowed
  hint: Point.set_y(pt, 3)
static_errors.sake:11:31: error: method call on a value `x.to_s` is not allowed
  hint: Integer.to_s(x)
  hint: Float.to_s(x)
  hint: String.to_s(x)
  hint: Rational.to_s(x)
  hint: Complex.to_s(x)
  hint: Time.to_s(x)
  hint: Symbol.to_s(x)
  hint: MatchData.to_s(x)
static_errors.sake:12:6: error: undefined function `upcase`
  hint: String.upcase(s)
static_errors.sake:13:12: error: wrong number of arguments for Point.new (given 1, expected 2)
static_errors.sake:14:6: error: undefined function `fib`
static_errors.sake:15:1: error: undefined type or module `Strng`
  hint: did you mean `String`?
static_errors.sake:16:6: error: string interpolation is not supported yet (how values become strings is undecided); use String.+
--- exit 2
