--- stderr
strict_levels.sake:2:16: error: String.upcase: argument 1 must be String, but is Integer [type]
  hint: reached by the call at line 5
strict_levels.sake:6:6: error: Arithmetic.+: the operands are (String, Integer), which the left operand's type does not support [type]
strict_levels.sake:7:6: error: Arithmetic.+: the operands may be (String, Integer), which the left operand's type does not support [type]
strict_levels.sake:9:3: error: Indexable.[]: the index is outside the Tuple [Integer, String] [type]
--- exit 2
