--- stderr
sum_init_error.sake:2:3: error: Float.round: argument 1 must be Float, but can be Integer [type]
  hint: the value has several types here; make each of them fit
  hint: if the value comes from `sum`, an empty collection sums to the Integer 0; give the start: `Array.sum(xs, 0.0)`
--- exit 2
