--- stderr
tagged_tuples_reassigned.sake:7:19: error: Arithmetic.+: the operands may be (Integer[]@L5, Integer), which the left operand's type does not support [type]
tagged_tuples_reassigned.sake:8:22: error: Array.size: argument 1 must be Array, but can be Integer [type]
  hint: the value has several types here; make each of them fit
tagged_tuples_reassigned.sake:13:5: error: Arithmetic.+: the operands may be (Integer[]@L3, Integer), which the left operand's type does not support [type]
--- exit 2
