--- stderr
unary_errors.sake:1:3: error: Arithmetic.-@: the operand is String, which has no -@; defined for Integer, Float, Rational, Complex [type]
unary_errors.sake:3:3: error: Arithmetic.-@: P does not include Arithmetic [type]
  hint: add `include Arithmetic` and `def -@(a)` to class P
--- exit 2
