--- stderr
union_call_errors.sake:2:11: error: Integer has no `upcase`, so `(String|Integer).upcase` cannot dispatch to it
union_call_errors.sake:3:11: error: nil cannot be listed in `(...)`: check for nil first (`if x`), then call the operation
union_call_errors.sake:4:11: error: `Kernel` is not a type; `(...)` lists types (Struct types or built-in types)
--- exit 2
