--- stderr
union_call_errors.sake:2:11: error: Integer has no `upcase`, so `(String|Integer).upcase` cannot dispatch to it
union_call_errors.sake:3:11: error: nil cannot be listed in `(...)`: check for nil first (`if x`), then call the operation
union_call_errors.sake:4:11: error: `Kernel` is not a type; `(...)` lists types (classes or built-in types)
union_call_errors.sake:11:4: error: Opt.show takes keywords, so it cannot be called through `(Opt|String).show`
  hint: dispatch on the type yourself: `case x in Opt then Opt.show(x, ...) ... end`
union_call_errors.sake:11:8: error: String has no `show`, so `(Opt|String).show` cannot dispatch to it
union_call_errors.sake:14:23: error: `@x = x` stores the new Pt in its own field: `x` is the instance, not a value
  hint: Pt.new(...) stores the fields already; initialize only checks or converts them (`@x = Integer.abs(@x)`)
--- exit 2
