--- stderr
value_constant.sake:1:1: error: Sake has no value constants; only a class made with Struct.new can be assigned to a constant
  hint: define a function instead: `def pi = 3.141592653589793`
value_constant.sake:2:1: error: Sake has no value constants; only a class made with Struct.new can be assigned to a constant
  hint: define a function instead: `def max_retries = 3`
value_constant.sake:3:15: error: `PI` is not defined (Sake has no value constants)
  hint: call the function instead: `pi`
value_constant.sake:5:6: error: `MaxRetries` is not defined (Sake has no value constants)
  hint: call the function instead: `max_retries`
--- exit 2
