Parsed 14 requests (1 unparseable)
Total transferred: 20.0K

By status class:
  2xx   8  57.1%
  3xx   1   7.1%
  4xx   3  21.4%
  5xx   2  14.3%

Requests per hour:
  09:00 #################### 4
  10:00 #################### 4 (1 server errors)
  11:00 #################### 4 (1 server errors)
  12:00 ##########           2

Endpoints:
  method path                hits   err%    p50    p95
  GET    /api/items             5  40.0%   92ms 2010ms
  POST   /api/login             2  50.0%   40ms   55ms
  GET    /index.html            2   0.0%    9ms   12ms
  POST   /api/orders            1   0.0%  230ms  230ms
  DELETE /api/orders/:id        1   0.0%   61ms   61ms
  GET    /api/orders/:id        1 100.0%   21ms   21ms
  GET    /missing               1 100.0%    4ms    4ms
  GET    /static/app.js         1   0.0%    3ms    3ms

Slow requests (>= 1s): 2
  10.0.0.5 GET /api/items 500 1500ms
  10.0.0.5 GET /api/items 503 2010ms
Busiest client: 10.0.0.1 (4 requests)
