== Directory (inner join employees x departments) ==
Data         Lisbon   Chloe   reports to Ada
Data         Lisbon   Dmitri  reports to Chloe
Data         Lisbon   Elena   reports to Chloe
Engineering  Berlin   Ada     reports to (none)
Engineering  Berlin   Brian   reports to Ada
Engineering  Berlin   Ines    reports to Brian
Sales        Madrid   Farid   reports to Ada
Sales        Madrid   Grace   reports to Farid

== Unmatched ==
employee Hiro has unknown dept 40
employee Jonas has unknown dept 50
department Legal has no employees

== Salary by department ==
Dept           n       min    median       max     total
Data           3     98.0k    101.5k    141.0k    340.5k
Engineering    3    115.0k    132.0k    185.0k    432.0k
Sales          2    120.0k    121.5k    123.0k    243.0k

== Managers and span of control ==
Ada: 3 direct report(s)
Chloe: 2 direct report(s)
Farid: 2 direct report(s)  (earns less than Grace, Hiro)
Brian: 1 direct report(s)

Highest paid: Ada
