Converted to EUR:
  ops    2026-06-01 USD    1200.00 @ 0.921          1105.20
  ops    2026-06-02 EUR    -310.50 @ 1.0            -310.50
  ops    2026-06-02 CHF     450.00 @ 1.033           464.85  (earlier rate)
  ops    2026-06-04 USD     -99.99 @ 0.9225          -92.24  (earlier rate)
  sales  2026-06-01 GBP    2500.00 @ 1.168          2920.00
  sales  2026-06-03 JPY     185000 @ 0.005934       1097.79
  sales  2026-06-05 USD     780.25 @ 0.924           720.95
  travel 2026-06-03 JPY     -42000 @ 0.005934       -249.23
  travel 2026-06-05 EUR     -64.20 @ 1.0             -64.20

Balances by account (EUR):
  ops    in      1570.05  out      -402.74  net      1167.31
  sales  in      4738.74  out         0.00  net      4738.74
  travel in         0.00  out      -313.43  net      -313.43
  total       5592.62
  exact total: 223704889/40000

Exposure by currency:
  GBP      2920.00  41.6%
  USD      1918.39  27.3%
  JPY      1347.02  19.2%
  CHF       464.85   6.6%
  EUR       374.70   5.3%

Not converted:
  SEK on 2026-06-05: no SEK rate on or before 2026-06-05
  GBP on 2026-05-30: no GBP rate on or before 2026-05-30
