30 files, 3M total
0             1 ******                           3.3%
1B-1B         0                                  3.3%
2B-3B         0                                  3.3%
4B-7B         0                                  3.3%
8B-15B        1 ******                           6.7%
16B-31B       0                                  6.7%
32B-63B       0                                  6.7%
64B-127B      2 ************                    13.3%
128B-255B     1 ******                          16.7%
256B-511B     0                                 16.7%
512B-1023B    3 ******************              26.7%
1K-1K         1 ******                          30.0%
2K-3K         5 ******************************  46.7%
4K-7K         5 ******************************  63.3%
8K-15K        3 ******************              73.3%
16K-31K       1 ******                          76.7%
32K-63K       2 ************                    83.3%
64K-127K      2 ************                    90.0%
128K-255K     1 ******                          93.3%
256K-511K     0                                 93.3%
512K-1023K    0                                 93.3%
1M-1M         2 ************                   100.0%
median 4K, p90 244K, largest 1M
14 files (47%) fit in one 4K block
