+------------+-------------+------------+----------+---------+------------------+
|    City    |   Country   | Population | Area km2 | Density |      Notes       |
+============+=============+============+==========+=========+==================+
| Lagos      |     NG      | 15,388,000 |   1171.3 | 13137.8 | fast growth      |
+------------+-------------+------------+----------+---------+------------------+
| Osaka      |     JP      |  2,750,000 |    225.2 | 12210.8 | -                |
+------------+-------------+------------+----------+---------+------------------+
| Montevideo |     UY      |  1,319,108 |    201.0 |  6562.7 | -                |
+------------+-------------+------------+----------+---------+------------------+
| Tokyo      |     JP      | 13,960,000 |   2194.1 |  6362.6 | capital; largest |
|            |             |            |          |         | metro economy    |
+------------+-------------+------------+----------+---------+------------------+
| Zurich     |     CH      |    421,878 |     87.9 |  4800.6 | finance          |
+------------+-------------+------------+----------+---------+------------------+
| Reykjavik  |     IS      |    139,875 |    273.0 |   512.4 | northernmost     |
|            |             |            |          |         | capital of a     |
|            |             |            |          |         | sovereign state  |
+------------+-------------+------------+----------+---------+------------------+
| TOTAL      | 5 countries | 33,978,861 |   4152.4 |  8182.9 | -                |
+------------+-------------+------------+----------+---------+------------------+
