== blinker (5x5) ==
.....
.....
.###.
.....
.....
after 2 generations:
.....
.....
.###.
.....
.....
population: 3 3 3
cycle of period 2 entered at generation 0
peak population: 3, extinct: false
== block (4x4) ==
....
.##.
.##.
....
after 1 generations:
....
.##.
.##.
....
population: 4 4
still life from generation 0
peak population: 4, extinct: false
== glider (6x6) ==
#.....
.##...
##....
......
......
......
after 24 generations:
#.....
.##...
##....
......
......
......
population: 5 5 5 5 5 5 5 5 5 5 5 5 5 5 5 5 5 5 5 5 5 5 5 5 5
cycle of period 24 entered at generation 0
peak population: 5, extinct: false
== diehard-ish (5x7) ==
.......
......#
##.....
.#...##
.......
after 5 generations:
.......
.......
.......
.......
.......
population: 6 5 3 2 0 0
still life from generation 4
peak population: 6, extinct: true
