spiral 4x4:
 1  2  3  4
12 13 14  5
11 16 15  6
10  9  8  7
reads back in order: true
rotated:
10 11 12  1
 9 16 13  2
 8 15 14  3
 7  6  5  4
spiral 3x5:
 1  2  3  4  5
12 13 14 15  6
11 10  9  8  7
reads back in order: true
rotated:
11 12  1
10 13  2
 9 14  3
 8 15  4
 7  6  5
spiral 1x4:
1 2 3 4
reads back in order: true
rotated:
1
2
3
4
spiral 5x2:
 1  2
10  3
 9  4
 8  5
 7  6
reads back in order: true
rotated:
 7  8  9 10  1
 6  5  4  3  2
symmetric: true / false
transpose of 2x3 spiral is 3x2:
1 6
2 5
3 4
trace: 5
