heart: rows 2.2 7 7 5 3 1 | cols 2 4 5 5 5 4 2
  solved after 2 passes, 0 unknown
.##.##.
#######
#######
.#####.
..###..
...#...
  matches picture: true
arrow: rows 1 2 6 6 2 1 | cols 2 2 6 4 2 2
  solved after 2 passes, 0 unknown
..#...
..##..
######
######
..##..
..#...
  matches picture: true
checker: rows 1.1 1.1 1.1 1.1 | cols 1.1 1.1 1.1 1.1
  stuck after 1 passes, 16 unknown
????
????
????
????
empty corner: rows 3 1 1 | cols 3 1 1
  solved after 1 passes, 0 unknown
###
#..
#..
  matches picture: true
