### first steps
#######
#     #
# $@. #
#     #
#######
moves: 7 (blocked=1, moved=4, pushed=2), pushes kept: 2
#######
#     #
#  @* #
#     #
#######
SOLVED
### two boxes
########
#  .   #
# $$ @ #
#  .   #
########
moves: 16 (moved=12, pushed=3, undone=1), pushes kept: 3
########
# @*   #
#      #
#  *   #
########
SOLVED
### corner trap
#####
#@$.#
# $ #
#.  #
#####
moves: 11 (blocked=1, moved=3, pushed=4, stuck=1, undone=2), pushes kept: 3
#####
#  *#
#   #
#.@$#
#####
unsolved: 1/2 boxes on goals
### no player
cannot load: level has no player
### mismatch
cannot load: 2 boxes but 1 goals
