1|3|600|1.45
2|2|200|2.1
3|3|1200|2.7
4|2|200|1.4
egg|3
milk|2
potato|600
milk|500
leek|400
1|egg|0.6
2|cheese|1.2
3|leek|1.5
4|lettuce|1.1
1|salad
2|omelette/pancakes
4|soup
7.65|0.765|0.3
Error: UNIQUE constraint failed: uses.recipe, uses.item
Error: cannot store REAL value in INTEGER column uses.grams
Error: UNIQUE constraint failed: recipes.title
10
egg|3.6
milk|0.75
1|2.05
3|2.7
2|3.0
7|4
0|5|cheese,egg,lettuce
1|5|flour,leek,milk,potato
1|milk flour egg
3|potato leek milk
4|lettuce egg
4
3
1
