/home/ko1/.rbenv/versions/4.0.2/lib/ruby/gems/4.0.0/gems/typeprof-0.31.1/lib/typeprof/core/ast/sig_type.rb:819:in 'TypeProf::Core::AST::SigTyVarNode#covariant_vertex0': unknown type variable: Return (RuntimeError)
	from /home/ko1/.rbenv/versions/4.0.2/lib/ruby/gems/4.0.0/gems/typeprof-0.31.1/lib/typeprof/core/ast/sig_type.rb:162:in 'TypeProf::Core::AST::SigTyNode#covariant_vertex'
	from /home/ko1/.rbenv/versions/4.0.2/lib/ruby/gems/4.0.0/gems/typeprof-0.31.1/lib/typeprof/core/graph/box.rb:242:in 'TypeProf::Core::MethodDeclBox#resolve_overload'
	from /home/ko1/.rbenv/versions/4.0.2/lib/ruby/gems/4.0.0/gems/typeprof-0.31.1/lib/typeprof/core/graph/box.rb:256:in 'block in TypeProf::Core::MethodDeclBox#resolve_overloads'
	from /home/ko1/.rbenv/versions/4.0.2/lib/ruby/gems/4.0.0/gems/typeprof-0.31.1/lib/typeprof/core/graph/box.rb:255:in 'Array#each'
	from /home/ko1/.rbenv/versions/4.0.2/lib/ruby/gems/4.0.0/gems/typeprof-0.31.1/lib/typeprof/core/graph/box.rb:255:in 'TypeProf::Core::MethodDeclBox#resolve_overloads'
	from /home/ko1/.rbenv/versions/4.0.2/lib/ruby/gems/4.0.0/gems/typeprof-0.31.1/lib/typeprof/core/graph/box.rb:746:in 'block (2 levels) in TypeProf::Core::MethodCallBox#run0'
	from /home/ko1/.rbenv/versions/4.0.2/lib/ruby/gems/4.0.0/gems/typeprof-0.31.1/lib/typeprof/core/util.rb:34:in 'Hash#each_key'
	from /home/ko1/.rbenv/versions/4.0.2/lib/ruby/gems/4.0.0/gems/typeprof-0.31.1/lib/typeprof/core/util.rb:34:in 'TypeProf::Core::Set#each'
	from /home/ko1/.rbenv/versions/4.0.2/lib/ruby/gems/4.0.0/gems/typeprof-0.31.1/lib/typeprof/core/graph/box.rb:737:in 'block in TypeProf::Core::MethodCallBox#run0'
	from /home/ko1/.rbenv/versions/4.0.2/lib/ruby/gems/4.0.0/gems/typeprof-0.31.1/lib/typeprof/core/graph/box.rb:817:in 'block in TypeProf::Core::MethodCallBox#resolve'
	from /home/ko1/.rbenv/versions/4.0.2/lib/ruby/gems/4.0.0/gems/typeprof-0.31.1/lib/typeprof/core/graph/vertex.rb:11:in 'Hash#each_key'
	from /home/ko1/.rbenv/versions/4.0.2/lib/ruby/gems/4.0.0/gems/typeprof-0.31.1/lib/typeprof/core/graph/vertex.rb:11:in 'TypeProf::Core::BasicVertex#each_type'
	from /home/ko1/.rbenv/versions/4.0.2/lib/ruby/gems/4.0.0/gems/typeprof-0.31.1/lib/typeprof/core/graph/box.rb:782:in 'TypeProf::Core::MethodCallBox#resolve'
	from /home/ko1/.rbenv/versions/4.0.2/lib/ruby/gems/4.0.0/gems/typeprof-0.31.1/lib/typeprof/core/graph/box.rb:725:in 'TypeProf::Core::MethodCallBox#run0'
	from /home/ko1/.rbenv/versions/4.0.2/lib/ruby/gems/4.0.0/gems/typeprof-0.31.1/lib/typeprof/core/graph/box.rb:38:in 'TypeProf::Core::Box#run'
	from /home/ko1/.rbenv/versions/4.0.2/lib/ruby/gems/4.0.0/gems/typeprof-0.31.1/lib/typeprof/core/env.rb:182:in 'TypeProf::Core::GlobalEnv#run_all'
	from /home/ko1/.rbenv/versions/4.0.2/lib/ruby/gems/4.0.0/gems/typeprof-0.31.1/lib/typeprof/core/service.rb:73:in 'TypeProf::Core::Service#update_rb_file'
	from /home/ko1/.rbenv/versions/4.0.2/lib/ruby/gems/4.0.0/gems/typeprof-0.31.1/lib/typeprof/core/service.rb:53:in 'TypeProf::Core::Service#update_file'
	from /home/ko1/.rbenv/versions/4.0.2/lib/ruby/gems/4.0.0/gems/typeprof-0.31.1/lib/typeprof/core/service.rb:506:in 'block in TypeProf::Core::Service#batch'
	from /home/ko1/.rbenv/versions/4.0.2/lib/ruby/gems/4.0.0/gems/typeprof-0.31.1/lib/typeprof/core/service.rb:500:in 'Array#select'
	from /home/ko1/.rbenv/versions/4.0.2/lib/ruby/gems/4.0.0/gems/typeprof-0.31.1/lib/typeprof/core/service.rb:500:in 'TypeProf::Core::Service#batch'
	from /home/ko1/.rbenv/versions/4.0.2/lib/ruby/gems/4.0.0/gems/typeprof-0.31.1/lib/typeprof/cli/cli.rb:140:in 'block in TypeProf::CLI::CLI#run_cli'
	from /home/ko1/.rbenv/versions/4.0.2/lib/ruby/gems/4.0.0/gems/typeprof-0.31.1/lib/typeprof/cli/cli.rb:177:in 'TypeProf::CLI::CLI#set_profiler'
	from /home/ko1/.rbenv/versions/4.0.2/lib/ruby/gems/4.0.0/gems/typeprof-0.31.1/lib/typeprof/cli/cli.rb:137:in 'TypeProf::CLI::CLI#run_cli'
	from /home/ko1/.rbenv/versions/4.0.2/lib/ruby/gems/4.0.0/gems/typeprof-0.31.1/lib/typeprof/cli/cli.rb:115:in 'TypeProf::CLI::CLI#run'
	from /home/ko1/.rbenv/versions/4.0.2/lib/ruby/gems/4.0.0/gems/typeprof-0.31.1/bin/typeprof:5:in '<top (required)>'
	from /home/ko1/.rbenv/versions/4.0.2/lib/ruby/4.0.0/rubygems.rb:304:in 'Kernel#load'
	from /home/ko1/.rbenv/versions/4.0.2/lib/ruby/4.0.0/rubygems.rb:304:in 'Gem.activate_and_load_bin_path'
	from /home/ko1/.rbenv/versions/4.0.2/bin/typeprof:25:in '<main>'
# TypeProf 0.31.1

# error: a1_enumerator_default_return.rb
