vocabulary: 43 words
  a -> 1:2 2:0 4:0
  and -> 1:9 2:9
  code -> 1:6 2:5
  each -> 3:6 5:4
  maps -> 4:3 5:3
  ruby -> 1:0,5 4:7
  the -> 3:3 5:7,11
  to -> 4:5 5:6
  type -> 2:2,11 3:0,4
[ruby] => [1, 4] Intro to Ruby | Hash tables
[type code] => [2] Static types
[ruby or type] => [1, 2, 3, 4] Intro to Ruby | Static types | Type inference | Hash tables
[maps not ruby] => [5] Search engines
[not ruby] => [2, 3, 5] Static types | Type inference | Search engines
[zebra] => [] 
[] error: empty query ("")
[or] error: query has no terms ("or")
"type inference" => [3]
"the word" => [5]
"ruby code" => [1]
"static code" => []
