parsed 15 entries, 1 malformed
by level:
  DEBUG        1
  ERROR        5
  INFO         6
  WARN         3
by component:
  auth         5
  cache        2
  db           5
  payment      3
component   DEBUG  INFO  WARN ERROR
auth            0     4     1     0
cache           1     0     1     0
db              0     2     1     2
payment         0     0     0     3
error patterns:
  2x card N declined: insufficient funds [09:15, 10:11]
  2x connection N reset by peer [10:02, 10:45]
  1x gateway timeout after N s [11:21]
per hour:
  09:00 ##### 5
  10:00 ##### 5
  11:00 ##### 5
most mentioned user: 1042 (2 lines)
query times: [12, 340, 8], max 340 ms, mean 120 ms
