tokens: 142, types: 91
type/token ratio: 0.641
growth:
   20 tokens  19 types  ttr 0.95  ***
   40 tokens  33 types  ttr 0.82  ******
   60 tokens  42 types  ttr 0.70  ********
   80 tokens  54 types  ttr 0.68  **********
  100 tokens  68 types  ttr 0.68  *************
  120 tokens  81 types  ttr 0.68  ****************
  140 tokens  90 types  ttr 0.64  ******************
  142 tokens  91 types  ttr 0.64  ******************
Heaps' law fit: V = 1.66 * N^0.805
predicted types at 1000 tokens: 432
frequency spectrum:
   1 occurrence(s):  69 types
   2 occurrence(s):  13 types
   3 occurrence(s):   5 types
   4 occurrence(s):   1 types
   5 occurrence(s):   1 types
   7 occurrence(s):   1 types
  16 occurrence(s):   1 types
hapax 69, dis 13, hapax ratio 0.76
zipf check (rank * freq):
  1 the        16  16
  2 of          7  14
  3 in          5  15
  4 being       4  16
  5 a           3  15
  6 are         3  18
  7 great       3  21
  8 universe    3  24
new words in last quarter: 16 (aerosol, deodorant, before, wheel, however, theory...)
