put x=10   1:x
put y=20   1:x,y
get x -> 10   1:y | 2:x
put z=30   1:y,z | 2:x
get x -> 10   1:y,z | 3:x
get y -> 20   1:z | 2:y | 3:x
put w=40   1:w | 2:y | 3:x
get z -> miss 1:w | 2:y | 3:x
get w -> 40   2:y,w | 3:x
put v=50   1:v | 2:w | 3:x
get w -> 40   1:v | 3:x,w
get w -> 40   1:v | 3:x | 4:w
put y=21   1:y | 3:x | 4:w
get y -> 21   2:y | 3:x | 4:w
put u=60   1:u | 3:x | 4:w
get x -> 10   1:u | 4:w,x
log:
  evict z (freq 1)
  evict y (freq 2)
  evict v (freq 1)
  evict y (freq 2)
word cache: 1:or,not | 3:be | 5:to misses=11
evictions: 7
