prices: [100, 80, 60, 70, 60, 75, 85, 90, 65, 95]
spans:  [1, 1, 1, 2, 1, 4, 6, 7, 1, 9]
next greater: [-1, 85, 70, 75, 75, 85, 90, 95, 95, -1]
push 100  min 100  max 100  size 1
push  80  min  80  max 100  size 2
push  60  min  60  max 100  size 3
push  70  min  60  max 100  size 4
push  60  min  60  max 100  size 5
push  75  min  60  max 100  size 6
push  85  min  60  max 100  size 7
push  90  min  60  max 100  size 8
push  65  min  60  max 100  size 9
push  95  min  60  max 100  size 10
pop   95  min  60  max 100
pop   65  min  60  max 100
pop   90  min  60  max 100
pop   85  min  60  max 100
[2, 1, 5, 6, 2, 3] -> 10 (from 2, width 2, height 5)
[6, 2, 5, 4, 5, 1, 6] -> 12 (from 2, width 3, height 4)
[3, 3, 3] -> 9 (from 0, width 3, height 3)
[] -> 0
[nil, nil, nil]
