queued   #101 ann (3p)
queued   #102 bob (10p, color)
queued   #103 cy (25p)
next up: #101 ann (3p)
printed  #101 ann (3p) cost 12
rejected #102 bob (10p, color): cost 150 > budget left 120
queued   #104 ann (40p, color)
queued   #105 dan (1p)
queued   #106 bob (2p)
next up: #103 cy (25p)
printed  #103 cy (25p) cost 100
rejected #104 ann (40p, color): cost 600 > budget left 188
rejected #105 dan (1p): cost 4 > budget left 0
queued   #107 cy (12p, color)
printed  #106 bob (2p) cost 8
printed  #107 cy (12p, color) cost 180
idle     (queue empty)
---
printed 4 jobs, 42 pages
transfers between stacks: 7, still queued: 0
  ann    12
  bob     8
  cy    280
most expensive: #107 cy (12p, color)
