== house
tasks: 10, duration: 28 days
site  clear site    0- 3 slack  0 |###
fdn   foundation    3- 8 slack  0 |   #####
frame framing       8-15 slack  0 |        #######
roof  roofing      15-19 slack  5 |               ====.....
plumb plumbing     15-19 slack  0 |               ####
elec  wiring       15-18 slack  1 |               ===.
wall  drywall      19-24 slack  0 |                   #####
paint painting     24-27 slack  0 |                        ###
yard  landscaping   3- 5 slack 22 |   ==......................
move  move in      27-28 slack  0 |                           #
critical: site -> fdn -> frame -> plumb -> wall -> paint -> move
most flexible: landscaping (22 days)
== release
tasks: 6, duration: 12 days
spec  write spec    0- 2 slack  0 |##
api   build api     2- 6 slack  2 |  ====..
ui    build ui      2- 8 slack  0 |  ######
docs  docs          6- 8 slack  3 |      ==...
qa    testing       8-11 slack  0 |        ###
ship  ship it      11-12 slack  0 |           #
critical: spec -> ui -> qa -> ship
most flexible: docs (3 days)
== broken
dependency cycle at a
