== nothing changed: make app
  up to date: main.o
  up to date: util.o
  up to date: net.o
  up to date: app
  0 of 4 targets rebuilt
== header touched: make all
  build main.o
  build util.o
  build net.o
  build app
  up to date: docs
  build all (phony)
  5 of 6 targets rebuilt
== object deleted: make test
  up to date: main.o
  up to date: util.o
  build net.o
  build app
  build test (phony)
  3 of 5 targets rebuilt
== missing source: make app
  error: no rule to make net.h (needed by net.o)
