== farm sensors: 10 sites
  barn    - silo      1.58 km
  barn    - house     1.80 km
  silo    - well      2.06 km
  silo    - field1    2.24 km
  field1  - pump      2.12 km
  field1  - gate      2.24 km
  pump    - shed      2.24 km
  field1  - field2    2.69 km
  field2  - pond      2.24 km
  total cable: 19.20 km
  longest run: field1-field2
  busiest junction: field1 (4 cables)
  centre of sites: (2.4, 1.6)
== ring of towers: 6 sites
  t0      - t1       10.00 km
  t0      - t5       10.00 km
  t1      - t2       10.00 km
  t2      - t3       10.00 km
  t3      - t4       10.00 km
  total cable: 50.00 km
  longest run: t1-t2
  busiest junction: t0 (2 cables)
  centre of sites: (0.0, 0.0)
== single: 1 sites
  total cable: 0.00 km
  busiest junction: solo (0 cables)
  centre of sites: (1.0, 1.0)
