OK #1 B Sun 08:00-09:00 p
OK #2 A Sun 08:00-09:00 p
OK #3 C Sat 08:00-09:00 p
OK #4 C Mon 08:00-09:00 p
OK #5 AA Tue 08:00-09:00 p
OK #6 A10 Tue 08:00-09:00 p
OK #7 A9 Tue 08:00-09:00 p
line 8: error: bad room
line 9: error: bad room
OK #8 ABCDEFGH Thu 08:00-09:00 p
== schedule ==
Mon C        08:00-09:00 #4 p
Tue A10      08:00-09:00 #6 p
Tue A9       08:00-09:00 #7 p
Tue AA       08:00-09:00 #5 p
Thu ABCDEFGH 08:00-09:00 #8 p
Sat C        08:00-09:00 #3 p
Sun A        08:00-09:00 #2 p
Sun B        08:00-09:00 #1 p
== usage ==
A        1h00m
A10      1h00m
A9       1h00m
AA       1h00m
ABCDEFGH 1h00m
B        1h00m
C        2h00m
