FREE B Thu 08:00-14:15
FREE A Sat 08:00-15:30
OK #1 B Wed 10:30-13:00 ann
OK #2 C2 Mon 15:15-17:15 cy
OK #3 C2 Wed 14:30-16:15 ed
OK #4 A Sun 14:30-16:00 bo
FREE BIG Sun 08:00-10:00
FREE BIG Tue 08:00-15:00
OK #5 C2 Tue 17:15-18:30 ed
NO BOOKING #23
OK #6 C2 Fri 08:00-10:30 ann
FREE BIG Sat 08:00-15:30
OK #7 B Wed 08:15-09:45 di
OK #8 BIG Mon 16:45-17:00 ann
OK #9 A Sat 12:30-14:30 ann
OK #10 C2 Mon 08:30-09:45 ed
OK #11 A Fri 10:30-12:15 di
OK #12 A Mon 13:15-13:45 ann
OK #13 BIG Fri 10:15-10:45 ann
CANCELLED #12
CONFLICT A Fri with #11 (di 10:30-12:15)
OK #14 C2 Wed 12:00-14:15 bo
OK #15 BIG Wed 08:15-09:00 di
OK #16 A Thu 12:15-14:00 bo
OK #17 A Fri 18:45-19:00 ed
OK #18 BIG Mon 14:45-16:15 ed
FREE A Sun 08:00-11:15
OK #19 C2 Wed 17:00-19:30 ed
OK #20 BIG Tue 13:00-15:00 cy
OK #21 B Sun 10:15-10:30 ed
NO BOOKING #29
OK #22 A Wed 18:30-20:00 ann
OK #23 A Mon 15:30-16:00 ed
OK #24 B Fri 13:45-16:00 di
CANCELLED #10
OK #25 BIG Sun 09:45-11:00 bo
OK #26 BIG Wed 14:00-15:15 ann
CONFLICT A Fri with #11 (di 10:30-12:15)
OK #27 A Tue 13:15-13:45 cy
FULL A Tue
OK #28 A Sun 13:15-13:30 bo
OK #29 C2 Sun 13:15-14:00 cy
CANCELLED #13
CANCELLED #8
FREE B Sat 08:00-10:00
OK #30 BIG Fri 15:30-18:00 cy
CANCELLED #14
OK #31 B Thu 18:00-19:15 ann
CONFLICT A Fri with #11 (di 10:30-12:15)
CANCELLED #24
LIMIT ann Wed
OK #32 B Sat 14:30-15:30 ed
NO BOOKING #14
OK #33 C2 Thu 16:30-18:15 ed
NO BOOKING #8
CANCELLED #1
FREE B Fri 08:00-10:45
OK #34 A Mon 17:00-18:30 di
OK #35 B Sat 09:00-09:45 bo
NO BOOKING #10
CANCELLED #28
OK #36 A Thu 08:15-10:15 bo
OK #37 C2 Fri 14:30-16:00 di
OK #38 BIG Sun 11:45-13:15 ann
OK #39 A Fri 13:30-15:30 cy
OK #40 BIG Wed 17:30-18:15 cy
CANCELLED #18
OK #41 BIG Tue 09:45-12:15 cy
OK #42 A Sun 08:15-09:45 cy
OK #43 B Thu 11:00-12:15 cy
OK #44 B Mon 18:30-19:45 di
OK #45 B Tue 12:30-14:15 di
OK #46 BIG Sat 10:30-13:00 ann
CANCELLED #3
CANCELLED #27
OK #47 A Fri 15:45-16:15 cy
OK #48 B Mon 14:15-16:15 ed
OK #49 B Fri 10:30-12:45 di
FREE BIG Wed 09:00-13:00
FREE B Wed 09:45-16:00
CONFLICT A Fri with #39 (cy 13:30-15:30)
FREE B Thu 12:15-16:00
FREE C2 Sat 08:00-13:15
NO BOOKING #13
OK #50 BIG Tue 16:00-17:45 ed
OK #51 A Tue 13:15-13:45 di
OK #52 A Mon 11:00-11:30 di
OK #53 B Sat 13:00-14:00 ann
FREE C2 Fri 10:30-11:30
CONFLICT BIG Tue with #20 (cy 13:00-15:00)
OK #54 BIG Tue 15:00-15:15 cy
OK #55 C2 Thu 08:15-09:15 ed
CONFLICT C2 Mon with #2 (cy 15:15-17:15)
OK #56 B Sun 15:45-17:45 ann
OK #57 BIG Fri 18:30-20:00 ann
LIMIT di Fri
CONFLICT B Mon with #48 (ed 14:15-16:15)
OK #58 C2 Sun 08:30-10:15 ann
CONFLICT B Sun with #56 (ann 15:45-17:45)
CONFLICT BIG Tue with #50 (ed 16:00-17:45)
CONFLICT A Mon with #34 (di 17:00-18:30)
CANCELLED #15
CONFLICT BIG Wed with #26 (ann 14:00-15:15)
CANCELLED #16
FREE BIG Thu 08:00-08:15
CANCELLED #2
LIMIT di Mon
CONFLICT A Sun with #4 (bo 14:30-16:00)
OK #59 BIG Thu 10:00-10:15 ann
OK #60 BIG Sun 18:00-19:00 cy
NO BOOKING #10
CONFLICT A Fri with #11 (di 10:30-12:15)
CONFLICT BIG Tue with #50 (ed 16:00-17:45)
CONFLICT B Thu with #31 (ann 18:00-19:15)
CONFLICT A Sun with #4 (bo 14:30-16:00)
CANCELLED #5
OK #61 A Tue 16:15-18:15 di
OK #62 C2 Mon 08:45-11:15 bo
NO BOOKING #18
OK #63 B Fri 08:30-08:45 ann
CONFLICT BIG Sun with #38 (ann 11:45-13:15)
NO BOOKING #5
OK #64 B Tue 08:15-09:45 ed
NO BOOKING #28
CANCELLED #21
NO BOOKING #8
FREE C2 Sat 08:00-13:30
CONFLICT A Mon with #34 (di 17:00-18:30)
OK #65 BIG Sun 13:45-15:45 bo
OK #66 C2 Mon 17:00-17:45 bo
CONFLICT A Tue with #61 (di 16:15-18:15)
OK #67 B Wed 13:30-16:00 bo
LIMIT ann Fri
CONFLICT B Sat with #53 (ann 13:00-14:00)
OK #68 BIG Wed 13:30-14:00 bo
FREE A Sat 08:00-11:00
OK #69 B Thu 08:45-10:45 ed
NO BOOKING #15
OK #70 B Wed 17:30-19:45 ann
LIMIT ann Wed
NO BOOKING #14
NO BOOKING #14
CONFLICT BIG Sat with #46 (ann 10:30-13:00)
NO BOOKING #12
NO BOOKING #18
CANCELLED #6
OK #71 A Thu 12:30-13:30 ann
OK #72 A Wed 16:30-18:15 bo
OK #73 BIG Thu 14:00-14:30 di
CANCELLED #29
== schedule ==
Mon A        11:00-11:30 #52 di
Mon A        15:30-16:00 #23 ed
Mon A        17:00-18:30 #34 di
Mon B        14:15-16:15 #48 ed
Mon B        18:30-19:45 #44 di
Mon C2       08:45-11:15 #62 bo
Mon C2       17:00-17:45 #66 bo
Tue A        13:15-13:45 #51 di
Tue A        16:15-18:15 #61 di
Tue B        08:15-09:45 #64 ed
Tue B        12:30-14:15 #45 di
Tue BIG      09:45-12:15 #41 cy
Tue BIG      13:00-15:00 #20 cy
Tue BIG      15:00-15:15 #54 cy
Tue BIG      16:00-17:45 #50 ed
Wed A        16:30-18:15 #72 bo
Wed A        18:30-20:00 #22 ann
Wed B        08:15-09:45 #7 di
Wed B        13:30-16:00 #67 bo
Wed B        17:30-19:45 #70 ann
Wed BIG      13:30-14:00 #68 bo
Wed BIG      14:00-15:15 #26 ann
Wed BIG      17:30-18:15 #40 cy
Wed C2       17:00-19:30 #19 ed
Thu A        08:15-10:15 #36 bo
Thu A        12:30-13:30 #71 ann
Thu B        08:45-10:45 #69 ed
Thu B        11:00-12:15 #43 cy
Thu B        18:00-19:15 #31 ann
Thu BIG      10:00-10:15 #59 ann
Thu BIG      14:00-14:30 #73 di
Thu C2       08:15-09:15 #55 ed
Thu C2       16:30-18:15 #33 ed
Fri A        10:30-12:15 #11 di
Fri A        13:30-15:30 #39 cy
Fri A        15:45-16:15 #47 cy
Fri A        18:45-19:00 #17 ed
Fri B        08:30-08:45 #63 ann
Fri B        10:30-12:45 #49 di
Fri BIG      15:30-18:00 #30 cy
Fri BIG      18:30-20:00 #57 ann
Fri C2       14:30-16:00 #37 di
Sat A        12:30-14:30 #9 ann
Sat B        09:00-09:45 #35 bo
Sat B        13:00-14:00 #53 ann
Sat B        14:30-15:30 #32 ed
Sat BIG      10:30-13:00 #46 ann
Sun A        08:15-09:45 #42 cy
Sun A        14:30-16:00 #4 bo
Sun B        15:45-17:45 #56 ann
Sun BIG      09:45-11:00 #25 bo
Sun BIG      11:45-13:15 #38 ann
Sun BIG      13:45-15:45 #65 bo
Sun BIG      18:00-19:00 #60 cy
Sun C2       08:30-10:15 #58 ann
== usage ==
A        20h45m
B        24h30m
BIG      22h00m
C2       11h45m
