OK #1 C2 Sat 17:30-18:00 ann
NO BOOKING #23
OK #2 B Sun 09:45-10:00 ed
OK #3 BIG Sun 18:15-18:45 cy
OK #4 C2 Sun 16:45-19:15 cy
OK #5 B Mon 16:45-18:30 ed
OK #6 B Sun 11:45-14:15 di
OK #7 A Wed 09:00-10:00 cy
OK #8 BIG Sun 12:45-14:00 bo
CANCELLED #2
OK #9 B Tue 09:30-11:15 ed
NO BOOKING #16
FREE B Sun 14:15-19:00
OK #10 B Wed 14:15-15:30 cy
OK #11 BIG Sun 10:00-12:15 bo
OK #12 C2 Thu 11:45-13:30 di
OK #13 C2 Mon 18:30-20:00 ed
FREE A Sun 08:00-15:15
OK #14 BIG Wed 18:15-19:30 ed
FREE A Mon 08:00-12:15
FREE A Tue 08:00-08:30
OK #15 C2 Sun 13:00-13:45 ann
FREE B Fri 08:00-13:15
OK #16 A Fri 18:30-20:00 ed
CONFLICT B Sun with #6 (di 11:45-14:15)
CONFLICT B Wed with #10 (cy 14:15-15:30)
OK #17 BIG Wed 10:15-11:45 ed
OK #18 C2 Mon 09:15-11:30 bo
OK #19 BIG Mon 16:30-17:00 di
CANCELLED #8
CANCELLED #19
OK #20 BIG Fri 18:45-20:00 cy
FREE BIG Fri 08:00-12:30
OK #21 C2 Wed 16:15-17:15 ed
NO BOOKING #22
CANCELLED #20
OK #22 A Mon 11:15-13:30 ed
OK #23 B Fri 16:15-18:15 ann
NO BOOKING #26
OK #24 A Sun 14:45-17:15 bo
NO BOOKING #8
NO BOOKING #25
OK #25 C2 Tue 09:45-11:15 ed
OK #26 B Tue 14:30-16:15 bo
CANCELLED #3
CANCELLED #14
FREE BIG Sun 12:15-16:30
OK #27 C2 Fri 08:00-10:15 bo
CANCELLED #1
OK #28 A Fri 11:30-13:30 ann
OK #29 A Wed 11:00-11:30 di
OK #30 A Sat 11:30-13:30 ed
OK #31 A Fri 16:00-18:00 ed
FULL B Sun
CANCELLED #13
CONFLICT B Wed with #10 (cy 14:15-15:30)
OK #32 BIG Fri 11:30-12:00 bo
OK #33 B Fri 09:15-11:15 bo
CONFLICT BIG Sun with #11 (bo 10:00-12:15)
OK #34 C2 Thu 08:00-08:15 di
OK #35 A Tue 16:45-17:45 cy
OK #36 BIG Sun 17:30-20:00 ed
FREE BIG Sun 12:15-17:15
OK #37 B Sat 12:15-13:30 cy
OK #38 B Thu 08:00-08:30 cy
CANCELLED #17
NO BOOKING #14
CONFLICT B Fri with #33 (bo 09:15-11:15)
OK #39 B Mon 14:15-15:30 ann
CONFLICT B Fri with #33 (bo 09:15-11:15)
OK #40 A Sun 10:00-11:30 cy
NO BOOKING #14
OK #41 BIG Sat 09:30-10:00 bo
OK #42 C2 Thu 18:30-20:00 di
OK #43 C2 Tue 12:30-13:15 ed
CANCELLED #15
OK #44 A Wed 13:45-14:00 ann
FREE BIG Sat 08:00-09:15
FREE B Wed 08:00-11:15
OK #45 B Thu 10:15-11:45 ann
FREE C2 Mon 11:30-18:15
FREE B Mon 08:00-12:45
CANCELLED #27
OK #46 BIG Wed 15:00-17:00 bo
CONFLICT C2 Sun with #4 (cy 16:45-19:15)
CANCELLED #4
OK #47 C2 Sun 08:15-10:30 cy
OK #48 BIG Wed 13:45-14:30 di
CONFLICT C2 Sun with #47 (cy 08:15-10:30)
CANCELLED #21
FREE C2 Thu 08:15-09:00
CONFLICT B Fri with #33 (bo 09:15-11:15)
NO BOOKING #19
OK #49 C2 Mon 16:45-18:45 cy
CONFLICT B Tue with #26 (bo 14:30-16:15)
CONFLICT A Sun with #40 (cy 10:00-11:30)
LIMIT ed Tue
OK #50 B Thu 16:00-18:15 ed
OK #51 BIG Sat 18:15-18:30 ann
OK #52 A Wed 14:30-15:30 cy
OK #53 BIG Tue 18:00-19:30 cy
OK #54 BIG Thu 12:15-14:30 ed
NO BOOKING #8
LIMIT cy Wed
CONFLICT A Wed with #29 (di 11:00-11:30)
LIMIT cy Wed
CONFLICT BIG Thu with #54 (ed 12:15-14:30)
OK #55 BIG Sat 12:45-14:45 cy
NO BOOKING #2
CONFLICT B Wed with #10 (cy 14:15-15:30)
FREE A Mon 13:30-19:45
LIMIT di Thu
CANCELLED #16
OK #56 A Wed 17:45-18:15 ann
FREE C2 Tue 13:15-20:00
FREE BIG Fri 12:00-18:00
CONFLICT A Wed with #44 (ann 13:45-14:00)
NO BOOKING #2
NO BOOKING #20
OK #57 B Sun 14:15-15:15 ed
OK #58 BIG Mon 12:30-14:45 ed
FREE C2 Sat 08:00-14:30
NO BOOKING #20
FULL B Tue
CONFLICT BIG Mon with #58 (ed 12:30-14:45)
CANCELLED #7
CONFLICT B Fri with #33 (bo 09:15-11:15)
OK #59 A Wed 08:45-10:45 cy
CONFLICT A Sat with #30 (ed 11:30-13:30)
NO BOOKING #27
OK #60 A Tue 10:00-11:30 di
FULL BIG Mon
LIMIT ed Tue
CONFLICT BIG Thu with #54 (ed 12:15-14:30)
NO BOOKING #13
OK #61 C2 Thu 15:30-17:30 cy
OK #62 A Thu 10:00-12:15 bo
CONFLICT BIG Sun with #36 (ed 17:30-20:00)
OK #63 BIG Tue 15:00-17:30 ann
OK #64 A Thu 12:15-13:45 bo
OK #65 A Thu 16:30-18:45 ann
CONFLICT C2 Thu with #12 (di 11:45-13:30)
FULL BIG Thu
FREE BIG Wed 08:00-09:45
CONFLICT B Fri with #33 (bo 09:15-11:15)
FREE C2 Wed 08:00-11:00
FULL BIG Sun
OK #66 BIG Sun 08:15-09:30 di
NO BOOKING #19
FULL B Sat
FREE C2 Sat 08:00-14:30
OK #67 BIG Thu 15:00-16:45 ed
NO BOOKING #27
OK #68 B Sat 18:00-19:00 cy
OK #69 C2 Tue 18:00-18:30 di
NO BOOKING #17
CONFLICT C2 Thu with #34 (di 08:00-08:15)
CONFLICT B Tue with #26 (bo 14:30-16:15)
CANCELLED #12
LIMIT cy Wed
OK #70 BIG Tue 11:00-13:15 di
OK #71 A Sun 18:15-18:45 bo
OK #72 A Tue 15:30-16:30 ann
CONFLICT BIG Sun with #11 (bo 10:00-12:15)
CANCELLED #9
FREE BIG Wed 08:00-10:15
CONFLICT BIG Sun with #36 (ed 17:30-20:00)
OK #73 A Mon 09:30-11:15 ann
OK #74 BIG Sat 18:45-20:00 bo
FULL B Wed
CONFLICT B Sat with #37 (cy 12:15-13:30)
CONFLICT A Tue with #72 (ann 15:30-16:30)
OK #75 C2 Wed 10:30-11:15 bo
OK #76 C2 Wed 14:30-16:30 ann
FULL A Fri
OK #77 B Fri 18:45-20:00 bo
CANCELLED #25
CONFLICT A Sun with #40 (cy 10:00-11:30)
OK #78 BIG Mon 15:45-16:15 ann
FREE B Thu 11:45-14:00
CONFLICT A Wed with #56 (ann 17:45-18:15)
FULL B Thu
OK #79 B Tue 09:00-09:15 ann
OK #80 A Wed 08:30-08:45 bo
LIMIT ed Thu
NO BOOKING #19
FREE BIG Thu 08:00-12:15
NO BOOKING #19
FREE B Tue 09:15-10:45
FULL BIG Tue
CONFLICT B Sat with #37 (cy 12:15-13:30)
FULL BIG Thu
LIMIT bo Fri
OK #81 A Fri 18:15-19:00 ed
CANCELLED #18
CONFLICT BIG Tue with #63 (ann 15:00-17:30)
CONFLICT BIG Tue with #70 (di 11:00-13:15)
NO BOOKING #27
FREE BIG Sun 12:15-17:30
CONFLICT B Sat with #68 (cy 18:00-19:00)
CONFLICT A Sun with #40 (cy 10:00-11:30)
OK #82 B Thu 11:45-12:00 bo
CONFLICT B Sat with #68 (cy 18:00-19:00)
NO BOOKING #2
CANCELLED #26
NO BOOKING #8
CONFLICT B Sun with #6 (di 11:45-14:15)
LIMIT ann Wed
CONFLICT B Sat with #68 (cy 18:00-19:00)
OK #83 B Tue 10:30-13:00 cy
CONFLICT BIG Thu with #67 (ed 15:00-16:45)
NO BOOKING #2
FULL B Sun
LIMIT ann Tue
OK #84 BIG Fri 16:45-19:15 di
OK #85 C2 Sun 16:15-17:30 ann
FREE C2 Sat 08:00-13:45
FULL B Sun
CONFLICT BIG Sun with #36 (ed 17:30-20:00)
OK #86 C2 Sat 15:15-15:45 ann
LIMIT bo Fri
CONFLICT BIG Tue with #63 (ann 15:00-17:30)
NO BOOKING #2
FREE C2 Thu 08:15-08:45
OK #87 B Mon 09:45-12:15 cy
CONFLICT B Sun with #57 (ed 14:15-15:15)
LIMIT di Tue
CONFLICT B Tue with #79 (ann 09:00-09:15)
LIMIT cy Tue
CONFLICT B Thu with #50 (ed 16:00-18:15)
CONFLICT BIG Sat with #55 (cy 12:45-14:45)
OK #88 A Sat 17:30-18:30 bo
CONFLICT BIG Fri with #84 (di 16:45-19:15)
CONFLICT BIG Fri with #32 (bo 11:30-12:00)
NO BOOKING #13
NO BOOKING #25
NO BOOKING #26
CONFLICT B Thu with #38 (cy 08:00-08:30)
FREE C2 Tue 13:15-18:00
CANCELLED #30
NO BOOKING #20
OK #89 A Sat 14:30-16:15 ed
OK #90 B Sun 08:30-08:45 ed
OK #91 C2 Tue 08:30-08:45 ed
CONFLICT BIG Sat with #55 (cy 12:45-14:45)
CONFLICT C2 Thu with #61 (cy 15:30-17:30)
CONFLICT BIG Thu with #54 (ed 12:15-14:30)
OK #92 BIG Wed 11:00-11:45 ed
LIMIT ed Mon
OK #93 C2 Mon 12:00-14:15 di
FULL BIG Fri
OK #94 B Tue 16:00-17:30 ed
CONFLICT BIG Mon with #58 (ed 12:30-14:45)
NO BOOKING #7
OK #95 C2 Fri 12:00-12:15 ann
OK #96 A Fri 08:15-09:30 di
FREE BIG Sat 08:00-09:30
CONFLICT C2 Sun with #47 (cy 08:15-10:30)
NO BOOKING #20
CANCELLED #23
CONFLICT A Tue with #35 (cy 16:45-17:45)
OK #97 C2 Mon 14:30-16:45 cy
FREE B Mon 08:00-09:15
OK #98 A Mon 18:00-18:45 di
CANCELLED #29
NO BOOKING #27
FREE A Fri 13:30-15:45
FREE A Fri 09:30-11:15
CONFLICT A Sun with #24 (bo 14:45-17:15)
NO BOOKING #26
CONFLICT C2 Mon with #97 (cy 14:30-16:45)
FREE B Fri 08:00-09:15
NO BOOKING #29
CONFLICT A Wed with #59 (cy 08:45-10:45)
CONFLICT B Sat with #37 (cy 12:15-13:30)
LIMIT bo Sat
FREE A Sat 08:00-10:00
FULL B Mon
CONFLICT B Mon with #39 (ann 14:15-15:30)
LIMIT bo Wed
LIMIT ed Thu
CONFLICT BIG Sat with #55 (cy 12:45-14:45)
CANCELLED #6
FULL BIG Sat
FREE C2 Thu 08:15-13:45
CONFLICT BIG Sun with #11 (bo 10:00-12:15)
OK #99 C2 Thu 09:15-10:30 di
NO BOOKING #9
CONFLICT B Mon with #5 (ed 16:45-18:30)
CONFLICT B Thu with #82 (bo 11:45-12:00)
FREE A Fri 09:30-10:30
LIMIT cy Sat
LIMIT bo Sun
NO BOOKING #18
LIMIT bo Thu
OK #100 B Thu 15:45-16:00 ann
CONFLICT BIG Thu with #54 (ed 12:15-14:30)
CONFLICT A Wed with #59 (cy 08:45-10:45)
CONFLICT C2 Tue with #43 (ed 12:30-13:15)
CONFLICT B Mon with #39 (ann 14:15-15:30)
OK #101 BIG Sun 13:15-13:45 cy
OK #102 A Sat 18:45-20:00 ann
NO BOOKING #18
CONFLICT B Mon with #39 (ann 14:15-15:30)
NO BOOKING #27
LIMIT bo Sat
NO BOOKING #2
FULL BIG Fri
FREE C2 Mon 08:00-11:15
FREE A Tue 08:00-08:15
FREE B Sat 08:00-08:30
NO BOOKING #8
FREE B Sat 08:00-09:30
LIMIT bo Wed
CONFLICT BIG Tue with #63 (ann 15:00-17:30)
FULL A Fri
FREE C2 Wed 11:15-14:15
CONFLICT BIG Wed with #92 (ed 11:00-11:45)
CONFLICT A Sun with #24 (bo 14:45-17:15)
CANCELLED #22
NO BOOKING #25
CONFLICT A Wed with #56 (ann 17:45-18:15)
OK #103 C2 Sun 13:00-13:45 ann
CONFLICT C2 Sun with #85 (ann 16:15-17:30)
OK #104 C2 Sun 10:30-11:30 ann
NO BOOKING #14
FREE BIG Fri 12:00-15:45
CONFLICT B Mon with #5 (ed 16:45-18:30)
LIMIT di Thu
FREE C2 Sun 11:30-12:15
FULL A Thu
NO BOOKING #2
LIMIT ann Wed
CANCELLED #5
CONFLICT B Thu with #50 (ed 16:00-18:15)
OK #105 B Mon 18:00-19:00 ed
OK #106 B Sat 11:00-11:30 di
OK #107 A Wed 16:15-17:15 di
FREE C2 Wed 11:15-14:30
CONFLICT A Thu with #62 (bo 10:00-12:15)
CONFLICT A Sun with #24 (bo 14:45-17:15)
FULL B Sat
CONFLICT B Fri with #33 (bo 09:15-11:15)
FREE BIG Tue 08:00-10:15
FULL BIG Fri
NO BOOKING #27
CONFLICT A Mon with #73 (ann 09:30-11:15)
OK #108 C2 Fri 09:45-10:00 cy
NO BOOKING #14
FULL A Sun
NO BOOKING #6
FULL B Sat
CONFLICT C2 Sun with #85 (ann 16:15-17:30)
CONFLICT BIG Sat with #51 (ann 18:15-18:30)
CONFLICT BIG Sat with #55 (cy 12:45-14:45)
LIMIT cy Wed
FULL BIG Sat
NO BOOKING #8
NO BOOKING #27
CANCELLED #11
FREE A Thu 08:00-10:00
FREE C2 Tue 08:45-10:00
CONFLICT B Mon with #39 (ann 14:15-15:30)
CONFLICT A Thu with #64 (bo 12:15-13:45)
LIMIT ann Sat
FULL BIG Mon
CONFLICT B Tue with #83 (cy 10:30-13:00)
CONFLICT B Mon with #87 (cy 09:45-12:15)
NO BOOKING #3
LIMIT ann Wed
OK #109 BIG Sun 11:00-13:15 bo
LIMIT ann Thu
CONFLICT B Fri with #77 (bo 18:45-20:00)
CONFLICT C2 Wed with #76 (ann 14:30-16:30)
CONFLICT BIG Tue with #63 (ann 15:00-17:30)
FREE BIG Tue 08:00-10:45
LIMIT bo Wed
FULL BIG Sun
CONFLICT BIG Thu with #67 (ed 15:00-16:45)
FREE B Mon 08:00-09:30
CONFLICT B Sun with #90 (ed 08:30-08:45)
OK #110 A Wed 11:15-12:15 di
NO BOOKING #25
CONFLICT A Sat with #88 (bo 17:30-18:30)
LIMIT di Tue
FREE B Fri 11:15-17:45
CONFLICT BIG Sat with #51 (ann 18:15-18:30)
CONFLICT BIG Sat with #41 (bo 09:30-10:00)
CONFLICT BIG Tue with #70 (di 11:00-13:15)
CONFLICT A Thu with #65 (ann 16:30-18:45)
FREE C2 Wed 08:00-09:00
CONFLICT A Fri with #81 (ed 18:15-19:00)
CONFLICT A Wed with #56 (ann 17:45-18:15)
NO BOOKING #21
CONFLICT BIG Fri with #84 (di 16:45-19:15)
FULL A Fri
NO BOOKING #15
CONFLICT A Thu with #62 (bo 10:00-12:15)
CONFLICT BIG Tue with #63 (ann 15:00-17:30)
FULL A Thu
CANCELLED #28
OK #111 C2 Mon 08:45-10:45 ed
NO BOOKING #21
NO BOOKING #3
CONFLICT B Sat with #37 (cy 12:15-13:30)
NO BOOKING #25
NO BOOKING #11
CONFLICT C2 Sun with #103 (ann 13:00-13:45)
CONFLICT BIG Fri with #32 (bo 11:30-12:00)
CONFLICT BIG Wed with #92 (ed 11:00-11:45)
FREE A Mon 08:00-08:45
CONFLICT A Tue with #35 (cy 16:45-17:45)
NO BOOKING #22
LIMIT bo Sat
CONFLICT C2 Tue with #69 (di 18:00-18:30)
OK #112 BIG Fri 12:00-14:15 cy
FREE B Sun 08:45-12:30
CONFLICT B Tue with #94 (ed 16:00-17:30)
LIMIT ann Thu
NO BOOKING #23
CONFLICT B Wed with #10 (cy 14:15-15:30)
CONFLICT BIG Sat with #41 (bo 09:30-10:00)
OK #113 BIG Mon 17:15-18:00 di
NO BOOKING #15
CONFLICT BIG Wed with #48 (di 13:45-14:30)
CONFLICT B Sun with #57 (ed 14:15-15:15)
CONFLICT A Thu with #64 (bo 12:15-13:45)
FREE BIG Mon 08:00-09:30
FULL A Wed
LIMIT ann Tue
LIMIT cy Sat
CONFLICT A Sat with #89 (ed 14:30-16:15)
CONFLICT A Thu with #64 (bo 12:15-13:45)
LIMIT di Tue
FREE A Thu 08:00-09:30
NO BOOKING #20
LIMIT cy Tue
FULL BIG Fri
OK #114 C2 Sat 09:00-10:45 di
LIMIT bo Wed
CANCELLED #10
NO BOOKING #3
NO BOOKING #29
FREE B Sat 08:00-10:45
CONFLICT A Fri with #31 (ed 16:00-18:00)
OK #115 B Sat 11:45-12:00 ed
LIMIT bo Wed
FREE A Mon 08:00-08:15
FREE A Thu 08:00-08:15
CONFLICT C2 Fri with #95 (ann 12:00-12:15)
CONFLICT BIG Mon with #78 (ann 15:45-16:15)
CONFLICT B Thu with #38 (cy 08:00-08:30)
CONFLICT C2 Mon with #93 (di 12:00-14:15)
NO BOOKING #22
NO BOOKING #16
CONFLICT BIG Mon with #58 (ed 12:30-14:45)
LIMIT ed Sun
FREE B Wed 08:00-15:00
CONFLICT BIG Sat with #51 (ann 18:15-18:30)
NO BOOKING #20
CONFLICT B Thu with #50 (ed 16:00-18:15)
CONFLICT A Sun with #40 (cy 10:00-11:30)
CONFLICT C2 Sun with #47 (cy 08:15-10:30)
FULL A Wed
FULL A Fri
LIMIT bo Sat
OK #116 C2 Sat 18:00-19:15 di
NO BOOKING #7
FREE A Fri 09:30-15:45
CONFLICT A Sun with #24 (bo 14:45-17:15)
FREE BIG Sat 08:00-08:30
FREE A Fri 09:30-15:45
CONFLICT A Sun with #40 (cy 10:00-11:30)
LIMIT ann Sat
FULL BIG Sun
LIMIT ed Sun
FULL BIG Tue
NO BOOKING #23
NO BOOKING #9
CONFLICT BIG Tue with #70 (di 11:00-13:15)
LIMIT di Tue
OK #117 B Mon 08:00-08:45 bo
NO BOOKING #26
LIMIT bo Sun
CONFLICT BIG Sun with #109 (bo 11:00-13:15)
FULL B Sat
CONFLICT C2 Wed with #76 (ann 14:30-16:30)
OK #118 BIG Wed 09:30-09:45 cy
NO BOOKING #13
LIMIT bo Wed
NO BOOKING #7
FREE BIG Mon 08:00-10:30
FULL BIG Wed
OK #119 A Mon 14:15-15:45 bo
FULL A Mon
LIMIT ann Thu
NO BOOKING #16
CONFLICT C2 Thu with #99 (di 09:15-10:30)
CONFLICT BIG Tue with #63 (ann 15:00-17:30)
FULL B Tue
LIMIT bo Wed
CONFLICT B Thu with #45 (ann 10:15-11:45)
CONFLICT A Wed with #110 (di 11:15-12:15)
CONFLICT A Wed with #59 (cy 08:45-10:45)
FULL C2 Tue
CONFLICT A Sun with #71 (bo 18:15-18:45)
NO BOOKING #15
OK #120 B Mon 16:15-17:15 bo
LIMIT di Wed
CONFLICT BIG Tue with #53 (cy 18:00-19:30)
CONFLICT BIG Mon with #58 (ed 12:30-14:45)
CONFLICT BIG Wed with #48 (di 13:45-14:30)
FREE BIG Fri 08:00-09:15
CONFLICT C2 Thu with #99 (di 09:15-10:30)
FREE B Tue 08:00-08:45
CONFLICT BIG Mon with #58 (ed 12:30-14:45)
CONFLICT C2 Mon with #49 (cy 16:45-18:45)
FREE B Wed 08:00-13:00
FULL C2 Sun
CONFLICT A Sat with #89 (ed 14:30-16:15)
CONFLICT BIG Wed with #118 (cy 09:30-09:45)
NO BOOKING #11
LIMIT bo Mon
CONFLICT B Thu with #38 (cy 08:00-08:30)
NO BOOKING #16
NO BOOKING #4
LIMIT cy Sat
LIMIT cy Sat
CONFLICT B Mon with #39 (ann 14:15-15:30)
NO BOOKING #8
LIMIT ann Tue
CONFLICT C2 Sun with #104 (ann 10:30-11:30)
CONFLICT A Mon with #98 (di 18:00-18:45)
LIMIT di Thu
OK #121 BIG Thu 11:15-12:00 cy
CONFLICT A Fri with #81 (ed 18:15-19:00)
CONFLICT C2 Sun with #104 (ann 10:30-11:30)
NO BOOKING #27
FULL C2 Sun
NO BOOKING #29
CONFLICT B Fri with #33 (bo 09:15-11:15)
LIMIT di Wed
CONFLICT C2 Tue with #69 (di 18:00-18:30)
NO BOOKING #29
OK #122 B Fri 11:15-13:00 ed
OK #123 B Tue 14:30-14:45 bo
FREE A Sat 08:00-11:00
LIMIT cy Tue
FREE C2 Tue 08:45-12:30
CONFLICT C2 Thu with #99 (di 09:15-10:30)
CONFLICT B Sat with #106 (di 11:00-11:30)
NO BOOKING #9
NO BOOKING #19
NO BOOKING #13
CONFLICT BIG Tue with #63 (ann 15:00-17:30)
FULL B Thu
FULL BIG Sat
CONFLICT B Thu with #38 (cy 08:00-08:30)
CONFLICT C2 Tue with #69 (di 18:00-18:30)
OK #124 C2 Fri 15:00-17:00 di
CONFLICT BIG Thu with #121 (cy 11:15-12:00)
FULL C2 Tue
CONFLICT BIG Sun with #36 (ed 17:30-20:00)
FREE BIG Sat 10:00-12:15
LIMIT bo Sun
LIMIT bo Sat
NO BOOKING #12
CONFLICT C2 Fri with #95 (ann 12:00-12:15)
CONFLICT C2 Mon with #93 (di 12:00-14:15)
LIMIT bo Mon
NO BOOKING #10
NO BOOKING #13
LIMIT ed Sun
FREE C2 Tue 13:15-18:00
CONFLICT C2 Thu with #99 (di 09:15-10:30)
FREE C2 Sat 08:00-09:00
NO BOOKING #1
FREE BIG Thu 08:00-11:15
NO BOOKING #14
FREE B Sun 08:45-13:15
LIMIT bo Wed
CONFLICT A Sat with #88 (bo 17:30-18:30)
CONFLICT C2 Mon with #93 (di 12:00-14:15)
NO BOOKING #9
CONFLICT C2 Mon with #111 (ed 08:45-10:45)
CONFLICT C2 Sun with #47 (cy 08:15-10:30)
CONFLICT BIG Wed with #48 (di 13:45-14:30)
NO BOOKING #27
OK #125 C2 Fri 10:00-10:45 ann
CONFLICT B Tue with #123 (bo 14:30-14:45)
OK #126 B Fri 15:45-16:45 cy
CONFLICT C2 Mon with #93 (di 12:00-14:15)
CONFLICT C2 Thu with #61 (cy 15:30-17:30)
LIMIT ed Tue
LIMIT bo Fri
NO BOOKING #19
LIMIT di Sat
LIMIT cy Sat
LIMIT di Fri
NO BOOKING #4
== schedule ==
Mon A        09:30-11:15 #73 ann
Mon A        14:15-15:45 #119 bo
Mon A        18:00-18:45 #98 di
Mon B        08:00-08:45 #117 bo
Mon B        09:45-12:15 #87 cy
Mon B        14:15-15:30 #39 ann
Mon B        16:15-17:15 #120 bo
Mon B        18:00-19:00 #105 ed
Mon BIG      12:30-14:45 #58 ed
Mon BIG      15:45-16:15 #78 ann
Mon BIG      17:15-18:00 #113 di
Mon C2       08:45-10:45 #111 ed
Mon C2       12:00-14:15 #93 di
Mon C2       14:30-16:45 #97 cy
Mon C2       16:45-18:45 #49 cy
Tue A        10:00-11:30 #60 di
Tue A        15:30-16:30 #72 ann
Tue A        16:45-17:45 #35 cy
Tue B        09:00-09:15 #79 ann
Tue B        10:30-13:00 #83 cy
Tue B        14:30-14:45 #123 bo
Tue B        16:00-17:30 #94 ed
Tue BIG      11:00-13:15 #70 di
Tue BIG      15:00-17:30 #63 ann
Tue BIG      18:00-19:30 #53 cy
Tue C2       08:30-08:45 #91 ed
Tue C2       12:30-13:15 #43 ed
Tue C2       18:00-18:30 #69 di
Wed A        08:30-08:45 #80 bo
Wed A        08:45-10:45 #59 cy
Wed A        11:15-12:15 #110 di
Wed A        13:45-14:00 #44 ann
Wed A        14:30-15:30 #52 cy
Wed A        16:15-17:15 #107 di
Wed A        17:45-18:15 #56 ann
Wed BIG      09:30-09:45 #118 cy
Wed BIG      11:00-11:45 #92 ed
Wed BIG      13:45-14:30 #48 di
Wed BIG      15:00-17:00 #46 bo
Wed C2       10:30-11:15 #75 bo
Wed C2       14:30-16:30 #76 ann
Thu A        10:00-12:15 #62 bo
Thu A        12:15-13:45 #64 bo
Thu A        16:30-18:45 #65 ann
Thu B        08:00-08:30 #38 cy
Thu B        10:15-11:45 #45 ann
Thu B        11:45-12:00 #82 bo
Thu B        15:45-16:00 #100 ann
Thu B        16:00-18:15 #50 ed
Thu BIG      11:15-12:00 #121 cy
Thu BIG      12:15-14:30 #54 ed
Thu BIG      15:00-16:45 #67 ed
Thu C2       08:00-08:15 #34 di
Thu C2       09:15-10:30 #99 di
Thu C2       15:30-17:30 #61 cy
Thu C2       18:30-20:00 #42 di
Fri A        08:15-09:30 #96 di
Fri A        16:00-18:00 #31 ed
Fri A        18:15-19:00 #81 ed
Fri B        09:15-11:15 #33 bo
Fri B        11:15-13:00 #122 ed
Fri B        15:45-16:45 #126 cy
Fri B        18:45-20:00 #77 bo
Fri BIG      11:30-12:00 #32 bo
Fri BIG      12:00-14:15 #112 cy
Fri BIG      16:45-19:15 #84 di
Fri C2       09:45-10:00 #108 cy
Fri C2       10:00-10:45 #125 ann
Fri C2       12:00-12:15 #95 ann
Fri C2       15:00-17:00 #124 di
Sat A        14:30-16:15 #89 ed
Sat A        17:30-18:30 #88 bo
Sat A        18:45-20:00 #102 ann
Sat B        11:00-11:30 #106 di
Sat B        11:45-12:00 #115 ed
Sat B        12:15-13:30 #37 cy
Sat B        18:00-19:00 #68 cy
Sat BIG      09:30-10:00 #41 bo
Sat BIG      12:45-14:45 #55 cy
Sat BIG      18:15-18:30 #51 ann
Sat BIG      18:45-20:00 #74 bo
Sat C2       09:00-10:45 #114 di
Sat C2       15:15-15:45 #86 ann
Sat C2       18:00-19:15 #116 di
Sun A        10:00-11:30 #40 cy
Sun A        14:45-17:15 #24 bo
Sun A        18:15-18:45 #71 bo
Sun B        08:30-08:45 #90 ed
Sun B        14:15-15:15 #57 ed
Sun BIG      08:15-09:30 #66 di
Sun BIG      11:00-13:15 #109 bo
Sun BIG      13:15-13:45 #101 cy
Sun BIG      17:30-20:00 #36 ed
Sun C2       08:15-10:30 #47 cy
Sun C2       10:30-11:30 #104 ann
Sun C2       13:00-13:45 #103 ann
Sun C2       16:15-17:30 #85 ann
== usage ==
A        32h00m
B        26h00m
BIG      34h00m
C2       29h45m
