Error: NOT NULL constraint failed: rooms.rate
Error: UNIQUE constraint failed: rooms.no
101|single|80.0
102|double|120.0
201|suite|300.0
202|double|125.5
Error: UNIQUE constraint failed: bookings.room, bookings.night
Error: NOT NULL constraint failed: bookings.guest
1|101|2026-05-01|Ito
2|101|2026-05-02|Ito
3|201|2026-05-01|Ng
4|202|2026-05-03|Pak
101|80.0
102|108.0
201|270.0
202|112.95
Error: UNIQUE constraint failed: bookings.room, bookings.night
Ito|102|ground
Ng|201|upstairs
Ito|101|ground
Pak|202|upstairs
1|102|Ito
3|201|Ng
4|202|Pak
5|203|Qi
Ito|IT01
Pak|PA03
Qi|QI02
Error: NOT NULL constraint failed: rooms.kind
single|80.0
