Error: UNIQUE constraint failed: staff.badge
Error: cannot store TEXT value in REAL column staff.hourly
1|Mia|B-01|22.5|1
2|Raj|B-02|18.0|1
3|Ola|B-03|15.0|1
4|Ted|b-01|15.0|1
Error: UNIQUE constraint failed: hours.staff_id, hours.week
Error: NOT NULL constraint failed: hours.hrs
1|1|40.0
1|2|38.5
2|1|45.0
3|1|20.0
4|1|10.0
1|1|40.0
1|2|38.5
2|1|47.5
3|1|20.0
4|1|10.0
Mia|23.4
Raj|18.72
Ted|15.6
Ola|15.0
Error: NOT NULL constraint failed: staff.active
1|1
1|2
2|1
3|1
Error: UNIQUE constraint failed: hours.staff_id, hours.week
1|11|40.0
1|12|38.5
Mia|B-01|1
Raj|B-02|1
Ola|B-03|1
Ted|b-01|1
