Error: UNIQUE constraint failed: bins.aisle, bins.shelf, bins.slot
Error: UNIQUE constraint failed: bins.item
Error: cannot store TEXT value in INTEGER column bins.shelf
A|1|1|hammer|5
A|1|2|saw|2
A|1|3|(empty)|0
A|2|1|(empty)|0
B|2|1|drill|1
C|1|1|tape|0
Error: UNIQUE constraint failed: bins.item
B2-1|drill|1
A1-1|hammer|5
A1-3|saw|2
C1-1|tape|0
drill|-2|short
hammer|2|ok
saw|2|ok
tape|0|none
Error: UNIQUE constraint failed: bins.aisle, bins.shelf, bins.slot
A|1|1|hammer
A|1|3|saw
B|2|2|drill
C|1|1|tape
drill|0|0
hammer|2|2
saw|2|2
tape|0|2
