Error: UNIQUE constraint failed: songs.artist, songs.title
Error: cannot store TEXT value in INTEGER column songs.secs
Error: NOT NULL constraint failed: songs.artist
1|Blue|Kay|215
2|Red|Kay|187
3|Blue|Lu|302
4|Green|Lu|250
5|Gold|Mo|99
Blue|Kay|3:35
Red|Kay|3:07
Blue|Lu|5:02
Green|Lu|4:10
Gold|Mo|1:39
Blue|Lu|5
Green|Lu|5
Blue|Kay|4
Red|Kay|3
Gold|Mo|0
Red
Blue
Error: UNIQUE constraint failed: songs.artist, songs.title
Error: UNIQUE constraint failed: songs.artist, songs.title
3|BLUE
4|GREEN
1|Blue|Kay|4
3|BLUE|Lu|5
4|GREEN|Lu|5
5|Red|Kay|-
3.6|215|integer
5.0|250|integer
4.2|250|integer
3.1|187|null
Blue|Kay|5
BLUE|Lu|5
GREEN|Lu|5
