Error: cannot store TEXT value in REAL column zones.base
Error: NOT NULL constraint failed: zones.base
E|4.75|1.5
N|5.0|1.0
S|6.5|1.25
Error: UNIQUE constraint failed: parcels.tracking
1|TRK1|N|2.0|label
2|TRK2|S|0.5|label
3|TRK3|E|12.0|label
4|-|S|3.0|label
5|-|E|1.25|label
1|7.0
2|7.125
3|22.75
4|10.25
5|6.625
1|TRK1|sent
2|TRK2|held
3|TRK3|held
4|TRK4|sent
5|TRK5|sent
Error: NOT NULL constraint failed: parcels.status
Error: cannot store TEXT value in REAL column parcels.kg
Error: UNIQUE constraint failed: parcels.tracking
3|TRK3|E|26.4
4|TRK4|S|6.6
1|TRK1|N|4.4
5|TRK5|E|2.8
TRK1|1|2
TRK3|3|6
TRK4|4|8
TRK5|5|10
