Error: UNIQUE constraint failed: users.email
Error: UNIQUE constraint failed: users.handle
Error: cannot store TEXT value in INTEGER column users.age
Error: NOT NULL constraint failed: users.handle
1|neo|neo@mx.io|31|free
2|trin|trin@mx.io|29|free
3|tank|-|40|free
4|dozer|-|-1|free
5|mouse|-|17|free
dozer|free
trin|free
neo|pro
tank|pro
mouse|teen
neo
trin
1|neo@mx.io
2|trin@mx.io
3|tank@mx.io
4|dozer@mx.io
5|mouse@mx.io
Error: UNIQUE constraint failed: users.email
1|ne|2
2|trin|4
3|tank|4
4|dozer|5
5|mouse|5
1|ne
2|trin
4|dozer
5|oracle|5|free
4|dozer|5|free
2|trin|5|free
1|ne|5|pro
