Error: UNIQUE constraint failed: vans.driver
Error: cannot store REAL value in INTEGER column vans.km
AA-11|Transit|120500|joe
BB-22|Sprinter|80000|sue
CC-33|Ducato|0|-
EE-55|Vito|150000|-
Error: UNIQUE constraint failed: vans.driver
EE-55|150000|service
AA-11|120750|service
BB-22|80250|check
CC-33|250|fine
AA-11|TRA|0
BB-22|SPR|0
CC-33|DUC|0
EE-55|VIT|1
BB22
EE55
AA11|joe
EE55|NULL
AA11|120.8|120750
EE55|150.0|150000
Error: UNIQUE constraint failed: vans.driver
EE55|VIT|150000|-
AA11|TRA|120750|joe
HH88|Kangoo|0|liz
