Error: UNIQUE constraint failed: meters.serial
Error: UNIQUE constraint failed: readings.meter, readings.day
Error: cannot store TEXT value in REAL column readings.value
Error: NOT NULL constraint failed: readings.value
1|2026-04-01|100.0|
1|2026-04-02|112.4|
2|2026-04-01|50.0|
2|2026-04-02|61.5|manual
3|2026-04-01|7.25|
1|2026-04-01|100.0
1|2026-04-02|112.0
2|2026-04-01|50.0
2|2026-04-02|61.5
3|2026-04-01|7.0
1|2026-04-02|est
2|2026-04-01|est
3|2026-04-01|est
Error: UNIQUE constraint failed: meters.serial
3|M-0001|m3
1|M-9001|kWh
2|M-9002|kWh
Error: no such column: meter_ids
1|2026-04-01|100|100.0
1|2026-04-02|112|112.0
2|2026-04-01|50|50.0
2|2026-04-02|61|61.5
1|01.04
1|02.04
