Error: UNIQUE constraint failed: bikes.dock
Error: NOT NULL constraint failed: bikes.kind
Error: cannot store TEXT value in REAL column bikes.km
B1|city|1|0.0
B2|city|2|0.0
B3|city|3|0.0
E1|electric|4|0.0
E2|electric|0|0.0
b1|city|5|0.0
Error: cannot store REAL value in INTEGER column rides.mins
Error: NOT NULL constraint failed: rides.rider
1|B1|ana|25|3.5
2|E1|ben|70|18.5
3|B2|ana|5|0.0
4|B3|cy|12|2.2
Error: UNIQUE constraint failed: bikes.dock
B1|6|3.5
B2|2|0.0
B3|3|0.0
E1|0|3.5
E2|0|0.0
b1|5|0.0
cy|2.2|2.0
ana|3.5|4.0
ben|18.5|19.0
Error: UNIQUE constraint failed: bikes.tag
1|B1|ana|3.5
2|E1|ben|18.5
4|B3|cy|2.2
5|B9|dee|-1
E1|electric|5|10
E2|electric|5|20
