Error: UNIQUE constraint failed: titles.title
Error: UNIQUE constraint failed: titles.isbn
Error: cannot store TEXT value in INTEGER column titles.year
111|Kindred|1979|2
222|Beloved|1987|1
333|Matilda|1988|3
444|beloved|0|1
Error: UNIQUE constraint failed: holds.patron, holds.isbn
1|222|p1
2|222|p2
3|111|p1
10|333|p3
11|444|p2
1|p1
2|p2
9|p3
Beloved|0|waitlist
Kindred|1|last copy
Matilda|3|available
beloved|1|last copy
Error: NOT NULL constraint failed: titles.copies
111|KINDRED
222|Beloved
444|beloved
2|222|p1
3|111|p1
9|333|p3
11|444|p2
12|111|p4
KINDRED|KIN-11|1980
Beloved|Bel-22|1987
Matilda|Mat-33|1988
