Error: NOT NULL constraint failed: loan.member_id
cho|4|1
abe|3|2
bia|1|3
dev|1|3
ema|0|5
1|1|NULL
1|2|2
1|3|5
2|4|NULL
3|5|NULL
3|6|1
3|7|1
3|8|1
4|9|NULL
1|1|9|9
1|2|8|17
1|3|20|37
2|4|27|27
3|5|3|3
3|6|3|6
3|7|4|10
3|8|30|40
4|9|32|32
east|cho|1
east|dev|2
west|abe|1
west|bia|2
sf|4|1
crime|3|2
history|1|3
poetry|1|3
1|3|2
3|8|2
1|sf|0
2|crime|0
3|sf|0
4|poetry|0
5|sf|0
6|sf|1
7|crime|0
8|crime|1
9|history|0
1|1|1
2|12|6
4|3|3
5|2|2
6|6|4
7|10|6
8|15|5
9|8|5
1|45|1
2|27|2
3|44|1
4|32|2
0
cho|sf|sf|crime
cho|sf|sf|crime
cho|crime|sf|crime
cho|crime|sf|crime
dev|history|history|history
1|1
1|1,2
1|1,2,3
3|7
3|7,8
ema
1|1.0
2|0.0
3|0.666666666666667
4|0.0
