Error: UNIQUE constraint failed: runner.name
1|12|12.25|1
1|11|12.5|2
1|13|12.5|2
1|14|13.0|4
2|13|11.75|1
2|11|12.0|2
2|15|12.0|2
2|14|12.75|4
1|12|0.0
1|11|0.25
1|13|0.25
1|14|0.75
2|13|0.0
2|11|0.25
2|15|0.25
2|14|1.0
1|12|NULL
1|11|0.25
1|13|0.0
1|14|0.5
2|13|NULL
2|11|0.25
2|15|0.0
2|14|0.75
1|11|6
1|12|10
1|13|6
1|14|1
2|11|6
2|13|10
2|14|1
2|15|6
quin|16|1
oz|12|2
pia|10|3
sam|6|4
rex|2|5
cub|6|3
fly|18|2
rov|22|1
11|12.0|12.25|0.6
12|12.25|12.25|0.8
13|11.75|12.125|0.2
14|12.75|12.875|1.0
15|12.0|12.0|0.6
2|11|10
2|14|3
2|15|10
1|4|12.25|13.0
2|3|12.0|12.75
11|1|12.5|12.5
11|2|12.0|12.25
12|1|12.25|12.25
13|1|12.5|12.5
14|1|13.0|13.0
14|2|12.75|12.875
15|2|12.0|12.0
1|11|0.333333333333333
1|12|1.0
1|13|0.333333333333333
1|14|0.0
2|11|0.5
2|14|0.0
2|15|0.5
3|11|1|1|1
3|12|2|2|2
3|15|2|2|3
11|2
14|1
15|2
11|2
12|1
15|2
1|11
2|15
3|12
