Error: UNIQUE constraint failed: quote.sym, quote.d
abc|1|NULL
abc|2|4
abc|3|-3
abc|4|9
abc|5|-2
abc|8|7
xyz|1|NULL
xyz|2|-2
xyz|3|-1
xyz|4|5
xyz|5|0
xyz|8|-3
abc|1|NULL
abc|2|4.0
abc|3|-2.88
abc|4|8.91
abc|5|-1.82
abc|8|6.48
xyz|1|NULL
xyz|2|-4.0
xyz|3|-2.08
xyz|4|10.64
xyz|5|0.0
xyz|8|-5.77
abc|1|100.0|1
abc|2|102.0|2
abc|3|101.67|3
abc|4|105.0|3
abc|5|106.33|3
abc|8|111.0|1
xyz|1|50.0|1
xyz|2|49.0|2
xyz|3|48.33|3
xyz|4|49.0|3
xyz|5|50.33|3
xyz|8|51.0|1
abc|1|100|0
abc|2|104|0
abc|3|104|-3
abc|4|110|0
abc|5|110|-2
abc|8|115|0
xyz|1|50|0
xyz|2|50|-2
xyz|3|50|-3
xyz|4|52|0
xyz|5|52|0
xyz|8|52|-3
abc|-3
xyz|-3
abc|8|115
xyz|4|52
xyz|5|52
xyz|1|50|4
xyz|2|48|2
xyz|3|47|1
xyz|4|52|5
xyz|5|52|5
xyz|8|49|3
abc|down up down up down up
xyz|down down down up down down
abc|2|up|down
abc|3|down|up
abc|4|up|down
abc|5|down|up
abc|8|up|NULL
xyz|2|down|down
xyz|3|down|up
xyz|4|up|down
xyz|5|down|down
xyz|8|down|NULL
abc|3
xyz|1
1|100|104
2|104|104
3|101|110
4|110|112
5|112|115
8|115|115
1|150|150
2|152|2
3|148|-4
4|162|14
5|164|2
8|164|0
abc|1|1
abc|2|1
abc|3|2
abc|4|2
abc|5|3
abc|8|3
xyz|1|1
xyz|2|1
xyz|3|2
xyz|4|2
xyz|5|3
xyz|8|3
abc|1|100
abc|2|100
abc|3|100
abc|4|100
abc|5|104
abc|8|112
xyz|1|50
xyz|2|50
xyz|3|50
xyz|4|50
xyz|5|48
xyz|8|52
abc|1|110
abc|2|112
abc|3|112
abc|4|112
abc|5|115
abc|8|115
xyz|1|52
xyz|2|52
xyz|3|52
xyz|4|52
xyz|5|49
xyz|8|49
abc|1.0
xyz|0.0
