Error: UNIQUE constraint failed: agent.name
1|1|1
2|2|3
3|2|3
4|5|4
5|6|5
6|7|6
7|8|7
8|9|8
9|10|9
nia|3|13|1
oli|2|1|3
pat|3|2|1
1|1|1
2|2|1
3|1|2
4|3|1
5|2|2
6|3|2
8|1|3
9|3|3
1|1|0
2|2|0
3|1|1
4|3|0
5|2|4
6|3|2
7|NULL|0
8|1|7
9|3|3
1|high|3|2.0
2|low|1|3.0
3|low|7|3.0
4|high|1|2.0
5|mid|NULL|3.0
6|low|1|3.0
7|high|NULL|2.0
8|mid|3|3.0
9|low|NULL|3.0
high|3|2|1
low|4|3|1
mid|2|1|1
app|pat|3|3|37
web|nia|3|5|37
web|oli|2|5|25
1|1
4|3
7|2
app|pat|3|1
web|nia|3|1
web|oli|3|1
1|1|2
2|2|2
3|2|2
4|5|2
5|6|3
6|7|4
7|8|4
8|9|3
9|10|2
1|0.833333333333333
2|0.5
3|1.0
4|0.5
6|0.5
8|0.833333333333333
3|1|1
4|1|2
6|1|3
8|1|4
9|1|5
12|1|6
13|3|9
1|NULL
2|NULL
3|4
4|NULL
5|3
6|6
7|13
8|9
9|8
nia
