Error: cannot store REAL value in INTEGER column workout.kg
10
1|bench|1|40|40|pb
1|bench|3|45|45|pb
1|squat|1|60|60|pb
1|squat|2|65|65|pb
1|squat|3|62|65|
1|squat|4|70|70|pb
2|squat|1|80|80|pb
2|squat|2|80|80|
2|squat|4|85|85|pb
3|bench|2|50|50|pb
1|1|500|500
1|2|325|825
1|3|721|1546
1|4|210|1756
2|1|400|400
2|2|480|880
2|4|340|1220
3|2|250|250
kay|bench|45|2
max|bench|50|1
kay|squat|70|2
lou|squat|85|1
1|bench|1|NULL
1|bench|3|1
1|squat|1|NULL
1|squat|2|0
1|squat|3|0
1|squat|4|0
2|squat|1|NULL
2|squat|2|0
2|squat|4|1
3|bench|2|NULL
1|squat|1|0
1|squat|2|5
1|squat|3|2
1|squat|4|10
2|squat|1|0
2|squat|2|0
2|squat|4|5
1|1|60.0
1|2|62.5
1|3|63.5
1|4|66.0
2|1|80.0
2|2|80.0
2|4|85.0
1|4|1
2|3|1
3|1|2
1|6|1
2|3|1
3|1|2
1|1|NULL|0
1|2|NULL|0
1|3|NULL|0
1|4|9|1
2|1|NULL|0
2|2|NULL|0
2|4|9|1
bench|3
squat|2
lou
1|1|bench|NULL
1|1|squat|60
1|2|squat|60
1|3|bench|60
1|3|squat|60
1|4|squat|60
