Error: NOT NULL constraint failed: batch.made
l1|1|200|4|2.0
l1|2|180|9|5.0
l1|3|220|2|0.91
l2|1|150|15|10.0
l2|2|160|8|5.0
l2|3|170|0|0.0
l3|1|300|3|1.0
l3|2|310|6|1.94
l3|3|290|29|10.0
l3|4|305|0|0.0
l1|1|20
l1|2|34
l1|3|25
l2|1|100
l2|2|74
l2|3|47
l3|1|10
l3|2|14
l3|3|42
l3|4|31
1|2
2|2
3|1
4|3
5|3
6|1
7|2
8|3
9|1
10|1
l1|1|5
l1|2|3
l1|3|8
l2|1|1
l2|2|3
l2|3|9
l3|1|7
l3|2|6
l3|3|1
l3|4|9
north|l2|1
south|l3|3
north|1080|38|2
south|1205|38|1
l1|1|0
l1|2|-20
l1|3|40
l2|1|0
l2|2|10
l2|3|10
l3|1|0
l3|2|10
l3|3|-20
l3|4|15
l1|1|9
l1|2|2
l1|3|-1
l2|1|8
l2|2|0
l2|3|-1
l3|1|6
l3|2|29
l3|3|0
l3|4|-1
l1
l2
l3
l3|1|3|6
l3|2|6|24
l3|3|24|24
l3|4|5|24
1|650|650.0
2|650|665.0
3|680|492.5
4|305|305.0
l1|3|10
l2|3|10
l3|4|10
l1|15.0|0.5
l1|15.0|0.0
l1|15.0|1.0
l2|23.0|0.0
l2|23.0|0.5
l2|23.0|1.0
l3|38.0|0.333333333333333
l3|38.0|1.0
l3|38.0|0.0
l3|38.0|0.666666666666667
l1|0.3
l2|0.6
l3|1.0
