Error: UNIQUE constraint failed: sitting.cand, sitting.code
m1|1|1|1
p1|1|2|2
c1|2|1|1
m2|2|2|2
b1|3|1|1
e1|3|1|2
h1|4|1|1
aud|c1|b1
aud|b1|-
hall|m1|m2
hall|m2|e1
hall|e1|-
lab|p1|h1
lab|h1|-
aud|180|21|3
hall|450|53|1
lab|210|25|2
b1|1|80|3
c1|2|80|2
e1|1|200|3
h1|1|30|3
m1|3|200|1
m2|1|200|3
p1|1|30|3
ann|m1|NULL
ann|p1|0
ann|m2|1
ben|m1|NULL
ben|c1|1
cat|c1|NULL
cat|b1|1
cat|e1|0
cat|h1|1
dan|m1|NULL
cat|3|1
ann|3|1
ben|2|2
cat|4|1
dan|1|2
1|2|2
2|2|4
3|2|6
4|1|7
b1|60|5|0.0
c1|120|3|0.333333333333333
e1|120|3|0.333333333333333
h1|120|3|0.333333333333333
m1|180|1|1.0
m2|150|2|0.833333333333333
p1|90|4|0.166666666666667
ann|m1 m2 p1
ann|m1 m2 p1
ann|m1 m2 p1
cat|b1 c1 e1 h1
cat|b1 c1 e1 h1
ann|p1
ben|m1
cat|e1
dan|m1
b1|aud|c1
c1|aud|c1
e1|hall|m1
h1|lab|h1
m1|hall|m1
m2|hall|m1
p1|lab|h1
