Error: cannot store TEXT value in REAL column spend.amount
1|1350.75|1350.75
2|1402.75|2753.5
3|1375.75|4129.25
1|food|NULL
2|food|-29.5
3|food|49.25
1|fun|NULL
2|fun|70.0
3|fun|-109.75
1|power|NULL
2|power|11.5
3|power|-16.5
1|rent|NULL
2|rent|0.0
3|rent|50.0
fixed|1|960.5|3
fixed|2|972.0|2
fixed|3|1005.5|1
variable|1|390.25|2
variable|2|430.75|1
variable|3|370.25|3
1|rent
2|rent
3|rent
1|food
2|food
3|food
food|1|310.25
food|3|330.0
fun|2|150.0
power|2|72.0
rent|3|950.0
food|307.0|49.25|3
fun|90.08|109.75|1
power|62.67|16.5|4
rent|916.67|50.0|2
1|310.25
2|295.5
3|305.375
1|1350.75|NULL
2|1402.75|52.0
3|1375.75|-27.0
4|1425.5|49.75
fun|1|1
fun|2|1
fun|3|2
fun|4|2
fun|1|80.0|150.0
fun|2|150.0|150.0
fun|3|40.25|150.0
fun|4|120.0|120.0
rent|1|0.5
rent|2|0.5
rent|3|1.0
rent|4|1.0
1|rent|66.6
2|rent|64.2
3|rent|69.1
4|rent|66.6
4|rent|66.6
4|food|21.0
4|fun|8.4
4|power|3.9
1|power
2|power
3|fun
4|power
food|1|1
food|1|12
food|1|123
food|1|1234
fun|1|12342
fun|1|123424
rent|1|1234241
rent|1|12342412
rent|1|123424123
rent|1|1234241234
