nums       (4 8 4 1 9 8 2 7 1 3) length 10
3rd last   7; 11th last nil
deduped    (4 8 1 9 2 7 3)
< 5        (4 1 2 3)
>= 5       (8 9 7)
sum/max    10 / 9
interleave (4 8 1 9 2 7 3)
rotate 1   (3 4 8 1 9 2 7)
rotate 3   (9 2 7 3 4 8 1)
rotate 7   (9 2 7 3 4 8 1)
rotate 0   (9 2 7 3 4 8 1)
reversed   (1 8 4 3 7 2 9)
"racecar"  palindrome=true  intact=true
"level up" palindrome=false intact=true
"abba"     palindrome=true  intact=true
"abca"     palindrome=false intact=true
"x"        palindrome=true  intact=true
""         palindrome=true  intact=true
words      ("pear" "kiwi" "plum")
before g   ("apple" "fig"), from g ("pear" "kiwi" "plum")
lengths    54344
empty      () true nil
