batch has 4 lines, out of order; sorting
  09:00:00 batch INFO  queued
  09:01:00 batch INFO  picked
  09:04:00 batch WARN  late
  09:05:00 batch INFO  nightly
merged 14 lines:
08:59:59 db    INFO  ready
09:00:00 batch INFO  queued
09:00:01 web1  INFO  start
09:00:03 web2  INFO  start
09:00:04 web2  INFO  GET /login
09:00:05 db    INFO  query ok
09:00:05 web1  INFO  GET /
09:01:00 batch INFO  picked
09:01:10 web1  WARN  slow request
09:02:30 db    ERROR deadlock
09:02:59 web2  WARN  retry
09:03:00 web1  ERROR 500 on /cart
09:04:00 batch WARN  late
09:05:00 batch INFO  nightly
ERROR=2 INFO=9 WARN=3
first error: 09:02:30 db    ERROR deadlock
abcdefghi
nil
