3 4 + 2 *
    3     [3]
    4     [3 4]
    +     [7]
    2     [7 2]
    *     [14]
  = 14
5 1 2 + 4 * + 3 -
    5     [5]
    1     [5 1]
    2     [5 1 2]
    +     [5 3]
    4     [5 3 4]
    *     [5 12]
    +     [17]
    3     [17 3]
    -     [14]
  = 14
2 3 ^ 1 swap -
  = -7
1.5 2 * 0.25 +
  = 3.25
7 2 / 7 2 % max
  = 3
10 dup * neg 3 min
  = -100
4 +
  error: stack underflow at '+' (token +)
1 2 3 +
  error: 2 values left on stack
8 0 /
  error: divided by 0
6 2 sqrt
  error: unknown token 'sqrt' at position 2
22 7.0 /
  = 3.1429
