== release (2 slots)
order: fetch compile lint test docs package publish
  t=0 fetch start (attempt 1)
  t=2 fetch done
  t=2 compile start (attempt 1)
  t=2 docs start (attempt 1)
  t=4 docs done
  t=4 lint start (attempt 1)
  t=5 compile failed, will retry
  t=5 lint done
  t=5 compile start (attempt 2)
  t=8 compile done
  t=8 test start (attempt 1)
  t=12 test done
  t=12 package start (attempt 1)
  t=13 package done
  t=13 publish start (attempt 1)
  t=14 publish done
finished at t=14: succeeded=7
== flaky (3 slots)
order: setup unit e2e report notify
  t=0 setup start (attempt 1)
  t=1 setup done
  t=1 e2e start (attempt 1)
  t=1 unit start (attempt 1)
  t=3 unit done
  t=3 notify start (attempt 1)
  t=4 e2e failed, will retry
  t=4 notify done
  t=4 e2e start (attempt 2)
  t=7 e2e FAILED
  t=7 report skipped
finished at t=7: succeeded=3 failed=1 skipped=1
== cyclic (1 slots)
cycle detected: a -> c -> b -> a
