t=00-19 GR GR GR GR GR YR YR RR RG RG RG RG RY RY RR W  W  W  W  W  
t=20-39 GR GR GR GR YR YR RR RG RG RG RY RY RR !  !  RR GR GR GR GR 
t=40-59 YR YR RR RG RG RG RG RY RY RR W  W  W  W  W  GR GR GR GR YR 
phase changes:
  t=05 NS yellow
  t=07 all red
  t=08 EW green
  t=12 EW yellow
  t=14 all red
  t=15 WALK
  t=20 NS green
  t=24 NS yellow
  t=26 all red
  t=27 EW green
  t=30 EW yellow
  t=32 all red
  t=33 EMERGENCY
  t=35 all red
  t=36 NS green
  t=40 NS yellow
  t=42 all red
  t=43 EW green
  t=47 EW yellow
  t=49 all red
  t=50 WALK
  t=55 NS green
  t=59 NS yellow
all_red_1=3 all_red_2=4 emergency=1 ew_green=3 ew_yellow=3 ns_green=3 ns_yellow=4 walk=2
