coin     100    state=collecting credit=100 | credit 100
coin     25     state=collecting credit=125 | credit 125
select   A1     state=idle       credit=  0 | vend Cola change 
coin     3      state=idle       credit=  0 | error[bad_coin] coin 3 rejected
coin     100    state=collecting credit=100 | credit 100
select   B1     state=collecting credit=100 | error[sold_out] Chips sold out
select   C9     state=collecting credit=100 | error[bad_slot] unknown slot C9
select   A2     state=idle       credit=  0 | vend Water change 10
coin     25     state=collecting credit= 25 | credit 25
coin     25     state=collecting credit= 50 | credit 50
select   A1     state=collecting credit= 50 | error[short] need 75 more for Cola
coin     100    state=collecting credit=150 | credit 150
select   A1     state=idle       credit=  0 | vend Cola change 25
cancel          state=idle       credit=  0 | nothing to return
coin     10     state=collecting credit= 10 | credit 10
coin     10     state=collecting credit= 20 | credit 20
coin     25     state=collecting credit= 45 | credit 45
select   B2     state=idle       credit=  0 | vend Candy change 5
coin     100    state=collecting credit=100 | credit 100
select   A2     state=collecting credit=100 | error[sold_out] Water sold out
coin     100    state=collecting credit=200 | credit 200
coin     100    state=collecting credit=300 | credit 300
select   A1     state=collecting credit=300 | error[sold_out] Cola sold out
cancel          state=idle       credit=  0 | returned 300
sales: 380
A1 Cola   stock=0
A2 Water  stock=0
B1 Chips  stock=0
B2 Candy  stock=4
coins: 100x7 25x7 10x5 5x3
