rejected line 51: duplicate Emery
rejected line 79: unknown candidate Nobody
rejected line 80: duplicate Casey
rejected line 152: duplicate Gray
rejected line 168: unknown candidate Nobody
rejected line 198: unknown candidate Nobody
rejected line 244: duplicate Finley
rejected line 264: duplicate Blake
rejected line 281: unknown candidate Nobody
rejected line 340: unknown candidate Nobody
rejected line 344: duplicate Blake
rejected line 350: duplicate Finley
rejected line 371: duplicate Blake
rejected line 391: duplicate Finley
ballots: 386 valid, 14 rejected
round 1
  Avery 54 14.0%
  Blake 54 14.0%
  Gray 52 13.5%
  Drew 51 13.2%
  Casey 46 11.9%
  Finley 44 11.4%
  Emery 43 11.1%
  Harper 42 10.9%
  exhausted 0
  eliminated Harper
round 2
  Blake 60 15.9%
  Avery 59 15.6%
  Gray 58 15.4%
  Drew 55 14.6%
  Casey 50 13.3%
  Emery 49 13.0%
  Finley 46 12.2%
  exhausted 9
  eliminated Finley
round 3
  Drew 66 18.0%
  Blake 64 17.5%
  Avery 63 17.2%
  Gray 60 16.4%
  Casey 58 15.8%
  Emery 55 15.0%
  exhausted 20
  eliminated Emery
round 4
  Drew 76 21.7%
  Blake 71 20.3%
  Avery 69 19.7%
  Gray 69 19.7%
  Casey 65 18.6%
  exhausted 36
  eliminated Casey
round 5
  Drew 90 26.9%
  Avery 85 25.4%
  Blake 83 24.8%
  Gray 77 23.0%
  exhausted 51
  eliminated Gray
round 6
  Blake 107 34.7%
  Drew 104 33.8%
  Avery 97 31.5%
  exhausted 78
  eliminated Avery
round 7
  Blake 126 50.8%
  Drew 122 49.2%
  exhausted 138
winner Blake
