rejected line 61: empty rank
rejected line 91: empty rank
rejected line 114: empty rank
ballots: 117 valid, 3 rejected
round 1
  a1 48 41.0%
  b2 19 16.2%
  f6 15 12.8%
  d4 12 10.3%
  e5 12 10.3%
  c3 11 9.4%
  exhausted 0
  eliminated c3
round 2
  a1 49 43.4%
  b2 19 16.8%
  f6 16 14.2%
  d4 15 13.3%
  e5 14 12.4%
  exhausted 4
  eliminated e5
round 3
  a1 53 48.6%
  b2 20 18.3%
  d4 18 16.5%
  f6 18 16.5%
  exhausted 8
  eliminated d4
round 4
  a1 55 55.6%
  b2 26 26.3%
  f6 18 18.2%
  exhausted 18
winner a1
