line 1: error: bad id
line 2: error: bad id
line 3: error: bad id
line 4: error: bad name
line 5: error: bad name
line 6: error: bad rate
line 7: error: bad rate
line 8: error: bad rate
line 9: error: wrong field count
line 10: error: wrong field count
line 11: error: unknown command
line 12: error: wrong field count
line 13: error: wrong field count
line 14: error: wrong field count
line 15: error: bad id
line 16: error: unknown employee E002
line 18: error: duplicate employee E001
id   name        regular overtime        pay
E001 Abcdefghij     1:00     0:00       0.50
     total          1:00     0:00       0.50
