line 4: error: overlapping shift
line 5: error: overlapping shift
line 15: error: overlapping shift
line 37: error: overlapping shift
line 40: error: overlapping shift
line 41: error: overlapping shift
line 42: error: overlapping shift
line 53: error: overlapping shift
line 57: error: duplicate employee E001
line 63: error: duplicate employee E017
line 65: error: overlapping shift
line 82: error: overlapping shift
line 83: error: overlapping shift
line 85: error: overlapping shift
line 88: error: overlapping shift
line 90: error: overlapping shift
line 94: error: overlapping shift
line 95: error: overlapping shift
line 99: error: overlapping shift
line 103: error: overlapping shift
line 106: error: overlapping shift
line 108: error: overlapping shift
line 110: error: overlapping shift
line 112: error: overlapping shift
line 115: error: overlapping shift
line 117: error: overlapping shift
line 119: error: overlapping shift
line 121: error: overlapping shift
line 122: error: overlapping shift
line 125: error: overlapping shift
line 128: error: overlapping shift
line 130: error: overlapping shift
line 138: error: overlapping shift
line 139: error: overlapping shift
line 141: error: overlapping shift
line 142: error: overlapping shift
line 148: error: overlapping shift
line 153: error: overlapping shift
line 154: error: overlapping shift
line 158: error: overlapping shift
line 159: error: overlapping shift
line 162: error: overlapping shift
line 168: error: overlapping shift
line 169: error: overlapping shift
line 171: error: overlapping shift
line 178: error: duplicate employee E019
line 179: error: overlapping shift
line 181: error: overlapping shift
line 183: error: overlapping shift
line 187: error: overlapping shift
line 188: error: overlapping shift
line 189: error: overlapping shift
line 191: error: duplicate employee E012
line 196: error: overlapping shift
line 198: error: overlapping shift
line 199: error: duplicate employee E016
id   name        regular overtime        pay
E000 Eli            8:00     3:45     241.57
E001 Eli          151:45    84:30   10415.90
E004 Eli          105:15    25:00    4880.62
E008 Eli           37:00     4:00    1195.40
E012 Dee           61:00     5:45    2703.54
E016 Ann           40:30     5:15    1444.48
E017 Ann          122:30    51:00    2419.84
E019 Dee           74:30    20:00    3893.67
     total        600:30   199:15   27195.02
