line 20: error: duplicate employee E005
line 32: error: overlapping shift
line 37: error: overlapping shift
line 43: error: duplicate employee E012
line 52: error: overlapping shift
line 53: error: overlapping shift
line 58: error: overlapping shift
line 59: error: overlapping shift
line 62: error: overlapping shift
line 65: error: overlapping shift
line 68: error: overlapping shift
line 74: error: overlapping shift
line 77: error: overlapping shift
line 78: error: overlapping shift
line 84: error: duplicate employee E017
line 87: error: overlapping shift
line 88: error: overlapping shift
line 92: error: overlapping shift
line 93: error: overlapping shift
line 95: error: duplicate employee E011
line 99: error: overlapping shift
line 100: error: overlapping shift
line 101: error: overlapping shift
line 102: error: overlapping shift
line 105: error: overlapping shift
line 114: error: overlapping shift
line 126: error: duplicate employee E009
line 128: error: duplicate employee E018
line 135: error: duplicate employee E013
line 146: error: overlapping shift
line 149: error: overlapping shift
line 155: error: overlapping shift
line 167: error: bad break
line 173: error: overlapping shift
line 176: error: duplicate employee E009
line 180: error: overlapping shift
line 190: error: overlapping shift
line 192: error: overlapping shift
line 196: error: duplicate employee E001
line 199: error: overlapping shift
line 209: error: duplicate employee E014
line 212: error: overlapping shift
line 216: error: duplicate employee E005
line 220: error: duplicate employee E002
line 222: error: duplicate employee E008
line 228: error: duplicate employee E017
line 233: error: duplicate employee E006
line 234: error: overlapping shift
line 241: error: overlapping shift
line 242: error: overlapping shift
line 246: error: overlapping shift
line 249: error: overlapping shift
line 254: error: overlapping shift
line 262: error: overlapping shift
line 267: error: duplicate employee E014
line 269: error: overlapping shift
line 270: error: overlapping shift
line 273: error: overlapping shift
line 274: error: duplicate employee E015
line 281: error: overlapping shift
line 285: error: duplicate employee E001
line 292: error: overlapping shift
line 294: error: overlapping shift
line 295: error: overlapping shift
line 296: error: overlapping shift
line 300: error: duplicate employee E017
line 304: error: overlapping shift
line 306: error: overlapping shift
line 307: error: overlapping shift
line 308: error: duplicate employee E015
line 311: error: overlapping shift
line 321: error: overlapping shift
line 325: error: overlapping shift
line 327: error: overlapping shift
line 331: error: duplicate employee E011
line 336: error: overlapping shift
line 340: error: duplicate employee E010
line 345: error: overlapping shift
line 346: error: overlapping shift
line 347: error: overlapping shift
line 348: error: overlapping shift
line 349: error: overlapping shift
line 352: error: overlapping shift
line 356: error: duplicate employee E006
line 359: error: overlapping shift
line 361: error: duplicate employee E017
line 364: error: overlapping shift
line 373: error: overlapping shift
line 381: error: overlapping shift
line 387: error: overlapping shift
line 388: error: overlapping shift
line 389: error: duplicate employee E018
line 392: error: duplicate employee E001
line 393: error: overlapping shift
line 394: error: overlapping shift
line 397: error: duplicate employee E011
line 398: error: overlapping shift
line 399: error: duplicate employee E006
line 401: error: overlapping shift
line 402: error: overlapping shift
line 410: error: overlapping shift
line 413: error: overlapping shift
line 414: error: overlapping shift
line 415: error: overlapping shift
line 416: error: overlapping shift
line 418: error: duplicate employee E010
line 419: error: overlapping shift
line 420: error: overlapping shift
line 425: error: overlapping shift
line 431: error: overlapping shift
line 433: error: duplicate employee E010
line 434: error: overlapping shift
line 438: error: overlapping shift
line 443: error: duplicate employee E002
line 448: error: overlapping shift
line 450: error: overlapping shift
line 451: error: overlapping shift
line 457: error: overlapping shift
line 458: error: overlapping shift
line 460: error: overlapping shift
line 463: error: overlapping shift
line 464: error: overlapping shift
line 465: error: overlapping shift
line 467: error: overlapping shift
line 468: error: overlapping shift
line 475: error: overlapping shift
line 478: error: overlapping shift
line 482: error: overlapping shift
line 484: error: overlapping shift
line 488: error: overlapping shift
line 489: error: overlapping shift
line 493: error: overlapping shift
line 495: error: duplicate employee E008
line 496: error: duplicate employee E011
line 499: error: duplicate employee E014
line 501: error: overlapping shift
line 504: error: overlapping shift
line 508: error: overlapping shift
line 509: error: overlapping shift
line 511: error: overlapping shift
line 512: error: overlapping shift
line 513: error: overlapping shift
line 514: error: overlapping shift
line 517: error: overlapping shift
line 528: error: overlapping shift
line 529: error: overlapping shift
line 533: error: overlapping shift
line 535: error: overlapping shift
line 539: error: overlapping shift
line 540: error: duplicate employee E017
line 541: error: overlapping shift
line 546: error: overlapping shift
line 548: error: overlapping shift
line 549: error: overlapping shift
line 550: error: duplicate employee E014
line 551: error: duplicate employee E011
line 552: error: duplicate employee E013
line 553: error: overlapping shift
line 554: error: overlapping shift
line 556: error: overlapping shift
line 564: error: overlapping shift
line 566: error: duplicate employee E007
line 571: error: overlapping shift
line 573: error: overlapping shift
line 574: error: overlapping shift
line 577: error: overlapping shift
line 578: error: overlapping shift
line 581: error: overlapping shift
line 582: error: overlapping shift
line 583: error: overlapping shift
line 584: error: overlapping shift
line 587: error: overlapping shift
line 590: error: overlapping shift
line 591: error: overlapping shift
line 594: error: duplicate employee E017
line 595: error: overlapping shift
line 597: error: overlapping shift
line 599: error: overlapping shift
line 603: error: overlapping shift
line 604: error: overlapping shift
line 606: error: overlapping shift
line 608: error: overlapping shift
line 610: error: overlapping shift
line 612: error: overlapping shift
line 613: error: overlapping shift
line 614: error: overlapping shift
line 618: error: overlapping shift
line 623: error: overlapping shift
line 626: error: overlapping shift
line 629: error: overlapping shift
line 630: error: overlapping shift
line 632: error: overlapping shift
line 633: error: duplicate employee E002
line 634: error: overlapping shift
line 639: error: overlapping shift
line 640: error: overlapping shift
line 644: error: overlapping shift
line 645: error: overlapping shift
line 647: error: overlapping shift
line 655: error: overlapping shift
line 656: error: overlapping shift
line 657: error: duplicate employee E012
line 658: error: overlapping shift
line 659: error: overlapping shift
line 661: error: overlapping shift
line 664: error: overlapping shift
line 666: error: overlapping shift
line 667: error: overlapping shift
line 668: error: overlapping shift
line 669: error: duplicate employee E014
line 671: error: overlapping shift
line 672: error: overlapping shift
line 673: error: overlapping shift
line 675: error: overlapping shift
line 678: error: overlapping shift
line 681: error: overlapping shift
line 683: error: overlapping shift
line 685: error: overlapping shift
line 686: error: duplicate employee E015
line 687: error: duplicate employee E012
line 688: error: overlapping shift
line 690: error: overlapping shift
line 691: error: duplicate employee E007
line 693: error: overlapping shift
line 695: error: overlapping shift
line 696: error: overlapping shift
line 697: error: overlapping shift
line 699: error: overlapping shift
line 701: error: overlapping shift
line 702: error: overlapping shift
line 703: error: overlapping shift
line 706: error: overlapping shift
line 708: error: overlapping shift
line 709: error: overlapping shift
line 712: error: overlapping shift
line 713: error: overlapping shift
line 716: error: overlapping shift
line 717: error: overlapping shift
line 718: error: overlapping shift
line 723: error: overlapping shift
line 728: error: overlapping shift
line 729: error: duplicate employee E008
line 731: error: overlapping shift
line 732: error: overlapping shift
line 735: error: overlapping shift
line 738: error: overlapping shift
line 740: error: overlapping shift
line 741: error: overlapping shift
line 742: error: overlapping shift
line 743: error: overlapping shift
line 745: error: overlapping shift
line 747: error: bad break
line 749: error: overlapping shift
line 752: error: overlapping shift
line 753: error: overlapping shift
line 754: error: overlapping shift
line 755: error: overlapping shift
line 757: error: bad break
line 759: error: overlapping shift
line 761: error: overlapping shift
line 765: error: overlapping shift
line 768: error: overlapping shift
line 770: error: overlapping shift
line 772: error: overlapping shift
line 773: error: overlapping shift
line 775: error: overlapping shift
line 776: error: overlapping shift
line 777: error: overlapping shift
line 780: error: overlapping shift
line 782: error: overlapping shift
line 784: error: overlapping shift
line 787: error: overlapping shift
line 790: error: overlapping shift
line 791: error: overlapping shift
line 792: error: overlapping shift
line 794: error: overlapping shift
line 795: error: overlapping shift
line 797: error: duplicate employee E016
line 798: error: overlapping shift
line 799: error: overlapping shift
line 800: error: overlapping shift
id   name        regular overtime        pay
E000 Bo            84:00    22:15    3160.91
E001 Ann          150:15    56:30    8161.55
E002 Dee           93:00    30:45    2722.68
E003 Eli           23:00     2:15     292.76
E004 Dee           62:00     9:30    1312.26
E005 Bo           167:00    74:45    9339.52
E006 Eli          126:15    35:00    1916.20
E007 Ann           90:45    20:15    2028.84
E008 Dee          143:45    32:00    5861.80
E009 Eli          130:30    44:00    2656.68
E010 Dee          130:00    75:30    8416.45
E011 Eli          153:45    44:15    4651.24
E012 Eli          153:45    47:45    4419.60
E013 Bo            81:45    25:00    2514.98
E014 Dee          139:15    68:30    5798.32
E015 Cyd          126:30    22:45    5170.52
E016 Ann            1:00     0:00      34.35
E017 Cyd          159:15    84:45    8133.05
E018 Ann          155:00    80:15    8346.62
E019 Eli           19:45     2:00     601.28
     total       2190:30   778:00   85539.61
