== blinker (5x5) ==
.....
..#..
..#..
..#..
.....
cycle: generation 2 repeats generation 0 (period 2)
after 2 generations:
.....
..#..
..#..
..#..
.....
population: 3 3
peak 3 at generation 0

== glider (8x6) ==
.#......
..#.....
###.....
........
........
........
cycle: generation 16 repeats generation 15 (period 1)
after 16 generations:
........
........
........
........
....##..
....##..
population: 5 5 5 5 5 5 5 5 5 5 5 5 5 4 3 4
peak 5 at generation 0

== beehive (6x5) ==
......
..##..
.#..#.
..##..
......
cycle: generation 1 repeats generation 0 (period 1)
after 1 generations:
......
..##..
.#..#.
..##..
......
population: 6
peak 6 at generation 0

== r-pentomino (8x7) ==
........
........
...##...
..##....
...#....
........
........
cycle: generation 20 repeats generation 19 (period 1)
after 20 generations:
........
........
........
........
........
........
........
population: 5 6 7 9 8 9 12 11 18 10 10 8 12 7 6 5 5 3 2 0
peak 18 at generation 8

