== easy ==
givens: 30
5 3 4 | 6 7 8 | 9 1 2
6 7 2 | 1 9 5 | 3 4 8
1 9 8 | 3 4 2 | 5 6 7
------+-------+------
8 5 9 | 7 6 1 | 4 2 3
4 2 6 | 8 5 3 | 7 9 1
7 1 3 | 9 2 4 | 8 5 6
------+-------+------
9 6 1 | 5 3 7 | 2 8 4
2 8 7 | 4 1 9 | 6 3 5
3 4 5 | 2 8 6 | 1 7 9
solved with 0 guesses

== medium ==
givens: 27
5 1 9 | 7 4 8 | 6 3 2
7 8 3 | 6 5 2 | 4 1 9
4 2 6 | 1 3 9 | 8 7 5
------+-------+------
3 5 7 | 9 8 6 | 2 4 1
2 6 4 | 3 1 7 | 5 9 8
1 9 8 | 5 2 4 | 3 6 7
------+-------+------
9 7 5 | 8 6 3 | 1 2 4
8 3 2 | 4 9 1 | 7 5 6
6 4 1 | 2 7 5 | 9 8 3
solved with 6 guesses

== duplicate ==
invalid: digit 5 repeats at r9c1 (cell 0)

== short ==
bad input: need 81 cells, got 9

== stuck ==
givens: 9
no solution (0 guesses tried)

