== opposite corners ==
o plays 1 (score 0)
x plays 7 (score 0)
o plays 6 (score 0)
x plays 2 (score 0)
o plays 5 (score 0)
x plays 3 (score 0)
x o x
x o o
o x x
draw

== blunder ==
o plays 8 (score -6)
x plays 3 (score 7)
o plays 2 (score -8)
x plays 5 (score 9)
x o o
x x x
6 7 o
x wins

== x fork ==
o plays 1 (score -8)
x plays 3 (score 9)
x o o
x o 5
x 7 x
x wins

== illegal moves ==
illegal: square 4 is taken by x
illegal: square 9 is off the board
x plays 3 (score 0)
o plays 5 (score 0)
x plays 1 (score 0)
o plays 7 (score 0)
x plays 8 (score 0)
o x x
x x o
o o x
draw

== finished ==
x x x
o o 5
6 7 8
x wins

