ascending 1..15: height 4, rotations 11, valid true
  level 0: 8
  level 1: 4 12
  level 2: 2 6 10 14
  level 3: 1 3 5 7 9 11 13 15
mixed: height 5, rotations 9, valid true
            90
        85
            80
    70
            65
                64
        60
            50
30
            27
        26
            25
    20
            10
        5
            1
delete 20: root 30, height 5, +0 rotations, valid true
delete 50: root 30, height 4, +2 rotations, valid true
delete 99: root 30, height 4, +0 rotations, valid true
delete 1: root 30, height 4, +0 rotations, valid true
delete 5: root 30, height 4, +0 rotations, valid true
delete 10: root 30, height 4, +1 rotations, valid true
keys: 25,26,27,30,60,64,65,70,80,85,90
