-- exploded bill for 1 bicycle --
bicycle                         1    1211.40
  frame set                     1     605.50
    frame                       1     420.00
    fork                        1     150.00
    headset                     1      35.50
  wheel                         2     334.40
    rim                         2      96.00
    spoke                      64      41.60
    hub                         2     124.00
    tire                        2      59.80
    tube                        2      13.00
  drivetrain                    1     227.50
    crankset                    1     111.00
      crank arm                 2      62.00
      chainring                 1      27.00
      bottom bracket            1      22.00
    chain                       1      24.00
    pedal                       2      37.50
    cassette                    1      55.00
  saddle                        1      44.00
unit cost: 1211.40
-- raw parts for an order of 25 bicycles --
  frame              25    10500.00
  fork               25     3750.00
  hub                50     3100.00
  rim                50     2400.00
  crank arm          50     1550.00
  ... 10 more raw parts, 2100 pieces in total
where is 'pedal' used: drivetrain
where is 'spoke' used: wheel
rejected: cycle: kit > widget > kit
rejected: gizmo is neither a raw part nor an assembly (in kit) [part gizmo]
rejected: bad item " one x box"
