text: "abracadabra"
  symbols 5, tree depth 3, total weight 11
    a    0          x5
    b    110        x2
    c    100        x1
    d    101        x1
    r    111        x2
  bits 23 vs 88 raw (26.1%), avg 2.091 bits/char
  round trip: ok
text: "aaaaaaa"
  symbols 1, tree depth 0, total weight 7
    a    0          x7
  bits 7 vs 56 raw (12.5%), avg 1.000 bits/char
  round trip: ok
text: "she sells sea shells by the sea shore"
  symbols 11, tree depth 5, total weight 37
    s    01         x8
    ' '  110        x7
    e    111        x7
    h    001        x4
    l    100        x4
    a    0001       x2
    ... 5 more
  bits 114 vs 296 raw (38.5%), avg 3.081 bits/char
  first 40 bits: 0100111111001111100100011100111100011100
  round trip: ok
text: "the quick brown fox jumps over the lazy dog"
  symbols 27, tree depth 5, total weight 43
    ' '  110        x8
    e    1010       x3
    o    1011       x4
    a    00000      x1
    b    00001      x1
    c    00010      x1
    ... 21 more
  bits 192 vs 344 raw (55.8%), avg 4.465 bits/char
  first 40 bits: 1111011100101011001101111110011000010010
  round trip: ok
