booked   09:00-09:15 standup
booked   10:00-11:30 design review
booked   11:30-12:00 1:1 ann
booked   12:30-13:30 lunch talk
rejected hiring sync 11:00-11:45 clashes with 10:00-11:30 design review
booked   15:00-16:00 retro
booked   14:00-15:00 planning
invalid  oops: end before start
booked   17:30-18:30 late call
rejected coffee 09:10-09:20 clashes with 09:00-09:15 standup
booked   13:30-14:00 deep work
Orion: 8 bookings
  09:00-09:15 standup
  10:00-11:30 design review
  11:30-12:00 1:1 ann
  12:30-13:30 lunch talk
  13:30-14:00 deep work
  14:00-15:00 planning
  15:00-16:00 retro
  17:30-18:30 late call
-- who is in the room? --
  09:05: standup
  11:30: 1:1 ann
  12:15: free
  14:59: planning
  17:45: late call
-- overlapping 11:00-14:10 --
  10:00-11:30 design review
  11:30-12:00 1:1 ann
  12:30-13:30 lunch talk
  13:30-14:00 deep work
  14:00-15:00 planning
-- free slots of 30+ minutes, 08:00-19:00 --
  08:00-09:00 (60 min)
  09:15-10:00 (45 min)
  12:00-12:30 (30 min)
  16:00-17:30 (90 min)
  18:30-19:00 (30 min)
