skip: l at (70,5) is outside (0,0 64x64)
points 13, nodes 29, height 5
(0,0 64x64)
  (0,0 32x32)
    (0,0 16x16)
      (0,0 8x8) a
      (8,0 8x8) -
      (0,8 8x8) -
      (8,8 8x8)
        (8,8 4x4) j k
        (12,8 4x4) d
        (8,12 4x4) c m
        (12,12 4x4) -
    (16,0 16x16) -
    (0,16 16x16) -
    (16,16 16x16) -
  (32,0 32x32) b
  (0,32 32x32) -
  (32,32 32x32)
    (32,32 16x16)
      (32,32 8x8) -
      (40,32 8x8) -
      (32,40 8x8)
        (32,40 4x4) e f
        (36,40 4x4) -
        (32,44 4x4) g
        (36,44 4x4) h
      (40,40 8x8) -
    (48,32 16x16) -
    (32,48 16x16) -
    (48,48 16x16) i n
query (0,0 16x16): 6 hit(s) [a,c,d,j,k,m] visiting 17 of 29 nodes
query (30,38 8x8): 3 hit(s) [e,f,g] visiting 17 of 29 nodes
query (40,0 24x24): 1 hit(s) [b] visiting 5 of 29 nodes
query (0,0 64x64): 13 hit(s) [a,b,c,d,e,f,g,h,i,j,k,m,n] visiting 29 of 29 nodes
same spot x6: nodes 21, height 6 (depth capped at 5)
