t=00 closed     req0:ok
t=04 closed     req4:error 503
t=06 open       req6:error 500
t=08 open       req8:rejected until t=12
t=10 open       req10:rejected until t=12
t=14 open       req14:error 500
t=16 open       req16:rejected until t=20
t=18 open       req18:rejected until t=20
t=20 half_open  req20:ok
t=22 open       req22:rejected until t=28
t=24 open       req24:rejected until t=28
t=26 open       req26:rejected until t=28
t=30 open       req30:error 500
t=32 open       req32:rejected until t=36
t=34 open       req34:rejected until t=36
transitions:
  t=6 closed -> open
  t=12 open -> half_open
  t=14 half_open -> open
  t=20 open -> half_open
  t=22 half_open -> open
  t=28 open -> half_open
  t=30 half_open -> open
  t=36 open -> half_open
  t=38 half_open -> closed
service calls: 13
ok=7 failed=4 rejected=9 retried=2
