t=00  up to 1                dir=up    stops=[5]
t=01  up to 2                dir=up    stops=[2, 5]
t=02  arrive 2, doors open   dir=up    stops=[5]
t=03  doors open at 2        dir=up    stops=[5, 8]
t=04  doors close at 2       dir=up    stops=[5, 8]
t=05  up to 3                dir=up    stops=[5, 8]
t=06  up to 4                dir=up    stops=[1, 5, 8]
t=07  up to 5                dir=up    stops=[1, 5, 8]
t=08  arrive 5, doors open   dir=up    stops=[1, 8]
t=09  rejected eve: no floor 12
t=09  doors open at 5        dir=up    stops=[1, 8]
t=10  doors close at 5       dir=up    stops=[1, 7, 8]
t=11  up to 6                dir=up    stops=[1, 7, 8]
t=12  up to 7                dir=up    stops=[1, 7, 8]
t=13  arrive 7, doors open   dir=up    stops=[1, 8]
t=14  doors open at 7        dir=up    stops=[0, 1, 8]
t=15  doors close at 7       dir=up    stops=[0, 1, 8]
t=16  up to 8                dir=up    stops=[0, 1, 8]
t=17  arrive 8, doors open   dir=up    stops=[0, 1]
t=18  doors open at 8        dir=up    stops=[0, 1]
t=19  doors close at 8       dir=up    stops=[0, 1]
t=20  down to 7              dir=down  stops=[0, 1]
t=21  down to 6              dir=down  stops=[0, 1]
t=22  down to 5              dir=down  stops=[0, 1, 3]
t=23  down to 4              dir=down  stops=[0, 1, 3]
t=24  down to 3              dir=down  stops=[0, 1, 3]
t=25  arrive 3, doors open   dir=down  stops=[0, 1]
t=26  doors open at 3        dir=down  stops=[0, 1]
t=27  doors close at 3       dir=down  stops=[0, 1]
t=28  down to 2              dir=down  stops=[0, 1]
t=29  down to 1              dir=down  stops=[0, 1]
t=30  arrive 1, doors open   dir=down  stops=[0]
t=31  doors open at 1        dir=down  stops=[0]
t=32  doors close at 1       dir=down  stops=[0]
t=33  down to 0              dir=down  stops=[0]
t=34  arrive 0, doors open   dir=down  stops=[]
t=35  doors open at 0        dir=down  stops=[]
t=36  doors close at 0       dir=down  stops=[]
moved 16 floors, finished at t=36
  ann  floor 5 waited 8
  bob  floor 2 waited 1
  cy   floor 8 waited 14
  dee  floor 1 waited 24
  fay  floor 7 waited 3
  gus  floor 0 waited 20
  hal  floor 3 waited 3
