t=00 player=(0,0)  grunt patrols to (9,2) [patrol] | scout patrols to (2,8) [patrol]
t=01 player=(1,0)  grunt patrols to (9,3) [patrol] | scout patrols to (3,8) [patrol]
t=02 player=(2,0)  grunt patrols to (9,4) [patrol] | scout patrols to (4,8) [patrol]
t=03 player=(3,0)  grunt patrols to (9,5) [patrol] | scout patrols to (5,8) [patrol]
t=04 player=(4,1)  grunt patrols to (9,6) [patrol] | scout patrols to (6,8) [patrol]
t=05 player=(5,1)  grunt patrols to (9,6) [patrol] | scout patrols to (7,8) [patrol]
t=06 player=(6,2)  grunt patrols to (9,5) [patrol] | scout patrols to (8,8) [patrol]
t=07 player=(7,2)  grunt chases to (8,5) [chase] | scout patrols to (8,8) [patrol]
t=08 player=(7,2)  grunt chases to (7,5) [chase] | scout patrols to (8,9) [patrol]
t=09 player=(7,2)  grunt chases to (7,4) [chase] | scout patrols to (8,9) [patrol]
t=10 player=(7,2)  grunt chases to (7,3) [chase] | scout patrols to (7,9) [patrol]
t=11 player=(7,2)  grunt attacks (hp 75) [attack] | scout patrols to (6,9) [patrol]
t=12 player=(7,2)  grunt attacks (hp 70) [attack] | scout patrols to (5,9) [patrol]
t=13 player=(7,2)  grunt attacks (hp 45) [attack] | scout patrols to (4,9) [patrol]
t=14 player=(7,2)  grunt attacks (hp 20) [attack] | scout patrols to (3,9) [patrol]
t=15 player=(7,2)  grunt flees to (7,4) [flee] | scout patrols to (2,9) [patrol]
t=16 player=(7,2)  grunt flees to (7,5) [flee] | scout patrols to (2,8) [patrol]
t=17 player=(6,2)  grunt flees to (8,6) [flee] | scout patrols to (2,8) [patrol]
t=18 player=(5,2)  grunt flees to (9,7) [flee] | scout patrols to (3,8) [patrol]
t=19 player=(4,2)  grunt recovers (hp 35) [recover] | scout patrols to (4,8) [patrol]
t=20 player=(3,2)  grunt recovers (hp 50) [recover] | scout patrols to (5,8) [patrol]
t=21 player=(2,2)  grunt recovers (hp 65) [recover] | scout patrols to (6,8) [patrol]
t=22 player=(1,2)  grunt recovers (hp 80) [recover] | scout patrols to (7,8) [patrol]
t=23 player=(0,2)  grunt patrols to (9,6) [patrol] | scout patrols to (8,8) [patrol]
t=24 player=(0,3)  grunt patrols to (9,5) [patrol] | scout patrols to (8,8) [patrol]
t=25 player=(0,4)  grunt patrols to (9,4) [patrol] | scout patrols to (8,9) [patrol]
t=26 player=(0,5)  grunt patrols to (9,3) [patrol] | scout patrols to (8,9) [patrol]
t=27 player=(0,6)  grunt patrols to (9,2) [patrol] | scout patrols to (7,9) [patrol]
t=28 player=(1,6)  grunt patrols to (9,2) [patrol] | scout patrols to (6,9) [patrol]
t=29 player=(2,6)  grunt patrols to (9,3) [patrol] | scout patrols to (5,9) [patrol]
t=30 player=(3,7)  grunt patrols to (9,4) [patrol] | scout chases to (4,9) [chase]
t=31 player=(3,7)  grunt patrols to (9,5) [patrol] | scout chases to (3,9) [chase]
t=32 player=(3,7)  grunt patrols to (9,6) [patrol] | scout chases to (3,8) [chase]
t=33 player=(3,7)  grunt patrols to (9,6) [patrol] | scout attacks (hp 95) [attack]
t=34 player=(3,7)  grunt patrols to (9,5) [patrol] | scout attacks (hp 70) [attack]
grunt: hp=80 state=patrol pos=(9,5) transitions=5
scout: hp=70 state=attack pos=(3,8) transitions=2
