order 101: delivered total=$9.49 paid=$9.49
  t=1   pending -> paid
  t=6   paid -> shipped
  t=9   shipped -> delivered
order 102: refunded total=$25.98 paid=$0.00
  t=4   pending -> paid
  t=13  refund $25.98
  t=13  paid -> refunded
order 103: refunded total=$238.00 paid=$0.00
  t=5   pending -> paid
  t=8   paid -> shipped
  t=11  shipped -> lost
  t=12  refund $238.00
  t=12  lost -> refunded
order 104: cancelled total=$1.50 paid=$0.00
  t=7   pending -> cancelled
errors:
  t=2: order 102: cannot ship when pending [pending/ship]
  t=3: order 102: paid $20.00 < $25.98 [pending/pay]
  t=10: order 104: cannot pay when cancelled [cancelled/pay]
  t=14: no order 105
  t=15: order 101: cannot ship when delivered [delivered/ship]
  t=16: order 102: cannot cancel when refunded [refunded/cancel]
delivered: 101
refunded: 102,103
cancelled: 104
revenue held: $9.49
largest order: 103 ($238.00)
