== good
  C: EHLO client.test
  S: 250 hello client.test
  C: MAIL FROM:<ann@client.test>
  S: 250 sender ok
  C: RCPT TO:<bob@example.org>
  S: 250 recipient ok
  C: RCPT TO:<cy@Mail.Example.org>
  S: 250 recipient ok
  C: DATA
  S: 354 end with <CRLF>.<CRLF>
  C: Subject: hi
  C: 
  C: ..leading dot
  C: bye
  C: .
  S: 250 OK: queued as 1 (4 lines)
  C: QUIT
  S: 221 bye
  delivered from ann@client.test to bob@example.org, cy@Mail.Example.org: ["Subject: hi", "", ".leading dot", "bye"]
  errors: 0, final state: closed
== rude
  C: MAIL FROM:<x@y.z>
  S: 503 send HELO first
  C: HELO
  S: 501 domain required
  C: HELO h
  S: 250 hello h
  C: RCPT TO:<a@example.org>
  S: 503 need MAIL first
  C: MAIL FROM:bad
  S: 501 bad sender syntax
  C: MAIL FROM:<x@y.z>
  S: 250 sender ok
  C: MAIL FROM:<x@y.z>
  S: 503 nested MAIL
  C: RCPT TO:<spam@elsewhere.com>
  S: 550 relaying denied for elsewhere.com
  C: DATA
  S: 503 need RCPT first
  C: VRFY bob
  S: 500 unknown command VRFY
  C: QUIT
  S: 221 bye
  errors: 8, final state: closed
== many
  C: HELO h
  S: 250 hello h
  C: MAIL FROM:<a@h>
  S: 250 sender ok
  C: RCPT TO:<1@example.org>
  S: 250 recipient ok
  C: RCPT TO:<2@example.org>
  S: 250 recipient ok
  C: RCPT TO:<3@example.org>
  S: 250 recipient ok
  C: RCPT TO:<4@example.org>
  S: 452 too many recipients
  C: RSET
  S: 250 reset
  C: NOOP
  S: 250 ok
  C: MAIL FROM:<b@h>
  S: 250 sender ok
  C: RCPT TO:<z@example.org>
  S: 250 recipient ok
  C: DATA
  S: 354 end with <CRLF>.<CRLF>
  C: one line
  C: .
  S: 250 OK: queued as 1 (1 lines)
  C: QUIT
  S: 221 bye
  C: NOOP   (connection closed)
  delivered from b@h to z@example.org: ["one line"]
  errors: 1, final state: closed
