S12 -> S1: 8 min, 2 transfers
  Blue: S12 > S4; Red: S4 > S6; Teal: S6 > S1
S9 -> S3: 6 min, 1 transfer
  Green: S9 > S7; Teal: S7 > S3
S4 -> S11: 5 min, 2 transfers
  Gold: S4 > S13; Teal: S13 > S9; Gold: S9 > S11
S4 -> S13: 2 min, 0 transfers
  Gold: S4 > S13
S10 -> S1: 10 min, 1 transfer
  Teal: S10 > S3; Green: S3 > S1
S2 -> S13: 6 min, 1 transfer
  Blue: S2 > S5; Gold: S5 > S4 > S13
S12 -> S9: 4 min, 0 transfers
  Blue: S12 > S9
S15 -> S1: 7 min, 1 transfer
  Gold: S15 > S6; Teal: S6 > S1
S6 -> S1: 5 min, 0 transfers
  Teal: S6 > S1
S6 -> S5: 3 min, 1 transfer
  Red: S6 > S4; Gold: S4 > S5
S13 -> S9: 2 min, 0 transfers
  Teal: S13 > S9
S13 -> S13: 0 min, 0 transfers
S1 -> S14: 12 min, 0 transfers
  Teal: S1 > S6 > S14
S7 -> S2: 7 min, 1 transfer
  Green: S7 > S9; Gold: S9 > S2
S11 -> S10: 13 min, 1 transfer
  Blue: S11 > S15 > S5; Gold: S5 > S10
S15 -> S14: 7 min, 0 transfers
  Green: S15 > S14
S12 -> S12: 0 min, 0 transfers
S5 -> S14: 6 min, 0 transfers
  Gold: S5 > S14
S2 -> S8: 12 min, 2 transfers
  Red: S2 > S6 > S4; Blue: S4 > S12; Red: S12 > S8
S12 -> S2: 5 min, 1 transfer
  Blue: S12 > S4; Red: S4 > S6 > S2
S9 -> S10: 12 min, 1 transfer
  Teal: S9 > S13; Gold: S13 > S4 > S5 > S10
S9 -> S13: 2 min, 0 transfers
  Teal: S9 > S13
S9 -> S2: 5 min, 0 transfers
  Gold: S9 > S2
S7 -> S11: 3 min, 1 transfer
  Green: S7 > S9; Gold: S9 > S11
S9 -> S7: 2 min, 0 transfers
  Green: S9 > S7
S7 -> S9: 2 min, 0 transfers
  Green: S7 > S9
S12 -> S7: 4 min, 0 transfers
  Red: S12 > S7
S12 -> S14: 8 min, 1 transfer
  Blue: S12 > S4; Gold: S4 > S5 > S14
S9 -> S1: 7 min, 1 transfer
  Green: S9 > S7; Blue: S7 > S1
S3 -> S15: 8 min, 2 transfers
  Green: S3 > S1; Teal: S1 > S6; Gold: S6 > S15
