S14 -> S2: 4 min, 0 transfers
  Blue: S14 > S2
S6 -> S10: 1 min, 0 transfers
  Teal: S6 > S10
S14 -> S7: 6 min, 0 transfers
  Blue: S14 > S7
S13 -> S13: 0 min, 0 transfers
S1 -> S4: 5 min, 0 transfers
  Blue: S1 > S4
S8 -> S6: 5 min, 1 transfer
  Red: S8 > S14; Gold: S14 > S6
S5 -> S2: 13 min, 1 transfer
  Teal: S5 > S15; Green: S15 > S2
S13 -> S14: 7 min, 0 transfers
  Blue: S13 > S7 > S14
S9 -> S11: 5 min, 0 transfers
  Red: S9 > S11
S3 -> S7: 8 min, 0 transfers
  Teal: S3 > S15 > S7
S10 -> S9: 7 min, 0 transfers
  Red: S10 > S11 > S9
S15 -> S3: 2 min, 0 transfers
  Teal: S15 > S3
S8 -> S14: 2 min, 0 transfers
  Red: S8 > S14
S2 -> S14: 4 min, 0 transfers
  Blue: S2 > S14
S10 -> S8: 8 min, 1 transfer
  Blue: S10 > S12; Green: S12 > S8
S9 -> S14: 9 min, 1 transfer
  Teal: S9 > S8; Red: S8 > S14
S12 -> S2: 11 min, 1 transfer
  Teal: S12 > S14; Blue: S14 > S2
S14 -> S7: 6 min, 0 transfers
  Blue: S14 > S7
S14 -> S7: 6 min, 0 transfers
  Blue: S14 > S7
S11 -> S5: 1 min, 0 transfers
  Teal: S11 > S5
S9 -> S10: 7 min, 0 transfers
  Red: S9 > S11 > S10
S7 -> S15: 6 min, 0 transfers
  Teal: S7 > S15
S5 -> S3: 6 min, 0 transfers
  Teal: S5 > S15 > S3
S9 -> S6: 10 min, 1 transfer
  Red: S9 > S11 > S10; Teal: S10 > S6
S15 -> S13: 9 min, 1 transfer
  Teal: S15 > S7; Blue: S7 > S13
S3 -> S1: 6 min, 0 transfers
  Red: S3 > S1
S11 -> S4: 12 min, 1 transfer
  Teal: S11 > S5 > S15; Gold: S15 > S4
S4 -> S13: 12 min, 0 transfers
  Blue: S4 > S14 > S7 > S13
S13 -> S15: 9 min, 1 transfer
  Blue: S13 > S7; Teal: S7 > S15
S11 -> S5: 1 min, 0 transfers
  Teal: S11 > S5
