S3 -> S1: 17 min, 1 transfer
  Teal: S3 > S4; Red: S4 > S1
S11 -> S1: 17 min, 1 transfer
  Blue: S11 > S4; Red: S4 > S1
S2 -> S2: 0 min, 0 transfers
S2 -> S15: 9 min, 0 transfers
  Green: S2 > S15
S15 -> S10: 11 min, 0 transfers
  Red: S15 > S12 > S10
S12 -> S13: 3 min, 0 transfers
  Blue: S12 > S13
S3 -> S5: 4 min, 0 transfers
  Blue: S3 > S13 > S5
S15 -> S13: 10 min, 1 transfer
  Gold: S15 > S3; Blue: S3 > S13
S12 -> S5: 5 min, 0 transfers
  Blue: S12 > S13 > S5
S3 -> S7: 10 min, 1 transfer
  Blue: S3 > S13 > S5; Gold: S5 > S7
S3 -> S14: 10 min, 1 transfer
  Teal: S3 > S9; Gold: S9 > S14
S7 -> S10: 8 min, 0 transfers
  Gold: S7 > S10
S15 -> S4: 14 min, 1 transfer
  Gold: S15 > S3; Teal: S3 > S4
S5 -> S5: 0 min, 0 transfers
S15 -> S7: 15 min, 1 transfer
  Red: S15 > S12; Gold: S12 > S7
S4 -> S10: 1 min, 0 transfers
  Blue: S4 > S10
S8 -> S4: 13 min, 1 transfer
  Blue: S8 > S3 > S13; Gold: S13 > S4
S8 -> S13: 7 min, 0 transfers
  Blue: S8 > S3 > S13
S5 -> S9: 13 min, 1 transfer
  Blue: S5 > S13 > S3; Teal: S3 > S9
S2 -> S1: 20 min, 1 transfer
  Green: S2 > S4; Red: S4 > S1
S7 -> S1: 17 min, 0 transfers
  Red: S7 > S14 > S1
S12 -> S5: 5 min, 0 transfers
  Blue: S12 > S13 > S5
S12 -> S4: 9 min, 1 transfer
  Blue: S12 > S13; Gold: S13 > S4
S11 -> S11: 0 min, 0 transfers
S8 -> S14: 9 min, 1 transfer
  Green: S8 > S9; Gold: S9 > S14
S8 -> S7: 12 min, 1 transfer
  Teal: S8 > S5; Gold: S5 > S7
S3 -> S5: 4 min, 0 transfers
  Blue: S3 > S13 > S5
S14 -> S10: 7 min, 0 transfers
  Blue: S14 > S4 > S10
S10 -> S11: 4 min, 0 transfers
  Red: S10 > S11
S7 -> S5: 1 min, 0 transfers
  Gold: S7 > S5
