b -> a: 17 min, 0 transfers
  S: b > a
a -> g: 18 min, 0 transfers
  N: a > c > d > g
h -> h: 0 min, 0 transfers
d -> a: 15 min, 0 transfers
  N: d > c > a
h -> h: 0 min, 0 transfers
h -> a: 11 min, 0 transfers
  S: h > e > a
f -> e: 17 min, 0 transfers
  N: f > d > g > e
d -> b: 34 min, 0 transfers
  S: d > a > b
d -> b: 34 min, 0 transfers
  S: d > a > b
d -> e: 11 min, 0 transfers
  N: d > g > e
d -> b: 34 min, 0 transfers
  S: d > a > b
f -> b: 41 min, 1 transfer
  N: f > d > c > a; S: a > b
c -> d: 8 min, 0 transfers
  N: c > d
c -> c: 0 min, 0 transfers
f -> h: 24 min, 1 transfer
  N: f > d > g > e; S: e > h
d -> a: 15 min, 0 transfers
  N: d > c > a
d -> e: 11 min, 0 transfers
  N: d > g > e
f -> d: 6 min, 0 transfers
  N: f > d
a -> e: 7 min, 0 transfers
  S: a > e
i -> g: unknown station i
