Ada + CS201: enrolled
Bao + CS201: enrolled
Dov + CS201: waitlisted
Eun + CS201: waitlisted
Ada + MA201: enrolled
Ada + BU110: refused (clash: time clash with CS201)
Cyd + CS101: enrolled
Cyd + MA101: enrolled
Cyd + CS301: refused (prereq: missing CS201, MA201)
Dov + CS301: refused (prereq: missing MA201)
Bao + MA201: refused (prereq: missing MA101)
Dov + MA201: enrolled
Cyd + BU110: enrolled
Eun + MA201: waitlisted
Bao + PH100: refused (unknown: no course PH100)
Ada + CS201: refused (duplicate: already enrolled)
Ada - CS201: dropped, seat goes to Dov
Cyd - CS201: refused (not_enrolled: not enrolled)
Bao + BU110: refused (clash: time clash with CS201)
Eun + BU110: enrolled
Ada - BU110: refused (not_enrolled: not enrolled)
    Eun skipped: time clash with BU110
Dov - CS201: dropped, seat goes to nobody

CS101  Intro to Programming   1/3 Cyd
CS201  Data Structures        1/2 Bao
MA101  Calculus I             1/3 Cyd
MA201  Discrete Math          2/2 Ada, Dov  waitlist: Eun
BU110  Accounting Basics      2/2 Cyd, Eun

Ada   3 credits: MA201
Bao   4 credits: CS201
Cyd  11 credits: CS101 MA101 BU110
Dov   3 credits: MA201
Eun   3 credits: BU110

Cyd -> CS301: CS101 > CS201 > MA101 > MA201 > CS301
Bao -> CS301: CS201 > MA101 > MA201 > CS301
Ada -> CS999: prerequisite cycle at CS999
