M. Rossi: night 6 is outside the stay
no folio for J. Doe

Folio: M. Rossi (double, 2 adults) 2026-07-30 to 2026-08-03
  n1  Room Thu Jul 30          216.00  Acme GmbH
  n2  Room Fri Jul 31          248.40  Acme GmbH
  n3  Room Sat Aug 01          248.40  Acme GmbH
  n4  Room Sun Aug 02          216.00  Acme GmbH
  n1  Minibar                   14.50  M. Rossi
  n2  Dinner                    86.00  M. Rossi
  n4  Massage                   95.00  M. Rossi
  total room                    928.80
  total tax                      28.00
  total minibar                  14.50
  total restaurant               86.00
  total spa                      95.00
  Acme GmbH: owes 928.80
  M. Rossi: owes 123.50

Folio: K. Tanaka (single, 1 adults) 2026-02-26 to 2026-03-01
  n1  Room Thu Feb 26          102.00  K. Tanaka
  n2  Room Fri Feb 27          117.30  K. Tanaka
  n3  Room Sat Feb 28          117.30  K. Tanaka
  n2  Breakfast                 18.00  K. Tanaka
  total room                    336.60
  total tax                      10.50
  total restaurant               18.00
  K. Tanaka: refund 34.90

Folio: L. Okafor (suite, 3 adults) 2026-12-23 to 2026-12-25
  n1  Room Wed Dec 23          408.00  L. Okafor
  n2  Room Thu Dec 24          408.00  L. Okafor
  n1  Christmas dinner         240.00  L. Okafor
  n2  Champagne                 89.00  L. Okafor
  total room                    816.00
  total tax                      21.00
  total minibar                  89.00
  total restaurant              240.00
  L. Okafor: owes 666.00

Room nights 9, ADR 231.27, extras 542.50
