ok   day 1 out m1 978-0: due day 15
ok   day 2 out m1 978-1: due day 16
FAIL day 2 out m2 978-1: 'Refactoring' is not available [copies]
FAIL day 3 out m1 978-3: Ana reached the limit [limit]
ok   day 3 out m2 978-0: due day 17
FAIL day 4 out m3 978-0: 'The Pragmatic Programmer' is not available [copies]
ok   day 5 out m3 978-2: due day 19
ok   day 6 out m2 978-3: due day 20
FAIL day 9 out m4 978-2: no such member 4 [member]
FAIL day 10 in m2 978-1: 2 has no open loan of 978-1 [loan]
FAIL day 12 out m2 978-1: 'Refactoring' is not available [copies]
ok   day 20 in m1 978-0: fine $1.25
ok   day 21 in m3 978-2: fine $0.50
FAIL day 22 out m3 978-3: Cho owes 50 cents [fines]
ok   day 23 pay m3 300: paid $0.50
ok   day 24 in m1 978-1: fine $2.00
ok   day 30 in m2 978-0: fine $3.25
ok   day 31 pay m3 1000: paid $0.00
ok   day 32 out m3 978-3: due day 46
FAIL day 40 in m1 978-3: 1 has no open loan of 978-3 [loan]

Overdue on day 40:
  Clean Architecture           Ben   20 days late

Shelf:
  The Pragmatic Programmer     Hunt    2/2 available
  Refactoring                  Fowler  1/1 available
  Domain-Driven Design         Evans   1/1 available
  Clean Architecture           Martin  1/3 available

Members:
  Ana  loans=0 fines=$3.25
  Ben  loans=1 fines=$3.25
  Cho  loans=1 fines=$0.00
Most borrowed (2 loans): The Pragmatic Programmer, Clean Architecture
