07:55 VAN-1 -> spot 005 (ticket 101)
08:02 CAR-1 -> spot 003 (ticket 102)
08:05 MOTO-1 -> spot 001 (ticket 103)
08:10 CAR-2 -> spot 002 (ticket 104)
08:11 CAR-3 -> spot 004 (ticket 105)
08:20 VAN-2 turned away: no large spot
08:30 CAR-4 -> spot 103 (ticket 106)
08:31 CAR-5 -> spot 101 (ticket 107)
08:40 CAR-6 -> spot 102 (ticket 108)
09:00 CAR-1 charged 18.5 kWh
09:15 MOTO-1 leaves after 1h10m, pays $6.00
09:20 error: CAR-6 is already inside
11:47 CAR-1 leaves after 3h45m, pays $18.48
12:00 CAR-3 leaves after 3h49m, pays $25.00 (lost ticket)
13:30 error: no car CAR-9 inside
18:40 VAN-1 leaves after 10h45m, pays $20.00
19:05 CAR-2 leaves after 10h55m, pays $20.00

Level 0: 0/5 .....
Level 1: 3/4 ###.
Revenue: $89.48
