d1 00:00 #1 opened (urgent): VPN down for sales team
d1 00:05 #2 opened (normal): Invoice PDF has wrong address
d1 00:09 #1 -> ana
d1 00:12 #3 opened (high): Password reset loop
d1 00:14 #2 -> raj
d1 00:20 #3 -> li
d1 03:20 rejected: #3 cannot go from assigned to resolved
d1 05:20 #4 opened (normal): New laptop request
d1 05:30 #4 -> ana
d2 02:40 rejected: #2 cannot go from in_progress to closed
d2 04:20 #5 opened (high): Printer jam on 3rd floor

Tickets at d2 09:20:
  #1 VPN down for sales team        urgent  closed       ana  BREACH reply 20m late, resolution 60m late
      d1 00:09 new -> assigned
      d1 00:50 assigned -> in_progress
      d1 05:00 in_progress -> resolved
      d1 16:40 resolved -> closed
  #2 Invoice PDF has wrong address  normal  in_progress  raj  ok
      d1 00:14 new -> assigned
      d1 06:40 assigned -> waiting
      d1 15:00 waiting -> in_progress
  #3 Password reset loop            high    resolved     li   BREACH reply 78m late, resolution 48m late
      d1 00:20 new -> assigned
      d1 03:30 assigned -> in_progress
      d2 01:00 in_progress -> resolved
  #4 New laptop request             normal  closed       ana  BREACH reply 1200m late
      d1 05:30 new -> assigned
      d2 01:10 assigned -> closed
  #5 Printer jam on 3rd floor       high    new          -    BREACH reply 180m late

Resolved: 2, fastest 300m, slowest 1488m
  ana: #1 #4
  raj: #2
  li: #3
