credit 2.00
credit 2.50
credit 2.55
no slot C1
no slot B2
credit 2.80
returned 2.80 [2.00 0.50 0.05 0.25]
no slot A1
credit 0.50
credit 2.50
credit 2.75
credit 4.75
no slot A2
rejected 0.01
no slot A1
no slot B1
rejected 1.00 (credit limit)
credit 5.00
returned 5.00 [0.50 2.00 0.25 2.00 0.25]
rejected 0.01
rejected 0.01
credit 0.50
insert 2.45 more
no slot A1
insert 2.45 more
credit 1.50
credit 3.50
credit 4.50
no slot B2
credit 4.55
rejected 0.50 (credit limit)
no slot B2
credit 4.60
no slot C1
credit 4.85
rejected 0.25 (credit limit)
rejected 0.25 (credit limit)
rejected 0.01
credit 4.90
no slot B2
returned 4.90 [0.50 1.00 2.00 1.00 0.05 0.05 0.25 0.05]
no slot C1
rejected 0.01
credit 1.00
credit 3.00
credit 3.05
credit 3.55
vend cola, change 1.50 [1.00 0.50]
credit 0.25
rejected 0.01
insert 1.80 more
credit 0.75
no slot C1
credit 1.25
credit 2.25
sold out A1
credit 2.35
credit 2.60
vend cola, change 0.55 [0.50 0.05]
no slot C1
credit 0.50
credit 0.55
no slot B2
credit 0.80
credit 0.90
rejected 0.01
returned 0.90 [0.50 0.05 0.25 0.10]
insert 2.05 more
credit 1.00
insert 1.05 more
credit 3.00
credit 3.10
credit 4.10
credit 4.35
no slot C1
returned 4.35 [1.00 2.00 0.10 1.00 0.25]
no slot B2
credit 1.00
credit 1.50
insert 0.55 more
returned 1.50 [1.00 0.50]
credit 1.00
credit 1.25
credit 1.75
credit 2.75
credit 3.75
vend tea, change 2.50 [2.00 0.50]
insert 2.95 more
insert 1.25 more
credit 0.25
no slot B2
returned 0.25 [0.25]
credit 0.50
credit 0.75
credit 2.75
rejected 0.01
rejected 0.01
credit 3.25
credit 3.35
credit 3.60
returned 3.60 [0.50 0.25 2.00 0.50 0.10 0.25]
credit 0.25
credit 1.25
no slot B2
returned 1.25 [0.25 1.00]
credit 0.50
insert 2.45 more
credit 1.00
rejected 0.01
credit 3.00
credit 5.00
no slot B2
rejected 0.10 (credit limit)
no slot B2
rejected 2.00 (credit limit)
rejected 1.00 (credit limit)
vend cola, change 3.95 [2.00 1.00 0.50 0.25 0.10 0.10]
credit 2.00
credit 3.00
credit 3.25
credit 3.35
vend gum, change 1.10 [1.00 0.10]
nothing to return
credit 0.10
credit 1.10
returned 1.10 [0.10 1.00]
credit 0.05
credit 0.30
insert 1.95 more
returned 0.30 [0.05 0.25]
insert 1.05 more
insert 1.95 more
insert 1.05 more
insert 1.95 more
credit 1.00
credit 3.00
vend gum, change 0.75 [0.50 0.25]
credit 0.25
rejected 0.01
credit 0.50
returned 0.50 [0.25 0.25]
insert 2.10 more
nothing to return
vend chips, change 0.00
credit 1.00
credit 1.25
rejected 0.01
credit 1.75
sold out C1
credit 1.85
returned 1.85 [1.00 0.25 0.50 0.10]
credit 2.00
credit 2.25
credit 4.25
no slot B2
credit 4.75
credit 4.75 kept
sales:
  cola           3     5.15
  gum            2     4.50
  tea            1     1.25
  chips          1     0.00
tubes: 0.05x3 0.10x3 0.25x13 0.50x12 1.00x11 2.00x13
