credit 0.05
returned 0.05 [0.05]
no slot A1
credit 0.05
no slot C1
no slot C1
no slot A1
no slot B2
no slot C1
no slot B2
credit 0.55
credit 1.55
no slot B1
credit 1.80
credit 1.85
no slot C1
returned 1.85 [0.05 0.50 1.00 0.25 0.05]
credit 0.05
credit 0.30
credit 0.80
credit 1.05
credit 1.30
credit 1.55
credit 3.55
returned 3.55 [0.05 0.25 0.50 0.25 0.25 0.25 2.00]
credit 2.00
credit 2.05
no slot B1
returned 2.05 [2.00 0.05]
credit 1.00
credit 2.00
insert 0.25 more
credit 3.00
exact change needed
credit 3.25
rejected 0.01
credit 3.30
rejected 0.01
credit 4.30
vend tea, change 2.05 [2.00 0.05]
no slot B1
nothing to return
insert 2.25 more
credit 1.00
returned 1.00 [1.00]
credit 0.50
credit 0.75
credit 1.00
credit 2.00
rejected 0.01
returned 2.00 [0.50 0.25 0.25 1.00]
credit 1.00
insert 1.25 more
credit 1.05
insert 0.90 more
credit 1.55
credit 2.55
rejected 0.01
vend tea, change 1.55 [1.00 0.50 0.05]
insert 0.85 more
insert 2.25 more
nothing to return
credit 2.00
vend tea, change 1.00 [1.00]
credit 0.50
returned 0.50 [0.50]
nothing to return
credit 0.25
rejected 0.01
sold out B2
insert 2.00 more
credit 0.50
credit 1.50
returned 1.50 [0.25 0.25 1.00]
credit 0.25
insert 2.00 more
rejected 0.01
credit 0.35
insert 1.60 more
insert 0.50 more
insert 0.65 more
insert 0.65 more
credit 1.35
credit 2.35
returned 2.35 [0.25 0.10 1.00 1.00]
insert 1.00 more
insert 2.25 more
nothing to return
credit 1.00
insert 1.25 more
credit 2.00
returned 2.00 [1.00 1.00]
insert 2.85 more
insert 0.95 more
credit 0.50
returned 0.50 [0.50]
insert 0.10 more
insert 2.25 more
insert 2.85 more
insert 2.25 more
insert 2.85 more
insert 0.65 more
credit 1.00
insert 1.25 more
credit 1.25
credit 2.25
vend gum, change 1.60 [1.00 0.50 0.10]
nothing to return
insert 2.35 more
credit 0.10
credit 0.35
credit 0.60
rejected 0.01
credit 1.60
returned 1.60 [0.10 0.25 0.25 1.00]
insert 0.65 more
insert 2.25 more
nothing to return
insert 2.25 more
credit 0.25
credit 2.25
insert 0.10 more
vend tea, change 1.15 [1.00 0.10 0.05]
nothing to return
credit 0.10
credit 0.15
credit 1.15
credit 2.15
insert 0.20 more
returned 2.15 [0.10 0.05 1.00 1.00]
insert 2.25 more
credit 0.05
credit 1.05
credit 1.30
insert 0.95 more
credit 2.30
credit 3.30
sold out C1
credit 3.40
vend cola, change 1.15 [1.00 0.10 0.05]
credit 0.25
vend gum, change 0.20 [0.10 0.10]
credit 0.10
credit 0.35
insert 2.00 more
sold out C1
credit 0.60
insert 1.75 more
credit 0.85
vend gum, change 0.80 [0.50 0.25 0.05]
insert 0.05 more
credit 0.25
credit 1.25
credit 1.75
credit 2.75
credit 3.75
credit 3.85
credit 4.10
credit 4.15
sold out C1
rejected 1.00 (credit limit)
rejected 1.00 (credit limit)
rejected 1.00 (credit limit)
vend gum, change 4.10 [2.00 2.00 0.10]
insert 2.50 more
nothing to return
credit 1.00
credit 1.10
credit 3.10
rejected 0.01
credit 3.15
credit 4.15
rejected 1.00 (credit limit)
credit 4.25
rejected 0.01
vend cola, change 2.30 [2.00 0.25 0.05]
insert 0.10 more
credit 0.05
insert 1.90 more
credit 0.30
credit 2.30
returned 2.30 [0.05 0.25 2.00]
nothing to return
sold out A2
credit 0.10
credit 0.35
credit 1.35
credit 1.60
credit 2.60
returned 2.60 [0.10 0.25 1.00 0.25 1.00]
credit 0.05
sold out A1
insert 0.05 more
insert 1.90 more
credit 1.05
credit 2.05
sold out A2
credit 4.05
credit 4.10
vend cola, change 4.00 [2.00 2.00]
credit 0.25
returned 0.25 [0.25]
credit 0.50
credit 0.60
credit 0.85
returned 0.85 [0.50 0.10 0.25]
insert 2.50 more
credit 1.00
credit 2.00
credit 2.25
credit 2.75
credit 3.00
credit 4.00
rejected 0.01
credit 4.05
rejected 0.01
rejected 1.00 (credit limit)
rejected 0.01
vend gum, change 2.00 [2.00]
credit 0.10
sold out C1
credit 0.15
credit 0.40
credit 0.65
credit 2.65
sold out A2
credit 4.65
credit 4.70
rejected 2.00 (credit limit)
sold out A1
sold out A1
sold out A1
credit 4.75
rejected 1.00 (credit limit)
vend chips, change 2.25 [2.00 0.25]
credit 0.25
sold out C1
credit 0.50
credit 1.50
sold out A1
sold out A2
credit 1.55
vend gum, change 1.05 [1.00 0.05]
sold out A2
sold out C1
insert 2.50 more
credit 0.10
credit 0.60
rejected 0.01
insert 1.90 more
credit 1.60
sold out C1
credit 1.85
sold out C1
insert 0.65 more
credit 2.85
credit 3.10
credit 3.20
credit 4.20
rejected 2.00 (credit limit)
rejected 1.00 (credit limit)
credit 4.30
vend cola, change 3.25 [2.00 1.00 0.25]
credit 0.25
credit 0.35
insert 1.00 more
credit 1.35
credit 1.60
sold out C1
returned 1.60 [0.25 0.10 1.00 0.25]
credit 0.25
credit 0.30
vend cola, change 0.05 [0.05]
credit 0.10
credit 0.15
sold out C1
credit 0.25
credit 0.30
returned 0.30 [0.10 0.05 0.10 0.05]
insert 1.50 more
credit 0.25
rejected 0.01
returned 0.25 [0.25]
credit 1.00
credit 1.10
credit 1.15
vend tea, change 0.15 [0.10 0.05]
credit 0.25
credit 0.50
credit 1.50
credit 3.50
vend gum, change 2.00 [2.00]
credit 0.25
insert 1.80 more
sold out B1
credit 0.50
credit 0.75
insert 0.25 more
insert 1.30 more
sold out B1
insert 1.30 more
credit 1.00
credit 3.00
returned 3.00 [0.25 0.25 0.25 0.25 2.00]
nothing to return
sold out A2
nothing to return
credit 1.00
returned 1.00 [1.00]
credit 1.00
credit 2.00
credit 2.50
credit 2.60
sold out B1
credit 3.10
credit 3.35
credit 3.85
sold out B1
returned 3.85 [1.00 1.00 0.50 0.10 0.50 0.25 0.50]
credit 0.50
credit 0.60
credit 1.60
returned 1.60 [0.50 0.10 1.00]
sold out B1
sold out A2
nothing to return
credit 0.10
credit 0.35
sold out A2
insert 1.70 more
returned 0.35 [0.10 0.25]
credit 0.25
credit 2.25
returned 2.25 [0.25 2.00]
credit 0.05
insert 2.00 more
insert 2.00 more
sold out B1
credit 0.10
credit 0.35
insert 1.70 more
insert 0.75 more
credit 2.35
vend tea, change 0.30 [0.25 0.05]
sold out A2
insert 2.00 more
credit 0.05
insert 1.95 more
insert 1.95 more
credit 0.10
insert 1.00 more
credit 0.35
credit 0.60
credit 0.70
credit 0.95
credit 1.20
credit 1.45
returned 1.45 [0.05 0.05 0.25 0.25 0.10 0.25 0.25 0.25]
nothing to return
credit 0.25
credit 1.25
credit 2.25
credit 2.35
credit 3.35
vend tea, change 1.30 [1.00 0.25 0.05]
nothing to return
sold out A1
sold out B1
sold out B2
sold out A2
insert 1.10 more
credit 0.10
credit 1.10
credit 1.35
credit 3.35
credit 3.85
credit 4.10
vend tea, change 3.00 [2.00 1.00]
credit 1.00
credit 2.00
credit 2.10
credit 2.35
credit 2.60
vend chips, change 0.75 [0.50 0.25]
credit 1.00
credit 1.25
sold out A1
sold out B2
credit 1.30
credit 2.30
credit 2.40
credit 2.65
credit 3.65
credit 4.65
returned 4.65 [1.00 0.25 0.05 1.00 0.10 0.25 1.00 1.00]
sold out B2
sold out B2
rejected 0.01
credit 1.00
credit 1.25
credit 1.30
credit 1.55
credit 3.55
vend cola, change 2.55 [2.00 0.50 0.05]
credit 0.25
insert 0.85 more
insert 0.75 more
insert 1.60 more
credit 0.50
sold out B1
credit 0.55
returned 0.55 [0.25 0.25 0.05]
credit 0.50
credit 0.55
sold out A2
returned 0.55 [0.50 0.05]
sold out A2
insert 2.10 more
credit 1.00
rejected 0.01
returned 1.00 [1.00]
sold out B2
credit 0.50
credit 0.75
credit 1.00
rejected 0.01
credit 1.25
credit 2.25
credit 2.35
credit 2.45
insert 0.20 more
sold out A2
credit 2.55
returned 2.55 [0.50 0.25 0.25 0.25 1.00 0.10 0.10 0.10]
rejected 0.01
credit 0.25
credit 0.30
credit 0.55
credit 1.55
credit 1.80
credit 1.90
credit 2.90
rejected 0.01
returned 2.90 [0.25 0.05 0.25 1.00 0.25 0.10 1.00]
credit 0.50
sold out B1
credit 2.50
credit 3.00
credit 3.25
returned 3.25 [0.50 2.00 0.50 0.25]
insert 2.65 more
credit 1.00
returned 1.00 [1.00]
credit 0.05
credit 0.15
returned 0.15 [0.05 0.10]
rejected 0.01
sold out B1
credit 1.00
credit 2.00
insert 0.10 more
insert 0.10 more
returned 2.00 [1.00 1.00]
insert 2.65 more
credit 0.50
insert 2.15 more
credit 1.00
credit 3.00
vend gum, change 0.90 [0.50 0.25 0.10 0.05]
credit 2.00
vend tea, change 1.05 [1.00 0.05]
sold out A1
sold out A1
credit 2.00
credit 2.25
credit 2.35
credit 2.40
credit 3.40
rejected 0.01
vend cola, change 1.90 [1.00 0.50 0.25 0.10 0.05]
insert 2.65 more
rejected 0.01
sold out B2
rejected 0.01
insert 2.35 more
sold out B1
sold out B2
sold out B2
sold out B2
sold out B1
credit 2.00
insert 0.35 more
returned 2.00 [2.00]
credit 1.00
credit 1.25
credit 1.30
credit 1.35
rejected 0.01
vend tea, change 0.40 [0.25 0.10 0.05]
credit 1.00
credit 1.10
credit 1.15
insert 1.20 more
credit 3.15
credit 4.15
returned 4.15 [1.00 0.10 0.05 2.00 1.00]
sold out B1
credit 0.25
sold out B1
insert 2.10 more
returned 0.25 [0.25]
insert 2.35 more
credit 0.10
insert 2.25 more
credit 0.20
insert 2.65 more
insert 0.75 more
insert 0.75 more
credit 1.20
insert 1.15 more
credit 1.45
credit 1.95
credit 3.95
sold out B1
vend cola, change 1.20 [1.00 0.10 0.10]
insert 2.85 more
credit 0.25
rejected 0.01
insert 2.10 more
insert 2.50 more
credit 0.50
rejected 0.01
credit 0.75
insert 0.20 more
credit 0.80
returned 0.80 [0.25 0.25 0.25 0.05]
insert 2.75 more
nothing to return
credit 0.05
insert 2.70 more
sold out B1
credit 2.05
sold out B1
credit 3.05
credit 4.05
credit 4.55
rejected 1.00 (credit limit)
vend gum, change 1.70 [1.00 0.50 0.10 0.10]
credit 0.25
rejected 0.01
sold out B1
sold out B1
returned 0.25 [0.25]
insert 2.35 more
rejected 0.01
sold out B1
insert 2.75 more
credit 0.50
credit 0.75
credit 1.00
credit 1.05
insert 1.80 more
insert 1.30 more
credit 1.30
credit 2.30
rejected 0.01
sold out A2
sold out B1
sold out B1
sold out A2
credit 3.30
credit 3.55
rejected 2.00 (credit limit)
credit 4.55
sold out B2
rejected 2.00 (credit limit)
vend chips, change 1.70 [1.00 0.50 0.10 0.10]
credit 0.10
returned 0.10 [0.10]
credit 0.50
insert 2.35 more
credit 1.50
credit 2.50
sold out A1
sold out B2
sold out A1
sold out B2
sold out A1
rejected 0.01
credit 3.00
sold out B2
sold out B2
rejected 0.01
credit 3.25
credit 3.50
sold out B2
credit 3.60
credit 4.10
credit 4.35
vend cola, change 1.70 [1.00 0.50 0.10 0.10]
insert 2.65 more
nothing to return
insert 0.10 more
sold out A1
insert 0.10 more
credit 1.00
credit 3.00
credit 3.05
rejected 2.00 (credit limit)
sold out A1
credit 3.30
rejected 2.00 (credit limit)
credit 3.40
credit 4.40
rejected 2.00 (credit limit)
rejected 0.01
rejected 2.00 (credit limit)
credit 4.45
vend cola, change 1.80 [1.00 0.50 0.25 0.05]
sold out A1
credit 1.00
sold out A1
credit 1.25
credit 1.50
credit 1.50 kept
sales:
  cola          10    16.15
  tea           10    13.45
  gum            9     9.80
  chips          3     7.20
tubes: 0.05x35 0.10x34 0.25x63 0.50x38 1.00x66 2.00x30
