+==============+================+============+==========+=========+==========+
|     City     |    Country     | Population | Area km2 | Capital | Density  |
+==============+================+============+==========+=========+==========+
| Tokyo        | Japan          | 13,960,000 |  2194.07 | yes     |  6362.60 |
| Osaka        | Japan          |  2,750,000 |   225.21 | no      | 12210.80 |
| Sao Paulo    | Brazil         | 12,330,000 |  1521.11 | no      |  8105.90 |
| Llanfairp... | United King... |      3,107 |     7.00 | no      |   443.90 |
| Reykjavik    | Iceland        |    131,136 |   273.00 | yes     |   480.40 |
| Nowhere      | -              |          - |        - | no      |        - |
+--------------+----------------+------------+----------+---------+----------+
| TOTAL        |                | 29,174,243 |  4220.39 |         | 27603.60 |
+==============+================+============+==========+=========+==========+

+=======+===========+
| Code  |   Count   |
+=======+===========+
| a1    |         5 |
| b22   |   -12,345 |
| c333  | 1,000,000 |
+-------+-----------+
| TOTAL |   987,660 |
+=======+===========+
