parseHTTPResponse      camel: parse | http | response
    snake      parse_http_response
    screaming  PARSE_HTTP_RESPONSE
    kebab      parse-http-response
    camel      parseHttpResponse
    pascal     ParseHttpResponse
    title      Parse Http Response
user_id                snake: user | id
    snake      user_id (same)
    screaming  USER_ID
    kebab      user-id
    camel      userId
    pascal     UserId
    title      User Id
MAX_RETRY_COUNT        screaming: max | retry | count
    snake      max_retry_count
    screaming  MAX_RETRY_COUNT (same)
    kebab      max-retry-count
    camel      maxRetryCount
    pascal     MaxRetryCount
    title      Max Retry Count
content-type           kebab: content | type
    snake      content_type
    screaming  CONTENT_TYPE
    kebab      content-type (same)
    camel      contentType
    pascal     ContentType
    title      Content Type
XMLHttpRequest         pascal: xml | http | request
    snake      xml_http_request
    screaming  XML_HTTP_REQUEST
    kebab      xml-http-request
    camel      xmlHttpRequest
    pascal     XmlHttpRequest
    title      Xml Http Request
base64Encode           camel: base | 64 | encode
    snake      base_64_encode
    screaming  BASE_64_ENCODE
    kebab      base-64-encode
    camel      base64Encode (same)
    pascal     Base64Encode
    title      Base 64 Encode
the lord of the rings  words: the | lord | of | the | rings
    snake      the_lord_of_the_rings
    screaming  THE_LORD_OF_THE_RINGS
    kebab      the-lord-of-the-rings
    camel      theLordOfTheRings
    pascal     TheLordOfTheRings
    title      the Lord of the Rings
OAuth2Token            pascal: o | auth | 2 | token
    snake      o_auth_2_token
    screaming  O_AUTH_2_TOKEN
    kebab      o-auth-2-token
    camel      oAuth2Token
    pascal     OAuth2Token (same)
    title      O Auth 2 Token
already_snake_case     snake: already | snake | case
    snake      already_snake_case (same)
    screaming  ALREADY_SNAKE_CASE
    kebab      already-snake-case
    camel      alreadySnakeCase
    pascal     AlreadySnakeCase
    title      Already Snake Case
iPhone                 camel: i | phone
    snake      i_phone
    screaming  I_PHONE
    kebab      i-phone
    camel      iPhone (same)
    pascal     IPhone
    title      I Phone
styles seen:
  camel: 3
  kebab: 1
  pascal: 2
  screaming: 1
  snake: 2
  words: 1
round-trip exact: 7/10
