files: 20 items, width 60, 5 columns x 4 rows (down)
|----------------------------------------------------------|
Gemfile       app        db      storage  .gitignore
Gemfile.lock  bin        lib     test     .ruby-version
README.md     config     log     tmp      Procfile
Rakefile      config.ru  public  vendor   docker-compose.yml

files: 20 items, width 60, 4 columns x 5 rows (across)
|----------------------------------------------------------|
Gemfile     Gemfile.lock   README.md  Rakefile
app         bin            config     config.ru
db          lib            log        public
storage     test           tmp        vendor
.gitignore  .ruby-version  Procfile   docker-compose.yml

methods: 22 items, width 72, 6 columns x 4 rows (down)
|----------------------------------------------------------------------|
chunk_while  each_slice        group_by  partition  slice_when  tally
drop_while   each_with_index   map       reduce     sort_by     zip
each         each_with_object  max_by    reject     sum
each_cons    flat_map          min_by    select     take_while

methods: 22 items, width 40, 3 columns x 8 rows (down)
|--------------------------------------|
chunk_while       group_by   slice_when
drop_while        map        sort_by
each              max_by     sum
each_cons         min_by     take_while
each_slice        partition  tally
each_with_index   reduce     zip
each_with_object  reject
flat_map          select

single: 1 items, width 20, 1 columns x 1 rows (down)
|------------------|
only-one-entry

too wide: 2 items, width 20, 1 columns x 2 rows (down)
|------------------|
a-very-long-entry-name-that-does-not-fit
short

