== input 1
| Language | Year | Typing        | Users ($k) |
| :------- | :--: | :------------ | ---------: |
| Ruby     | 1995 | dynamic       |      1,200 |
| Sake     | 2026 | per-operation |          3 |
| OCaml    | 1996 | static        |        410 |
-- sorted by users
| Language | Year | Typing        | Users ($k) |
| :------- | :--: | :------------ | ---------: |
| Ruby     | 1995 | dynamic       |      1,200 |
| OCaml    | 1996 | static        |        410 |
| Sake     | 2026 | per-operation |          3 |
== input 2
table error at line 3: row has 3 cells
== input 3
| x    | y   |
| :--- | :-- |
| only |     |
== input 4
table error at line 2: separator has 1 cells, header has 2
== input 5
argument error: bad alignment spec '=?='
== input 6
table error at line 0: need a header and a separator
