             0  zero
             7  seven
            13  thirteen
            21  twenty-one
            40  forty
            99  ninety-nine
           100  one hundred
           101  one hundred and one
           342  three hundred and forty-two
          1000  one thousand
          1001  one thousand and one
          2024  two thousand and twenty-four
         15016  fifteen thousand and sixteen
        700000  seven hundred thousand
       1234567  one million two hundred and thirty-four thousand five hundred and sixty-seven
           -58  minus fifty-eight
    3000000005  three billion and five

  1st  I      first
  2nd  II     second
  3rd  III    third
  4th  IV     fourth
 11th  XI     eleventh
 12th  XII    twelfth
 13th  XIII   thirteenth
 21st  XXI    twenty-first
 22nd  XXII   twenty-second
 30th  XXX    thirtieth
101st  CI     one hundred and first
112th  CXII   one hundred and twelfth
1000th  M      one thousandth

One dollar and 00/100
Nineteen dollars and 99/100
One thousand two hundred and thirty-four dollars and 56/100
One million dollars and 01/100
letters used writing 1..100: 864
