sections: 4, pages: 23

[decimal]
1. Introduction .......................... 1
2. Language .............................. 3
  2.1. Syntax ............................ 3
  2.2. Types ............................. 6
    2.2.1. Values ........................ 6
    2.2.2. Operations .................... 8
      2.2.2.1. Arithmetic ................ 8
      2.2.2.2. Indexing .................. 9
  2.3. Errors ........................... 10
3. Runtime .............................. 12
  3.1. Interpreter ...................... 12
  3.2. Standard library ................. 17
4. Appendix ............................. 23
--------------------------------------------
                                    23 pages

[classic]
I. Introduction .......................... 1
II. Language ............................. 3
  A. Syntax .............................. 3
  B. Types ............................... 6
    1. Values ............................ 6
    2. Operations ........................ 8
      a) Arithmetic ...................... 8
      b) Indexing ........................ 9
  C. Errors ............................. 10
III. Runtime ............................ 12
  A. Interpreter ........................ 12
  B. Standard library ................... 17
IV. Appendix ............................ 23
--------------------------------------------
                                    23 pages

[legal]
§1 Introduction .......................... 1
§2 Language .............................. 3
  §2.1 Syntax ............................ 3
  §2.2 Types ............................. 6
  §2.3 Errors ........................... 10
§3 Runtime .............................. 12
  §3.1 Interpreter ...................... 12
  §3.2 Standard library ................. 17
§4 Appendix ............................. 23
--------------------------------------------
                                    23 pages

line 2: jumps from level 1 to 3
line 2: odd indentation (3 spaces)
line 4: jumps from level 1 to 4
