sentences: 6
words:     56
unique:    44
syllables: 80
avg word length: 4.50
flesch reading ease: 76.5 (standard)
longest sentence (16 words): Not at all; the fox simply runs away into the forest, where other foxes are waiting.
endings: . x4, ! x1, ? x1
top words:
  fox        3
  dog        2
  away       1
  brown      1
  care       1
  comparing  1
word lengths:
   2 | ##           2
   3 | ##################### 21
   4 | ###########  11
   5 | ##########   10
   6 | #####        5
   7 | ##           2
   8 | #            1
   9 | ###          3
  12 | #            1
