+-------------------------------+
| Sake writes the type on every |
| operation. The program says   |
| which code runs, and the      |
| checker can see it.           |
+-------------------------------+
#========= NOTICE ==========# 
#                           #:
#  Sake writes the type on  #:
#   every operation. The    #:
#  program says which code  #:
#   runs, and the checker   #:
#        can see it.        #:
#                           #:
#===========================#:
 :::::::::::::::::::::::::::::
.------.   ******* tip *******
| left |   *                 *
| side |   *  A longer note  *
'------'   *  that wraps     *
           *  over lines.    *
           *                 *
           *******************
+ a very long title +
|x                  |
+-------------------+
