ballots: 5 valid, 0 rejected
round 1
  A 1.38 27.5%
  B 1.38 27.5%
  C 0.38 7.5%
  D 0.38 7.5%
  E 0.38 7.5%
  F 0.38 7.5%
  G 0.38 7.5%
  H 0.38 7.5%
  exhausted 0
  eliminated H
round 2
  A 1.43 28.6%
  B 1.43 28.6%
  C 0.43 8.6%
  D 0.43 8.6%
  E 0.43 8.6%
  F 0.43 8.6%
  G 0.43 8.6%
  exhausted 0
  eliminated G
round 3
  A 1.50 30.0%
  B 1.50 30.0%
  C 0.50 10.0%
  D 0.50 10.0%
  E 0.50 10.0%
  F 0.50 10.0%
  exhausted 0
  eliminated F
round 4
  A 1.60 32.0%
  B 1.60 32.0%
  C 0.60 12.0%
  D 0.60 12.0%
  E 0.60 12.0%
  exhausted 0
  eliminated E
round 5
  A 1.75 35.0%
  B 1.75 35.0%
  C 0.75 15.0%
  D 0.75 15.0%
  exhausted 0
  eliminated D
round 6
  A 2 40.0%
  B 2 40.0%
  C 1 20.0%
  exhausted 0
  eliminated C
round 7
  A 2.50 50.0%
  B 2.50 50.0%
  exhausted 0
  eliminated B
round 8
  A 4 100.0%
  exhausted 1
winner A
