text:     banana_bandana
  rle:    banana_bandana (100%)
  bwt:    aanndnbb$_naaaa
  bwt+rle aanndnbb$_n04a (100%)
  mtf:    2 0 5 0 5 1 5 0 4 5 3 5 0 0 0  zeros=6/15
  round trip: ok
text:     aaaaaaaaaabbbbbbbbbbcccccccccc
  rle:    10a10b10c (30%)
  bwt:    c$aaaaaaaaaabbbbbbbbbcccccccccb
  bwt+rle c$10a09b09cb (40%)
  mtf:    3 1 2 0 0 0 0 0 0 0 0 0 3 0 0 0 0 0 0 0 0 3 0 0 0 0 0 0 0 0 1  zeros=25/31
  round trip: ok
text:     abracadabra abracadabra abracadabra
  rle:    abracadabra abracadabra abracadabra (100%)
  bwt:    aaarrrddd$  rrrcccaaaaaaaaaaaabbbbbb
  bwt+rle 03a03r03d$  03r03c12a06b (69%)
  mtf:    2 0 0 6 0 0 6 0 0 4 4 0 3 0 0 6 0 0 5 0 0 0 0 0 0 0 0 0 0 0 6 0 0 0 0 0  zeros=27/36
  round trip: ok
text:     tick tock tick tock tick tock
  rle:    tick tock tick tock tick tock (100%)
  bwt:    kkkkkkooiiiotttccccccttt$     
  bwt+rle 06koo03io03t06c03t$05  (76%)
  mtf:    4 0 0 0 0 0 5 0 5 0 0 1 6 0 0 6 0 0 0 0 0 1 0 0 6 6 0 0 0 0  zeros=21/30
  round trip: ok
text:     ab3cd
  rle:    ab013cd (140%)
  bwt:    db$a3c
  bwt+rle db$a013c (160%)
  mtf:    5 4 2 4 4 5  zeros=0/6
  round trip: ok
decode "03a02b" -> "aaabb"
decode "12x" -> "xxxxxxxxxxxx"
decode "4" failed at 1: count 4 without a character
decode "04" failed at 2: count 04 without a character
