words: 48, characters: 229
width 30: 8 lines, badness 27
[left]
+------------------------------+
|It was the best of times, it  |
|was the worst of times, it was|
|the age of wisdom, it was the |
|age of foolishness, it was the|
|epoch of belief, it was the   |
|epoch of incredulity, it was  |
|the season of Light, it was   |
|the season of Darkness.       |
+------------------------------+
[right]
+------------------------------+
|  It was the best of times, it|
|was the worst of times, it was|
| the age of wisdom, it was the|
|age of foolishness, it was the|
|   epoch of belief, it was the|
|  epoch of incredulity, it was|
|   the season of Light, it was|
|       the season of Darkness.|
+------------------------------+
[center]
+------------------------------+
| It was the best of times, it |
|was the worst of times, it was|
|the age of wisdom, it was the |
|age of foolishness, it was the|
| epoch of belief, it was the  |
| epoch of incredulity, it was |
| the season of Light, it was  |
|   the season of Darkness.    |
+------------------------------+
[justify]
+------------------------------+
|It  was  the best of times, it|
|was the worst of times, it was|
|the  age of wisdom, it was the|
|age of foolishness, it was the|
|epoch  of  belief,  it was the|
|epoch  of  incredulity, it was|
|the  season  of  Light, it was|
|the season of Darkness.       |
+------------------------------+
width 42: 6 lines, badness 152
[left]
+------------------------------------------+
|It was the best of times, it was the worst|
|of times, it was the age of wisdom, it was|
|the age of foolishness, it was the epoch  |
|of belief, it was the epoch of            |
|incredulity, it was the season of Light,  |
|it was the season of Darkness.            |
+------------------------------------------+
[right]
+------------------------------------------+
|It was the best of times, it was the worst|
|of times, it was the age of wisdom, it was|
|  the age of foolishness, it was the epoch|
|            of belief, it was the epoch of|
|  incredulity, it was the season of Light,|
|            it was the season of Darkness.|
+------------------------------------------+
[center]
+------------------------------------------+
|It was the best of times, it was the worst|
|of times, it was the age of wisdom, it was|
| the age of foolishness, it was the epoch |
|      of belief, it was the epoch of      |
| incredulity, it was the season of Light, |
|      it was the season of Darkness.      |
+------------------------------------------+
[justify]
+------------------------------------------+
|It was the best of times, it was the worst|
|of times, it was the age of wisdom, it was|
|the  age  of foolishness, it was the epoch|
|of   belief,   it   was   the   epoch   of|
|incredulity,  it  was the season of Light,|
|it was the season of Darkness.            |
+------------------------------------------+
