dictionary: 65 words
distance("kitten", "sitting") = 3
distance("recieve", "receive") = 1
distance("teh", "the") = 1
distance("flaw", "lawn") = 2
distance("", "abc") = 3

in:  Teh peopel who wrtie definately recieve wierd errors.
out: The people who write definitely receive word [errors?].
     Teh: the(1), to(2), they(2)
     peopel: people(1)
     wrtie: write(1)
     definately: definitely(1)
     recieve: receive(1), believe(2)
     wierd: word(2)
     errors: no suggestion

in:  Thier frist nubmer was seperate!
out: Their first number was separate!
     Thier: their(1), the(2), they(2)
     frist: first(1)
     nubmer: number(1)
     seperate: separate(1)

in:  Everything here is fine.
out: Everything here is fine.
