=== sample 1: 8 -> 6 lines
  |def greet(name)
  |  if name
  |    puts "hi " + name
  |  end
  |
  |end
  * trailing  line 2   3 space(s)
  * tabs      line 3   2 tab(s)
  * dedent    file     removed 8 columns
  * reindent  file     4 -> 2
  * blank     file     dropped 2 blank line(s)
  summary: trailing=1 tabs=1 dedent=1 reindent=1 blank=1
=== sample 2: 4 -> 4 lines
  |list:
  |  - one
  |  - two
  |    - two.a
  * tabs      line 1   1 tab(s)
  * tabs      line 2   2 tab(s)
  * tabs      line 3   2 tab(s)
  * trailing  line 3   2 space(s)
  * tabs      line 4   3 tab(s)
  * dedent    file     removed 8 columns
  * reindent  file     8 -> 2
  summary: tabs=4 trailing=1 dedent=1 reindent=1
=== sample 3: 3 -> 3 lines
  |already
  |  tidy
  |    text
  (no changes)
  summary: 
