dee borrowed A1, due day 14
dee borrowed A2, due day 14
dee borrowed A3, due day 14
line 4: refused: dee has 3 loans
line 5: refused: dee already has A1
line 6: refused: A4 is available
line 7: refused: dee has overdue books
dee returned A1, 26 days late, fine 5.00
dee returned A2, 26 days late, fine 5.00
dee returned A3, 27 days late, fine 5.00
line 11: error: day goes backwards
line 12: refused: dee owes 15.00
line 13: error: bad day
line 14: error: unknown command
line 15: error: bad member
line 16: error: bad book
member       loans     owes
dee              0    15.00
overdue on day 41:
  none
