line 1: error: bad time
line 2: error: bad time
line 3: error: bad time
line 4: error: bad name
line 5: error: bad day
line 6: error: wrong field count
OK #1 R1 Fri 10:00-11:00 erin
OK #2 R2 Fri 11:00-12:00 erin
OK #3 R3 Fri 12:00-13:00 erin
LIMIT erin Fri
OK #4 R4 Sat 13:00-14:00 erin
NO BOOKING #9
line 13: error: bad id
line 14: error: unknown command
line 15: error: bad duration
== schedule ==
Fri R1       10:00-11:00 #1 erin
Fri R2       11:00-12:00 #2 erin
Fri R3       12:00-13:00 #3 erin
Sat R4       13:00-14:00 #4 erin
== usage ==
R1       1h00m
R2       1h00m
R3       1h00m
R4       1h00m
