=== goldbach start Thu Oct  1 22:38:04 UTC 2026
[3] removed lines -> 45 lines
[5] removed lines -> 44 lines
[7] removed lines -> 43 lines
[9] removed lines -> 39 lines
[11] removed lines -> 38 lines
[13] removed lines -> 37 lines
[16] removed lines -> 36 lines
[19] removed lines -> 35 lines
[22] removed lines -> 34 lines
[25] removed lines -> 33 lines
[28] removed lines -> 32 lines
[32] removed lines -> 31 lines
[36] removed lines -> 30 lines
[40] removed lines -> 29 lines
[44] removed lines -> 28 lines
[48] removed lines -> 27 lines
done after 52 typeprof runs: 13 lines
=== goldbach end Thu Oct  1 22:43:32 UTC 2026 rc=0
=== xor_breaker start Thu Oct  1 22:43:32 UTC 2026
[2] removed lines -> 80 lines
[3] removed lines -> 63 lines
[4] removed lines -> 57 lines
[5] removed lines -> 52 lines
[6] removed lines -> 48 lines
[7] removed lines -> 47 lines
[8] removed lines -> 39 lines
[9] removed lines -> 36 lines
[10] removed lines -> 35 lines
[11] removed lines -> 34 lines
[12] removed lines -> 33 lines
[13] removed lines -> 32 lines
[15] removed lines -> 31 lines
[17] removed lines -> 30 lines
