category        Jan      Feb      Mar      Apr     total  share
===============================================================
travel       412.50  1290.00   388.00   702.25   2792.75  55.1%
training          -        -   950.00        -    950.00  18.7%
software     299.00   299.00    49.00        -    647.00  12.8%
meals        127.95   152.40    73.30    18.90    372.55   7.3%
office            -    64.99   210.10    33.15    308.24   6.1%
---------------------------------------------------------------
total        839.45  1806.39  1670.40   754.30   5070.54 100.0%

Busiest month: Feb (1806.39)
Quietest month: Apr (754.30)
Jan -> Feb:  +115.2%
Feb -> Mar:    -7.5%
Mar -> Apr:   -54.8%
Every month: meals, travel
