line 1: error: bad day
line 2: error: bad day
a borrowed B, due day 100014
line 4: error: bad day
line 5: error: day goes backwards
line 6: error: unknown command
line 7: error: wrong field count
line 8: error: wrong field count
abcdefghijkl borrowed BOOK1234, due day 100014
line 10: error: bad member
line 11: error: bad book
line 12: error: bad book
line 13: error: bad amount
line 14: error: bad amount
line 15: error: bad amount
line 16: error: bad amount
line 17: error: bad member
line 18: error: bad amount
member       loans     owes
a                1     0.00
abcdefghijkl     1     0.00
overdue on day 100000:
  none
