a borrowed X, due day 19
reserved X for b (position 1)
reserved X for c (position 2)
reserved X for d (position 3)
a returned X
X held for b
reserved X for e (position 3)
line 7: refused: X is not on loan
line 8: refused: X is held for b
b borrowed X, due day 20
line 10: refused: c already reserved X
b returned X
X held for c
c borrowed X, due day 21
member       loans     owes
a                0     0.00
b                0     0.00
c                1     0.00
d                0     0.00
e                0     0.00
overdue on day 7:
  none
