line 1: error: bad amount
di borrowed F, due day 17
al borrowed E, due day 18
reserved E for cy (position 1)
line 5: refused: F is on loan
line 6: refused: cy owes only 0.00
di returned F
cy borrowed C, due day 24
line 9: refused: E is on loan
line 10: refused: bo owes only 0.00
cy returned C
bo borrowed D, due day 30
di borrowed B, due day 31
line 14: refused: al owes only 0.00
reserved E for bo (position 2)
di returned B
line 17: refused: F is not on loan
line 18: refused: B is not on loan
bo borrowed C, due day 41
line 20: refused: bo owes only 0.00
al returned E, 10 days late, fine 2.50
E held for cy
line 22: refused: F is not on loan
bo returned D, 1 days late, fine 0.25
line 24: refused: B is not on loan
bo returned C
line 26: refused: cy owes only 0.00
line 27: refused: E is held for cy
line 28: refused: cy already reserved E
line 29: refused: E is not on loan
al borrowed B, due day 54
line 31: refused: bo already reserved E
line 32: refused: A is available
line 33: refused: A is available
reserved B for di (position 1)
al borrowed A, due day 64
line 36: refused: D is not on loan
line 37: refused: al has overdue books
line 38: refused: D is not on loan
line 39: refused: D is available
line 40: refused: al has overdue books
al returned B, 8 days late, fine 2.00
B held for di
reserved E for al (position 2)
di borrowed F, due day 82
line 44: refused: al has overdue books
di returned F
al paid 0.60, owes 3.90
line 47: refused: A is on loan
al paid 3.60, owes 0.30
reserved B for bo (position 1)
line 50: refused: F is available
line 51: refused: B is held for di
line 52: refused: bo owes only 0.25
line 53: refused: al has overdue books
line 54: refused: B is held for di
line 55: refused: cy owes only 0.00
al returned A, 26 days late, fine 5.00
line 57: refused: C is not on loan
line 58: refused: bo owes only 0.25
line 59: refused: D is available
di borrowed D, due day 110
line 61: refused: A is not on loan
line 62: refused: C is not on loan
line 63: refused: B is not on loan
line 64: refused: C is available
line 65: refused: B is held for di
line 66: refused: D is on loan
line 67: refused: di already reserved B
line 68: refused: E is held for cy
line 69: refused: A is not on loan
line 70: refused: bo owes only 0.25
line 71: refused: E is not on loan
line 72: refused: A is available
line 73: refused: bo already reserved E
reserved B for cy (position 2)
line 75: refused: C is not on loan
bo borrowed C, due day 129
bo borrowed F, due day 132
line 78: refused: A is not on loan
line 79: refused: B is held for di
line 80: refused: B is not on loan
line 81: refused: C is on loan
line 82: refused: F is on loan
al borrowed A, due day 141
line 84: refused: B is not on loan
line 85: refused: D is on loan
bo returned C, 1 days late, fine 0.25
bo returned F
reserved D for cy (position 1)
line 89: refused: B is held for di
line 90: refused: B is not on loan
di returned D, 26 days late, fine 5.00
D held for cy
reserved D for al (position 1)
line 93: refused: cy already reserved B
line 94: refused: B is not on loan
al paid 1.40, owes 3.90
line 96: refused: E is held for cy
line 97: refused: B is held for di
line 98: refused: E is not on loan
cy borrowed E, due day 166
line 100: refused: F is not on loan
line 101: refused: B is held for di
cy returned E
E held for bo
line 103: refused: D is held for cy
line 104: refused: al has overdue books
line 105: refused: E is not on loan
bo borrowed C, due day 180
line 107: refused: C is on loan
di borrowed B, due day 186
al returned A, 32 days late, fine 5.00
line 110: refused: B is on loan
cy borrowed D, due day 189
line 112: refused: A is not on loan
line 113: refused: F is available
line 114: refused: C is on loan
line 115: refused: B is on loan
line 116: refused: F is not on loan
line 117: refused: D is on loan
bo returned C, 2 days late, fine 0.50
al paid 1.10, owes 7.80
cy returned D
D held for al
line 121: refused: E is held for bo
line 122: refused: B is on loan
al borrowed F, due day 205
line 124: refused: E is held for bo
line 125: refused: F is on loan
line 126: refused: E is not on loan
di returned B, 10 days late, fine 2.50
B held for bo
di paid 3.00, owes 4.50
line 129: refused: E is held for bo
reserved F for bo (position 1)
line 131: refused: C is not on loan
al borrowed C, due day 215
line 133: refused: F is on loan
al paid 2.05, owes 5.75
line 135: refused: D is held for al
line 136: refused: E is held for bo
cy borrowed A, due day 220
line 138: refused: C is on loan
al returned C
reserved D for di (position 1)
line 141: refused: B is held for bo
line 142: refused: bo already reserved B
line 143: refused: F is on loan
bo borrowed B, due day 234
di borrowed C, due day 235
line 146: refused: E is held for bo
cy returned A, 3 days late, fine 0.75
line 148: refused: E is held for bo
line 149: refused: cy owes only 0.75
al returned F, 21 days late, fine 5.00
F held for bo
line 151: refused: al owes 10.75
bo returned B
B held for cy
line 153: refused: D is held for al
line 154: refused: F is held for bo
line 155: refused: E is not on loan
line 156: refused: F is held for bo
reserved E for cy (position 2)
line 158: refused: E is held for bo
line 159: refused: E is not on loan
line 160: refused: D is held for al
line 161: refused: F is not on loan
line 162: refused: E is held for bo
line 163: refused: B is held for cy
line 164: refused: C is on loan
line 165: refused: al owes 10.75
line 166: refused: C is on loan
line 167: refused: B is not on loan
line 168: refused: F is held for bo
line 169: refused: C is on loan
di returned C, 23 days late, fine 5.00
line 171: refused: E is held for bo
line 172: refused: D is not on loan
line 173: refused: E is not on loan
reserved F for cy (position 1)
reserved B for di (position 1)
line 176: refused: D is not on loan
line 177: refused: E is not on loan
line 178: refused: E is held for bo
line 179: refused: E is not on loan
bo borrowed E, due day 286
line 181: refused: al owes 10.75
line 182: refused: B is not on loan
bo borrowed C, due day 292
line 184: refused: A is available
di paid 1.20, owes 8.30
line 186: refused: A is not on loan
line 187: refused: cy owes only 0.75
line 188: refused: B is not on loan
line 189: refused: bo has overdue books
cy borrowed B, due day 304
line 191: refused: E is on loan
bo returned E, 5 days late, fine 1.25
E held for al
line 193: refused: E is held for al
line 194: refused: E is held for al
line 195: refused: A is available
cy paid 0.60, owes 0.15
line 197: refused: C is on loan
line 198: refused: E is held for al
line 199: refused: D is held for al
line 200: refused: bo has overdue books
member       loans     owes
al               0    10.75
bo               1     2.25
cy               1     0.15
di               0     8.30
overdue on day 299:
  C bo due 292 (7 days)
