line 1: refused: D is not on loan
di borrowed A, due day 20
di borrowed F, due day 21
di returned A
di borrowed A, due day 21
di borrowed C, due day 23
line 7: refused: bo owes only 0.00
line 8: refused: cy owes only 0.00
line 9: refused: B is available
line 10: refused: B is available
di returned C
bo borrowed E, due day 33
di returned F
line 14: refused: D is available
line 15: refused: di has overdue books
line 16: refused: di owes only 0.00
line 17: refused: di has overdue books
line 18: refused: di owes only 0.00
line 19: refused: F is available
line 20: refused: B is available
line 21: refused: F is not on loan
reserved E for di (position 1)
line 23: refused: cy owes only 0.00
line 24: refused: di has overdue books
line 25: refused: E is on loan
line 26: refused: di has overdue books
al borrowed F, due day 53
line 28: refused: cy owes only 0.00
line 29: refused: di owes only 0.00
line 30: refused: bo owes only 0.00
di returned A, 23 days late, fine 5.00
bo returned E, 11 days late, fine 2.75
E held for di
line 33: refused: C is not on loan
line 34: refused: C is available
line 35: refused: F is on loan
al borrowed A, due day 61
line 37: refused: D is available
line 38: refused: B is not on loan
reserved F for bo (position 1)
line 40: refused: bo already reserved F
line 41: refused: bo owes only 2.75
line 42: refused: D is available
line 43: refused: B is available
reserved E for cy (position 1)
al returned A
line 46: refused: A is not on loan
line 47: refused: C is available
di paid 3.25, owes 1.75
line 49: refused: B is not on loan
al returned F, 11 days late, fine 2.75
F held for bo
cy borrowed A, due day 80
line 52: refused: A is on loan
al borrowed C, due day 81
bo borrowed F, due day 83
line 55: refused: B is not on loan
di borrowed E, due day 85
line 57: refused: A is on loan
line 58: refused: F is on loan
line 59: refused: A is on loan
di returned E
E held for cy
al borrowed B, due day 91
bo returned F
line 63: refused: E is held for cy
line 64: refused: C is on loan
line 65: refused: A is on loan
bo paid 2.60, owes 0.15
reserved E for bo (position 1)
line 68: refused: E is held for cy
reserved C for di (position 1)
line 70: refused: B is on loan
line 71: refused: di owes only 1.75
line 72: refused: E is not on loan
line 73: refused: E is held for cy
line 74: refused: al already has C
cy returned A, 18 days late, fine 4.50
di borrowed F, due day 112
line 77: refused: A is available
di returned F
line 79: refused: F is not on loan
di borrowed D, due day 118
di borrowed F, due day 119
line 82: refused: F is on loan
line 83: refused: E is not on loan
line 84: refused: D is on loan
di returned D
line 86: refused: F is on loan
line 87: refused: D is not on loan
cy paid 3.25, owes 1.25
al returned B, 26 days late, fine 5.00
al returned C, 38 days late, fine 5.00
C held for di
line 91: refused: B is available
line 92: refused: E is not on loan
line 93: refused: E is not on loan
al paid 1.20, owes 11.55
di returned F, 6 days late, fine 1.50
line 96: refused: D is available
line 97: refused: D is not on loan
line 98: refused: C is held for di
line 99: refused: C is not on loan
line 100: refused: D is not on loan
line 101: refused: di owes only 3.25
line 102: refused: di owes only 3.25
line 103: refused: A is available
line 104: refused: al owes 11.55
line 105: refused: al owes 11.55
cy borrowed D, due day 158
line 107: refused: B is not on loan
cy borrowed E, due day 160
line 109: refused: C is held for di
line 110: refused: E is on loan
line 111: refused: al owes 11.55
line 112: refused: cy already has D
line 113: refused: A is available
line 114: refused: F is not on loan
al paid 0.60, owes 10.95
line 116: refused: cy owes only 1.25
cy returned E
E held for bo
reserved E for al (position 1)
cy returned D
line 120: refused: B is not on loan
line 121: refused: al owes 10.95
di borrowed C, due day 174
bo borrowed D, due day 175
line 124: refused: A is not on loan
line 125: refused: E is not on loan
bo returned D
line 127: refused: C is on loan
line 128: refused: B is not on loan
line 129: refused: F is available
line 130: refused: D is available
line 131: refused: E is not on loan
line 132: refused: D is available
line 133: refused: B is not on loan
line 134: refused: F is not on loan
line 135: refused: E is not on loan
reserved C for bo (position 1)
line 137: refused: al owes 10.95
line 138: refused: E is not on loan
cy borrowed B, due day 198
line 140: refused: E is held for bo
reserved E for cy (position 2)
bo borrowed E, due day 202
line 143: refused: di has overdue books
line 144: refused: cy owes only 1.25
bo borrowed F, due day 208
line 146: refused: D is available
cy paid 0.60, owes 0.65
di returned C, 26 days late, fine 5.00
C held for bo
bo returned E
E held for al
line 150: refused: al owes 10.95
line 151: refused: B is on loan
line 152: refused: F is on loan
bo returned F
di borrowed F, due day 222
cy returned B, 12 days late, fine 3.00
line 156: refused: C is not on loan
line 157: refused: C is not on loan
di borrowed A, due day 229
line 159: refused: C is held for bo
di borrowed B, due day 231
di returned F
di paid 1.40, owes 6.85
line 163: refused: E is not on loan
line 164: refused: E is not on loan
line 165: refused: E is held for al
di returned B
line 167: refused: cy already reserved E
line 168: refused: F is not on loan
line 169: refused: C is not on loan
line 170: refused: A is on loan
reserved E for bo (position 2)
reserved A for cy (position 1)
line 173: refused: al owes 10.95
line 174: refused: cy already reserved E
line 175: refused: al owes 10.95
line 176: refused: E is not on loan
bo borrowed D, due day 255
cy paid 1.85, owes 1.80
line 179: refused: F is not on loan
line 180: refused: C is not on loan
line 181: refused: F is not on loan
line 182: refused: A is on loan
line 183: refused: B is available
line 184: refused: A is on loan
line 185: refused: bo owes only 0.15
di paid 2.10, owes 4.75
line 187: refused: bo owes only 0.15
line 188: refused: E is not on loan
line 189: refused: A is on loan
line 190: refused: E is held for al
line 191: refused: F is not on loan
line 192: refused: E is not on loan
line 193: refused: bo has overdue books
reserved C for cy (position 1)
line 195: refused: di has overdue books
bo returned D, 19 days late, fine 4.75
line 197: refused: E is held for al
bo paid 2.45, owes 2.45
line 199: refused: F is available
cy paid 0.45, owes 1.35
line 201: refused: F is available
line 202: refused: al owes 10.95
line 203: refused: B is available
line 204: refused: E is not on loan
reserved E for di (position 3)
line 206: refused: C is not on loan
line 207: refused: D is available
line 208: refused: A is on loan
line 209: refused: B is not on loan
line 210: refused: C is not on loan
di returned A, 72 days late, fine 5.00
A held for cy
line 212: refused: D is available
line 213: refused: B is not on loan
line 214: refused: cy already reserved C
line 215: refused: D is not on loan
line 216: refused: al owes 10.95
line 217: refused: A is not on loan
cy borrowed D, due day 323
cy returned D
cy borrowed A, due day 327
line 221: refused: C is not on loan
di paid 1.50, owes 8.25
line 223: refused: B is not on loan
line 224: refused: cy owes only 1.35
line 225: refused: A is on loan
line 226: refused: B is not on loan
line 227: refused: cy already reserved C
line 228: refused: E is not on loan
line 229: refused: F is available
line 230: refused: C is held for bo
line 231: refused: D is available
line 232: refused: cy already has A
line 233: refused: E is held for al
di borrowed B, due day 350
bo borrowed F, due day 353
line 236: refused: B is on loan
line 237: refused: al owes 10.95
line 238: refused: C is not on loan
line 239: refused: E is not on loan
line 240: refused: di already reserved E
bo borrowed D, due day 363
bo paid 1.45, owes 1.00
reserved B for bo (position 1)
line 244: refused: F is on loan
cy returned A, 30 days late, fine 5.00
line 246: refused: E is not on loan
line 247: refused: A is available
line 248: refused: di already reserved E
cy paid 2.90, owes 3.45
line 250: refused: B is on loan
reserved C for di (position 2)
di returned B, 16 days late, fine 4.00
B held for bo
line 253: refused: D is on loan
line 254: refused: F is on loan
cy borrowed A, due day 387
line 256: refused: C is held for bo
line 257: refused: bo already has F
line 258: refused: bo already has D
line 259: refused: bo has overdue books
line 260: refused: C is not on loan
di paid 1.95, owes 10.30
line 262: refused: F is on loan
line 263: refused: D is on loan
al paid 3.60, owes 7.35
line 265: refused: F is on loan
bo returned F, 32 days late, fine 5.00
line 267: refused: F is available
line 268: refused: C is held for bo
al borrowed F, due day 406
reserved F for bo (position 1)
bo paid 0.15, owes 5.85
al returned F
F held for bo
bo returned D, 36 days late, fine 5.00
line 274: refused: C is not on loan
line 275: refused: bo owes 10.85
line 276: refused: C is not on loan
line 277: refused: C is not on loan
line 278: refused: di owes 10.30
line 279: refused: di already reserved C
al borrowed E, due day 424
reserved F for al (position 1)
reserved F for di (position 2)
line 283: refused: D is not on loan
line 284: refused: di already reserved E
cy paid 0.15, owes 3.30
line 286: refused: di owes 10.30
line 287: refused: cy has overdue books
cy returned A, 26 days late, fine 5.00
line 289: refused: di owes 10.30
line 290: refused: A is available
cy borrowed D, due day 430
di paid 1.30, owes 9.00
line 293: refused: D is on loan
di borrowed A, due day 433
cy returned D
reserved A for al (position 1)
line 297: refused: A is on loan
line 298: refused: C is held for bo
reserved A for bo (position 2)
line 300: refused: A is on loan
line 301: refused: D is not on loan
al returned E, 3 days late, fine 0.75
E held for cy
line 303: refused: C is held for bo
line 304: refused: E is held for cy
line 305: refused: F is held for bo
line 306: refused: D is not on loan
di returned A, 2 days late, fine 0.50
A held for al
line 308: refused: bo already reserved F
line 309: refused: D is not on loan
reserved E for al (position 3)
line 311: refused: A is held for al
line 312: refused: F is not on loan
line 313: refused: F is not on loan
line 314: refused: D is available
line 315: refused: bo already reserved E
line 316: refused: bo already reserved A
line 317: refused: C is not on loan
bo paid 2.15, owes 8.70
cy paid 2.80, owes 5.50
line 320: refused: al already reserved E
al borrowed D, due day 470
line 322: refused: E is not on loan
line 323: refused: C is not on loan
reserved F for cy (position 3)
bo borrowed B, due day 476
line 326: refused: A is held for al
bo paid 0.45, owes 8.25
line 328: refused: D is on loan
line 329: refused: C is not on loan
line 330: refused: di already reserved C
bo paid 3.75, owes 4.50
line 332: refused: C is held for bo
line 333: refused: A is not on loan
line 334: refused: A is not on loan
line 335: refused: A is held for al
line 336: refused: bo has overdue books
line 337: refused: bo already reserved A
line 338: refused: E is not on loan
cy borrowed E, due day 495
line 340: refused: E is on loan
line 341: refused: C is held for bo
line 342: refused: F is held for bo
line 343: refused: D is on loan
cy returned E
E held for bo
line 345: refused: al already has D
di paid 2.05, owes 7.45
line 347: refused: D is on loan
line 348: refused: E is held for bo
line 349: refused: al already reserved E
al paid 0.90, owes 7.20
line 351: refused: cy already reserved C
line 352: refused: di already reserved C
al returned D, 30 days late, fine 5.00
line 354: refused: bo has overdue books
al paid 2.80, owes 9.40
line 356: refused: F is not on loan
line 357: refused: F is held for bo
cy paid 1.20, owes 4.30
line 359: refused: F is not on loan
line 360: refused: E is held for bo
line 361: refused: B is on loan
line 362: refused: F is held for bo
al paid 0.55, owes 8.85
line 364: refused: di already reserved E
line 365: refused: E is not on loan
reserved B for di (position 1)
line 367: refused: C is held for bo
line 368: refused: A is held for al
reserved B for al (position 2)
line 370: refused: C is not on loan
line 371: refused: A is not on loan
di borrowed D, due day 542
line 373: refused: D is on loan
reserved D for al (position 1)
line 375: refused: al already reserved A
line 376: refused: C is not on loan
line 377: refused: F is held for bo
reserved C for al (position 3)
line 379: refused: A is held for al
line 380: refused: A is not on loan
line 381: refused: D is on loan
line 382: refused: B is on loan
line 383: refused: A is not on loan
line 384: refused: al already reserved E
line 385: refused: F is held for bo
line 386: refused: al already reserved A
line 387: refused: F is not on loan
di returned D, 14 days late, fine 3.50
D held for al
line 389: refused: C is held for bo
line 390: refused: D is held for al
line 391: refused: A is not on loan
line 392: refused: E is not on loan
line 393: refused: al already reserved C
line 394: refused: C is not on loan
line 395: refused: E is not on loan
cy paid 2.45, owes 1.85
line 397: refused: bo has overdue books
line 398: refused: A is held for al
line 399: refused: bo already reserved A
reserved D for bo (position 1)
line 401: refused: F is held for bo
line 402: refused: B is on loan
line 403: refused: D is not on loan
line 404: refused: al already reserved D
line 405: refused: F is not on loan
line 406: refused: F is held for bo
line 407: refused: C is held for bo
line 408: refused: E is not on loan
line 409: refused: C is not on loan
line 410: refused: D is not on loan
reserved B for cy (position 3)
line 412: refused: F is held for bo
al borrowed A, due day 597
bo returned B, 110 days late, fine 5.00
B held for di
al borrowed D, due day 601
line 416: refused: B is not on loan
bo paid 1.60, owes 7.90
bo borrowed C, due day 605
line 419: refused: E is held for bo
line 420: refused: E is not on loan
line 421: refused: F is not on loan
line 422: refused: D is on loan
reserved A for cy (position 2)
di paid 1.30, owes 9.65
al paid 1.45, owes 7.40
bo borrowed F, due day 613
line 427: refused: al already reserved B
line 428: refused: bo already reserved D
line 429: refused: B is not on loan
bo returned C, 2 days late, fine 0.50
C held for cy
line 431: refused: C is not on loan
line 432: refused: E is held for bo
line 433: refused: E is not on loan
line 434: refused: A is on loan
line 435: refused: C is not on loan
line 436: refused: bo already reserved D
line 437: refused: B is not on loan
reserved E for cy (position 3)
line 439: refused: E is held for bo
line 440: refused: D is on loan
line 441: refused: B is held for di
line 442: refused: B is not on loan
bo returned F, 20 days late, fine 5.00
F held for al
line 444: refused: A is on loan
al paid 1.20, owes 6.20
cy borrowed C, due day 650
line 447: refused: D is on loan
line 448: refused: C is on loan
al paid 2.35, owes 3.85
bo paid 0.05, owes 13.35
line 451: refused: C is on loan
line 452: refused: A is on loan
cy returned C
C held for di
line 454: refused: E is not on loan
line 455: refused: F is held for al
line 456: refused: E is not on loan
reserved C for cy (position 2)
line 458: refused: A is on loan
line 459: refused: D is on loan
di borrowed B, due day 677
line 461: refused: bo owes 13.35
reserved A for di (position 3)
line 463: refused: E is held for bo
line 464: refused: di already reserved E
line 465: refused: C is held for di
al paid 2.15, owes 1.70
al returned A, 76 days late, fine 5.00
A held for bo
al returned D, 75 days late, fine 5.00
D held for bo
line 469: refused: F is not on loan
reserved D for al (position 1)
line 471: refused: cy already reserved B
di paid 1.65, owes 8.00
line 473: refused: E is held for bo
line 474: refused: di already reserved F
line 475: refused: D is not on loan
line 476: refused: A is not on loan
line 477: refused: cy already reserved B
line 478: refused: A is held for bo
reserved A for al (position 3)
line 480: refused: A is not on loan
line 481: refused: C is held for di
line 482: refused: A is held for bo
line 483: refused: al already reserved E
line 484: refused: di already reserved C
line 485: refused: al already reserved C
line 486: refused: F is held for al
line 487: refused: D is not on loan
line 488: refused: B is on loan
di returned B, 31 days late, fine 5.00
B held for al
line 490: refused: B is not on loan
line 491: refused: F is held for al
al paid 0.40, owes 11.30
line 493: refused: cy already reserved C
line 494: refused: A is held for bo
line 495: refused: B is held for al
line 496: refused: C is held for di
line 497: refused: C is held for di
line 498: refused: B is not on loan
line 499: refused: A is not on loan
line 500: refused: F is held for al
di paid 2.85, owes 10.15
line 502: refused: D is not on loan
line 503: refused: D is not on loan
line 504: refused: F is held for al
line 505: refused: al owes 11.30
line 506: refused: B is not on loan
line 507: refused: F is held for al
cy paid 0.80, owes 1.05
line 509: refused: di owes 10.15
line 510: refused: C is held for di
reserved C for bo (position 3)
line 512: refused: D is not on loan
line 513: refused: al already reserved C
line 514: refused: al owes 11.30
line 515: refused: F is not on loan
line 516: refused: E is not on loan
line 517: refused: B is held for al
line 518: refused: C is held for di
line 519: refused: al owes 11.30
reserved D for cy (position 2)
line 521: refused: bo owes 13.35
line 522: refused: B is not on loan
line 523: refused: E is held for bo
line 524: refused: D is held for bo
di paid 2.50, owes 7.65
line 526: refused: D is held for bo
line 527: refused: B is held for al
line 528: refused: E is held for bo
line 529: refused: cy already reserved E
line 530: refused: D is held for bo
line 531: refused: F is held for al
line 532: refused: al already reserved D
line 533: refused: C is held for di
line 534: refused: bo already reserved E
line 535: refused: di already reserved C
line 536: refused: C is not on loan
line 537: refused: D is not on loan
line 538: refused: C is held for di
al paid 2.50, owes 8.80
line 540: refused: al already reserved D
line 541: refused: al already reserved F
line 542: refused: C is held for di
line 543: refused: F is not on loan
line 544: refused: A is not on loan
line 545: refused: B is held for al
line 546: refused: F is not on loan
line 547: refused: al already reserved E
di paid 1.15, owes 6.50
line 549: refused: A is held for bo
line 550: refused: F is not on loan
line 551: refused: cy already reserved C
line 552: refused: B is held for al
line 553: refused: al already reserved E
line 554: refused: E is held for bo
line 555: refused: al already reserved D
line 556: refused: F is held for al
line 557: refused: cy owes only 1.05
line 558: refused: B is held for al
reserved B for bo (position 2)
line 560: refused: D is held for bo
line 561: refused: F is not on loan
line 562: refused: B is not on loan
line 563: refused: A is not on loan
line 564: refused: F is held for al
line 565: refused: E is held for bo
line 566: refused: E is not on loan
line 567: refused: bo owes 13.35
line 568: refused: B is held for al
al borrowed B, due day 834
line 570: refused: C is held for di
line 571: refused: D is held for bo
line 572: refused: A is not on loan
line 573: refused: B is on loan
line 574: refused: al already has B
line 575: refused: bo owes 13.35
line 576: refused: al already has B
di paid 2.35, owes 4.15
line 578: refused: C is not on loan
line 579: refused: bo already reserved E
line 580: refused: C is not on loan
di borrowed C, due day 852
line 582: refused: al already reserved C
line 583: refused: cy already reserved C
bo paid 0.35, owes 13.00
di paid 0.45, owes 3.70
al paid 0.55, owes 8.25
line 587: refused: al already reserved F
line 588: refused: A is not on loan
line 589: refused: di already reserved A
al returned B, 22 days late, fine 5.00
B held for cy
line 591: refused: al already reserved A
line 592: refused: bo already reserved D
line 593: refused: F is held for al
line 594: refused: A is held for bo
line 595: refused: cy already reserved D
line 596: refused: E is not on loan
line 597: refused: bo owes 13.00
line 598: refused: A is not on loan
line 599: refused: F is held for al
bo paid 0.15, owes 12.85
member       loans     owes
al               0    13.25
bo               0    12.85
cy               0     1.05
di               1     3.70
overdue on day 870:
  C di due 852 (18 days)
