OK #1 R1 Mon 09:00-10:00 a
OK #2 R2 Mon 08:00-09:30 b
OK #3 R2 Mon 09:30-10:30 c
CONFLICT R2 Mon with #2 (b 08:00-09:30)
CONFLICT R2 Mon with #2 (b 08:00-09:30)
OK #4 R3+R1 Mon 10:00-10:30 d
line 7: error: bad room
line 8: error: bad room
line 9: error: bad room
line 10: error: wrong field count
== schedule ==
Mon R1       09:00-10:00 #1 a
Mon R1       10:00-10:30 #4 d
Mon R2       08:00-09:30 #2 b
Mon R2       09:30-10:30 #3 c
Mon R3       10:00-10:30 #4 d
== usage ==
R1       1h30m
R2       2h30m
R3       0h30m
