t=5 floor 5 pick P2
t=8 floor 6 drop P2
t=19 floor 15 pick P1
t=22 floor 14 pick P7
t=29 floor 9 pick P9
t=34 floor 6 drop P1
t=39 floor 3 drop P9
t=43 floor 1 drop P7
t=43 floor 1 pick P3
t=43 floor 1 pick P5
t=46 floor 2 drop P5
t=49 floor 3 pick P6
t=54 floor 6 pick P12
t=59 floor 9 pick P11
t=65 floor 13 drop P11
t=65 floor 13 pick P16
t=69 floor 15 drop P6
t=69 floor 15 pick P4
t=72 floor 16 drop P12
t=75 floor 17 drop P3
t=79 floor 19 drop P16
t=79 floor 19 drop P4
t=82 floor 20 pick P22
t=82 floor 20 pick P24
t=85 floor 19 pick P8
t=88 floor 18 pick P19
t=95 floor 13 drop P8
t=95 floor 13 drop P19
t=98 floor 12 pick P17
t=102 floor 10 drop P17
t=102 floor 10 pick P10
t=107 floor 7 pick P27
t=111 floor 5 drop P22
t=111 floor 5 drop P10
t=113 floor 5 pick P33
t=116 floor 4 drop P24
t=119 floor 3 drop P33
t=122 floor 2 drop P27
t=125 floor 1 pick P26
t=128 floor 2 drop P26
t=128 floor 2 pick P21
t=128 floor 2 pick P35
t=131 floor 3 drop P35
t=131 floor 3 pick P29
t=134 floor 4 pick P20
t=134 floor 4 pick P38
t=137 floor 5 drop P29
t=140 floor 6 pick P28
t=152 floor 16 drop P28
t=155 floor 17 drop P21
t=155 floor 17 drop P38
t=158 floor 18 drop P20
t=161 floor 19 pick P42
t=164 floor 18 pick P31
t=164 floor 18 pick P46
t=164 floor 18 pick P51
t=168 floor 16 drop P42
t=168 floor 16 pick P13
t=171 floor 15 drop P13
t=171 floor 15 pick P18
t=176 floor 12 drop P18
t=176 floor 12 pick P36
t=184 floor 6 drop P46
t=184 floor 6 drop P36
t=188 floor 4 drop P51
t=191 floor 3 drop P31
t=194 floor 2 pick P47
t=197 floor 3 pick P44
t=200 floor 4 pick P41
t=203 floor 5 pick P64
t=208 floor 8 drop P44
t=208 floor 8 pick P57
t=213 floor 11 drop P47
t=213 floor 11 pick P25
t=216 floor 12 drop P57
t=216 floor 12 drop P25
t=216 floor 12 pick P37
t=216 floor 12 pick P39
t=220 floor 14 drop P64
t=220 floor 14 pick P40
t=225 floor 17 drop P39
t=225 floor 17 pick P63
t=228 floor 18 drop P40
t=228 floor 18 drop P63
t=231 floor 19 drop P37
t=234 floor 20 drop P41
t=234 floor 20 pick P58
t=234 floor 20 pick P68
t=237 floor 19 pick P62
t=240 floor 18 pick P60
t=244 floor 16 drop P58
t=244 floor 16 pick P52
t=250 floor 12 drop P62
t=250 floor 12 pick P48
t=253 floor 11 drop P48
t=256 floor 10 drop P68
t=256 floor 10 pick P56
t=259 floor 9 drop P52
t=259 floor 9 pick P54
t=259 floor 9 pick P61
t=263 floor 7 drop P54
t=266 floor 6 drop P61
t=271 floor 3 drop P56
t=274 floor 2 drop P60
t=277 floor 1 pick P84
t=280 floor 2 pick P76
t=285 floor 5 pick P65
t=285 floor 5 pick P71
t=291 floor 9 drop P65
t=291 floor 9 pick P14
t=294 floor 10 drop P71
t=294 floor 10 pick P23
t=299 floor 13 drop P14
t=299 floor 13 pick P53
t=304 floor 16 drop P23
t=304 floor 16 pick P70
t=307 floor 17 drop P84
t=307 floor 17 drop P76
t=307 floor 17 drop P70
t=311 floor 19 drop P53
t=311 floor 19 pick P86
t=311 floor 19 pick P91
t=311 floor 19 pick P95
t=314 floor 18 drop P86
t=314 floor 18 pick P72
t=314 floor 18 pick P78
t=319 floor 15 drop P78
t=319 floor 15 pick P30
t=324 floor 12 drop P95
t=324 floor 12 pick P88
t=330 floor 8 drop P88
t=335 floor 5 drop P72
t=339 floor 3 drop P30
t=342 floor 2 drop P91
t=347 floor 5 pick P82
t=350 floor 6 pick P34
t=350 floor 6 pick P79
t=350 floor 6 pick P99
t=354 floor 8 drop P99
t=354 floor 8 pick P90
t=357 floor 9 drop P79
t=357 floor 9 drop P90
t=357 floor 9 pick P15
t=357 floor 9 pick P55
t=362 floor 12 drop P55
t=362 floor 12 pick P81
t=366 floor 14 drop P82
t=366 floor 14 drop P81
t=366 floor 14 pick P75
t=366 floor 14 pick P92
t=369 floor 15 drop P75
t=372 floor 16 pick P77
t=375 floor 17 drop P77
t=378 floor 18 drop P34
t=381 floor 19 drop P15
t=381 floor 19 drop P92
t=384 floor 18 pick P97
t=387 floor 17 pick P50
t=387 floor 17 pick P89
t=390 floor 16 pick P94
t=395 floor 13 drop P89
t=395 floor 13 pick P32
t=398 floor 12 drop P32
t=398 floor 12 pick P93
t=406 floor 6 drop P93
t=411 floor 3 drop P97
t=411 floor 3 drop P50
t=414 floor 2 drop P94
t=421 floor 7 pick P43
t=421 floor 7 pick P45
t=421 floor 7 pick P59
t=421 floor 7 pick P87
t=433 floor 17 drop P43
t=433 floor 17 drop P59
t=433 floor 17 drop P87
t=437 floor 19 drop P45
t=442 floor 16 pick P100
t=446 floor 14 pick P49
t=446 floor 14 pick P66
t=446 floor 14 pick P67
t=452 floor 10 drop P100
t=455 floor 9 pick P74
t=461 floor 5 drop P67
t=464 floor 4 drop P66
t=464 floor 4 drop P74
t=468 floor 2 drop P49
t=477 floor 9 pick P73
t=480 floor 10 pick P69
t=483 floor 11 pick P80
t=486 floor 12 pick P96
t=489 floor 13 drop P73
t=489 floor 13 pick P83
t=492 floor 14 drop P80
t=492 floor 14 drop P83
t=496 floor 16 pick P85
t=499 floor 17 drop P96
t=504 floor 20 drop P69
t=504 floor 20 drop P85
t=512 floor 14 pick P98
t=524 floor 4 drop P98
P1 wait 18 ride 15
P2 wait 3 ride 3
P3 wait 40 ride 32
P4 wait 60 ride 10
P5 wait 30 ride 3
P6 wait 34 ride 20
P7 wait 2 ride 21
P8 wait 60 ride 10
P9 wait 1 ride 10
P10 wait 69 ride 9
P11 wait 25 ride 6
P12 wait 14 ride 18
P13 wait 123 ride 3
P14 wait 240 ride 8
P15 wait 306 ride 24
P16 wait 10 ride 14
P17 wait 42 ride 4
P18 wait 114 ride 5
P19 wait 25 ride 7
P20 wait 70 ride 24
P21 wait 58 ride 27
P22 wait 8 ride 29
P23 wait 218 ride 10
P24 wait 2 ride 34
P25 wait 130 ride 3
P26 wait 36 ride 3
P27 wait 17 ride 15
P28 wait 46 ride 12
P29 wait 32 ride 6
P30 wait 217 ride 20
P31 wait 57 ride 27
P32 wait 284 ride 3
P33 wait 0 ride 6
P34 wait 233 ride 28
P35 wait 6 ride 3
P36 wait 51 ride 8
P37 wait 90 ride 15
P38 wait 7 ride 21
P39 wait 83 ride 9
P40 wait 82 ride 8
P41 wait 62 ride 34
P42 wait 21 ride 7
P43 wait 275 ride 12
P44 wait 49 ride 11
P45 wait 270 ride 16
P46 wait 7 ride 20
P47 wait 37 ride 19
P48 wait 91 ride 3
P49 wait 287 ride 22
P50 wait 227 ride 24
P51 wait 0 ride 24
P52 wait 76 ride 15
P53 wait 131 ride 12
P54 wait 90 ride 4
P55 wait 188 ride 5
P56 wait 85 ride 15
P57 wait 31 ride 8
P58 wait 52 ride 10
P59 wait 238 ride 12
P60 wait 56 ride 34
P61 wait 69 ride 7
P62 wait 41 ride 13
P63 wait 24 ride 3
P64 wait 0 ride 17
P65 wait 76 ride 6
P66 wait 236 ride 18
P67 wait 234 ride 15
P68 wait 16 ride 22
P69 wait 259 ride 24
P70 wait 78 ride 3
P71 wait 57 ride 9
P72 wait 86 ride 21
P73 wait 246 ride 12
P74 wait 221 ride 9
P75 wait 130 ride 3
P76 wait 41 ride 27
P77 wait 133 ride 3
P78 wait 74 ride 5
P79 wait 106 ride 7
P80 wait 236 ride 9
P81 wait 111 ride 4
P82 wait 94 ride 19
P83 wait 236 ride 3
P84 wait 23 ride 30
P85 wait 238 ride 8
P86 wait 52 ride 3
P87 wait 159 ride 12
P88 wait 62 ride 6
P89 wait 123 ride 8
P90 wait 88 ride 3
P91 wait 43 ride 31
P92 wait 95 ride 15
P93 wait 126 ride 8
P94 wait 115 ride 24
P95 wait 36 ride 13
P96 wait 208 ride 13
P97 wait 103 ride 27
P98 wait 228 ride 12
P99 wait 61 ride 4
P100 wait 147 ride 10
average wait 99.27 ride 13.26
done at t=524
