line 11: invalid request
line 12: invalid request
t=10 floor 11 pick P2
t=23 floor 24 drop P2
t=48 floor 49 pick P7
t=87 floor 10 drop P7
t=96 floor 1 pick P32
t=102 floor 7 drop P32
t=102 floor 7 pick P57
t=136 floor 41 drop P57
t=145 floor 50 pick P35
t=171 floor 24 drop P35
t=171 floor 24 pick P19
t=179 floor 16 drop P19
t=180 floor 15 pick P16
t=184 floor 11 drop P16
t=194 floor 1 pick P46
t=205 floor 12 drop P46
t=205 floor 12 pick P36
t=232 floor 39 drop P36
t=242 floor 49 pick P33
t=256 floor 35 drop P33
t=257 floor 34 pick P8
t=269 floor 22 drop P8
t=269 floor 22 pick P34
t=283 floor 8 drop P34
t=289 floor 2 pick P11
t=319 floor 32 drop P11
t=322 floor 35 pick P45
t=335 floor 48 drop P45
t=335 floor 48 pick P44
t=356 floor 27 drop P44
t=356 floor 27 pick P1
t=371 floor 12 drop P1
t=380 floor 3 pick P28
t=401 floor 24 drop P28
t=403 floor 26 pick P52
t=406 floor 29 drop P52
t=406 floor 29 pick P40
t=424 floor 47 drop P40
t=424 floor 47 pick P31
t=466 floor 5 drop P31
t=467 floor 4 pick P14
t=486 floor 23 drop P14
t=500 floor 37 pick P39
t=513 floor 50 drop P39
t=517 floor 46 pick P26
t=552 floor 11 drop P26
t=557 floor 6 pick P56
t=568 floor 17 drop P56
t=570 floor 19 pick P22
t=596 floor 45 drop P22
t=597 floor 44 pick P10
t=611 floor 30 drop P10
t=612 floor 29 pick P3
t=637 floor 4 drop P3
t=641 floor 8 pick P17
t=648 floor 15 drop P17
t=649 floor 16 pick P4
t=655 floor 22 drop P4
t=655 floor 22 pick P49
t=677 floor 44 drop P49
t=678 floor 43 pick P58
t=700 floor 21 drop P58
t=701 floor 20 pick P24
t=710 floor 11 drop P24
t=713 floor 8 pick P20
t=732 floor 27 drop P20
t=744 floor 39 pick P5
t=764 floor 19 drop P5
t=766 floor 17 pick P53
t=781 floor 2 drop P53
t=788 floor 9 pick P15
t=808 floor 29 drop P15
t=818 floor 39 pick P13
t=840 floor 17 drop P13
t=842 floor 15 pick P54
t=850 floor 7 drop P54
t=852 floor 9 pick P38
t=891 floor 48 drop P38
t=900 floor 39 pick P41
t=934 floor 5 drop P41
t=939 floor 10 pick P37
t=958 floor 29 drop P37
t=967 floor 38 pick P27
t=995 floor 10 drop P27
t=996 floor 11 pick P59
t=1008 floor 23 drop P59
t=1023 floor 38 pick P55
t=1054 floor 7 drop P55
t=1059 floor 12 pick P42
t=1073 floor 26 drop P42
t=1084 floor 37 pick P47
t=1090 floor 31 drop P47
t=1093 floor 28 pick P9
t=1100 floor 21 drop P9
t=1115 floor 20 pick P60
t=1143 floor 48 drop P60
t=1155 floor 36 pick P30
t=1182 floor 9 drop P30
t=1207 floor 34 pick P21
t=1209 floor 32 drop P21
t=1213 floor 28 pick P50
t=1226 floor 15 drop P50
t=1249 floor 34 pick P43
t=1263 floor 20 drop P43
t=1290 floor 33 pick P6
t=1319 floor 4 drop P6
t=1348 floor 33 pick P25
t=1349 floor 32 drop P25
t=1353 floor 28 pick P51
t=1357 floor 24 drop P51
t=1357 floor 24 pick P29
t=1362 floor 19 drop P29
t=1382 floor 27 pick P48
t=1383 floor 26 drop P48
t=1384 floor 25 pick P23
t=1386 floor 23 drop P23
t=1386 floor 23 pick P12
t=1388 floor 21 drop P12
t=1396 floor 13 pick P18
t=1405 floor 4 drop P18
P1 wait 356 ride 15
P2 wait 10 ride 13
P3 wait 609 ride 25
P4 wait 645 ride 6
P5 wait 739 ride 20
P6 wait 1283 ride 29
P7 wait 38 ride 39
P8 wait 247 ride 12
P9 wait 1080 ride 7
P10 wait 582 ride 14
P11 wait 273 ride 30
P12 wait 1368 ride 2
P13 wait 799 ride 22
P14 wait 447 ride 19
P15 wait 765 ride 20
P16 wait 156 ride 4
P17 wait 617 ride 7
P18 wait 1370 ride 9
P19 wait 143 ride 8
P20 wait 684 ride 19
P21 wait 1175 ride 2
P22 wait 537 ride 26
P23 wait 1350 ride 2
P24 wait 667 ride 9
P25 wait 1314 ride 1
P26 wait 480 ride 35
P27 wait 929 ride 28
P28 wait 342 ride 21
P29 wait 1319 ride 5
P30 wait 1114 ride 27
P31 wait 382 ride 42
P32 wait 53 ride 6
P33 wait 197 ride 14
P34 wait 222 ride 14
P35 wait 96 ride 26
P36 wait 155 ride 27
P37 wait 888 ride 19
P38 wait 801 ride 39
P39 wait 449 ride 13
P40 wait 352 ride 18
P41 wait 843 ride 34
P42 wait 1002 ride 14
P43 wait 1190 ride 14
P44 wait 276 ride 21
P45 wait 262 ride 13
P46 wait 131 ride 11
P47 wait 1021 ride 6
P48 wait 1319 ride 1
P49 wait 589 ride 22
P50 wait 1144 ride 13
P51 wait 1281 ride 4
P52 wait 329 ride 3
P53 wait 692 ride 15
P54 wait 766 ride 8
P55 wait 945 ride 31
P56 wait 477 ride 11
P57 wait 19 ride 34
P58 wait 595 ride 22
P59 wait 913 ride 12
P60 wait 1031 ride 28
average wait 664.30 ride 16.85
done at t=1405
