t=30 floor 12 pick P1
t=44 floor 3 drop P1
t=51 floor 1 pick P2
t=58 floor 3 drop P2
t=69 floor 9 pick P3
t=81 floor 2 drop P3
t=87 floor 1 pick P4
t=97 floor 6 drop P4
t=107 floor 1 pick P6
t=116 floor 5 drop P6
t=122 floor 6 pick P5
t=128 floor 7 drop P5
t=138 floor 12 pick P7
t=138 floor 12 pick P8
t=144 floor 11 drop P7
t=156 floor 4 drop P8
t=156 floor 4 pick P10
t=163 floor 2 drop P10
t=169 floor 3 pick P9
t=181 floor 10 drop P9
t=187 floor 11 pick P11
t=200 floor 3 drop P11
t=213 floor 11 pick P12
t=224 floor 5 drop P12
t=231 floor 3 pick P13
t=239 floor 6 pick P15
t=248 floor 10 drop P15
t=254 floor 11 drop P13
t=254 floor 11 pick P14
t=254 floor 11 pick P16
t=263 floor 7 drop P16
t=273 floor 2 drop P14
t=286 floor 10 pick P17
t=292 floor 9 drop P17
t=305 floor 1 pick P18
t=313 floor 4 pick P19
t=321 floor 7 drop P18
t=331 floor 12 drop P19
t=342 floor 6 pick P20
t=351 floor 2 pick P21
t=357 floor 1 drop P20
t=357 floor 1 drop P21
t=357 floor 1 pick P24
t=363 floor 2 drop P24
t=370 floor 4 pick P22
t=377 floor 6 pick P23
t=383 floor 7 drop P23
t=390 floor 9 drop P22
t=395 floor 9 pick P28
t=402 floor 11 drop P28
t=408 floor 12 pick P25
t=415 floor 10 pick P27
t=425 floor 5 drop P27
t=434 floor 1 drop P25
t=434 floor 1 pick P29
t=434 floor 1 pick P30
t=441 floor 3 pick P26
t=450 floor 7 drop P26
t=457 floor 9 drop P30
t=463 floor 10 drop P29
t=479 floor 1 pick P32
t=485 floor 2 drop P32
t=492 floor 4 pick P33
t=498 floor 5 pick P34
t=504 floor 6 drop P33
t=504 floor 6 drop P34
t=513 floor 10 pick P35
t=519 floor 11 pick P31
t=525 floor 12 drop P35
t=525 floor 12 drop P31
t=534 floor 8 pick P36
t=540 floor 7 drop P36
t=548 floor 4 pick P37
t=548 floor 4 pick P38
t=554 floor 5 drop P37
t=560 floor 6 drop P38
t=560 floor 6 pick P39
t=568 floor 9 drop P39
t=568 floor 9 pick P40
t=576 floor 6 drop P40
P1 wait 11 ride 14
P2 wait 16 ride 7
P3 wait 23 ride 12
P4 wait 25 ride 10
P5 wait 50 ride 6
P6 wait 10 ride 9
P7 wait 30 ride 6
P8 wait 14 ride 18
P9 wait 27 ride 12
P10 wait 4 ride 7
P11 wait 10 ride 13
P12 wait 11 ride 11
P13 wait 18 ride 23
P14 wait 32 ride 19
P15 wait 13 ride 9
P16 wait 3 ride 9
P17 wait 16 ride 6
P18 wait 27 ride 16
P19 wait 19 ride 18
P20 wait 19 ride 15
P21 wait 25 ride 6
P22 wait 35 ride 20
P23 wait 38 ride 6
P24 wait 13 ride 6
P25 wait 44 ride 26
P26 wait 68 ride 9
P27 wait 30 ride 10
P28 wait 0 ride 7
P29 wait 14 ride 29
P30 wait 4 ride 23
P31 wait 75 ride 6
P32 wait 25 ride 6
P33 wait 18 ride 12
P34 wait 16 ride 6
P35 wait 31 ride 12
P36 wait 36 ride 6
P37 wait 47 ride 6
P38 wait 37 ride 12
P39 wait 20 ride 8
P40 wait 13 ride 8
average wait 24.18 ride 11.60
done at t=576
