== Enrollment ==
CS101 (Intro Programming)    4: ann, bob, eve, hal
CS201 (Data Structures)      4: bob, dev, gus, hal
MA220 (Linear Algebra)       4: bob, cho, eve, gus
EN105 (Writing)              4: ann, eve, fay, gus
MA110 (Calculus I)           3: ann, cho, eve
PH100 (Physics)              3: cho, dev, gus
students: 8
== Departments ==
CS and MA: ann bob eve gus
CS only:   dev hal
MA only:   cho
neither:   fay
== Slot conflicts ==
mon_am: CS101/MA110 -> ann, eve
tue_pm: CS201/PH100 -> dev, gus
== Similar courses ==
CS101 ~ MA110  0.40
CS201 ~ PH100  0.40
MA110 ~ EN105  0.40
== Lookups ==
MA220: subset of CS201+PH100+MA110? true
BIO1: no such course
heavy load: eve, gus
["eve", 4]
