== Final scores ==
dot   98.60 A
ana   93.60 A
cy    85.10 B
bo    70.30 C
ed   incomplete (missing final)
flo  incomplete (missing final)
class average: 86.90
top: dot, bottom: bo
distribution: A=2 B=1 C=1 D=0 F=0
== Curve to a 90 average (capped at 100) ==
ana   96.70
bo    73.40
cy    88.20
dot  100.00
== Per category ==
hw       n=23 min=  0 max=100 mean= 78.04 zeros=1
midterm  n= 6 min= 55 max= 97 mean= 79.67 zeros=0
final    n= 4 min= 68 max= 99 mean= 87.25 zeros=0
honors: ana, dot
hw always >= 95: dot
needs attention: bo, ed
