round 1: 4 players, best cy (15)
round 2: 4 players, best eli (20)
round 3: 5 players, best dee (18)
round 4: 5 players, best fay (25)
== Final standings ==
 1. bo    44  (4 rounds, 11.0 avg)
 1. cy    44  (4 rounds, 11.0 avg)
 3. eli   34  (3 rounds, 11.3 avg)
 4. dee   31  (3 rounds, 10.3 avg)
 5. ana   30  (3 rounds, 10.0 avg)
 6. fay   25  (1 rounds, 25.0 avg)
tied at 1: bo, cy
== Movers (last round) ==
  bo   +1
  cy   =
  eli  +2
  dee  =
  ana  -2
  fay  new
== Streaks ==
  ana  played xxx. longest run 3 missed 4
  bo   played xxxx longest run 4
  cy   played xxxx longest run 4
  dee  played x.xx longest run 2 missed 2
  eli  played .xxx longest run 3 missed 1
  fay  played ...x longest run 1 missed 1,2,3
played every round: bo, cy
best single round: 25 in round 4
