primes up to 400: 78
first ten: 2 3 5 7 11 13 17 19 23 29
largest: 397
twin pairs: 21
  (3,5) (5,7) (11,13) (17,19) (29,31) (41,43)
gap histogram:
   1 *
   2 ***********
   4 **********
   6 ***********
   8 **
  10 ***
  12 *
  14 **
widest gap: 113..127
goldbach:
  40 = 3+37 = 11+29 = 17+23
  44 = 3+41 = 7+37 = 13+31
  48 = 5+43 = 7+41 = 11+37 = 17+31 = 19+29
  52 = 5+47 = 11+41 = 23+29
  56 = 3+53 = 13+43 = 19+37
  60 = 7+53 = 13+47 = 17+43 = 19+41 = 23+37 = 29+31
residues mod 6 (p > 3):
  1: 37
  5: 39
per hundred:
    0- 99: 25  min=2 max=97
  100-199: 21  min=101 max=199
  200-299: 16  min=211 max=293
  300-399: 16  min=307 max=397
odd composites below 100: 25
odd primes subset of odds? true
primes one above a square: 2 5 17 37 101 197 257
first above 350: 353, above limit: none
digit sums: 101 113 131 137 139 151 157 173
