Room A: 4 bookings, busy 210 min
  busy: 09:00-11:30, 13:00-14:00
  free: 08:00-09:00, 11:30-13:00, 14:00-18:00
  longest free: 14:00-18:00
  clash: ann and bob
  clash: bob and gus
Room B: 4 bookings, busy 270 min
  busy: 08:30-09:15, 10:00-12:45, 15:00-16:00
  free: 08:00-08:30, 09:15-10:00, 12:45-15:00, 16:00-18:00
  longest free: 12:45-15:00
  clash: eve and fay
Room C: 1 bookings, busy 480 min
  busy: 09:00-17:00
  free: 08:00-09:00, 17:00-18:00
  longest free: 08:00-09:00
== Who is in at... ==
09:10: ann@A dev@B hal@C
12:15: eve@B fay@B hal@C
17:30: nobody
== First room free for 60 min from 10:00 ==
room A at 11:30-12:30
== Load per hour ==
08 #
09 ####
10 ####
11 ###
12 ###
13 ##
14 #
15 ##
16 #
17 
peak hour: 9 with 4
