temp points: 11, humidity points: 9, merged minutes: 14
only temp: 1,6,8,11,12; only humidity: 4,9,13
explicit gaps in temp: 2
minutes with no reading at all: none
== Merged (forward filled) ==
  min  temp   hum
    0  20.5  45.0
    1  20.7  45.0
    2  20.7  46.0 *
    3  21.4  47.0
    4  21.4  47.0 *
    5  22.0  49.0
    6  22.4  49.0
    7  29.9  50.0
    8  22.9  50.0
    9  22.9  52.0 *
   10  23.1  51.0
   11  23.0  51.0
   12  22.8  51.0
   13  22.8  50.0 *
== 3-minute moving average of temp ==
  20.6 20.9 21.2 21.6 21.9 24.8 25.1 25.2 23.0 23.0 23.0 22.9
spikes at minute: 7
== 5-minute buckets ==
   0- 4 temp avg  20.9, humidity max  47.0, readings 6/10
   5- 9 temp avg  24.3, humidity max  52.0, readings 7/10
  10-14 temp avg  23.0, humidity max  51.0, readings 5/8
minutes above 22C with humidity >= 50: 7
