1/5/10/25         6:  2 coins [1x1 1x5], 2 ways
1/5/10/25        23:  5 coins [3x1 2x10], 9 ways
1/5/10/25        63:  6 coins [3x1 1x10 2x25], 73 ways
1/5/10/25         3:  3 coins [3x1], 1 ways
1/5/10/25       100:  4 coins [4x25], 242 ways
1/3/4             6:  2 coins [2x3], 4 ways
1/3/4            23:  6 coins [1x3 5x4], 30 ways
1/3/4            63: 16 coins [1x3 15x4], 187 ways
1/3/4             3:  1 coins [1x3], 2 ways
1/3/4           100: 25 coins [25x4], 451 ways
2/5               6:  3 coins [3x2], 1 ways
2/5              23:  7 coins [4x2 3x5], 2 ways
2/5              63: 15 coins [4x2 11x5], 6 ways
2/5               3: impossible, 0 ways
2/5             100: 20 coins [20x5], 11 ways
7/11/13           6: impossible, 0 ways
7/11/13          23: impossible, 0 ways
7/11/13          63:  5 coins [1x11 4x13], 3 ways
7/11/13           3: impossible, 0 ways
7/11/13         100:  8 coins [2x11 6x13], 6 ways
1/2/5/10/20/50    6:  2 coins [1x1 1x5], 5 ways
1/2/5/10/20/50   23:  3 coins [1x1 1x2 1x20], 54 ways
1/2/5/10/20/50   63:  4 coins [1x1 1x2 1x10 1x50], 916 ways
1/2/5/10/20/50    3:  2 coins [1x1 1x2], 2 ways
1/2/5/10/20/50  100:  2 coins [2x50], 4562 ways
1,3,4: greedy fails first at 6
1,5,10,25: greedy optimal up to 60
1,6,10: greedy fails first at 12
invalid amount -5: negative amount
argument error: no coins given
argument error: bad coin 0
