[10, 9, 2, 5, 3, 7, 101, 18]
  n^2:     [2, 5, 7, 101] (4)
  n log n: [2, 3, 7, 18] (4) agree
[0, 8, 4, 12, 2, 10, 6, 14, 1, 9, 5, 13, 3, 11, 7, 15]
  n^2:     [0, 4, 6, 9, 13, 15] (6)
  n log n: [0, 2, 6, 9, 11, 15] (6) agree
[5, 4, 3, 2, 1]
  n^2:     [5] (1)
  n log n: [1] (1) agree
[1, 2, 3, 4]
  n^2:     [1, 2, 3, 4] (4)
  n log n: [1, 2, 3, 4] (4) agree
[3, 10, 2, 1, 20, 4, 6, 7, 30, 5]
  n^2:     [3, 4, 6, 7, 30] (5)
  n log n: [1, 4, 6, 7, 30] (5) agree
[]
  n^2:     [] (0)
  n log n: [] (0) agree
longest rising run of prices: 29 < 33 < 35 < 36 < 37 < 39 < 42 < 45
on days 2, 3, 4, 7, 9, 11, 13, 15
envelopes nest 6 deep: G(3x2) in A(5x4) in C(6x7) in F(7x8) in E(8x9) in H(9x10)
