samples: 18, min 9, max 3000
mean: 415.3 ms
p50: 88 ms
p90: 1200 ms
p99: 3000 ms
histogram:
  fast      0-49        5 #####
  ok        50-199      6 ######
  slow      200-999     5 #####
  very slow >= 1000     2 ##
per endpoint:
  GET /home        n=5 median=  48 worst=3000 [very slow]
  GET /search      n=5 median= 640 worst=1200 [very slow]
  POST /api/items  n=1 median= 410 worst= 410 [slow]
  GET /api/items   n=4 median=  41 worst= 260 [slow]
  POST /login      n=3 median=  88 worst= 230 [slow]
within SLO 0-199: 11/18 (61%)
paths breaking SLO: /api/items, /home, /login, /search
nil
    0..249: 12
  250..499: 2
  500..749: 1
  750..999: 1
