in stock: 12 of 14, 3 pages of 4
request page 1:
  page 1/3: items 1-4 of 12   [1] 2 3 >
    D3  whisk        4.50
    B3  cushion      9.50
    D2  knife       14.00
    B1  lamp        18.00
request page 3:
  page 3/3: items 9-12 of 12   < 1 2 [3]
    E1  shelf       45.00
    A3  blender     55.50
    C1  drill       80.00
    B2  rug        120.00
request page 0:
  (no such page)
request page 9:
  (no such page)
== Cursor-based (after sku) ==
  batch 1: A1 A2 A3 B1 B2
  batch 2: B3 C1 C2 C3 D1
  batch 3: D2 D3 E1 E2
== Per category, 2 per page ==
  garage: toolbox+drill
  kitchen: whisk+knife | pan+kettle | blender
  living: cushion+lamp | clock+shelf | rug
items 4..6: lamp, pan, toolbox
nil
last page holds 4; cheapest overall whisk, priciest rug
