respondents: 12
search=7 export=6 sync=6
== Venn regions ==
search only     1  u03
export only     1  u10
sync only       1  u04
search+export   2  u01 u12
search+sync     2  u02 u09
export+sync     1  u05
all three       2  u07 u11
none            2  u06 u08
regions add up: true
inclusion-exclusion: 10 == 10
overlapping regions: 0
== Exactly k features (of search/export/sync) ==
  0: 2 u06 u08
  1: 3 u03 u04 u10
  2: 5 u01 u02 u05 u09 u12
  3: 2 u07 u11
== By plan ==
  free  n=5  search  80%  export  40%  sync  20%
  pro   n=4  search  50%  export  50%  sync  75%
  team  n=3  search  33%  export  67%  sync  67%
api users: u02 u04 u07 u08; all on paid plans? true
api users without sync: u08
popularity: search(7) export(6) sync(6) api(4)
