== Per document ==
intro   words= 7 unique= 5 longest=happy
sequel  words= 9 unique= 7 longest=chased
garden  words= 9 unique= 8 longest=gardener
notes   words= 7 unique= 7 longest=repeat
== Top words ==
cat        5
dog        3
roses      3
garden     2
mat        2
== Top bigrams ==
distinct: 28, repeated: 0
around garden: 1
cat around: 1
cat faster: 1
cat happy: 1
== Document frequency ==
[]
["cat"]
== Shared vocabulary ==
garden & notes: roses,water
garden & sequel: garden
intro & notes: cat
intro & sequel: cat
notes & sequel: cat,dog
== Unique to one document ==
intro: happy mat sat warm
sequel: around chased fast faster
garden: gardener grow need patient ...
notes: feed repeat walk
== Letters ==
vowels: 51, consonants: 90
seen once: ikly
never: bjqvxz
