dictionary: 35 words, 35 distinct
== Anagram classes ==
aelst  6: least slate stale steal tales teals
enost  5: notes onset steno stone tones
aelrs  4: earls lares rales reals
aelrt  4: alert alter later ratel
arst   4: arts rats star tsar
aels   3: ales sale seal
art    3: art rat tar
elos   3: lose oles sole
no anagram: jazz quiz zest
== Racks ==
aelrst: 24 words, best alert (5), leaves 's'
otsen: 5 words, best stone (5), leaves ''
  uses every tile: notes onset steno stone tones
zzaj: 1 words, best jazz (29), leaves ''
  uses every tile: jazz
qixx: nothing playable
== Letters ==
unused letters: bcdfghkmpvwxy
in every 5-letter word: e
lengths: 3x3 4x13 5x19
highest scoring: jazz=29 quiz=22 zest=13
repeated letters: jazz
