line 4: shipped 3 A: revenue 6.00, cost 3.75
SKU            QTY      VALUE
A                6       4.40
TOTAL            6       4.40
line 6: shipped 1 A: revenue 2.00, cost 2.00
SKU            QTY      VALUE
A                5       2.40
TOTAL            5       2.40
line 8: shipped 5 A: revenue 10.00, cost 2.40
SKU            QTY      VALUE
A                0       0.00
TOTAL            0       0.00
line 10: error: insufficient stock for A (have 0, need 1)
== final ==
SKU            QTY      VALUE
A                0       0.00
TOTAL            0       0.00
revenue: 18.00
cost of goods sold: 8.15
gross profit: 9.85
