line 2: error: unknown sku WIRE-10
line 3: error: unknown sku BOLT
line 4: error: unknown sku WIRE-10
line 5: error: bad price
SKU            QTY      VALUE
AX-2             4      76.92
TOTAL            4      76.92
line 7: error: unknown sku NUT
line 8: error: unknown sku AX-1
line 9: error: unknown sku WIRE-10
line 12: error: unknown sku BOLT
line 13: error: unknown sku WIRE-10
line 15: error: unknown sku Q
line 18: error: insufficient stock for NUT (have 9, need 12)
line 19: error: bad quantity
line 20: error: unknown sku WIRE-10
line 21: error: unknown sku WIRE-10
line 24: error: unknown sku WIRE-10
SKU            QTY      VALUE
AX-1            17     219.64
AX-2            39     259.31
BOLT            20     363.60
NUT             48     664.95
TOTAL          124    1507.50
line 26: error: unknown sku WIRE-10
line 27: shipped 13 BOLT: revenue 88.40, cost 236.34
line 29: shipped 13 AX-2: revenue 127.40, cost 110.33
line 30: shipped 24 AX-2: revenue 513.60, cost 137.52
line 31: error: unknown sku Q
line 32: shipped 7 NUT: revenue 168.70, cost 136.36
line 33: shipped 29 NUT: revenue 704.70, cost 375.47
line 34: error: insufficient stock for AX-2 (have 2, need 13)
line 35: error: insufficient stock for BOLT (have 7, need 42)
line 38: error: insufficient stock for BOLT (have 7, need 33)
line 39: error: insufficient stock for BOLT (have 7, need 10)
line 40: error: bad quantity
line 42: shipped 19 NUT: revenue 7.60, cost 196.31
SKU            QTY      VALUE
AX-1            71    1074.82
AX-2             2      11.46
BOLT             7     127.26
NUT             37     154.09
TOTAL          117    1367.63
line 44: error: unknown sku Q
line 45: error: insufficient stock for AX-2 (have 2, need 37)
line 46: error: insufficient stock for BOLT (have 7, need 29)
SKU            QTY      VALUE
AX-1            77    1171.48
AX-2             2      11.46
BOLT            47     626.46
NUT             37     154.09
WIRE-10         10     145.60
TOTAL          173    2109.09
line 52: error: bad quantity
SKU            QTY      VALUE
AX-1           114    1366.84
AX-2             2      11.46
BOLT            79     879.90
NUT             37     154.09
WIRE-10         10     145.60
TOTAL          242    2557.89
line 58: error: unknown sku Q
line 59: error: insufficient stock for NUT (have 37, need 50)
line 61: error: insufficient stock for WIRE-10 (have 10, need 31)
line 62: shipped 13 BOLT: revenue 61.10, cost 202.14
line 66: error: insufficient stock for AX-2 (have 16, need 45)
line 67: shipped 38 BOLT: revenue 839.80, cost 456.00
line 68: shipped 16 NUT: revenue 320.00, cost 98.72
line 71: error: bad quantity
line 72: shipped 40 NUT: revenue 888.00, cost 401.55
SKU            QTY      VALUE
AX-1           134    1674.99
AX-2            50     353.30
BOLT            88     305.70
NUT             12      56.64
WIRE-10         36     548.06
TOTAL          320    2938.69
line 76: shipped 13 AX-1: revenue 223.60, cost 167.96
SKU            QTY      VALUE
AX-1           131    1701.33
AX-2            50     353.30
BOLT            88     305.70
NUT             30     182.64
WIRE-10         72    1179.05
TOTAL          371    3722.02
line 82: shipped 4 WIRE-10: revenue 38.00, cost 58.24
line 87: shipped 12 AX-1: revenue 254.40, cost 167.28
line 90: shipped 49 BOLT: revenue 132.30, cost 258.51
line 91: shipped 9 BOLT: revenue 36.00, cost 15.75
line 96: shipped 22 NUT: revenue 149.60, cost 126.64
line 97: shipped 12 WIRE-10: revenue 294.00, cost 183.66
line 98: shipped 37 WIRE-10: revenue 99.90, cost 607.91
line 99: shipped 9 BOLT: revenue 54.90, cost 11.07
SKU            QTY      VALUE
AX-1           159    1722.20
AX-2           142    1109.36
BOLT            72     789.51
NUT             46     621.06
WIRE-10         95    1338.21
TOTAL          514    5580.34
line 103: shipped 1 NUT: revenue 7.50, cost 7.00
line 105: shipped 30 WIRE-10: revenue 660.00, cost 390.73
line 106: shipped 11 BOLT: revenue 146.30, cost 10.67
line 110: shipped 40 BOLT: revenue 736.00, cost 387.40
line 111: shipped 29 WIRE-10: revenue 437.90, cost 357.08
line 115: error: bad price
line 116: shipped 26 WIRE-10: revenue 564.20, cost 426.40
line 117: shipped 13 BOLT: revenue 191.10, cost 242.32
line 118: shipped 25 AX-2: revenue 555.00, cost 133.55
SKU            QTY      VALUE
AX-1           200    2142.35
AX-2           168    1330.93
BOLT           111    1410.45
NUT             45     614.06
WIRE-10         36     474.70
TOTAL          560    5972.49
line 123: error: insufficient stock for WIRE-10 (have 36, need 45)
line 127: shipped 27 NUT: revenue 67.50, cost 346.40
line 131: shipped 19 AX-1: revenue 28.50, cost 274.55
line 134: shipped 31 AX-2: revenue 703.70, cost 223.71
line 135: shipped 11 NUT: revenue 95.70, cost 163.57
line 136: shipped 4 AX-1: revenue 61.20, cost 66.44
line 137: shipped 17 AX-1: revenue 113.90, cost 294.61
line 141: shipped 6 NUT: revenue 0.60, cost 89.22
SKU            QTY      VALUE
AX-1           257    1881.97
AX-2           137    1107.22
BOLT           196    2234.92
NUT             43     475.27
WIRE-10         47     530.14
TOTAL          680    6229.52
line 143: shipped 20 BOLT: revenue 448.00, cost 228.36
line 144: shipped 8 BOLT: revenue 45.60, cost 70.16
line 145: error: unknown command MOVE
line 146: shipped 33 NUT: revenue 623.70, cost 466.77
line 147: shipped 6 WIRE-10: revenue 133.80, cost 98.40
line 148: shipped 28 WIRE-10: revenue 226.80, cost 352.40
line 150: error: unknown sku Q
SKU            QTY      VALUE
AX-1           257    1881.97
AX-2           137    1107.22
BOLT           182    2051.34
NUT             10       8.50
WIRE-10         13      79.34
TOTAL          599    5128.37
line 152: shipped 50 AX-1: revenue 70.00, cost 411.62
line 154: shipped 2 NUT: revenue 4.20, cost 1.70
line 155: error: insufficient stock for NUT (have 8, need 39)
line 156: shipped 23 AX-2: revenue 368.00, cost 149.46
line 157: shipped 40 AX-2: revenue 808.00, cost 223.37
line 158: error: insufficient stock for WIRE-10 (have 13, need 47)
SKU            QTY      VALUE
AX-1           232    1908.85
AX-2           104    1174.19
BOLT           182    2051.34
NUT              8       6.80
WIRE-10         13      79.34
TOTAL          539    5220.52
SKU            QTY      VALUE
AX-1           232    1908.85
AX-2           137    1815.38
BOLT           182    2051.34
NUT              8       6.80
WIRE-10         13      79.34
TOTAL          572    5861.71
line 164: shipped 47 AX-1: revenue 860.10, cost 545.87
SKU            QTY      VALUE
AX-1           185    1362.98
AX-2           137    1815.38
BOLT           201    2053.62
NUT              8       6.80
WIRE-10         13      79.34
TOTAL          544    5318.12
line 166: error: insufficient stock for WIRE-10 (have 13, need 44)
line 168: error: bad price
SKU            QTY      VALUE
AX-1           203    1496.51
AX-2           164    1828.07
BOLT           232    2359.59
NUT              8       6.80
WIRE-10         50     696.87
TOTAL          657    6387.84
line 174: error: bad price
line 175: error: bad quantity
line 176: shipped 27 AX-1: revenue 540.00, cost 150.26
line 177: shipped 29 AX-2: revenue 522.00, cost 417.49
line 179: shipped 32 BOLT: revenue 227.20, cost 303.04
line 180: shipped 21 AX-2: revenue 478.80, cost 134.98
SKU            QTY      VALUE
AX-1           176    1346.25
AX-2           114    1275.60
BOLT           210    2109.65
NUT              8       6.80
WIRE-10         61     812.15
TOTAL          569    5550.45
line 183: shipped 47 AX-2: revenue 32.90, cost 519.10
line 188: shipped 32 BOLT: revenue 736.00, cost 476.01
line 190: shipped 46 AX-2: revenue 1104.00, cost 746.63
line 191: shipped 21 AX-2: revenue 354.90, cost 9.87
line 195: error: insufficient stock for NUT (have 10, need 11)
line 196: shipped 47 BOLT: revenue 1019.90, cost 659.08
SKU            QTY      VALUE
AX-1           249    1935.69
AX-2            35     551.11
BOLT           187    1689.00
NUT             10      36.44
WIRE-10         61     812.15
TOTAL          542    5024.39
line 198: shipped 9 WIRE-10: revenue 223.20, cost 53.93
line 199: error: insufficient stock for AX-2 (have 35, need 43)
== final ==
SKU            QTY      VALUE
AX-1           249    1935.69
AX-2            35     551.11
BOLT           221    2045.32
NUT             10      36.44
WIRE-10         52     758.22
TOTAL          567    5326.78
revenue: 18198.20
cost of goods sold: 13379.91
gross profit: 4818.29
