line 1: error: unknown sku Q
line 9: error: unknown sku AX-2
line 10: shipped 17 WIRE-10: revenue 73.10, cost 299.37
line 11: error: insufficient stock for BOLT (have 13, need 16)
line 12: shipped 3 WIRE-10: revenue 5.70, cost 52.83
line 13: error: unknown command MOVE
line 14: error: unknown sku AX-2
line 15: error: insufficient stock for BOLT (have 13, need 16)
line 16: shipped 23 WIRE-10: revenue 103.50, cost 401.35
line 17: error: insufficient stock for WIRE-10 (have 31, need 37)
line 18: error: insufficient stock for BOLT (have 13, need 22)
line 21: shipped 7 AX-1: revenue 130.20, cost 31.64
line 22: shipped 48 WIRE-10: revenue 705.60, cost 768.65
line 23: shipped 4 BOLT: revenue 77.60, cost 51.32
line 26: error: insufficient stock for AX-1 (have 32, need 40)
line 27: shipped 38 NUT: revenue 798.00, cost 220.80
line 28: error: insufficient stock for WIRE-10 (have 4, need 34)
SKU            QTY      VALUE
AX-1            32     164.12
AX-2            22     313.06
BOLT            43     367.26
NUT             14      79.80
WIRE-10          4      59.12
TOTAL          115     983.36
line 32: error: insufficient stock for AX-2 (have 22, need 28)
line 33: error: insufficient stock for NUT (have 14, need 36)
line 35: error: bad quantity
line 37: error: bad price
line 39: error: insufficient stock for NUT (have 14, need 26)
SKU            QTY      VALUE
AX-1            65     585.86
AX-2            22     313.06
BOLT            60     591.83
NUT             14      79.80
WIRE-10         41     619.67
TOTAL          202    2190.22
line 41: error: bad quantity
line 42: shipped 8 AX-2: revenue 180.80, cost 113.84
line 43: error: bad price
line 44: error: insufficient stock for AX-2 (have 14, need 15)
line 45: shipped 39 AX-1: revenue 807.30, cost 253.58
line 48: error: insufficient stock for NUT (have 14, need 49)
line 49: shipped 12 AX-1: revenue 18.00, cost 153.36
line 50: error: bad quantity
line 54: shipped 17 WIRE-10: revenue 409.70, cost 256.07
line 58: shipped 10 AX-2: revenue 12.00, cost 142.30
line 59: shipped 29 AX-1: revenue 23.20, cost 192.27
line 60: error: insufficient stock for WIRE-10 (have 24, need 49)
line 61: shipped 8 AX-2: revenue 36.00, cost 110.84
line 62: shipped 30 AX-2: revenue 603.00, cost 159.91
line 63: shipped 1 AX-1: revenue 7.00, cost 0.89
line 66: error: insufficient stock for WIRE-10 (have 31, need 34)
line 68: shipped 8 AX-2: revenue 15.20, cost 5.60
SKU            QTY      VALUE
AX-1            16      78.39
AX-2            19      13.30
BOLT           139    1631.03
NUT             25     225.55
WIRE-10         31     413.02
TOTAL          230    2361.29
line 70: error: bad price
line 72: shipped 17 WIRE-10: revenue 368.90, cost 257.55
line 74: shipped 10 WIRE-10: revenue 21.00, cost 127.23
line 77: error: insufficient stock for WIRE-10 (have 4, need 11)
line 79: shipped 32 AX-1: revenue 80.00, cost 269.83
line 80: shipped 23 NUT: revenue 213.90, cost 199.05
line 81: error: insufficient stock for AX-1 (have 1, need 23)
line 82: error: insufficient stock for AX-1 (have 1, need 44)
SKU            QTY      VALUE
AX-1             1      17.46
AX-2            19      13.30
BOLT           180    1860.79
NUT             30     491.02
WIRE-10          4      28.24
TOTAL          234    2410.81
line 85: error: insufficient stock for AX-1 (have 1, need 21)
SKU            QTY      VALUE
AX-1             1      17.46
AX-2            34      93.10
BOLT           186    1954.09
NUT             30     491.02
WIRE-10         36     550.48
TOTAL          287    3106.15
line 89: error: bad quantity
line 91: error: insufficient stock for AX-1 (have 1, need 11)
line 92: shipped 1 BOLT: revenue 17.50, cost 12.83
line 93: shipped 22 WIRE-10: revenue 37.40, cost 322.00
line 94: error: insufficient stock for NUT (have 30, need 41)
line 95: error: insufficient stock for NUT (have 30, need 48)
line 98: error: unknown command MOVE
line 99: error: insufficient stock for AX-1 (have 1, need 25)
line 101: shipped 11 AX-2: revenue 242.00, cost 7.70
line 108: shipped 2 AX-2: revenue 39.80, cost 1.40
line 110: shipped 50 NUT: revenue 45.00, cost 590.72
line 111: error: insufficient stock for AX-1 (have 3, need 35)
SKU            QTY      VALUE
AX-1             3      36.38
AX-2            40     147.08
BOLT           278    3160.90
NUT             13      59.41
WIRE-10         92    1072.18
TOTAL          426    4475.95
line 115: shipped 22 AX-2: revenue 206.80, cost 87.32
line 116: shipped 20 WIRE-10: revenue 78.00, cost 293.34
SKU            QTY      VALUE
AX-1             3      36.38
AX-2            18      59.76
BOLT           278    3160.90
NUT             15      59.43
WIRE-10         72     778.84
TOTAL          386    4095.31
line 118: shipped 2 NUT: revenue 31.40, cost 9.14
line 119: error: insufficient stock for NUT (have 13, need 47)
SKU            QTY      VALUE
AX-1             3      36.38
AX-2            18      59.76
BOLT           278    3160.90
NUT             13      50.29
WIRE-10         72     778.84
TOTAL          384    4086.17
line 121: error: unknown command MOVE
line 122: error: unknown command MOVE
line 123: shipped 4 WIRE-10: revenue 83.20, cost 43.24
line 124: shipped 33 BOLT: revenue 716.10, cost 292.06
line 125: shipped 47 BOLT: revenue 1128.00, cost 699.38
line 127: shipped 11 AX-2: revenue 149.60, cost 36.52
line 130: error: bad quantity
line 133: shipped 12 BOLT: revenue 37.20, cost 235.68
SKU            QTY      VALUE
AX-1            22     208.14
AX-2            10      45.47
BOLT           186    1933.78
NUT             56     650.41
WIRE-10         68     735.60
TOTAL          342    3573.40
SKU            QTY      VALUE
AX-1            22     208.14
AX-2            10      45.47
BOLT           186    1933.78
NUT             56     650.41
WIRE-10         68     735.60
TOTAL          342    3573.40
line 136: shipped 50 WIRE-10: revenue 920.00, cost 550.02
line 139: shipped 1 WIRE-10: revenue 11.10, cost 9.79
line 143: error: insufficient stock for AX-2 (have 43, need 49)
line 146: shipped 39 NUT: revenue 916.50, cost 458.49
line 148: shipped 37 AX-2: revenue 266.40, cost 576.02
line 149: shipped 13 AX-1: revenue 210.60, cost 126.78
line 150: shipped 35 BOLT: revenue 584.50, cost 239.39
line 151: shipped 48 NUT: revenue 1012.80, cost 539.89
line 153: error: insufficient stock for NUT (have 1, need 20)
SKU            QTY      VALUE
AX-1           109     854.50
AX-2            27     316.35
BOLT           166    1892.19
NUT              1      10.43
WIRE-10         17     175.79
TOTAL          320    3249.26
line 155: shipped 46 BOLT: revenue 156.40, cost 348.87
line 156: shipped 1 AX-2: revenue 2.10, cost 19.65
line 158: error: unknown sku Q
line 159: shipped 17 BOLT: revenue 197.20, cost 213.48
line 161: error: insufficient stock for AX-2 (have 26, need 49)
line 162: shipped 29 BOLT: revenue 452.40, cost 508.08
line 163: error: insufficient stock for NUT (have 1, need 23)
line 164: error: insufficient stock for WIRE-10 (have 17, need 49)
line 165: shipped 11 BOLT: revenue 34.10, cost 153.92
line 169: error: insufficient stock for NUT (have 1, need 34)
line 170: shipped 41 BOLT: revenue 213.20, cost 340.40
line 172: shipped 6 BOLT: revenue 52.80, cost 111.12
SKU            QTY      VALUE
AX-1           128    1158.50
AX-2            72     903.64
BOLT            64    1075.48
NUT             38      15.98
WIRE-10         17     175.79
TOTAL          319    3329.39
SKU            QTY      VALUE
AX-1           128    1158.50
AX-2            72     903.64
BOLT            68    1129.52
NUT             38      15.98
WIRE-10         17     175.79
TOTAL          323    3383.43
line 176: shipped 18 AX-2: revenue 205.20, cost 221.10
line 180: error: bad price
line 181: shipped 5 AX-2: revenue 1.00, cost 47.25
line 186: shipped 39 BOLT: revenue 327.60, cost 645.50
SKU            QTY      VALUE
AX-1           162    1330.30
AX-2            88    1324.03
BOLT            60     606.47
NUT             87     325.24
WIRE-10         17     175.79
TOTAL          414    3761.83
line 189: error: insufficient stock for WIRE-10 (have 17, need 20)
SKU            QTY      VALUE
AX-1           162    1330.30
AX-2            94    1403.89
BOLT            60     606.47
NUT             87     325.24
WIRE-10         17     175.79
TOTAL          420    3841.69
line 191: shipped 3 AX-2: revenue 55.80, cost 28.35
line 192: shipped 7 AX-1: revenue 171.50, cost 63.28
line 194: shipped 25 AX-1: revenue 525.00, cost 346.06
line 196: shipped 9 AX-1: revenue 120.60, cost 104.68
line 197: shipped 41 BOLT: revenue 705.20, cost 531.42
line 201: shipped 15 WIRE-10: revenue 94.50, cost 151.53
line 202: error: insufficient stock for WIRE-10 (have 18, need 19)
line 203: shipped 21 BOLT: revenue 153.30, cost 93.07
line 206: error: bad quantity
line 207: shipped 33 AX-1: revenue 69.30, cost 318.08
line 209: error: insufficient stock for BOLT (have 1, need 33)
line 210: shipped 11 NUT: revenue 19.80, cost 11.93
line 211: shipped 31 AX-2: revenue 722.30, cost 406.99
line 212: error: insufficient stock for BOLT (have 1, need 25)
line 215: shipped 2 AX-1: revenue 24.40, cost 1.28
line 217: shipped 44 NUT: revenue 413.60, cost 29.55
line 218: shipped 38 AX-1: revenue 539.60, cost 101.12
line 220: shipped 21 NUT: revenue 75.60, cost 174.64
line 221: shipped 49 AX-1: revenue 1122.10, cost 402.21
line 224: shipped 10 BOLT: revenue 21.00, cost 142.21
line 225: shipped 41 BOLT: revenue 86.10, cost 642.05
line 228: shipped 24 AX-2: revenue 136.80, cost 358.89
line 229: shipped 9 BOLT: revenue 73.80, cost 154.35
line 231: shipped 33 AX-2: revenue 382.80, cost 569.73
line 235: shipped 23 AX-1: revenue 149.50, cost 199.97
line 236: error: insufficient stock for BOLT (have 12, need 19)
line 237: shipped 14 WIRE-10: revenue 203.00, cost 230.42
line 238: shipped 19 NUT: revenue 376.20, cost 237.68
line 241: error: insufficient stock for BOLT (have 12, need 42)
line 242: shipped 9 NUT: revenue 92.70, cost 144.63
line 246: shipped 28 NUT: revenue 448.00, cost 358.58
line 247: shipped 4 WIRE-10: revenue 57.60, cost 68.72
line 248: shipped 20 NUT: revenue 486.00, cost 132.50
line 250: shipped 14 BOLT: revenue 57.40, cost 127.27
line 251: shipped 13 AX-1: revenue 110.50, cost 131.82
line 252: shipped 31 AX-2: revenue 567.30, cost 380.56
line 253: error: unknown sku Q
line 254: shipped 39 WIRE-10: revenue 210.60, cost 316.56
line 255: error: unknown sku Q
line 256: error: unknown sku Q
line 257: error: insufficient stock for WIRE-10 (have 4, need 5)
line 258: shipped 44 NUT: revenue 365.20, cost 661.14
line 259: error: insufficient stock for AX-2 (have 20, need 37)
line 260: shipped 1 BOLT: revenue 1.90, cost 12.57
SKU            QTY      VALUE
AX-1            43     271.10
AX-2            26     303.30
BOLT            16     201.12
NUT             16     248.64
WIRE-10          4      77.16
TOTAL          105    1101.32
line 265: shipped 26 WIRE-10: revenue 98.80, cost 120.06
line 266: shipped 3 NUT: revenue 0.00, cost 46.62
line 267: error: unknown sku Q
line 270: shipped 16 NUT: revenue 48.00, cost 205.62
line 271: shipped 10 AX-1: revenue 98.00, cost 123.40
line 272: error: insufficient stock for NUT (have 17, need 39)
line 273: error: bad quantity
SKU            QTY      VALUE
AX-1            33     147.70
AX-2            46     424.90
BOLT            20     265.96
NUT             17      20.40
WIRE-10          7      13.65
TOTAL          123     872.61
line 276: error: insufficient stock for WIRE-10 (have 7, need 46)
line 277: error: unknown command MOVE
line 278: error: bad quantity
line 282: error: insufficient stock for WIRE-10 (have 7, need 49)
line 284: error: unknown command MOVE
line 285: shipped 28 AX-2: revenue 554.40, cost 315.46
line 287: error: insufficient stock for NUT (have 17, need 28)
line 289: error: bad quantity
SKU            QTY      VALUE
AX-1            83     177.15
AX-2            20     121.68
BOLT            52     331.24
NUT             17      20.40
WIRE-10         24     165.13
TOTAL          196     815.60
line 292: shipped 12 NUT: revenue 216.00, cost 14.40
line 293: error: insufficient stock for NUT (have 30, need 31)
SKU            QTY      VALUE
AX-1            83     177.15
AX-2            20     121.68
BOLT            52     331.24
NUT             30      90.75
WIRE-10         31     301.56
TOTAL          216    1022.38
SKU            QTY      VALUE
AX-1            83     177.15
AX-2            20     121.68
BOLT            74     419.46
NUT             30      90.75
WIRE-10         31     301.56
TOTAL          238    1110.60
SKU            QTY      VALUE
AX-1            83     177.15
AX-2            20     121.68
BOLT            74     419.46
NUT             30      90.75
WIRE-10         31     301.56
TOTAL          238    1110.60
line 300: error: insufficient stock for AX-2 (have 20, need 46)
line 304: shipped 45 WIRE-10: revenue 1012.50, cost 394.52
line 305: error: bad price
line 306: shipped 14 AX-1: revenue 308.00, cost 67.33
line 307: shipped 32 BOLT: revenue 291.20, cost 290.44
line 311: error: insufficient stock for AX-2 (have 20, need 40)
line 312: shipped 18 BOLT: revenue 306.00, cost 36.72
SKU            QTY      VALUE
AX-1           141     961.80
AX-2            20     121.68
BOLT            39     217.10
NUT             93     578.94
WIRE-10         32     199.78
TOTAL          325    2079.30
line 317: error: insufficient stock for AX-2 (have 20, need 26)
SKU            QTY      VALUE
AX-1           150    1113.45
AX-2            20     121.68
BOLT            39     217.10
NUT             93     578.94
WIRE-10         32     199.78
TOTAL          334    2230.95
line 320: error: unknown sku Q
line 322: shipped 4 AX-1: revenue 44.80, cost 16.92
line 329: shipped 5 WIRE-10: revenue 87.50, cost 33.20
line 330: shipped 7 WIRE-10: revenue 146.30, cost 46.48
line 331: shipped 6 BOLT: revenue 24.00, cost 20.12
line 332: shipped 6 NUT: revenue 71.40, cost 9.39
line 333: shipped 47 NUT: revenue 361.90, cost 274.33
line 334: shipped 33 AX-1: revenue 339.90, cost 90.66
SKU            QTY      VALUE
AX-1           113    1005.87
AX-2            68     288.69
BOLT            33     196.98
NUT             62     466.16
WIRE-10         63     560.82
TOTAL          339    2518.52
line 337: shipped 7 AX-2: revenue 107.80, cost 42.56
line 338: shipped 15 NUT: revenue 231.00, cost 116.96
line 339: shipped 14 AX-1: revenue 95.20, cost 0.98
line 341: shipped 26 BOLT: revenue 449.80, cost 151.76
line 343: shipped 24 AX-1: revenue 213.60, cost 79.44
SKU            QTY      VALUE
AX-1           112    1478.60
AX-2            61     246.13
BOLT            46     203.95
NUT             73     420.44
WIRE-10         66     561.18
TOTAL          358    2910.30
line 347: shipped 7 BOLT: revenue 9.10, cost 45.22
line 349: shipped 2 AX-2: revenue 14.00, cost 12.16
line 351: shipped 20 AX-2: revenue 6.00, cost 147.78
line 353: shipped 8 AX-1: revenue 119.20, cost 104.24
line 356: error: insufficient stock for AX-2 (have 43, need 45)
line 358: error: insufficient stock for AX-2 (have 43, need 47)
line 361: shipped 17 AX-2: revenue 263.50, cost 37.57
line 364: shipped 32 NUT: revenue 617.60, cost 232.65
line 366: error: insufficient stock for AX-2 (have 26, need 44)
line 369: shipped 35 BOLT: revenue 10.50, cost 142.45
SKU            QTY      VALUE
AX-1           104    1374.36
AX-2            53     382.56
BOLT            64     386.28
NUT            147    1895.60
WIRE-10        158    2193.17
TOTAL          526    6231.97
line 372: shipped 1 AX-1: revenue 22.90, cost 13.03
line 377: shipped 16 AX-2: revenue 248.00, cost 35.36
line 378: shipped 24 NUT: revenue 276.00, cost 141.21
line 379: shipped 39 NUT: revenue 374.40, cost 447.64
line 380: shipped 9 AX-1: revenue 195.30, cost 118.51
line 382: shipped 14 BOLT: revenue 74.20, cost 117.08
line 383: shipped 44 BOLT: revenue 281.60, cost 233.14
line 385: shipped 15 BOLT: revenue 132.00, cost 182.13
line 386: shipped 8 BOLT: revenue 146.40, cost 129.84
line 388: shipped 9 AX-1: revenue 47.70, cost 122.85
line 393: shipped 8 NUT: revenue 174.40, cost 132.14
line 394: shipped 6 BOLT: revenue 79.80, cost 97.38
line 395: shipped 50 AX-1: revenue 400.00, cost 596.72
line 397: shipped 50 NUT: revenue 1145.00, cost 735.10
line 398: shipped 6 AX-2: revenue 27.60, cost 13.26
line 399: shipped 24 AX-2: revenue 348.00, cost 262.40
SKU            QTY      VALUE
AX-1            93    1202.79
AX-2            85     633.63
BOLT            24     195.60
NUT             55     950.75
WIRE-10        194    2808.09
TOTAL          451    5790.86
line 401: shipped 44 AX-2: revenue 79.20, cost 456.78
line 402: shipped 23 AX-2: revenue 101.20, cost 104.13
line 404: error: unknown sku Q
line 405: shipped 30 AX-1: revenue 36.00, cost 448.50
SKU            QTY      VALUE
AX-1            63     754.29
AX-2            52     293.72
BOLT            24     195.60
NUT             55     950.75
WIRE-10        194    2808.09
TOTAL          388    5002.45
line 407: shipped 18 BOLT: revenue 9.00, cost 157.50
line 408: error: insufficient stock for BOLT (have 6, need 49)
line 413: shipped 8 BOLT: revenue 135.20, cost 52.34
line 414: error: bad quantity
line 416: shipped 2 AX-1: revenue 29.00, cost 29.90
line 417: shipped 28 NUT: revenue 120.40, cost 467.99
SKU            QTY      VALUE
AX-1            61     724.39
AX-2            52     293.72
BOLT            78    1045.21
NUT             27     482.76
WIRE-10        231    2870.12
TOTAL          449    5416.20
line 420: shipped 10 WIRE-10: revenue 24.00, cost 66.40
line 422: shipped 10 WIRE-10: revenue 99.00, cost 53.70
line 423: shipped 24 BOLT: revenue 532.80, cost 191.34
line 425: shipped 27 NUT: revenue 359.10, cost 482.76
line 426: error: insufficient stock for NUT (have 0, need 43)
SKU            QTY      VALUE
AX-1            61     724.39
AX-2            74     430.66
BOLT            84    1226.47
NUT              0       0.00
WIRE-10        242    2904.71
TOTAL          461    5286.23
line 430: error: bad quantity
line 432: error: bad price
line 436: shipped 43 AX-1: revenue 163.40, cost 384.01
SKU            QTY      VALUE
AX-1            63    1045.08
AX-2            74     430.66
BOLT            85    1241.57
NUT             58     581.52
WIRE-10        265    2915.52
TOTAL          545    6214.35
line 440: shipped 20 BOLT: revenue 396.00, cost 347.00
SKU            QTY      VALUE
AX-1            63    1045.08
AX-2            74     430.66
BOLT            87    1207.85
NUT             58     581.52
WIRE-10        265    2915.52
TOTAL          547    6180.63
line 443: shipped 38 WIRE-10: revenue 577.60, cost 389.12
line 445: shipped 16 AX-1: revenue 217.60, cost 302.56
line 446: shipped 47 WIRE-10: revenue 775.50, cost 767.81
line 447: shipped 19 AX-1: revenue 241.30, cost 296.90
line 449: shipped 2 BOLT: revenue 5.20, cost 34.70
SKU            QTY      VALUE
AX-1            53     509.62
AX-2            74     430.66
BOLT            85    1173.15
NUT             60     596.20
WIRE-10        180    1758.59
TOTAL          452    4468.22
line 452: error: unknown command MOVE
line 453: shipped 8 NUT: revenue 188.80, cost 105.12
line 455: error: unknown command MOVE
line 456: shipped 8 NUT: revenue 82.40, cost 105.12
line 457: shipped 50 WIRE-10: revenue 1235.00, cost 865.11
line 460: shipped 22 WIRE-10: revenue 57.20, cost 394.53
line 461: shipped 33 NUT: revenue 376.20, cost 330.42
line 462: error: insufficient stock for NUT (have 11, need 47)
line 465: shipped 13 WIRE-10: revenue 257.40, cost 213.70
line 469: shipped 8 NUT: revenue 93.60, cost 36.32
line 470: shipped 13 WIRE-10: revenue 37.70, cost 69.37
line 471: error: bad quantity
line 473: shipped 18 AX-1: revenue 199.80, cost 279.72
line 474: shipped 13 BOLT: revenue 22.10, cost 225.55
line 475: shipped 30 BOLT: revenue 231.00, cost 383.24
line 477: error: unknown command MOVE
SKU            QTY      VALUE
AX-1           143    1306.80
AX-2            74     430.66
BOLT           104    1163.02
NUT              4      28.85
WIRE-10         97     315.96
TOTAL          422    3245.29
line 481: error: unknown command MOVE
line 482: shipped 44 AX-1: revenue 633.60, cost 285.79
line 484: shipped 24 BOLT: revenue 312.00, cost 308.04
line 485: shipped 25 AX-1: revenue 562.50, cost 309.67
line 486: error: bad quantity
line 487: shipped 44 WIRE-10: revenue 409.20, cost 130.22
SKU            QTY      VALUE
AX-1           113     781.93
AX-2            74     430.66
BOLT           101     866.11
NUT             36     344.05
WIRE-10         53     185.74
TOTAL          377    2608.49
SKU            QTY      VALUE
AX-1           117     826.45
AX-2            74     430.66
BOLT           109     871.95
NUT             83     908.96
WIRE-10         53     185.74
TOTAL          436    3223.76
line 495: error: bad quantity
line 496: shipped 45 NUT: revenue 346.50, cost 477.34
line 497: shipped 43 AX-1: revenue 120.40, cost 573.55
line 500: error: unknown sku Q
line 501: shipped 16 BOLT: revenue 172.80, cost 227.84
line 502: error: unknown sku Q
line 506: shipped 25 WIRE-10: revenue 207.50, cost 79.55
line 507: shipped 27 BOLT: revenue 245.70, cost 168.18
line 508: shipped 21 AX-2: revenue 426.30, cost 92.22
line 509: shipped 50 BOLT: revenue 840.00, cost 465.85
line 510: error: bad quantity
SKU            QTY      VALUE
AX-1            88     298.96
AX-2            66     488.72
BOLT            61     287.01
NUT             67     856.47
WIRE-10         28     106.19
TOTAL          310    2037.35
SKU            QTY      VALUE
AX-1            88     298.96
AX-2            66     488.72
BOLT            61     287.01
NUT             68     864.21
WIRE-10         28     106.19
TOTAL          311    2045.09
line 514: shipped 10 AX-2: revenue 25.00, cost 65.00
SKU            QTY      VALUE
AX-1            88     298.96
AX-2            56     423.72
BOLT            61     287.01
NUT             85    1115.64
WIRE-10         28     106.19
TOTAL          318    2231.52
SKU            QTY      VALUE
AX-1            88     298.96
AX-2            56     423.72
BOLT            61     287.01
NUT             85    1115.64
WIRE-10         28     106.19
TOTAL          318    2231.52
line 518: shipped 46 NUT: revenue 713.00, cost 548.82
line 520: shipped 13 AX-2: revenue 214.50, cost 84.50
line 521: shipped 40 BOLT: revenue 56.00, cost 138.96
line 523: shipped 14 AX-1: revenue 4.20, cost 81.18
line 525: error: unknown sku Q
line 526: error: insufficient stock for AX-2 (have 43, need 48)
line 527: error: insufficient stock for NUT (have 39, need 46)
line 528: shipped 34 NUT: revenue 125.80, cost 492.87
SKU            QTY      VALUE
AX-1            74     217.78
AX-2            43     339.22
BOLT            46     152.80
NUT              5      73.95
WIRE-10         77     950.93
TOTAL          245    1734.68
line 531: shipped 4 BOLT: revenue 83.60, cost 13.28
line 532: shipped 8 AX-2: revenue 112.00, cost 52.00
SKU            QTY      VALUE
AX-1            74     217.78
AX-2            35     287.22
BOLT            46     204.24
NUT              5      73.95
WIRE-10         77     950.93
TOTAL          237    1734.12
line 534: shipped 31 WIRE-10: revenue 238.70, cost 157.37
line 536: shipped 2 BOLT: revenue 16.60, cost 6.64
line 537: error: insufficient stock for AX-2 (have 35, need 41)
SKU            QTY      VALUE
AX-1           111     469.75
AX-2            35     287.22
BOLT            44     197.60
NUT              5      73.95
WIRE-10         62     864.28
TOTAL          257    1892.80
SKU            QTY      VALUE
AX-1           111     469.75
AX-2            35     287.22
BOLT            44     197.60
NUT              5      73.95
WIRE-10         62     864.28
TOTAL          257    1892.80
line 542: shipped 36 AX-1: revenue 630.00, cost 91.00
line 543: error: unknown command MOVE
line 546: error: unknown sku Q
line 547: shipped 14 AX-2: revenue 266.00, cost 85.82
line 548: error: insufficient stock for AX-2 (have 21, need 27)
line 549: shipped 13 AX-1: revenue 3.90, cost 23.53
line 550: error: insufficient stock for AX-2 (have 21, need 24)
line 551: shipped 3 AX-1: revenue 58.20, cost 5.43
line 552: error: unknown sku Q
line 556: shipped 8 BOLT: revenue 36.00, cost 26.56
line 557: error: bad quantity
line 559: shipped 28 BOLT: revenue 649.60, cost 105.56
SKU            QTY      VALUE
AX-1            59     349.79
AX-2            21     201.40
BOLT           126    1020.49
NUT             89     974.22
WIRE-10         67     936.68
TOTAL          362    3482.58
line 566: shipped 39 BOLT: revenue 66.30, cost 298.60
SKU            QTY      VALUE
AX-1            83     584.03
AX-2            21     201.40
BOLT            87     721.89
NUT             89     974.22
WIRE-10         67     936.68
TOTAL          347    3418.22
SKU            QTY      VALUE
AX-1            83     584.03
AX-2            21     201.40
BOLT            87     721.89
NUT             89     974.22
WIRE-10         67     936.68
TOTAL          347    3418.22
line 570: shipped 35 BOLT: revenue 73.50, cost 70.28
line 571: shipped 31 BOLT: revenue 564.20, cost 357.19
line 572: shipped 6 AX-2: revenue 126.00, cost 38.34
SKU            QTY      VALUE
AX-1           146    1326.02
AX-2            15     163.06
BOLT            70    1109.02
NUT             89     974.22
WIRE-10         67     936.68
TOTAL          387    4509.00
line 578: shipped 28 AX-1: revenue 576.80, cost 138.68
line 579: shipped 36 BOLT: revenue 432.00, cost 581.82
line 580: shipped 4 BOLT: revenue 97.20, cost 76.64
line 582: shipped 28 WIRE-10: revenue 378.00, cost 477.68
line 583: shipped 36 WIRE-10: revenue 331.20, cost 415.56
line 584: error: insufficient stock for WIRE-10 (have 3, need 8)
line 585: shipped 40 NUT: revenue 504.00, cost 451.56
line 588: shipped 18 WIRE-10: revenue 102.60, cost 138.39
line 589: shipped 15 AX-2: revenue 214.50, cost 163.06
line 590: shipped 33 NUT: revenue 207.90, cost 343.86
line 591: error: unknown command MOVE
line 592: error: insufficient stock for AX-2 (have 0, need 16)
line 593: shipped 4 BOLT: revenue 36.80, cost 76.64
line 594: shipped 32 AX-1: revenue 310.40, cost 220.87
line 596: shipped 13 NUT: revenue 46.80, cost 153.42
line 600: error: unknown command MOVE
line 602: shipped 11 WIRE-10: revenue 255.20, cost 69.63
line 603: shipped 21 AX-1: revenue 193.20, cost 204.96
line 604: shipped 41 BOLT: revenue 524.80, cost 565.56
line 607: shipped 44 BOLT: revenue 184.80, cost 704.74
line 610: shipped 35 AX-1: revenue 392.00, cost 505.61
line 612: shipped 4 NUT: revenue 80.00, cost 29.72
line 614: shipped 36 BOLT: revenue 284.40, cost 167.68
SKU            QTY      VALUE
AX-1            90    1022.34
AX-2            36      52.86
BOLT             5      14.40
NUT            121     982.24
WIRE-10          9      56.97
TOTAL          261    2128.81
line 616: error: insufficient stock for BOLT (have 5, need 22)
line 619: shipped 15 AX-2: revenue 241.50, cost 9.45
SKU            QTY      VALUE
AX-1            90    1022.34
AX-2            21      43.41
BOLT            11      46.50
NUT            121     982.24
WIRE-10         45     608.49
TOTAL          288    2702.98
SKU            QTY      VALUE
AX-1            90    1022.34
AX-2            21      43.41
BOLT            37     383.72
NUT            121     982.24
WIRE-10         45     608.49
TOTAL          314    3040.20
SKU            QTY      VALUE
AX-1            90    1022.34
AX-2            21      43.41
BOLT            37     383.72
NUT            132    1038.01
WIRE-10         45     608.49
TOTAL          325    3095.97
line 628: shipped 4 BOLT: revenue 24.80, cost 11.52
line 630: error: insufficient stock for BOLT (have 33, need 35)
line 631: shipped 14 BOLT: revenue 175.00, cost 125.77
SKU            QTY      VALUE
AX-1           112    1168.42
AX-2            25     114.13
BOLT            19     246.43
NUT            201    2146.15
WIRE-10         45     608.49
TOTAL          402    4283.62
line 634: shipped 41 AX-1: revenue 344.40, cost 448.73
line 636: shipped 16 AX-1: revenue 323.20, cost 280.48
line 637: shipped 3 BOLT: revenue 51.00, cost 38.91
line 638: shipped 26 WIRE-10: revenue 231.40, cost 317.41
line 639: shipped 39 NUT: revenue 397.80, cost 204.62
SKU            QTY      VALUE
AX-1            55     439.21
AX-2            25     114.13
BOLT            16     207.52
NUT            180    1969.97
WIRE-10         19     291.08
TOTAL          295    3021.91
line 642: shipped 13 NUT: revenue 58.50, cost 113.88
line 643: shipped 3 AX-2: revenue 15.60, cost 1.89
line 644: error: insufficient stock for BOLT (have 16, need 39)
SKU            QTY      VALUE
AX-1            55     439.21
AX-2            32     199.44
BOLT            16     207.52
NUT            167    1856.09
WIRE-10         19     291.08
TOTAL          289    2993.34
SKU            QTY      VALUE
AX-1            55     439.21
AX-2            32     199.44
BOLT            16     207.52
NUT            167    1856.09
WIRE-10         19     291.08
TOTAL          289    2993.34
line 647: shipped 4 AX-1: revenue 43.20, cost 70.12
line 648: error: insufficient stock for WIRE-10 (have 19, need 46)
line 649: shipped 27 NUT: revenue 286.20, cost 383.58
line 653: shipped 13 BOLT: revenue 157.30, cost 168.61
line 655: error: unknown sku Q
line 657: error: bad price
line 658: error: insufficient stock for BOLT (have 3, need 15)
line 659: error: insufficient stock for BOLT (have 3, need 48)
line 661: error: unknown command MOVE
line 662: shipped 4 AX-1: revenue 32.00, cost 70.12
line 663: shipped 22 NUT: revenue 354.20, cost 171.76
SKU            QTY      VALUE
AX-1            90     930.77
AX-2            45     410.34
BOLT             3      38.91
NUT            118    1300.75
WIRE-10         76     871.13
TOTAL          332    3551.90
line 668: shipped 27 NUT: revenue 256.50, cost 143.89
line 675: shipped 32 AX-2: revenue 361.60, cost 199.44
SKU            QTY      VALUE
AX-1           107    1003.41
AX-2            13     210.90
BOLT            38     162.11
NUT            125    1322.90
WIRE-10         86     923.08
TOTAL          369    3622.40
line 679: error: unknown command MOVE
line 683: shipped 37 BOLT: revenue 691.90, cost 158.59
line 686: shipped 17 AX-1: revenue 363.80, cost 107.77
line 687: shipped 4 WIRE-10: revenue 83.20, cost 61.28
line 689: shipped 26 AX-1: revenue 260.00, cost 164.64
line 690: shipped 5 NUT: revenue 34.00, cost 37.32
line 691: shipped 35 WIRE-10: revenue 595.00, cost 585.19
line 692: shipped 49 NUT: revenue 1200.50, cost 720.41
line 693: error: insufficient stock for AX-2 (have 13, need 28)
line 695: error: unknown command MOVE
line 696: error: insufficient stock for AX-2 (have 13, need 49)
line 698: shipped 25 AX-1: revenue 592.50, cost 438.79
line 699: error: insufficient stock for AX-2 (have 13, need 16)
line 700: shipped 38 BOLT: revenue 524.40, cost 527.32
line 701: error: insufficient stock for AX-2 (have 13, need 30)
line 702: shipped 11 NUT: revenue 224.40, cost 214.61
SKU            QTY      VALUE
AX-1            74     472.26
AX-2            13     210.90
BOLT             2      32.52
NUT             96     783.07
WIRE-10         71     417.97
TOTAL          256    1916.72
line 704: shipped 20 WIRE-10: revenue 406.00, cost 132.01
line 707: shipped 41 AX-1: revenue 377.20, cost 302.79
line 708: shipped 4 AX-2: revenue 4.80, cost 77.16
line 711: error: insufficient stock for BOLT (have 2, need 22)
line 714: shipped 31 BOLT: revenue 37.20, cost 209.13
line 715: error: insufficient stock for AX-2 (have 9, need 25)
line 719: error: insufficient stock for AX-2 (have 9, need 10)
line 720: shipped 22 NUT: revenue 180.40, cost 178.20
line 721: shipped 39 WIRE-10: revenue 222.30, cost 215.28
SKU            QTY      VALUE
AX-1            60     529.11
AX-2             9     133.74
BOLT            37     566.08
NUT            117    1115.41
WIRE-10         86     500.05
TOTAL          309    2844.39
SKU            QTY      VALUE
AX-1            60     529.11
AX-2             9     133.74
BOLT            37     566.08
NUT            117    1115.41
WIRE-10         86     500.05
TOTAL          309    2844.39
line 724: shipped 16 AX-1: revenue 105.60, cost 84.64
line 725: shipped 18 NUT: revenue 41.40, cost 21.16
line 726: shipped 23 NUT: revenue 230.00, cost 199.56
line 727: shipped 29 WIRE-10: revenue 92.80, cost 178.97
line 733: error: bad quantity
line 735: shipped 6 BOLT: revenue 122.40, cost 36.54
line 736: shipped 5 NUT: revenue 112.00, cost 80.60
line 738: shipped 20 AX-1: revenue 478.00, cost 124.79
line 741: error: unknown command MOVE
line 742: error: insufficient stock for AX-1 (have 24, need 29)
line 744: shipped 3 WIRE-10: revenue 50.10, cost 19.11
SKU            QTY      VALUE
AX-1            24     319.68
AX-2            58     444.62
BOLT            38     618.02
NUT            108    1229.98
WIRE-10        175    1066.98
TOTAL          403    3679.28
line 746: error: insufficient stock for AX-1 (have 24, need 35)
line 747: shipped 9 AX-1: revenue 25.20, cost 119.88
line 748: shipped 14 NUT: revenue 329.00, cost 225.68
line 749: error: unknown command MOVE
line 755: shipped 23 NUT: revenue 379.50, cost 148.16
line 759: shipped 38 AX-2: revenue 296.40, cost 310.06
line 760: error: insufficient stock for AX-2 (have 20, need 45)
SKU            QTY      VALUE
AX-1           102     743.69
AX-2            20     134.56
BOLT            39     633.00
NUT             87     991.50
WIRE-10        192    1139.90
TOTAL          440    3642.65
line 762: shipped 35 WIRE-10: revenue 10.50, cost 184.55
line 763: shipped 50 NUT: revenue 495.00, cost 537.57
line 765: shipped 15 AX-1: revenue 199.50, cost 199.80
line 766: shipped 17 AX-1: revenue 239.70, cost 173.23
line 767: error: unknown sku Q
SKU            QTY      VALUE
AX-1            70     370.66
AX-2            20     134.56
BOLT            39     633.00
NUT             45     539.37
WIRE-10        157     955.35
TOTAL          331    2632.94
line 772: shipped 34 NUT: revenue 659.60, cost 428.55
line 778: shipped 7 NUT: revenue 52.50, cost 68.10
line 779: shipped 16 AX-2: revenue 192.00, cost 107.36
line 780: shipped 34 WIRE-10: revenue 442.00, cost 215.82
line 783: shipped 41 WIRE-10: revenue 180.40, cost 226.21
line 785: shipped 48 NUT: revenue 288.00, cost 424.40
line 786: shipped 11 NUT: revenue 242.00, cost 160.08
line 788: error: unknown command MOVE
SKU            QTY      VALUE
AX-1           198    1743.51
AX-2            15     120.70
BOLT            79    1233.00
NUT             41     189.48
WIRE-10        131     753.67
TOTAL          464    4040.36
line 792: error: bad quantity
line 793: error: insufficient stock for AX-2 (have 15, need 31)
line 794: shipped 37 AX-1: revenue 133.20, cost 280.90
line 795: shipped 48 BOLT: revenue 105.60, cost 768.00
line 796: shipped 13 AX-2: revenue 145.60, cost 103.70
line 799: error: unknown command MOVE
line 800: error: insufficient stock for BOLT (have 31, need 49)
== final ==
SKU            QTY      VALUE
AX-1           161    1462.61
AX-2             2      17.00
BOLT            31     465.00
NUT             69     735.48
WIRE-10        161    1038.79
TOTAL          424    3718.88
revenue: 66798.60
cost of goods sold: 57747.42
gross profit: 9051.18
