Sorted roster (17 shifts):
   1. grace    100  (day 4)
   2. carol     95  (day 2)
   3. alice     88  (day 1)
   3. dave      88  (day 2)
   3. ivan      88  (day 5)
   6. heidi     81  (day 4)
   7. bob       72  (day 1)
   7. frank     72  (day 3)
   9. erin      59  (day 3)
late judy inserted at 5
late ken inserted at 10
late leo inserted at 1
Final ranking:
   1. grace    100  (day 4)  A
   2. leo       97  (day 7)  A
   3. carol     95  (day 2)  A
   4. alice     88  (day 1)  B
   4. dave      88  (day 2)  B
   4. ivan      88  (day 5)  B
   4. judy      88  (day 6)  B
   8. heidi     81  (day 4)  B
   9. bob       72  (day 1)  C
   9. frank     72  (day 3)  C
  11. erin      59  (day 3)  F
  12. ken       40  (day 6)  F
Distribution: A=3 B=5 C=2 D=0 F=2
Best late-week: leo
