by zone (stable):
  zone 0:
    300120   5.50kg
    450000   3.30kg
    480212  15.75kg
  zone 1:
    102938  12.00kg
    999999   1.10kg
    661234   2.20kg
  zone 2:
    102937   7.25kg
    000120   4.00kg
    005003   6.60kg
  zone 3:
    480213   2.40kg
    774001   0.80kg
    450001   9.90kg
radix base 10: 6 passes, matches sort: true
radix base 16: 5 passes, matches sort: true
radix base 256: 3 passes, matches sort: true
ids: 000120 005003 102937 102938 300120 450000 450001 480212 480213 661234 774001 999999
largest id gap: 225998 after 774001
empty input: 0 passes
[]
weight histogram:
    0.0-  2.5 #### 4
    2.5-  5.0 ## 2
    5.0-  7.5 ### 3
    7.5- 10.0 # 1
   10.0- 12.5 # 1
   15.0- 17.5 # 1
heavy parcels: 2, total 70.8kg
