sort by dept, salary desc, name:
  Kudo     eng    105000 2015
  Mori     eng     92000 2019
  Ueda     eng     92000 2017
  Endo     eng     78000 2023
  Hara     ops     70000 2020
  Abe      ops     61000 2021
  Iwai     ops     61000 2018
  Oka      sales   75000 2016
  Noda     sales   58000 2019
  Sano     sales   58000 2022
sort by hired desc:
  Endo     eng     78000 2023
  Sano     sales   58000 2022
  Abe      ops     61000 2021
  Hara     ops     70000 2020
  Mori     eng     92000 2019
  Noda     sales   58000 2019
  Iwai     ops     61000 2018
  Ueda     eng     92000 2017
  Oka      sales   75000 2016
  Kudo     eng    105000 2015
sort by salary, hired:
  Noda     sales   58000 2019
  Sano     sales   58000 2022
  Iwai     ops     61000 2018
  Abe      ops     61000 2021
  Hara     ops     70000 2020
  Oka      sales   75000 2016
  Endo     eng     78000 2023
  Ueda     eng     92000 2017
  Mori     eng     92000 2019
  Kudo     eng    105000 2015
sort by dept desc, name desc:
  Sano     sales   58000 2022
  Oka      sales   75000 2016
  Noda     sales   58000 2019
  Iwai     ops     61000 2018
  Hara     ops     70000 2020
  Abe      ops     61000 2021
  Ueda     eng     92000 2017
  Mori     eng     92000 2019
  Kudo     eng    105000 2015
  Endo     eng     78000 2023
bad spec: unknown field age
two stable passes == one two-key sort: true
largest payroll: eng 367000
