line 1: error: no account ann
line 2: error: no account dan
line 4: error: no account ann
line 5: error: no account cat
line 6: error: no account bob
line 7: error: no account ann
line 8: error: no account ann
line 9: error: no account bob
line 11: error: no account cat
line 13: error: no account dan
line 15: error: no account bob
line 16: error: no account ann
line 17: error: no account ann
line 18: error: unknown command
== month 1 ==
dan interest -0.47
eve interest +1.01
== month 2 ==
dan interest -0.48
eve interest +1.01
line 22: error: no account cat
line 24: error: no account cat
line 25: error: no account bob
line 27: error: no account ann
line 28: error: no account bob
line 30: error: no account bob
line 32: error: no account bob
== month 3 ==
dan interest -0.72
eve interest +4.13
line 36: error: no account bob
line 37: error: no account bob
line 38: error: insufficient funds in dan
== month 4 ==
dan interest -0.74
eve interest +4.14
line 46: error: account bob exists
line 52: error: bad name
line 54: error: account cat exists
line 57: error: same account
line 58: error: account ann exists
line 59: error: account cat exists
== month 5 ==
ann interest +0.18
bob interest +1.15
cat interest +2.12
dan interest +0.88
eve interest +3.48
line 64: error: account dan exists
line 65: error: account dan exists
line 66: error: unknown command
== month 6 ==
ann interest +0.47
bob interest +1.02
cat interest +2.38
dan interest +0.44
eve interest +3.48
line 73: error: account dan exists
line 75: error: bad amount
line 78: error: account cat exists
line 79: error: bad name
line 81: error: bad amount
line 83: error: account cat exists
line 84: error: wrong field count
line 87: error: same account
== month 7 ==
ann interest +1.07
bob interest +0.86
cat interest +3.14
dan interest +0.78
eve interest +3.49
line 92: error: account dan exists
line 98: error: account dan exists
line 99: error: account ann exists
line 101: error: wrong field count
line 104: error: account cat exists
line 107: error: account ann exists
line 109: error: bad amount
line 110: error: account bob exists
line 114: error: wrong field count
== month 8 ==
ann interest +0.91
bob interest +1.32
cat interest +4.30
dan interest +1.46
eve interest +3.63
line 120: error: account ann exists
== month 9 ==
ann interest +0.91
bob interest +1.09
cat interest +4.78
dan interest +1.93
eve interest +3.64
line 122: error: account bob exists
line 124: error: account eve exists
line 129: error: bad amount
line 133: error: account ann exists
line 134: error: bad amount
== month 10 ==
ann interest +1.03
bob interest +0.78
cat interest +4.86
dan interest +3.31
eve interest +3.96
line 136: error: account dan exists
line 137: error: account bob exists
line 139: error: account dan exists
== month 11 ==
ann interest +1.32
bob interest +0.78
cat interest +4.41
dan interest +3.31
eve interest +3.97
line 145: error: unknown command
line 147: error: account ann exists
== month 12 ==
ann interest +1.32
bob interest +0.79
cat interest +4.18
dan interest +3.64
eve interest +3.33
line 150: error: account eve exists
line 151: error: unknown command
line 153: error: account dan exists
== month 13 ==
ann interest +1.33
bob interest +0.79
cat interest +4.19
dan interest +3.66
eve interest +3.34
line 156: error: same account
line 160: error: account eve exists
line 161: error: account cat exists
line 162: error: account dan exists
line 164: error: account cat exists
line 166: error: account cat exists
line 168: error: account bob exists
line 171: error: account cat exists
line 173: error: account cat exists
== month 14 ==
ann interest +1.60
bob interest +0.74
cat interest +4.20
dan interest +4.89
eve interest +2.49
line 175: error: account ann exists
line 178: error: account cat exists
line 180: error: bad name
line 181: error: account eve exists
line 184: error: bad amount
== month 15 ==
ann interest +1.37
bob interest -0.58
cat interest +4.45
dan interest +4.65
eve interest +2.52
== month 16 ==
ann interest +1.65
bob interest -1.13
cat interest +4.55
dan interest +4.66
eve interest +2.23
== month 17 ==
ann interest +1.70
bob interest -0.20
cat interest +4.56
dan interest +4.62
eve interest +2.24
line 200: error: account eve exists
account               balance       lowest  txns
cat                   1845.93         0.00    27
dan                   1789.19       -49.41    28
eve                   1144.30         0.00    27
ann                    586.88         0.00    17
bob                    -13.02       -75.98    21
total: 5353.28
