line 3: error: no account eve
line 4: error: no account ann
line 5: error: account dan exists
line 6: error: no account bob
line 7: error: no account ann
line 8: error: wrong field count
line 10: error: no account ann
line 11: error: no account eve
line 12: error: no account bob
line 13: error: no account bob
line 14: error: no account ann
line 15: error: bad amount
== month 1 ==
dan interest -1.78
line 17: error: account dan exists
line 18: error: no account ann
line 19: error: bad amount
line 21: error: unknown command
line 23: error: no account eve
line 24: error: no account ann
line 25: error: insufficient funds in dan
line 27: error: account dan exists
== month 2 ==
cat interest +0.62
dan interest -1.81
line 29: error: no account bob
line 30: error: insufficient funds in eve
line 32: error: insufficient funds in dan
line 34: error: wrong field count
line 35: error: no account ann
== month 3 ==
cat interest +1.74
dan interest +0.27
line 37: error: no account bob
line 38: error: no account ann
== month 4 ==
cat interest +1.75
dan interest +0.27
eve interest +0.65
line 41: error: no account bob
line 42: error: no account bob
== month 5 ==
cat interest +1.58
dan interest +0.27
eve interest +0.65
line 45: error: no account ann
line 47: error: no account ann
line 50: error: no account bob
line 52: error: account cat exists
line 53: error: same account
line 56: error: account dan exists
line 59: error: no account bob
line 60: error: no account bob
line 61: error: no account bob
line 67: error: bad amount
line 68: error: bad amount
line 70: error: account eve exists
line 71: error: insufficient funds in ann
line 73: error: insufficient funds in ann
line 76: error: bad amount
line 81: error: same account
line 84: error: account dan exists
line 86: error: account eve exists
line 88: error: unknown command
line 92: error: account eve exists
line 93: error: account eve exists
line 97: error: account eve exists
line 101: error: same account
line 102: error: account eve exists
line 104: error: same account
== month 6 ==
ann interest +0.08
bob interest +3.89
bob fee -2.00
cat interest +3.22
cat fee -2.00
dan interest +2.89
eve interest +5.28
line 108: error: account bob exists
line 109: error: account cat exists
line 114: error: account dan exists
line 126: error: bad name
line 128: error: account bob exists
== month 7 ==
ann interest +1.07
bob interest +4.03
bob fee -2.00
cat interest +3.61
dan interest +2.41
eve interest +5.23
line 133: error: account cat exists
line 135: error: account bob exists
line 136: error: account dan exists
line 137: error: account ann exists
line 138: error: account bob exists
line 142: error: account bob exists
line 150: error: account dan exists
line 157: error: account ann exists
== month 8 ==
ann interest +1.80
bob interest +3.70
cat interest +4.22
dan interest +2.64
eve interest +6.23
line 163: error: account eve exists
line 164: error: account bob exists
line 170: error: account dan exists
line 171: error: same account
== month 9 ==
ann interest +2.09
bob interest +3.91
cat interest +4.95
dan interest +3.25
eve interest +6.94
line 176: error: account bob exists
== month 10 ==
ann interest +1.70
bob interest +3.43
cat interest +4.96
dan interest +3.93
eve interest +6.70
line 180: error: bad name
line 181: error: account eve exists
line 185: error: same account
line 189: error: account bob exists
line 194: error: same account
line 199: error: account ann exists
line 204: error: unknown command
== month 11 ==
ann interest +1.41
bob interest +3.33
cat interest +5.40
dan interest +4.36
dan fee -2.00
eve interest +6.34
== month 12 ==
ann interest +1.42
bob interest +3.19
cat interest +5.60
dan interest +4.66
eve interest +5.97
line 219: error: same account
== month 13 ==
ann interest +1.05
bob interest +3.58
cat interest +5.36
dan interest +6.29
eve interest +5.99
line 227: error: account ann exists
== month 14 ==
ann interest +0.50
bob interest +3.58
cat interest +5.44
dan interest +6.87
eve interest +6.76
line 239: error: same account
line 246: error: same account
== month 15 ==
ann interest +0.80
bob interest +4.27
cat interest +5.11
dan interest +6.98
eve interest +7.96
== month 16 ==
ann interest +0.80
bob interest +4.28
cat interest +5.12
dan interest +7.00
eve interest +7.98
line 251: error: wrong field count
line 254: error: same account
line 255: error: bad amount
line 259: error: account eve exists
== month 17 ==
ann interest +0.94
bob interest +3.97
cat interest +6.25
dan interest +7.02
eve interest +8.31
line 265: error: account cat exists
line 267: error: account eve exists
line 268: error: account eve exists
line 275: error: account cat exists
== month 18 ==
ann interest +0.89
bob interest +3.31
cat interest +6.73
dan interest +6.73
eve interest +9.47
line 279: error: account bob exists
line 282: error: account bob exists
== month 19 ==
ann interest +2.83
bob interest +4.32
cat interest +6.75
dan interest +6.12
eve interest +10.48
line 292: error: account cat exists
line 295: error: account eve exists
line 297: error: bad amount
== month 20 ==
ann interest +2.84
bob interest +3.99
cat interest +6.43
dan interest +6.14
eve interest +10.32
line 301: error: wrong field count
line 303: error: same account
== month 21 ==
ann interest +2.42
bob interest +3.87
cat interest +7.42
dan interest +6.15
eve interest +10.23
line 311: error: wrong field count
line 313: error: account eve exists
line 316: error: account cat exists
line 318: error: same account
== month 22 ==
ann interest +3.74
bob interest +3.66
cat interest +9.25
dan interest +6.23
eve interest +10.20
line 322: error: account ann exists
line 323: error: bad amount
== month 23 ==
ann interest +3.70
bob interest +3.66
cat interest +9.28
dan interest +6.24
eve interest +9.74
line 333: error: account dan exists
== month 24 ==
ann interest +4.18
bob interest +4.95
cat interest +11.51
dan interest +6.27
eve interest +9.76
== month 25 ==
ann interest +4.20
bob interest +4.97
cat interest +11.19
dan interest +6.28
eve interest +9.53
line 340: error: account dan exists
== month 26 ==
ann interest +4.21
bob interest +5.09
cat interest +11.04
dan interest +6.11
eve interest +9.45
line 356: error: account eve exists
line 360: error: account eve exists
line 362: error: account ann exists
line 363: error: account ann exists
== month 27 ==
ann interest +5.92
bob interest +5.16
cat interest +10.18
dan interest +5.86
eve interest +9.16
line 366: error: account cat exists
line 371: error: account dan exists
== month 28 ==
ann interest +5.93
bob interest +5.29
cat interest +10.07
dan interest +5.67
eve interest +11.17
line 377: error: account bob exists
line 382: error: account ann exists
== month 29 ==
ann interest +5.76
bob interest +5.04
cat interest +9.79
dan interest +5.38
eve interest +11.19
line 390: error: same account
line 396: error: account eve exists
line 398: error: account ann exists
line 401: error: bad amount
line 406: error: account bob exists
line 407: error: wrong field count
line 409: error: account cat exists
== month 30 ==
ann interest +5.72
bob interest +7.35
cat interest +9.18
dan interest +5.27
eve interest +13.32
== month 31 ==
ann interest +5.73
bob interest +7.37
cat interest +9.97
dan interest +5.28
eve interest +13.36
== month 32 ==
ann interest +5.41
bob interest +7.39
cat interest +9.99
dan interest +6.11
eve interest +13.39
line 421: error: account bob exists
line 423: error: account bob exists
line 429: error: account eve exists
line 430: error: account cat exists
line 433: error: same account
line 436: error: bad amount
line 440: error: account cat exists
== month 33 ==
ann interest +5.62
bob interest +7.54
cat interest +10.82
dan interest +5.57
dan fee -2.00
eve interest +13.98
line 452: error: account cat exists
line 458: error: account bob exists
== month 34 ==
ann interest +5.82
bob interest +8.37
cat interest +10.30
dan interest +6.59
eve interest +14.13
line 462: error: unknown command
line 463: error: account dan exists
line 467: error: same account
line 470: error: unknown command
== month 35 ==
ann interest +5.10
bob interest +8.50
cat interest +10.30
dan interest +6.48
eve interest +14.49
line 474: error: bad name
== month 36 ==
ann interest +5.11
bob interest +8.18
cat interest +10.33
dan interest +6.50
eve interest +14.52
line 477: error: account eve exists
line 480: error: account bob exists
line 484: error: same account
line 491: error: same account
line 494: error: wrong field count
line 496: error: account dan exists
== month 37 ==
ann interest +5.11
bob interest +7.94
cat interest +11.32
cat fee -2.00
dan interest +6.93
eve interest +17.03
eve fee -2.00
line 513: error: same account
line 517: error: same account
line 518: error: bad amount
line 520: error: account ann exists
line 521: error: same account
line 525: error: same account
line 527: error: account dan exists
line 530: error: same account
line 535: error: account cat exists
line 538: error: account eve exists
line 539: error: unknown command
line 540: error: account cat exists
== month 38 ==
ann interest +5.62
bob interest +9.31
bob fee -2.00
cat interest +10.25
dan interest +7.42
eve interest +17.18
line 546: error: bad amount
== month 39 ==
ann interest +5.63
bob interest +9.12
cat interest +10.48
dan interest +7.44
eve interest +17.23
line 549: error: same account
line 556: error: same account
line 558: error: same account
line 566: error: account eve exists
== month 40 ==
ann interest +5.63
bob interest +10.25
cat interest +11.38
dan interest +7.02
dan fee -2.00
eve interest +18.33
eve fee -2.00
line 582: error: account eve exists
line 583: error: bad name
line 585: error: account eve exists
line 587: error: bad name
line 588: error: account ann exists
line 590: error: account ann exists
line 592: error: unknown command
== month 41 ==
ann interest +5.65
bob interest +10.79
cat interest +11.40
dan interest +7.07
eve interest +17.88
line 596: error: bad name
== month 42 ==
ann interest +5.66
bob interest +10.86
cat interest +11.43
dan interest +7.09
eve interest +17.93
line 602: error: bad amount
== month 43 ==
ann interest +5.58
bob interest +10.89
cat interest +11.32
dan interest +6.77
eve interest +17.97
== month 44 ==
ann interest +5.59
bob interest +10.92
cat interest +11.35
dan interest +6.79
eve interest +18.02
line 609: error: account cat exists
line 612: error: same account
line 613: error: account bob exists
line 617: error: account dan exists
line 619: error: account eve exists
line 620: error: account ann exists
line 627: error: account bob exists
== month 45 ==
ann interest +4.86
bob interest +11.08
cat interest +12.77
dan interest +9.22
eve interest +18.53
line 636: error: account ann exists
line 637: error: account bob exists
line 638: error: account ann exists
line 643: error: account dan exists
line 644: error: unknown command
line 650: error: same account
line 653: error: bad name
line 654: error: bad amount
line 655: error: account ann exists
line 656: error: same account
line 661: error: same account
line 663: error: unknown command
line 667: error: account dan exists
line 669: error: same account
line 674: error: unknown command
line 679: error: wrong field count
line 682: error: bad amount
line 687: error: same account
line 690: error: account dan exists
line 691: error: account bob exists
line 693: error: bad amount
line 703: error: wrong field count
line 705: error: same account
line 709: error: account ann exists
line 711: error: account dan exists
line 713: error: account cat exists
line 715: error: wrong field count
== month 46 ==
ann interest +4.58
ann fee -2.00
bob interest +9.50
bob fee -2.00
cat interest +13.75
cat fee -2.00
dan interest +11.76
dan fee -2.00
eve interest +18.73
eve fee -2.00
line 720: error: wrong field count
line 726: error: account cat exists
line 730: error: account cat exists
line 731: error: account cat exists
line 732: error: account eve exists
line 741: error: account dan exists
== month 47 ==
ann interest +3.88
ann fee -2.00
bob interest +8.91
cat interest +14.44
dan interest +12.37
eve interest +18.18
line 756: error: account ann exists
line 764: error: bad name
== month 48 ==
ann interest +5.07
bob interest +8.35
cat interest +15.21
dan interest +12.70
eve interest +17.19
line 771: error: same account
== month 49 ==
ann interest +5.45
bob interest +8.37
cat interest +15.25
dan interest +12.73
eve interest +17.23
== month 50 ==
ann interest +5.47
bob interest +8.11
cat interest +15.29
dan interest +12.72
eve interest +18.33
line 781: error: bad name
line 786: error: same account
line 791: error: wrong field count
line 794: error: account dan exists
line 795: error: same account
line 797: error: account eve exists
account               balance       lowest  txns
eve                   7141.46         0.00   120
cat                   6489.99         0.00   133
dan                   5313.79      -122.09   143
bob                   3174.17         0.00   136
ann                   1635.12       -98.80   132
total: 23754.53
