Extracted 13 records, loaded 11 facts, rejected 3
  dim_date     4 rows
  dim_store    4 rows
  dim_product  4 rows

Revenue by store
  Airport               7 units     80.00  31.0%
  Online               14 units     74.75  29.0%
  Harbor                6 units     62.50  24.2%
  Downtown              6 units     40.75  15.8%

Revenue by category
  grocery              10 units    101.00  39.1%
  homeware              2 units     87.00  33.7%
  bakery               21 units     70.00  27.1%

Revenue by day
  Thu                   4 units     76.25  29.6%
  Wed                  11 units     72.50  28.1%
  Sat (weekend)         5 units     56.00  21.7%
  Fri                  13 units     53.25  20.6%

Region x category units:
              bakery   grocery  homeware
  north            6         6         1
  online          10         4         0
  south            5         0         1

Rejected:
  web:5 qty is not a number
  load unknown store S9X
  load unknown product SKU-5
