== quadratic (degree 2)
  B(0.5) = (1.0000, 1.0000), Bernstein agrees to 0.0e+00
  length: 16 segs 2.955556, 128 segs 2.957849, adaptive 2.957894
  bbox x [0.0000, 2.0000] y [0.0000, 1.0000]
  split at 0.3: joint gap 0.0e+00, left(0.5) vs B(0.15) 0.0e+00
  closest to (1.5, 1.0): t=0.69273 at (1.3855, 0.8514), distance 0.18760
== cubic S (degree 3)
  B(0.5) = (1.5000, 0.0000), Bernstein agrees to 0.0e+00
  length: 16 segs 4.767911, 128 segs 4.785799, adaptive 4.786083
  bbox x [0.0000, 3.0000] y [-0.8660, 0.8660]
  split at 0.3: joint gap 0.0e+00, left(0.5) vs B(0.15) 5.6e-17
  closest to (1.5, 1.0): t=0.35316 at (1.0595, 0.6038), distance 0.59249
== quartic loop (degree 4)
  B(0.5) = (1.5000, 2.6250), Bernstein agrees to 0.0e+00
  length: 16 segs 5.486393, 128 segs 5.516001, adaptive 5.516529
  bbox x [0.0000, 2.1557] y [0.0000, 2.8229]
  split at 0.3: joint gap 0.0e+00, left(0.5) vs B(0.15) 2.2e-16
  closest to (1.5, 1.0): t=0.09308 at (1.0771, 1.2821), distance 0.50836
== straight cubic (degree 3)
  B(0.5) = (1.5000, 1.5000), Bernstein agrees to 0.0e+00
  length: 16 segs 4.242641, 128 segs 4.242641, adaptive 4.242641
  bbox x [0.0000, 3.0000] y [0.0000, 3.0000]
  split at 0.3: joint gap 0.0e+00, left(0.5) vs B(0.15) 7.9e-17
  closest to (1.5, 1.0): t=0.41667 at (1.2500, 1.2500), distance 0.35355
binomial row 6: [1, 6, 15, 20, 15, 6, 1]
