== growth
  poly deg 1: -1.3306, 2.6499                      rmse=1.7203 aic=  17.021
  poly deg 2: 1.5725, -0.8338, 0.6334              rmse=0.4131 aic= -15.216
  poly deg 3: 0.9295, 0.9716, -0.2239, 0.1039      rmse=0.0884 aic= -50.208
  poly deg 4: 1.0338, 0.3519, 0.3348, -0.0583, 0.0147 rmse=0.0341 aic= -71.092
  exp: 1.0165 * e^(0.5112 x)                       rmse=0.0307 aic= -79.594
  best by AIC: exp: 1.0165 * e^(0.5112 x)
  prediction at x=6.0: 21.841
  largest residual 0.0638 at x=4.0
== wave
  exponential model skipped (non-positive data)
  poly deg 1: 0.7547, -0.2711                      rmse=0.4913 aic= -13.056
  poly deg 2: 0.8226, -0.3525, 0.0148              rmse=0.4898 aic= -11.132
  poly deg 3: 0.0515, 1.8128, -1.0133, 0.1246      rmse=0.0751 aic= -54.136
  poly deg 4: 0.0333, 1.9206, -1.1105, 0.1528, -0.0026 rmse=0.0737 aic= -52.572
  best by AIC: poly deg 3: 0.0515, 1.8128, -1.0133, 0.1246
  prediction at x=6.0: 1.367
  largest residual 0.1201 at x=5.0
indefinite matrix rejected at row 1
repeated x values: cannot fit degree 2 (row 1)
