machine epsilon: 2.220446e-16 (2^-52)
1.0 + eps/2 == 1.0: true
0.1 + 0.2 = 0.30000000000000004, ulps from 0.3: 1
series                                      naive                  kahan               pairwise
harmonic 1..3000                8.583749889959169      8.583749889959186      8.583749889959186
                           sorted ascending: 8.583749889959185 (naive)
alternating 1-1/2+1/3...        0.692980541671060      0.692980541671055      0.692980541671055
                           sorted ascending: 0.692980541671055 (naive)
big + many small           10000000000000000.000000000000000 10000000000002000.000000000000000 10000000000002000.000000000000000
                           sorted ascending: 10000000000002000.000000000000000 (naive)
tenths x 2000                 199.999999999992923    200.000000000000000    200.000000000000000
                           sorted ascending: 199.999999999992923 (naive)
ln 2 = 0.693147180559945
quadratic x^2 + b x + 1 = 0, small root:
  b=1e+03 naive=-1.0000010000e-03 (rel err 1.0e-06) stable=-1.0000010000e-03 (rel err 1.0e-06)
  b=1e+05 naive=-1.0000003385e-05 (rel err 3.4e-07) stable=-1.0000000001e-05 (rel err 1.0e-10)
  b=1e+07 naive=-9.9651515484e-08 (rel err 3.5e-03) stable=-1.0000000000e-07 (rel err 1.0e-14)
  b=1e+09 naive=0.0000000000e+00 (rel err 1.0e+00) stable=-1.0000000000e-09 (rel err 0.0e+00)
(1 + 1/n)^n vs e:
  n=10                2.593742460100 err=1.25e-01
  n=1000              2.716923932236 err=1.36e-03
  n=100000            2.718268237192 err=1.36e-05
  n=10000000          2.718281694132 err=1.34e-07
  n=1000000000000000  3.035035206549 err=3.17e-01
special values:
  inf=Infinity -inf=-Infinity nan=NaN
  nan == nan: false, nan?: true, finite?(inf): false
  infinite?: 1 -1 nil
  1/inf = 0.0, -1/inf = -0.0
  to_i(nan) raised FloatDomainError
