== 3x3 well-conditioned
  x = [2.000000, 3.000000, -1.000000]
  det = -1.0000 (row swaps: 2), residual = 8.88e-16
  |A * inv(A) - I|max = 1.78e-15
  inv row 0 = [4.000000, 3.000000, -1.000000]
== needs pivoting
  x = [-4.000000, -5.000000, 2.000000]
  det = 1.0000 (row swaps: 1), residual = 0.00e+00
  |A * inv(A) - I|max = 0.00e+00
  inv row 0 = [-1.000000, -3.000000, -4.000000]
== 4x4 circuit
  x = [1.361324, 0.463684, 0.986822, 0.228624]
  det = 3263.0000 (row swaps: 0), residual = 8.88e-16
  |A * inv(A) - I|max = 2.22e-16
  inv row 0 = [0.119828, 0.032485, 0.020227, 0.044438]
== singular
  matrix is singular at column 2
hilbert n=3 residual=0.00e+00 error=1.03e-14
hilbert n=5 residual=2.22e-16 error=6.17e-13
hilbert n=7 residual=0.00e+00 error=1.08e-09
hilbert n=9 residual=0.00e+00 error=9.07e-07
