app.k0 = str "text7"
app.k1 = bool true
app.k2: error: cycle app.k2 -> app.k2
app.k3 = int 421
app.k4 = str "text7"
app.k5: error: cycle app.k5 -> app.k5
app.k6 = list[3] x | zz | x
app.k7 = str "text7"
db.k0 = int 2099
db.k1 = bool true
db.k2 = str "pre-text6"
db.k3 = str "text3"
db.k4 = bool true
db.k5 = str "text7"
db.k6 = bool false
db.k7 = str "text7"
cache.k0 = list[2] x | w
cache.k1 = list[2] w | zz
cache.k2 = bool false
cache.k3 = str "text7"
cache.k4 = str "text4"
cache.k5 = int 1655
cache.k6 = str "text6"
cache.k7 = str "text7"
web.k0 = str "text6"
web.k1 = bool true
web.k2 = str "pre-True"
web.k3 = str "pre-pre-True"
web.k4 = int 435
web.k5 = str "pre-True"
web.k6 = int 3423
web.k7 = bool true
log.k0 = str "pre-pre-text6"
log.k1 = int 3423
log.k2 = int 421
log.k3 = int 3637
log.k4 = bool true
log.k5 = str "pre-text6"
log.k6 = str "text6"
log.k7 = str "pre-3637"
app: k0, k1, k2, k3, k4, k5, k6, k7
db: k0, k1, k2, k3, k4, k5, k6, k7
cache: k0, k1, k2, k3, k4, k5, k6, k7
web: k0, k1, k2, k3, k4, k5, k6, k7
log: k0, k1, k2, k3, k4, k5, k6, k7
