wes scores 6, 495 left
ana scores 12, 489 left
kai scores 94, 407 left
bo scores 26, 475 left
wes scores 66, 429 left
ana scores 28, 461 left
kai scores 42, 365 left
bo scores 28, 447 left
wes scores 25, 404 left
ana scores 54, 407 left
kai scores 32, 333 left
bo scores 15, 432 left
wes scores 48, 356 left
ana scores 32, 375 left
kai scores 1, 332 left
bo scores 40, 392 left
wes scores 114, 242 left
ana scores 25, 350 left
kai scores 36, 296 left
bo scores 15, 377 left
wes scores 64, 178 left
ana scores 50, 300 left
kai scores 32, 264 left
bo scores 16, 361 left
wes scores 19, 159 left
ana scores 59, 241 left
kai scores 61, 203 left
bo scores 45, 316 left
wes scores 103, 56 left
ana scores 71, 170 left
kai scores 78, 125 left
bo scores 92, 224 left
wes busts, 56 left
ana scores 73, 97 left
kai scores 15, 110 left
bo scores 32, 192 left
wes scores 25, 31 left
ana scores 32, 65 left
kai scores 71, 39 left
bo scores 65, 127 left
wes scores 3, 28 left
ana scores 57, 8 left
kai busts, 39 left
bo scores 71, 56 left
wes busts, 28 left
ana busts, 8 left
kai busts, 39 left
bo scores 36, 20 left
wes busts, 28 left
ana busts, 8 left
kai scores 21, 18 left
bo scores 16, 4 left
wes checks out with D14
line 55: game over
line 56: game over
line 57: game over
line 58: game over
line 59: game over
line 60: game over
line 61: game over
line 62: game over
line 63: game over
line 64: game over
line 65: game over
line 66: game over
line 67: game over
line 68: game over
line 69: game over
line 70: game over
line 71: game over
line 72: game over
line 73: game over
line 74: game over
line 75: game over
line 76: game over
line 77: game over
line 78: game over
line 79: game over
line 80: game over
line 81: game over
line 82: game over
line 83: game over
line 84: game over
line 85: game over
line 86: game over
line 87: game over
line 88: game over
line 89: game over
line 90: game over
line 91: game over
line 92: game over
line 93: game over
line 94: game over
line 95: game over
line 96: game over
line 97: game over
line 98: game over
line 99: game over
line 100: game over
line 101: game over
line 102: game over
line 103: game over
line 104: game over
line 105: game over
line 106: game over
line 107: game over
line 108: game over
line 109: game over
line 110: game over
line 111: game over
line 112: game over
line 113: game over
line 114: game over
line 115: game over
line 116: game over
line 117: game over
line 118: game over
line 119: game over
line 120: game over
line 121: game over
line 122: game over
line 123: game over
line 124: game over
line 125: game over
line 126: game over
line 127: game over
line 128: game over
line 129: game over
line 130: game over
line 131: game over
line 132: game over
line 133: game over
line 134: game over
line 135: game over
line 136: game over
line 137: game over
line 138: game over
line 139: game over
line 140: game over
line 141: game over
line 142: game over
line 143: game over
line 144: game over
line 145: game over
line 146: game over
line 147: game over
line 148: game over
line 149: game over
line 150: game over
line 151: game over
STANDINGS
1. wes           0  14  60.12
2. bo            4  13  64.83
3. ana           8  13  73.95
4. kai          18  13  63.00
winner: wes
