P17 5:46 11.75
P13 0:34 2.75
P19 9:08 16.50
line 15: P24 already inside
P24 10:54 16.50
P28 21:06 16.50
P9 4:51 9.95
P19 11:05 16.50
P26 18:16 16.50
P22 39:27 33.00
P5 8:47 16.50
P4 43:24 33.00
P18 8:40 16.50
line 39: P5 not inside
P30 33:10 33.00
line 46: P2 already inside
P16 19:02 16.50
P20 6:38 13.55
P8 66:11 49.50
P18 31:59 31.85
P25 76:04 58.55
P7 56:20 49.25
P15 66:21 49.50
P30 11:08 16.50
P26 18:43 16.50
P26 4:02 9.05
P23 67:05 49.50
P12 94:16 66.00
P2 87:07 66.00
line 70: P14 already inside
P10 82:12 66.00
P27 49:53 37.55
P24 54:14 45.65
P29 56:00 48.35
line 80: P27 not inside
P30 21:36 16.50
P14 132:11 99.00
P18 48:15 35.75
P15 38:09 33.00
P1 80:46 66.00
P10 13:54 16.50
P8 62:26 49.50
P2 47:18 33.00
P14 14:37 16.50
P30 11:41 16.50
P13 157:40 115.50
P16 41:48 33.00
P7 32:22 32.75
P12 35:17 33.00
P23 61:14 49.50
P6 72:15 52.25
P25 73:24 53.15
P28 57:10 49.50
P11 111:11 82.50
P17 83:05 66.00
P21 33:19 33.00
P20 110:28 82.50
P3 47:13 33.00
P10 61:12 49.50
P27 12:58 16.50
P13 45:29 33.00
P15 0:33 2.75
P17 3:14 7.25
line 140: P13 not inside
P14 17:57 16.50
P18 36:19 33.00
P2 16:56 16.50
P8 34:52 33.00
P29 65:42 49.50
--- summary
P13 3 151.25
P10 3 132.00
P14 3 132.00
P8 3 132.00
P18 4 117.10
P2 3 115.50
P25 2 111.70
P12 2 99.00
P23 2 99.00
P29 2 97.85
P20 2 96.05
P15 3 85.25
P17 3 85.00
P11 1 82.50
P30 4 82.50
P7 2 82.00
P1 1 66.00
P28 2 66.00
P24 2 62.15
P27 2 54.05
P6 1 52.25
P16 2 49.50
P26 3 42.05
P19 2 33.00
P21 1 33.00
P22 1 33.00
P3 1 33.00
P4 1 33.00
P5 1 16.50
P9 1 9.95
total 63 2284.15
inside: P1, P11, P12, P15, P19, P20, P21, P22, P23, P24, P26, P27, P28, P3, P30, P4, P5, P6
