1: Ann (34) ruby/c
2: ProfileError: profile 2 is invalid
     caused by DecodeError(age): age is not a number
     caused by ArgumentError
3: ProfileError: profile 3 is invalid
     caused by DecodeError(name): name is missing
4: ProfileError: profile 4 is invalid
     caused by DecodeError(*): malformed pair 'corrupted-bytes'
5: ProfileError: profile 5 unavailable
     caused by StorageError: key user:5 not found
6: Eve (29) rust/ocaml/sql
7: ProfileError: profile 7 is invalid
     caused by DecodeError(age): age is not a number
     caused by KeyError
loaded 2; mean age 31
