amy    general     Mon 09:00-09:30 with Dr. Ito
bo     dermatology Tue 09:00-11:00 with Dr. Rao
cal    dermatology Tue 11:00-12:00 with Dr. Rao
dee    cardiology  Mon 13:00-14:30 with Dr. Diaz
eli    dermatology Tue 13:00-13:45 with Dr. Rao
fay    general     Mon 09:30-10:15 with Dr. Ito
gus    dermatology no slot (afternoon), waitlisted
hal    dermatology no slot (morning), waitlisted
ivy    orthopedics no slot (any), waitlisted

bo cancels: 8 slots freed
gus    dermatology no slot (afternoon), waitlisted
hal    dermatology Tue 09:00-09:30 with Dr. Rao
ivy    orthopedics no slot (any), waitlisted

Dr. Ito   Mon AAFFF...........................  15%
Dr. Ito   Tue ................................   0%
Dr. Ito   Thu ................................   0%
Dr. Park  Wed ................................   0%
Dr. Park  Fri ................................   0%
Dr. Rao   Tue HH......CCCC....EEE.............  28%
Dr. Diaz  Mon ................DDDDDD..........  18%
Dr. Diaz  Fri ................................   0%
Still waiting: gus, ivy
