Mia (gold, spent 2230.00, balance 100)
  day   3: spent 120.00, +120 pts
  day  10: spent 760.00, +760 pts
  day  10: tier bronze -> silver
  day  20: redeemed 150 pts
  day  40: spent 1300.00, +1950 pts
  day  40: tier silver -> gold
  day  41: redeemed 2500 pts
  day 200: spent 50.00, +100 pts
  day 201: Mia cannot redeem 900: has 280, needs 900
  day 230: 180 pts expired
Noah (silver, spent 865.50, balance 715)
  day   5: spent 45.50, +45 pts
  day  33: Noah cannot redeem 150: has 45, needs 150
  day  60: spent 220.00, +220 pts
  day  61: redeemed 150 pts
  day 230: spent 600.00, +600 pts
  day 230: tier bronze -> silver
Zoe (bronze, spent 15.00, balance 250)
  day  12: spent 15.00, +15 pts
  day  75: +250 pts for referring Noah
  day 200: 15 pts expired
  day 231: Zoe cannot redeem 900: has 250, needs 900

Noah: 115 pts expire in 0 days
Zoe: 250 pts expire in 15 days
Tiers: gold=1 silver=1 bronze=1
