INVOICE INV-2026-0042
Bill to: Acme Corp.
Issued:  2026-09-30   Due: 2026-10-30 (Fri)
----------------------------------------------------------------
Alice - Architecture review; Code review  4.75  $140.00    $665.00
Bob - API implementation                 13.50   $90.00  $1,215.00
Expense: Test devices                     1.00  $129.90    $129.90
----------------------------------------------------------------
                                               Subtotal $2,009.90
                                              Tax 8.25%  $165.82
                                                  TOTAL $2,175.72

INVOICE INV-2026-0043
Bill to: Globex Ltd.
Issued:  2026-09-30   Due: 2026-10-15 (Thu)
----------------------------------------------------------------
Carol - Kickoff workshop; Requirement...  7.75  $150.00  $1,162.50
Expense: Train tickets                    1.00  $184.40    $184.40
Expense: Workshop supplies                1.00   $36.00     $36.00
----------------------------------------------------------------
                                               Subtotal $1,382.90
                                            Discount 5%   $69.15
                                              Tax 8.25%  $108.38
                                                  TOTAL $1,422.14

INVOICE INV-2026-0044
Bill to: Initech
Issued:  2026-09-30   Due: 2026-11-14 (Sat)
----------------------------------------------------------------
Bob - Data migration scripts for the ...  3.00   $85.00    $255.00
Dan - Logo concepts; Logo revisions       6.50  $100.00    $650.00
----------------------------------------------------------------
                                               Subtotal  $905.00
                                           Discount 10%   $90.50
                                              Tax 8.25%   $67.20
                                                  TOTAL  $881.70

(nothing to bill for Hooli)

Billed hours: 35.5
Grand total: $4,479.56
Work period: Sep 1 - Sep 11 (11 days)
