== Pay period Sep 1-14 ==
name        gross     401k      tax  health       net
Rosa      1800.00    54.00   184.12   85.00   1476.88
Tomas     1615.50     0.00   155.41   85.00   1375.09
Ingrid    3000.00   180.00   420.40   85.00   2314.60
Wei       2232.00   111.60   266.49   85.00   1768.91
Omar      5076.92   507.69   893.85   85.00   3590.38
Lena       670.00    13.40    32.64   85.00    538.96
total    14394.42           1952.91
hourly share 43.9%

== Pay period Sep 15-28 ==
name        gross     401k      tax  health       net
Rosa      2171.25    65.14   263.34   85.00   1757.77
Tomas     1440.00     0.00   126.65   85.00   1228.35
Ingrid    3000.00   180.00   420.40   85.00   2314.60
Omar      5076.92   507.69   893.85   85.00   3590.38
  skipped 103 Wei: impossible hours 120.0
  skipped 104 Lena: no timecard
total    11688.17           1704.24
hourly share 30.9%

Year to date:
  Omar      10153.84
  Ingrid     6000.00
  Rosa       3971.25
  Tomas      3055.50
  Wei        2232.00
  Lena        670.00
Highest paid: Omar
Effective rates: 30000: 8.0%, 60000: 13.3%, 100000: 17.6%, 150000: 21.7%
