== Month 1 ==
  Northwind: team x5 75.00; coupon -20% -15.00 = 60.00
  Contoso: team x4 60.00; proration day 16 -> team x4 22.00 = 82.00
  Fabrikam: business x12 348.00; coupon -20% -69.60 = 278.40
  Tailspin: team x1 45.00 = 45.00
  Globex: starter x3 24.00 = 24.00
== Month 2 ==
  Northwind: team x8 120.00; proration day 11 -> team x8 30.00; coupon -20% -30.00 = 120.00
  Contoso: team x4 60.00 = 60.00
  Fabrikam: business x12 348.00 = 348.00
  Tailspin: card declined (attempt 1), now past_due
  Globex: card declined (attempt 1), now past_due
== Month 3 ==
  Northwind: team x8 120.00 = 120.00
  Contoso: team x4 60.00 = 60.00
  Fabrikam: team x6 90.00; proration day 21 -> team x6 -86.00 = 4.00
  Tailspin: team x1 45.00 = 45.00
  Globex: card declined (attempt 2), now suspended
== Month 4 ==
  Northwind: team x8 120.00 = 120.00
  Fabrikam: team x6 90.00 = 90.00
  Tailspin: team x1 45.00 = 45.00
  Globex: card declined (attempt 3), now suspended

Month 1 collected 489.40
Month 2 collected 528.00
Month 3 collected 229.00
Month 4 collected 255.00
MRR 255.00 from 3 active; Contoso=canceled, Globex=suspended
Average revenue per seat 17.00
