line 1: error: stack underflow in dup
line 2: error: stack underflow in *
line 3: error: stack underflow in .
line 4: error: unknown word nope
line 5: error: stack underflow in >
line 6: syntax error
line 7: error: unknown word sq
line 8: syntax error
line 9: syntax error
line 10: error: stack underflow in over
line 11: error: unknown word nope
line 12: error: stack underflow in .
line 13: error: stack underflow in >
line 14: error: stack underflow in >
line 15: error: unknown word cube
line 16: error: stack underflow in <
line 17: syntax error
line 18: error: stack underflow in .
line 19: error: stack underflow in -
line 20: syntax error
line 21: error: stack underflow in =
line 22: error: stack underflow in *
line 23: syntax error
line 24: error: stack underflow in if
line 25: syntax error
line 26: error: stack underflow in dup
line 27: syntax error
line 28: syntax error
line 30: syntax error
line 31: error: stack underflow in over
line 32: syntax error
line 33: syntax error
line 34: syntax error
line 37: error: unknown word tw
line 39: syntax error
line 40: syntax error
line 42: syntax error
line 44: error: stack underflow in mod
3
2
line 46: error: stack underflow in <
line 47: syntax error
-4
1
line 48: error: stack underflow in -
-4
line 49: error: stack underflow in over
1
line 51: error: unknown word nope
2
line 54: syntax error
line 55: error: stack underflow in dup
line 56: syntax error
line 57: syntax error
line 58: syntax error
line 59: error: stack underflow in .
line 60: syntax error
line 61: error: stack underflow in mod
line 62: error: stack underflow in dup
line 63: syntax error
1
line 65: error: stack underflow in mod
line 66: syntax error
1
1
7
2
line 69: error: stack underflow in <
line 71: syntax error
line 72: error: unknown word nope
line 73: error: stack underflow in *
line 74: syntax error
line 75: syntax error
line 76: syntax error
line 77: syntax error
line 78: syntax error
line 80: error: unknown word nope
line 81: syntax error
line 82: error: stack underflow in <
line 83: error: stack underflow in swap
line 84: error: stack underflow in mod
line 85: error: stack underflow in <
line 86: syntax error
line 87: error: stack underflow in =
line 88: syntax error
line 89: error: unknown word nope
line 90: error: stack underflow in -
line 91: syntax error
line 92: error: stack underflow in +
line 94: error: stack underflow in swap
-1
line 95: error: stack underflow in >
line 96: error: stack underflow in >
line 97: syntax error
line 98: error: stack underflow in /
line 101: syntax error
line 102: syntax error
1
line 106: syntax error
line 109: error: division by zero
line 110: syntax error
line 112: error: division by zero
line 115: syntax error
line 118: syntax error
line 119: error: division by zero
1
line 121: error: unknown word nope
2
line 125: syntax error
line 126: syntax error
line 129: syntax error
1
7
1
line 133: error: division by zero
line 135: syntax error
line 136: syntax error
-4
line 142: syntax error
line 143: error: division by zero
line 145: syntax error
-8
line 147: syntax error
line 148: error: division by zero
0
line 150: error: division by zero
stack: 0 1 0 0 0
