line 1: syntax error
line 2: error: stack underflow in mod
line 3: syntax error
line 4: error: stack underflow in -
line 5: error: stack underflow in =
line 6: error: stack underflow in -
line 7: syntax error
1
line 8: error: unknown word cube
line 9: error: stack underflow in dup
line 10: error: stack underflow in -
line 11: error: stack underflow in swap
line 12: error: stack underflow in -
line 13: error: stack underflow in -
line 14: syntax error
line 16: syntax error
line 17: syntax error
line 18: syntax error
line 19: error: unknown word tw
line 20: error: stack underflow in /
line 21: syntax error
line 22: error: stack underflow in -
line 23: error: stack underflow in if
line 27: syntax error
line 28: error: stack underflow in -
line 29: error: stack underflow in >
line 30: syntax error
line 31: error: stack underflow in *
line 32: error: stack underflow in <
line 33: error: stack underflow in swap
2
line 34: error: stack underflow in *
line 35: error: stack underflow in -
0
line 36: error: stack underflow in dup
line 37: error: unknown word nope
line 38: error: stack underflow in =
line 40: syntax error
line 42: syntax error
line 43: syntax error
line 45: syntax error
line 46: error: unknown word nope
line 51: syntax error
line 52: syntax error
9
line 57: syntax error
line 58: syntax error
line 59: syntax error
line 60: syntax error
line 61: syntax error
2
line 62: error: stack underflow in >
0
line 64: error: stack underflow in >
line 65: syntax error
line 66: syntax error
line 67: error: stack underflow in >
line 68: error: stack underflow in +
line 69: syntax error
line 71: error: stack underflow in /
line 73: error: stack underflow in dup
0
line 74: error: stack underflow in mod
line 77: error: stack underflow in *
line 78: error: unknown word nope
line 79: syntax error
line 80: syntax error
-4
line 82: syntax error
1
line 83: error: stack underflow in +
3
2
line 85: error: stack underflow in >
line 86: syntax error
line 87: syntax error
0
1
line 93: error: stack underflow in swap
line 94: error: stack underflow in dup
line 95: syntax error
line 97: error: stack underflow in /
line 99: syntax error
2
line 101: syntax error
line 103: error: stack underflow in *
7
line 107: error: stack underflow in *
1
line 108: error: stack underflow in over
line 109: error: unknown word nope
2
line 112: syntax error
line 113: error: stack underflow in *
line 114: error: unknown word nope
line 115: error: stack underflow in -
line 116: syntax error
line 117: syntax error
0
3
line 126: error: unknown word nope
line 127: error: unknown word nope
line 131: error: unknown word nope
line 133: error: division by zero
line 134: syntax error
line 135: error: division by zero
line 137: syntax error
line 139: error: unknown word nope
0
1
1
line 148: syntax error
0
343
line 149: error: unknown word nope
line 150: syntax error
0
0
line 153: syntax error
8
0
line 160: syntax error
line 162: error: division by zero
-4
line 164: error: division by zero
line 167: syntax error
line 168: error: division by zero
line 169: syntax error
line 171: syntax error
line 172: syntax error
2
1
line 175: error: unknown word nope
line 177: error: division by zero
line 179: syntax error
line 181: syntax error
line 183: syntax error
3
line 188: error: stack underflow in -
line 189: error: unknown word nope
line 190: error: stack underflow in -
line 191: error: stack underflow in *
3
line 192: error: stack underflow in -
0
line 193: error: stack underflow in -
line 194: error: stack underflow in <
line 195: error: stack underflow in swap
line 196: error: stack underflow in <
line 197: syntax error
0
line 203: syntax error
line 204: error: stack underflow in over
line 205: error: unknown word nope
line 206: error: stack underflow in dup
line 208: syntax error
line 209: error: stack underflow in over
line 210: syntax error
line 211: syntax error
line 212: error: stack underflow in swap
line 213: syntax error
line 214: error: stack underflow in <
line 215: error: stack underflow in over
line 216: error: stack underflow in over
line 218: syntax error
line 219: syntax error
line 221: error: stack underflow in *
27
11
-8
line 224: error: stack underflow in mod
line 228: syntax error
line 229: syntax error
line 230: syntax error
line 231: syntax error
line 232: error: unknown word nope
2
3
line 236: error: division by zero
2
line 238: error: unknown word nope
line 242: syntax error
line 247: error: division by zero
line 248: syntax error
1
line 251: error: unknown word nope
line 253: error: unknown word nope
line 254: syntax error
1
line 257: error: stack underflow in dup
line 258: syntax error
line 259: error: stack underflow in mod
line 261: syntax error
line 262: syntax error
line 263: error: stack underflow in >
line 264: syntax error
line 265: syntax error
line 266: error: stack underflow in *
line 267: error: stack underflow in mod
line 269: syntax error
0
line 271: error: stack underflow in <
line 272: error: stack underflow in =
line 273: syntax error
line 274: error: stack underflow in /
line 276: syntax error
line 277: syntax error
line 278: error: stack underflow in mod
line 279: syntax error
3
line 281: error: stack underflow in -
line 282: syntax error
line 283: syntax error
line 284: error: stack underflow in *
line 285: error: stack underflow in *
line 286: error: stack underflow in *
line 290: syntax error
line 291: syntax error
line 293: error: stack underflow in over
line 294: error: stack underflow in *
line 295: error: stack underflow in <
line 296: syntax error
line 297: error: stack underflow in -
line 300: error: stack underflow in <
stack: 0
