parcels: [12, 7, 30, 5, 18, 22, 9, 14, 3, 26, 11, 8, 16, 20, 4] (total 205)
 1 days -> capacity 205 (7 probes, uses 1 days)
 3 days -> capacity  74 (8 probes, uses 3 days)
 5 days -> capacity  49 (7 probes, uses 5 days)
 8 days -> capacity  35 (7 probes, uses 8 days)
15 days -> capacity  30 (8 probes, uses 9 days)
least slack: 1 days, loads [205]
error: days must be positive
2 readers, max 155 pages each:
  reader 1: Intro, Setup, Basics, Types (155)
  reader 2: Blocks, Errors, Modules, Testing, Appendix (147)
3 readers, max 120 pages each:
  reader 1: Intro, Setup, Basics (95)
  reader 2: Types, Blocks, Errors (120)
  reader 3: Modules, Testing, Appendix (87)
4 readers, max 95 pages each:
  reader 1: Intro, Setup, Basics (95)
  reader 2: Types, Blocks (87)
  reader 3: Errors, Modules (84)
  reader 4: Testing, Appendix (36)
loan 10000.00, 36 x 299.71 -> 5.000% per year (34 iterations)
loan 250000.00, 300 x 1342.05 -> 4.162% per year (34 iterations)
loan 1200.00, 12 x 100.00 -> 0.000% per year (34 iterations)
