price table:
     5   7   9  12  15
     6   8  11  14  18
     9  11  13  17  21
    10  14  16  20  25
    12  15  19  24  30
exactly 14: size M with 3 toppings (3 steps)
exactly 13: size L with 2 toppings (5 steps)
exactly 4: none (5 steps), 0 options cost at most 4
exactly 30: size XXL with 4 toppings (5 steps)
exactly 22: none (7 steps), 22 options cost at most 22
1st cheapest price: 5
5th cheapest price: 9
13th cheapest price: 14
25th cheapest price: 30
median 14 (by sorting: 14)
seat 115: row 2, position 3
seat 101: row 1, position 1
seat 151: row 4, position 4
seat 135: not sold
seat 99: not sold
