# 2026-10-10T23:33:46Z host=ruby-sp4 ruby=ruby 4.0.6 (2026-09-09 revision 17d26a9249) +PRISM [x86_64-linux] rustc=rustc 1.93.1 (01f6ddf75 2026-02-11) (built from a source tarball) cc=cc (Ubuntu 15.2.0-16ubuntu1) 15.2.0 sake=f0d84af6+ceec (uncommitted working tree)
# fib: sake-rust output agrees with ruby
# fib: hand-rust output agrees with ruby
# fib: sake-c output agrees with ruby
# fib: hand-c output agrees with ruby
# fib: sake-interp OUTPUT DIFFERS from ruby
# levenshtein: sake-rust output agrees with ruby
# levenshtein: hand-rust output agrees with ruby
# levenshtein: sake-c output agrees with ruby
# levenshtein: hand-c output agrees with ruby
# levenshtein: sake-interp OUTPUT DIFFERS from ruby
# shapes: sake-rust output agrees with ruby
# shapes: hand-rust output agrees with ruby
# shapes: sake-c output agrees with ruby
# shapes: hand-c output agrees with ruby
# shapes: sake-interp OUTPUT DIFFERS from ruby
# shapes_mono: sake-rust output agrees with ruby
# shapes_mono: hand-rust output agrees with ruby
# shapes_mono: sake-c output agrees with ruby
# shapes_mono: hand-c output agrees with ruby
# shapes_mono: sake-interp OUTPUT DIFFERS from ruby
DONE
