Error: cannot store TEXT value in INTEGER column member.joined
Error: cannot store REAL value in INTEGER column workout.minutes
1|Ola|2021|29.9
2|Bea|2023|19.9
3|Cas|2022|0.0
4|Dov|2024|24.5
1|1|45|run
1|2|60|lift
2|1|30|swim
2|3|NULL|yoga
3|3|90|run
4|2|38|bike
Cas
Ola|4
Cas|3
1|0|45
1|1|0
3|1|30
4|0.633333333333333
yoga
3|3
Error: no such column: nickname
Ola|358.8
Dov|294.0
Ola (2021)
Cas (2022)
Bea (2023)
Dov (2024)
2|30
2|0
3|3
1|2
1|1
Bea
integer|real
Error: 5th ORDER BY term out of range - should be between 1 and 4
Error: no such table: workout
Error: no such function: member_count
