Error: cannot store TEXT value in REAL column rating.stars
Error: table film has 4 columns but 3 values were supplied
Error: table film has no column named genre
1|Alien|1979
4|Ran|1985
2|Heat|1995
3|Up|2009
Alien|1
Heat|2
Up|1
Ran|2
Heat|2|50
Ran|2|42
1|kay|4.5
1|lou|5.0
2|kay|3.5
3|lou|4.0
4|kay|NULL
4
1|lou
1|kay
3|lou
1|9.0
2|7.0
4|NULL
Ran
Alien
Heat
up
ran
Alien|46
kay|0.0
Alien|5
Heat|4
Ran|3
Up|2
1|5.0
1|real
3|real
Error: no such column: avg_stars
Up
Alien
Error: 2nd ORDER BY term out of range - should be between 1 and 1
