Error: cannot store TEXT value in INTEGER column att.present
Error: cannot store REAL value in INTEGER column att.late_min
Error: table att has 4 columns but 5 values were supplied
amy|1|1|0
amy|2|1|5
ben|1|0|NULL
ben|2|1|12
cal|1|1|0
cal|2|NULL|NULL
dia|1|1|3
dia|2|0|NULL
amy
cal
dia
ben|1
dia|2
cal|2
ben|2|12
amy|2|5
dia|1|3
amy|1|0
amy|2|0
ben|2|1
cal|1|0
dia|1|0
amy|1
cal|1
amy|2|1
ben|2|1
cal|2|NULL
dia|2|NULL
BEN|12
AMY|5
CAL|0
DIA|0
dia
cal
amy
dia|integer
dia|integer
ben#1
cal#2
dia#2
ben
ben|1
cal|2
dia|2
Error: no such column: absent
Error: 2nd ORDER BY term out of range - should be between 1 and 1
archived
