Error: cannot store TEXT value in INTEGER column sale.qty
Error: cannot store TEXT value in REAL column product.price
BR1|sourdough|4.2
BR2|rye|3.8
CK1|carrot cake|2.75
CK2|almond torte|3.1
MC1|macaron|0.9
MF1|muffin|1.6
macaron|0.9
almond torte|3.1
carrot cake
muffin
MC1|30
MF1|20
BR1|12
CK1|7
CK2|2
MC1|30
MF1|20
XX9|1
rye|4.066
sourdough|4.494
muffin|1.1
BR1 sourdough
BR2 rye
almond torte
carrot cake
BR1|2|0
BR2|0|4
CK1|1|1
CK2|0|2
MC1|5|0
MF1|3|2
XX9|0|1
BR2
sourdough|NULL
rye|NULL
almond torte|3.1
carrot cake|2.75
muffin|1.6
Error: no such column: stock
closing
