Error: cannot store TEXT value in INTEGER column room.beds
Error: table room has 5 columns but 2 values were supplied
101|1|1|80.0
102|1|2|110.5
201|2|2|125.0
202|2|3|150.0
301|3|1|95.25
302|3|2|130.0
201
202
101
102
302|390.0
202|450.0
202|50.0
102|55.25
201|62.5
302|65.0
101|80.0
301|95.25
301|3|1
302|3|2
city|302
city|301
sea|202
sea|201
yard|101
NULL|102
NONE-102
SEA-201
CITY-302
302
201|125.0
202|150.0
302|130.0
102|110.5
201|125.0
302|real
101|4
102|NULL
Error: no such column: suite
Error: 3rd ORDER BY term out of range - should be between 1 and 2
202
