Error: cannot store TEXT value in INTEGER column track.secs
Error: cannot store REAL value in INTEGER column track.secs
1|Blue|215
2|after hours|187
3|Zero|301
4|Echo|242
5|Drift|160
Blue|3|35
after hours|3|7
Zero|5|1
Echo|4|2
Drift|2|40
Zero
Echo
Drift|oto
after hours|Oto
after hours
Drift
Blue
Drift
Echo
Zero
after hours
after hours
Blue
Drift
Echo
Zero
Drift|5.0
Blue|4.5
Echo|4.25
Blue|9.0
after hours|0
Nia - Blue
Pax - Echo
oto - Drift
Drift|160
Zero
Blue|4
Echo|4
Zero|4
4|integer|real
Blue
Error: no such column: genre
Blue
Error: no such table: track
