Error: cannot store REAL value in INTEGER column invoice.net
Error: cannot store TEXT value in REAL column invoice.vat
1001|Acme|120000|0.2|1
1002|Bolt|45050|0.2|0
1003|acme|9999|0.1|NULL
1004|Cogs|75000|0.2|1
1005|Dyna|0|0.0|0
1006|Echo|1005|NULL|NULL
1001|24000.0
1004|15000.0
1002|9010.0
1003|999.9
1006|NULL
1005|0.0
1003|10998.9
1002|54060.0
1004|90000.0
1001|144000.0
1001|1200|0
1002|450|50
1003|99|99
1004|750|0
1006|10|5
1002|450.5
1002
1005
1003
1006
1001|Acme
1003|acme
1003|acme
Acme
Bolt
Cogs
Dyna
Echo
acme
1005|0.0
1006|0.19
1002
1001|1
1002|0
1003|0
1004|1
1005|0
1006|0
ACME/1001
COGS/1004
1004|integer|integer
Error: no such column: due_date
1003
1005
1006
