Error: cannot store TEXT value in INTEGER column runner.secs
Error: cannot store REAL value in INTEGER column runner.age
3|Kat|9975
7|Ike|10800
12|Jun|12950
9|Ned|14400
44|Lev|15300
21|Mia|NULL
Kat|2|46|15
Ike|3|0|0
Ned|4|0|0
Jun|3|35|50
Lev|4|15|0
Mia
Ned|62
Jun|51
Lev|45
Kat|4.23007518796993
Ike|3.90694444444444
Lev|Owls
Mia|Owls
Lev|Owls
Mia|Owls
Ned|owls
Jun
Kat|Hares
Ike|Hares
Ned|owls
Jun|unattached
Mia|Owls
Lev|Owls
Mia
Kat
Ike
Ned
Jun
Jun|2150
Ned|3600
Lev|4500
9|Ned
12|Jun
Ned|integer|integer
KAT#3
IKE#7
NED#9
Ike
Error: no such column: pace
Error: 3rd ORDER BY term out of range - should be between 1 and 2
Ike|-34
Kat|-28
