Error: cannot store TEXT value in REAL column pet.kg
Error: cannot store REAL value in INTEGER column pet.born
1|Rex|dog|31.4
2|Mog|cat|4.2
3|Tweet|bird|0.03
4|Bun|rabbit|1.8
5|Fido|dog|NULL
6|Spot|Dog|12.0
Fido
Rex
Rex
Spot
Fido
Tweet|30.0
Bun|1800.0
Mog|4200.0
Rex|9
Spot|7
Mog|6
Fido|5
Bun|4
Tweet|2
Fido
Rex|31.4
Spot|12.0
Rex|14.2727272727273
Rex|31.4
Fido|unweighed
Dog|Spot
bird|Tweet
cat|Mog
dog|Fido
dog|Rex
rabbit|Bun
DOG|Fido
DOG|Rex
DOG|Spot
Bun|real|integer
Mog
Mog
Tweet|5
Fido|4
Error: no such column: owner
Tweet
Bun
Fido|NULL
Bun|rabbit
Tweet|bird
