Error: cannot store REAL value in INTEGER column score.pts
Error: cannot store TEXT value in INTEGER column score.pts
Error: table score has 4 columns but 5 values were supplied
Bats|1|0|NULL
Foxes|1|9|0.0
Foxes|2|4|1.5
Moles|1|5|2.0
Moles|2|10|0.25
Owls|1|8|0.5
Owls|2|6|NULL
Foxes|9.0
Owls|8.5
Moles|7.0
Bats|NULL
Moles|10.25
Owls|6
Foxes|5.5
Bats
Owls
Bats
Foxes|1
Foxes|2
Moles|1
Moles|2
Owls|1
Bats|1
Foxes|2
Moles|1
Owls|26|26.6666666666667
Owls|20|20.0
BATS:0
MOLES:5
OWLS:8
FOXES:9
Owls
Moles
Foxes|1.5
Moles|1|integer
Moles|2|integer
Moles
Foxes
Owls
Bats|1
Owls|2
Moles|1
Error: no such column: rank
Owls
new season
