Error: cannot store TEXT value in REAL column reading.kwh
Error: cannot store REAL value in INTEGER column reading.month
1A|1|312.5
1A|2|290.0
1B|1|150.25
1B|2|NULL
2A|1|401.0
2A|2|388.75
2B|1|0.0
2B|2|120.0
2A|401.0
1A|312.5
1B|150.25
2B|0.0
1B|1
1B|2
2A|120.5125
2A|124.31
1B
1B|2
2B|1
1A|10.4166666666667
1A|9.66666666666667
1A|2|0
1B|2|0
2A|2|1
2B|2|0
2B
2A
1A/1|312.5
1A/2|290.0
1B/1|150.25
1B/2|-1
2B|120.0
2A|real|integer
2A|real|integer
1A|12.5
2A|101.0
2B|2
1B|1
1A|5
1B|NULL
2A|6
2B|5
Error: no such column: tariff
Error: 2nd ORDER BY term out of range - should be between 1 and 1
2a|2A
