Error: cannot store REAL value in INTEGER column ex.i
Error: cannot store TEXT value in REAL column ex.r
Error: cannot store TEXT value in INTEGER column ex.i
Error: cannot store TEXT value in REAL column ex.r
1|12|-3.5|1.5
2|12|0.5|1.0e+20
3|1000|1.0|3.0
1|0|0|1|1
2|0|0|1|1
3|0|1|0|1
1|1|62|2|1
2|1|64|2|0
3|1|66|2|0
1.53|-24.0|5.0|-1|1|2
-3|-1|1|1.0|0.3|0.666666666666667|1.0e+15|1.5e-07
-3.5|4|1.5|3|3.0
12|1.5|1|0|1|0
1|1|1|0.0|1.0|100.0
1
2
Error: 3rd ORDER BY term out of range - should be between 1 and 2
