a = 17 (mod 23), b = 9 (mod 23)
a + b = 3 (mod 23)
a - b = 8 (mod 23)
a * b = 15 (mod 23)
a / b = 7 (mod 23)
a ** 22 = 1 (mod 23)
(a / b) * b == a: true
a > b: true
inverses mod 26:
  1 -> 1
  2 -> none (gcd 2)
  3 -> 9
  4 -> none (gcd 2)
  5 -> 21
  6 -> none (gcd 2)
  7 -> 15
  8 -> none (gcd 2)
  9 -> 3
  10 -> none (gcd 2)
  11 -> 19
  12 -> none (gcd 2)
error: moduli 7 and 11 differ
quadratic residues mod 11: [0, 1, 3, 4, 5, 9]
largest: 9 (mod 11)
CRT:
  x=2 (3), x=3 (5), x=2 (7) => x = 23 mod 105 ok
  x=1 (4), x=3 (6) => x = 9 mod 12 ok
  x=1 (4), x=2 (6) => no solution
  x=0 (7), x=3 (11), x=9 (13), x=1 (2) => x = 399 mod 2002 ok
