Thu Oct  1 19:50:31 UTC 2026
	Command being timed: "./run.sh corpus results-head"
	User time (seconds): 7317.98
	System time (seconds): 580.51
	Percent of CPU this job got: 354%
	Elapsed (wall clock) time (h:mm:ss or m:ss): 37:09.24
	Average shared text size (kbytes): 0
	Average unshared data size (kbytes): 0
	Average stack size (kbytes): 0
	Average total size (kbytes): 0
	Maximum resident set size (kbytes): 2688480
	Average resident set size (kbytes): 0
	Major (requiring I/O) page faults: 3527
	Minor (reclaiming a frame) page faults: 83770513
	Voluntary context switches: 210336
	Involuntary context switches: 314058
	Swaps: 0
	File system inputs: 15472
	File system outputs: 26168
	Socket messages sent: 0
	Socket messages received: 0
	Signals delivered: 0
	Page size (bytes): 4096
	Exit status: 0
HEAD exit 0
Thu Oct  1 20:27:40 UTC 2026
	Command being timed: "./run.sh corpus results-baseline"
	User time (seconds): 5879.29
	System time (seconds): 428.27
	Percent of CPU this job got: 289%
	Elapsed (wall clock) time (h:mm:ss or m:ss): 36:16.59
	Average shared text size (kbytes): 0
	Average unshared data size (kbytes): 0
	Average stack size (kbytes): 0
	Average total size (kbytes): 0
	Maximum resident set size (kbytes): 2696504
	Average resident set size (kbytes): 0
	Major (requiring I/O) page faults: 11110
	Minor (reclaiming a frame) page faults: 79423533
	Voluntary context switches: 217261
	Involuntary context switches: 564918
	Swaps: 0
	File system inputs: 711592
	File system outputs: 27560
	Socket messages sent: 0
	Socket messages received: 0
	Signals delivered: 0
	Page size (bytes): 4096
	Exit status: 0
BASE exit 0
Thu Oct  1 21:03:57 UTC 2026
