== static checks ==
circle(0.0,0.0 r1.0) x circle(1.5,0.0 r0.6): hit
circle(0.0,0.0 r1.0) x box(1.2,1.2..2.0,2.0): miss
box(0.0,0.0..2.0,2.0) x circle(2.5,1.0 r0.6): hit
box(0.0,0.0..1.0,1.0) x box(1.0,1.0..2.0,2.0): hit
dot(0.5,0.5) x box(0.0,0.0..1.0,1.0): hit
circle(0.0,0.0 r1.0) x dot(0.8,0.8): miss
dot(1.0,1.0) x dot(1.0,1.0): hit
== simulation ==
t=1 crate+seed (first contact)
t=2 crate+seed
t=3 crate+seed
t=4 crate+seed
t=5 ball+crate (first contact) ball+bug (first contact) crate+seed
t=6 ball+crate ball+seed (first contact) crate+seed
t=7 ball+crate ball+seed crate+seed
t=8 ball+crate crate+seed
== final positions ==
ball   circle(8.0,4.0 r1.0)         bbox 7.0..9.0 x 3.0..5.0
crate  box(6.0,2.0..8.0,4.0)        bbox 6.0..8.0 x 2.0..4.0
puck   circle(2.0,0.0 r0.5)         bbox 1.5..2.5 x -0.5..0.5
bug    dot(7.0,0.0)                 bbox 7.0..7.0 x 0.0..0.0
wall   box(-2.0,-3.0..12.0,-2.5)    bbox -2.0..12.0 x -3.0..-2.5
seed   dot(7.0,3.0)                 bbox 7.0..7.0 x 3.0..3.0
== contact counts ==
crate/seed: 8 tick(s)
ball/crate: 4 tick(s)
ball/bug: 1 tick(s)
ball/seed: 2 tick(s)
longest contact: crate & seed
never touched: puck, wall
