== contents ==
1. Sake release notes
   1.1 Highlights
   1.2 Numbers
2. Example
== width 60 ==
+------------------------------------------------------------+
|SAKE RELEASE NOTES                                          |
|==================                                          |
|                                                            |
|This release makes operators on user types dispatch through |
|modules, so a type joins Arithmetic or Comparable by        |
|including it and defining the operator.                     |
|                                                            |
|Highlights                                                  |
|----------                                                  |
|                                                            |
|* Mixin functions dispatch on the first argument at run     |
|  time.                                                     |
|* Indexing is an operator too.                              |
|* Struct equality compares fields recursively.              |
|                                                            |
|Numbers                                                     |
|-------                                                     |
|                                                            |
|area      | tests | status                                  |
|----------+-------+----------                               |
|operators | 212   | pass                                    |
|modules   | 87    | pass                                    |
|inference | 1290  | 3 skipped                               |
|                                                            |
|EXAMPLE                                                     |
|=======                                                     |
|                                                            |
|    [sake]                                                  |
|    class Money < {reader: [cents]}                         |
|      include Arithmetic                                    |
|    end                                                     |
|                                                            |
|Thanks to everyone who reported issues.                     |
+------------------------------------------------------------+
== width 34 ==
+----------------------------------+
|SAKE RELEASE NOTES                |
|==================                |
|                                  |
|This release makes operators on   |
|user types dispatch through       |
|modules, so a type joins          |
|Arithmetic or Comparable by       |
|including it and defining the     |
|operator.                         |
|                                  |
|Highlights                        |
|----------                        |
|                                  |
|* Mixin functions dispatch on the |
|  first argument at run time.     |
|* Indexing is an operator too.    |
|* Struct equality compares fields |
|  recursively.                    |
|                                  |
|Numbers                           |
|-------                           |
|                                  |
|area      | tests | status        |
|----------+-------+----------     |
|operators | 212   | pass          |
|modules   | 87    | pass          |
|inference | 1290  | 3 skipped     |
|                                  |
|EXAMPLE                           |
|=======                           |
|                                  |
|    [sake]                        |
|    class Money < {reader: [cents]}|
|      include Arithmetic          |
|    end                           |
|                                  |
|Thanks to everyone who reported   |
|issues.                           |
+----------------------------------+
== stats ==
h1     words   3  height@60  2  height@34  2
p      words  24  height@60  3  height@34  6
h2     words   1  height@60  2  height@34  2
ul     words  20  height@60  4  height@34  5
h2     words   1  height@60  2  height@34  2
table  words  10  height@60  5  height@34  5
h1     words   1  height@60  2  height@34  2
code   words   0  height@60  4  height@34  4
p      words   6  height@60  1  height@34  2
total words: 66
tallest at 34: p
blocks: h1=2 p=2 h2=2 ul=1 table=1 code=1
