'3/4'     -> 3/4     mixed 3/4      0.75000
'-2/6'    -> -1/3    mixed -1 2/3   -0.33333
'7'       -> 7       mixed 7        7.00000
'10/4'    -> 5/2     mixed 2 1/2    2.50000
' 22/7 '  -> 22/7    mixed 3 1/7    3.14286
'5/0' -> error: zero denominator
'x/2' -> error: cannot parse "x/2"
'355/113' -> 355/113 mixed 3 16/113 3.14159
sorted: -1/3 < 3/4 < 5/2 < 355/113 < 22/7 < 7
min -1/3, max 7
sum: 153781/9492 = 16 1909/9492
product: -19525/452
3/4 + 5/6 = 19/12
3/4 - 5/6 = -1/12
3/4 * 5/6 = 5/8
3/4 / 5/6 = 9/10
3/4 ^ 3 = 27/64
3/4 + 2 = 11/4, 3/4 * 4 = 3
3/4 < 5/6: true; 3/4 == 6/8: true; 5/6 >= 1: false
== egyptian ==
4/13 = 1/4 + 1/18 + 1/468
5/6 = 1/2 + 1/3
7/15 = 1/3 + 1/8 + 1/120
== continued fractions ==
355/113 = [3; 7; 16]
415/93 = [4; 2; 6; 7]
-7/3 = [-3; 1; 2]
== harmonic ==
H(1) = 1
H(2) = 3/2
H(5) = 137/60
H(10) = 7381/2520
first H(n) > 2: n = 4
== Farey F5 ==
0 1/5 1/4 1/3 2/5 1/2 3/5 2/3 3/4 4/5 1
