== block (4x4) population 4 ==
....
.##.
.##.
....
generation 1: repeats generation 0 -> still life
== blinker (5x5) population 3 ==
.....
..#..
..#..
..#..
.....
generation 2: repeats generation 0 -> oscillator with period 2
== toad (6x6) population 6 ==
......
......
..###.
.###..
......
......
generation 2: repeats generation 0 -> oscillator with period 2
== glider (6x8) population 5 ==
.#......
..#.....
###.....
........
........
........
after 4: population 5
........
..#.....
...#....
.###....
........
........
bounding box rows 1..3 cols 1..3
== dies (3x5) population 2 ==
#....
.....
....#
generation 2: repeats generation 1 -> still life
== summary ==
block    period 1
blinker  period 2
toad     period 2
glider   no repeat
dies     period 1
