1 + 2 * 3              => (1 + (2 * 3))                  = 7  [5 nodes]
(1 + 2) * 3            => ((1 + 2) * 3)                  = 9  [5 nodes]
2 ^ 3 ^ 2              => (2 ^ (3 ^ 2))                  = 512  [5 nodes]
x * x + y * y          => ((x * x) + (y * y))            = 25  [7 nodes]
-x + 10                => ((0 - x) + 10)                 = 7  [5 nodes]
rate * (x - -y) % 5    => ((rate * (x - (0 - y))) % 5)   = 4  [9 nodes]
10 / (y - 4)           !! eval error: division by zero in (10 / (y - 4))
z + 1                  !! eval error: undefined variable 'z'
3 + * 4                !! parse error at 4: unexpected '*'
    3 + * 4
        ^
7 $ 2                  !! parse error at 2: unexpected character '$'
    7 $ 2
      ^
(1 + 2                 !! parse error at 6: expected ')' but got 'end of input'
    (1 + 2
          ^
2 ^ -1                 !! eval error: negative exponent -1
100 / 7 / 2            => ((100 / 7) / 2)                = 7  [5 nodes]
7/13 evaluated
