{
  "store": {
    "name": "Corner \"Shop\"",
    "open": true,
    "items": [
      {
        "name": "tea",
        "price": 3.5,
        "qty": 12
      },
      {
        "name": "cake",
        "price": 4,
        "qty": 0,
        "tags": [
          "sweet",
          "fresh"
        ]
      }
    ],
    "owner": null,
    "rating": -12.5,
    "notes": "line1\nline2",
    "empty": {},
    "none": []
  }
}
store.name             -> "Corner \"Shop\""
store.items.1.tags.0   -> "sweet"
store.items.0.price    -> 3.5
store.owner            -> null
store.items.5.name     -> null
store.open.x           -> null
store.items.1.qty      -> 0
numbers: 3.5, 12, 4, 0, -12.5  sum=7.0
[1, 2,, 3]     error at 6: unexpected ','
{"a": tru}     error at 6: unexpected 't'
{"a" 1}        error at 5: expected ':' but found '1'
["open         error at 6: unterminated string
{1: 2}         error at 1: object key must be a string
[1] x          error at 4: trailing characters
               error at 2: unexpected end of input
["bad \q"]     error at 8: bad escape
