invalid line 42: Celtic 0:3 Hearts
invalid line 75: Everton 1:1 Juve
Pos Team          P  W  D  L  GF  GA  GD Pts
  1 Olimpia      19  9  7  3  30  19 +11  34
  2 Inter        18 10  3  5  34  25  +9  33
  3 Torino       19 10  3  6  32  29  +3  33
  4 Juve         18  9  4  5  27  19  +8  31
  5 Porto        18  9  2  7  30  23  +7  29
  6 Fulham       19  9  2  8  29  26  +3  29
  7 Sparta       18  8  5  5  27  27   0  29
  8 Dynamo       19  9  2  8  25  25   0  29
  9 Celtic       18  8  4  6  30  25  +5  28
 10 Hearts       18  8  3  7  26  29  -3  27
 11 Everton      18  7  4  7  29  27  +2  25
 12 Rapid        17  8  1  8  28  26  +2  25
 13 Ajax         19  6  6  7  30  29  +1  24
 14 Lazio        16  7  2  7  19  17  +2  23
 15 Galaxy       19  5  6  8  30  38  -8  21
 16 Napoli       19  6  3 10  21  30  -9  21
 17 Malmo        18  6  2 10  24  25  -1  20
 18 Queens       17  5  4  8  24  30  -6  19
 19 Kiel         18  4  6  8  21  26  -5  18
 20 Benfica      19  2  5 12  21  42 -21  11
