/tmp/tmp.kek8mQfRqK/corpus/shapes.sake: L22 Arithmetic.+ pair: observed [["Float", "Float"]], static [Float | Integer, Integer]
/tmp/tmp.kek8mQfRqK/corpus/shapes.sake: L23 Float.round 1: observed [["Float"]], static Integer
/tmp/tmp.kek8mQfRqK/corpus/shapes.sake: L23 Float.round 1: observed [["Float"]], static Integer
/tmp/tmp.kek8mQfRqK/corpus/shapes.sake: L27 Arithmetic.+ pair: observed [["Float", "Float"]], static [Float | Integer, Integer]
/tmp/tmp.kek8mQfRqK/corpus/shapes.sake: L28 Float.round 1: observed [["Float"]], static Integer
/tmp/tmp.kek8mQfRqK/corpus/shapes.sake: L13 Arithmetic.* pair: observed [["Float", "Float"]], static [Float, Integer]
/tmp/tmp.kek8mQfRqK/corpus/shapes.sake: L28 Float.round 1: observed [["Float"]], static Integer
/tmp/tmp.kek8mQfRqK/corpus/stats.sake: L5 Arithmetic.- pair: observed [["Float", "Float"]], static [Float, Integer]
/tmp/tmp.kek8mQfRqK/corpus/stats.sake: L5 Arithmetic.** pair: observed [["Float", "Integer"]], static [Integer, Integer]
/tmp/tmp.kek8mQfRqK/corpus/stats.sake: L5 Arithmetic.+ pair: observed [["Float", "Float"]], static [Float | Integer, Integer]
/tmp/tmp.kek8mQfRqK/corpus/stats.sake: L11 Math.sqrt 1: observed [["Float"]], static Integer
/tmp/tmp.kek8mQfRqK/corpus/stats.sake: L13 Float.round 1: observed [["Float"]], static Integer
/tmp/tmp.kek8mQfRqK/corpus/stats.sake: L14 Float.round 1: observed [["Float"]], static Integer
/tmp/tmp.kek8mQfRqK/corpus/stats.sake: L16 Comparable.> pair: observed [["Float", "Float"]], static [Float, Integer]
../../test/samples/binary_op.sake: L13 Float.* result: observed ["Float"], static Integer
../../test/samples/binary_op.sake: L14 Integer.+ result: observed ["Float"], static Integer
../../test/samples/numeric_time.sake: L8 Rational.numerator 1: observed [["Rational"]], static Integer
../../test/samples/numeric_time.sake: L17 Time.to_i 1: observed [["Time"]], static Integer
../../test/samples/numeric_time.sake: L2 Kernel.p result: observed ["Rational"], static Integer
../../test/samples/numeric_time.sake: L3 Kernel.p result: observed ["Float"], static Integer
../../test/samples/numeric_time.sake: L4 Kernel.p result: observed ["Rational"], static Integer
../../test/samples/numeric_time.sake: L5 Kernel.p result: observed ["Complex"], static Integer
../../test/samples/numeric_time.sake: L6 Kernel.p result: observed ["Rational"], static Integer
../../test/samples/numeric_time.sake: L9 Array.sum result: observed ["Rational"], static Integer
../../test/samples/numeric_time.sake: L9 Kernel.p result: observed ["Rational"], static Integer
../../test/samples/numeric_time.sake: L15 Kernel.p result: observed ["Float"], static Integer
../../test/samples/operators.sake: L17 Kernel.p result: observed ["Float"], static Integer
../../test/samples/operators.sake: L18 Integer.+ result: observed ["Float"], static Integer
../../test/samples/operators.sake: L18 Kernel.p result: observed ["Float"], static Integer
../../test/samples/ruby_types.sake: L23 Kernel.p result: observed ["Set"], static Integer
