line 10: unknown category pop
line 14: unknown category pop
line 27: unknown category pop
line 34: bad score 101/100
line 37: bad format
line 45: unknown category pop
line 48: unknown category pop
line 50: unknown category pop
line 52: bad format
line 54: bad format
line 67: bad format
line 68: unknown category pop
line 70: bad score 101/100
line 71: bad score 6/5
line 80: bad score 21/20
line 86: bad score 101/100
line 91: unknown category pop
line 99: unknown category pop
line 103: bad score 11/10
line 105: unknown category pop
line 119: unknown category pop
line 123: unknown category pop
line 127: unknown category pop
line 128: unknown category pop
line 129: bad format
line 135: unknown category pop
line 136: unknown category pop
line 144: bad format
line 146: unknown category pop
line 151: unknown category pop
line 153: unknown category pop
line 162: unknown category pop
line 169: unknown category pop
line 171: bad score 11/10
line 179: unknown category pop
Student  Score  G  Missing
dov       65.5  D        0
ana       62.9  D        0
cara      54.0  F        0
jun       51.6  F        0
lia       46.4  F        0
fay       41.7  F        1
ivo       40.9  F        1
hana      34.5  F        1
ben       32.3  F        1
kai       29.2  F        0
gil       28.5  F        3
eli       26.3  F        2
class average: 42.8
