Historic dates:
  1969-07-20  Sunday    Moon landing
  1989-11-09  Thursday  Berlin Wall opens
  2000-01-01  Saturday  Y2K
  2000-02-29  Tuesday   Leap day 2000
  1900-03-01  Thursday  After non-leap 1900
  2026-10-01  Thursday  Today in the experiment
  1752-09-14  Thursday  Gregorian adoption in Britain
Methods disagree on 0 dates
Cross-checked 2192 days, 0 differences
Friday the 13th:
  2024: 2 (Sep, Dec)
  2025: 1 (Jun)
  2026: 3 (Feb, Mar, Nov)
  2027: 1 (Aug)
  2028: 1 (Oct)
  2029: 2 (Apr, Jul)
  2030: 2 (Sep, Dec)
Most in 2026: 3
January 1st over 400 years:
  Sunday     58
  Monday     56
  Tuesday    58
  Wednesday  57
  Thursday   57
  Friday     58
  Saturday   56
