Parsing:
  '1h30m'        5400 s  1:30:00      1h 30m
  '2d4h'       187200 s  52:00:00     2d 4h
  '1:30:00'      5400 s  1:30:00      1h 30m
  '45:10'        2710 s  0:45:10      45m 10s
  '90s'            90 s  0:01:30      1m 30s
  '3m'            180 s  0:03:00      3m
  '1h1h'         7200 s  2:00:00      2h
  '  10m5s '      605 s  0:10:05      10m 5s
  '1.5h'     rejected: unparseable duration
  '4:7'      rejected: unparseable duration
  '0s'              0 s  0:00:00      0s
Sum: 2d 9h 59m 45s, longest: 2d 4h, shortest: 0s

Album:
  1. Overture       0:04:12  ends at 0:04:12
  2. Slow Tide      0:06:45  ends at 0:10:57
  3. Glass          0:03:58  ends at 0:14:55
  4. Northbound     0:05:31  ends at 0:20:26
  5. Interlude      0:01:20  ends at 0:21:46
  6. Harbor Lights  0:07:02  ends at 0:28:48
  7. Coda           0:02:49  ends at 0:31:37
Total 0:31:37; side A gets 3 tracks (53s from half)

Laps: avg 1:32:49, best 1:31:12, 105% 1:35:46, slow laps: 1
Deltas: +58 +46 +148 +0 +293 +38
Four 37.5h weeks: 6d 6h = 150:00:00
