Year  Western  Orthodox  Gap
2024  Mar 31   May  5    5w
2025  Apr 20   Apr 20    0w
2026  Apr  5   Apr 12    1w
2027  Mar 28   May  2    5w
2028  Apr 16   Apr 16    0w
2029  Apr  1   Apr  8    1w
2030  Apr 21   Apr 28    1w
2031  Apr 13   Apr 13    0w
2032  Mar 28   May  2    5w

Movable feasts in 2027:
  Ash Wednesday   Feb 10 (-46)
  Palm Sunday     Mar 21 (-7)
  Good Friday     Mar 26 (-2)
  Easter Monday   Mar 29 (+1)
  Ascension       May  6 (+39)
  Pentecost       May 16 (+49)
  Corpus Christi  May 27 (+60)

Distinct Easter dates 1900-2099: 34
Earliest: Mar 23 (1913), latest: Apr 25 (1943)
  Mar 31: 9 times
  Apr 12: 9 times
  Apr 15: 9 times
Both churches together in 57 years, first few: 1906, 1909, 1912, 1915, 1916
Dates in March: 9, in April: 25
