Phases for selected dates:
  2026-10-01  age 19.65 d   66%  waning gibbous
  2026-10-10  age 28.65 d    5%  new moon
  2026-10-17  age  6.12 d   41%  first quarter
  2026-10-26  age 15.12 d   97%  full moon
  2000-01-06  age 29.27 d    1%  new moon
  1969-07-20  age  5.77 d   39%  first quarter

October 2026:
  1        10        20        30
  OCCCC((((@@@))))DDDDOOOOOOOOOOO

Full moons of 2026 (13):
  2026-01-03 20:15  Wolf
  2026-02-02 08:59  Snow
  2026-03-03 21:43  Worm
  2026-04-02 10:27  Pink
  2026-05-01 23:11  Flower
  2026-05-31 11:55  Flower (blue moon)
  2026-06-30 00:39  Strawberry
  2026-07-29 13:23  Buck
  2026-08-28 02:07  Sturgeon
  2026-09-26 14:51  Harvest
  2026-10-26 03:35  Hunter's
  2026-11-24 16:20  Beaver
  2026-12-24 05:04  Cold
New moons: 12

Sexagenary years:
  2020  Geng  Rat      Metal yang, cycle year 37
  2021  Xin   Ox       Metal yin, cycle year 38
  2022  Ren   Tiger    Water yang, cycle year 39
  2023  Gui   Rabbit   Water yin, cycle year 40
  2024  Jia   Dragon   Wood  yang, cycle year 41
  2025  Yi    Snake    Wood  yin, cycle year 42
  2026  Bing  Horse    Fire  yang, cycle year 43
  2027  Ding  Goat     Fire  yin, cycle year 44
  2028  Wu    Monkey   Earth yang, cycle year 45
  2029  Ji    Rooster  Earth yin, cycle year 46
  2030  Geng  Dog      Metal yang, cycle year 47
  2031  Xin   Pig      Metal yin, cycle year 48
Golden numbers: 2024:11 2025:12 2026:13 2027:14 2028:15 2029:16 2030:17
