ok       #1 Atlas Mon 09:00-10:00 kim
conflict Atlas Mon 09:30-10:30 lee: overlaps #1 Atlas Mon 09:00-10:00 kim
ok       #2 Boreal Mon 09:30-10:30 lee
hours    Cedar Tue max: outside 08:00-19:00: 07:30-08:30
ok       #3 Cedar Tue 08:00-09:00 max
room     Dome: no such room
hours    Atlas Sat nia: not a working day
ok       #4 Atlas Wed 13:00-16:00 ola
conflict Atlas Wed 15:59-17:00 kim: overlaps #4 Atlas Wed 13:00-16:00 ola
ok       #5 Atlas Wed 16:00-17:00 kim
hours    Boreal Thu lee: outside 08:00-19:00: 11:00-10:00
ok       #6 Boreal Thu 11:00-12:30 lee
ok       #7 Cedar Fri 14:00-18:30 max
ok       #8 Boreal Fri 09:00-12:00 ola
Rejected: conflict=2, hours=3, room=1
Cancel #2: true, cancel #99: false
rebooked #9 Boreal Mon 10:00-11:00 kim

Utilisation (11 h days):
  Atlas   12 seats  300 min   9%  longest: #4 Atlas Wed 13:00-16:00 ola
  Boreal   6 seats  330 min  10%  longest: #8 Boreal Fri 09:00-12:00 ola
  Cedar    4 seats  330 min  10%  longest: #7 Cedar Fri 14:00-18:30 max
Bookings per day: Mon=2 Tue=1 Wed=2 Thu=1 Fri=2
By owner: kim:3 lee:1 max:2 ola:2
