Journeys:
  Harbor   -> Summit   after 06:00: 101 (local)   06:10-07:40  wait 10m, ride 1h30
  Harbor   -> Museum   after 06:35: 103 (local)   07:15-07:35  wait 40m, ride 20m
  Central  -> Airport  after 08:00: 203 (express) 08:15-08:33  wait 15m, ride 18m
  Museum   -> Summit   after 09:40: 107 (local)   12:20-13:30  wait 2h40, ride 1h10
  Lakeside -> Harbor   after 07:00: no train
  Airport  -> Summit   after 23:00: 301 (night)   23:55-00:50  wait 55m, ride 55m
  Harbor   -> Summit   after 13:00: 301 (night)   23:20-00:50  wait 10h20, ride 1h30

Departures from Central:
  06:22  101  local    to Summit
  06:50  201  express  to Summit
  07:27  103  local    to Summit
  08:15  203  express  to Summit
  09:42  105  local    to Lakeside
  12:12  107  local    to Summit
  23:32  301  night    to Summit

Average end-to-end time by kind:
  local    3 trains, 1h30
  express  2 trains, 1h10
  night    1 trains, 1h30
Longest gap at Harbor: 11h20 after 12:00
