line 2: D5 not inside
D5 0:56 3.50
AB1 0:42 3.50
P3 0:00 0.00
Q9 2:46 8.50
line 17: ZX55 not inside
ZX55 1:05 4.75
C4 5:13 14.75
K0 4:29 12.25
T1000 2:05 7.25
D5 4:32 13.50
D5 0:12 0.00
M77 7:57 21.00
line 31: K0 already inside
line 32: Q9 not inside
AB1 5:48 16.00
K0 2:59 8.50
line 38: M77 not inside
K0 0:33 3.50
P3 6:44 18.50
D5 1:45 6.00
line 43: invalid
AB1 2:00 6.00
AB2 10:55 22.00
line 46: P3 not inside
K0 1:37 6.00
line 53: C4 already inside
line 55: AB1 already inside
Q9 7:16 19.75
P3 1:36 6.00
ZX55 5:05 14.75
Q9 0:51 3.50
P3 0:19 3.50
AB2 6:24 17.25
line 67: C4 already inside
AB2 0:45 3.50
line 73: D5 already inside
T1000 4:10 12.25
Q9 1:50 6.00
D5 6:00 16.00
M77 2:10 7.25
line 78: Q9 not inside
C4 11:17 22.00
K0 5:03 14.75
Q9 0:20 3.50
P3 2:47 8.50
M77 0:33 3.50
line 91: ZX55 already inside
AB1 15:26 22.00
P3 0:48 3.50
T1000 1:02 4.75
ZX55 9:23 22.00
line 99: AB2 not inside
D5 4:13 12.25
line 101: P3 not inside
T1000 2:12 7.25
line 105: invalid
line 107: T1000 not inside
line 109: M77 already inside
line 110: invalid
AB1 3:45 11.00
C4 0:34 3.50
D5 2:43 8.50
line 117: AB2 already inside
M77 7:23 19.75
K0 6:37 18.50
T1000 1:18 4.75
P3 1:59 6.00
C4 0:31 3.50
K0 1:36 6.00
AB1 3:55 11.00
line 132: Q9 not inside
line 133: AB1 already inside
line 137: K0 already inside
T1000 1:24 4.75
M77 5:47 16.00
AB2 8:39 22.00
T1000 0:07 0.00
C4 1:52 6.00
P3 4:10 12.25
AB1 5:12 14.75
line 147: ZX55 already inside
Q9 1:19 4.75
K0 4:07 12.25
AB1 2:16 7.25
AB2 1:46 6.00
line 159: T1000 already inside
M77 3:02 9.75
line 161: AB2 not inside
P3 3:12 9.75
Q9 2:46 8.50
K0 3:42 11.00
line 166: P3 not inside
AB1 1:05 4.75
line 168: AB1 not inside
T1000 7:09 19.75
Q9 0:12 0.00
D5 0:31 3.50
line 177: AB2 already inside
AB2 2:31 8.50
ZX55 22:44 22.00
M77 0:31 3.50
ZX55 0:22 3.50
line 189: ZX55 not inside
D5 5:01 14.75
K0 2:54 8.50
K0 0:44 3.50
AB1 1:08 4.75
P3 0:28 3.50
line 200: K0 already inside
C4 8:33 22.00
M77 5:27 14.75
P3 1:10 4.75
AB1 2:21 7.25
D5 6:26 17.25
ZX55 1:09 4.75
P3 1:10 4.75
C4 6:24 17.25
AB2 13:07 22.00
T1000 6:06 17.25
AB2 0:45 3.50
ZX55 3:37 11.00
line 228: M77 already inside
AB1 4:02 12.25
line 231: P3 not inside
C4 2:07 7.25
T1000 2:59 8.50
C4 0:22 3.50
M77 10:55 22.00
line 239: K0 already inside
AB1 3:10 9.75
D5 9:25 22.00
K0 16:37 22.00
AB2 3:07 9.75
Q9 12:11 22.00
line 249: D5 already inside
line 251: K0 not inside
C4 0:01 0.00
line 254: AB1 already inside
P3 1:42 6.00
line 256: M77 already inside
T1000 8:02 22.00
P3 1:26 4.75
T1000 0:46 3.50
AB1 7:21 19.75
ZX55 1:25 4.75
K0 2:12 7.25
AB2 8:06 22.00
line 271: invalid
line 272: K0 already inside
C4 3:02 9.75
D5 10:09 22.00
line 275: AB1 already inside
K0 2:37 8.50
AB1 3:52 11.00
line 279: T1000 not inside
C4 1:24 4.75
P3 1:33 6.00
C4 1:36 6.00
line 289: M77 already inside
Q9 1:27 4.75
AB1 2:58 8.50
D5 2:09 7.25
M77 17:41 22.00
line 299: C4 not inside
Q9 2:23 7.25
line 302: T1000 already inside
ZX55 3:09 9.75
P3 1:11 4.75
Q9 0:51 3.50
ZX55 2:32 8.50
K0 6:32 18.50
D5 2:43 8.50
T1000 10:16 22.00
D5 0:06 0.00
P3 2:31 8.50
line 320: T1000 not inside
T1000 0:29 3.50
ZX55 0:49 3.50
M77 9:15 22.00
line 327: invalid
line 328: M77 not inside
C4 4:55 13.50
K0 0:20 3.50
AB2 1:01 4.75
D5 4:50 13.50
AB1 13:01 22.00
line 339: invalid
K0 1:50 6.00
D5 0:59 3.50
line 345: T1000 already inside
T1000 7:08 19.75
C4 2:05 7.25
line 350: C4 already inside
Q9 14:51 22.00
D5 0:18 3.50
K0 5:19 14.75
line 356: AB2 not inside
line 359: P3 already inside
line 360: M77 not inside
ZX55 10:56 22.00
AB1 2:59 8.50
AB1 0:42 3.50
T1000 2:31 8.50
D5 1:31 6.00
C4 6:33 18.50
line 373: C4 already inside
line 374: invalid
P3 8:51 22.00
line 376: invalid
Q9 6:23 17.25
ZX55 0:39 3.50
--- summary
AB1 19 203.50
K0 18 185.25
D5 19 181.50
T1000 16 165.75
M77 11 161.50
C4 16 159.50
AB2 11 141.25
ZX55 13 134.75
P3 18 133.00
Q9 14 131.25
total 155 1597.25
inside: AB1, C4, D5, K0, Q9
