TOBEORNOTTOBEORTOBEORNOT
  codes(16): 84 79 66 69 79 82 78 79 84 256 258 260 ...
  192 -> 144 bits (75.0%) roundtrip=true
  highest code: 265
abababababababababababab
  codes(9): 97 98 256 258 257 260 259 262 260
  192 -> 81 bits (42.2%) roundtrip=true
  highest code: 262
aaaaaaaaaaaaaaaaaaaaaaaaaaaaaaaaaaaaaaaaaaaaaaaaaa
  codes(10): 97 256 257 258 259 260 261 262 263 259
  400 -> 90 bits (22.5%) roundtrip=true
  highest code: 263
the rain in spain stays mainly in the plain; the rain in spain stays mainly in the plain
  codes(51): 116 104 101 32 114 97 105 110 32 262 32 115 ...
  704 -> 459 bits (65.2%) roundtrip=true
  highest code: 293
xyz
  codes(3): 120 121 122
  24 -> 27 bits (112.5%) roundtrip=true
  highest code: 122
long input: 1201 chars, 70 codes, max 322, ok=true
corrupt stream: bad code 300
