== escaping ==
hello world            path=hello%20world                        form=hello+world
  utf-8 bytes: 68656c6c6f20776f726c64
a+b=c&d                path=a%2Bb%3Dc%26d                        form=a%2Bb%3Dc%26d
  utf-8 bytes: 612b623d632664
50% off!               path=50%25%20off%21                       form=50%25+off%21
  utf-8 bytes: 353025206f666621
~user/path_name.txt    path=~user%2Fpath_name.txt                form=~user%2Fpath_name.txt
  utf-8 bytes: 7e757365722f706174685f6e616d652e747874
naïve/日本               path=na%C3%AFve%2F%E6%97%A5%E6%9C%AC      form=na%C3%AFve%2F%E6%97%A5%E6%9C%AC
  utf-8 bytes: 6e61c3af76652fe697a5e69cac
== query strings ==
  q: ["sake lang", "again"]
  tag: ["ruby", "types/inference"]
  empty: [""]
  flag: [""]
  page: ["2"]
  note: ["100% sure"]
page number: 2
sort given: false
rebuilt: empty=&flag=&note=100%25+sure&page=2&q=sake+lang&q=again&tag=ruby&tag=types%2Finference
stable after rebuild: true
== bad input ==
100% -> bad escape at 3: %
%zz -> bad escape at 0: %zz
ok%2 -> bad escape at 2: %2
fine%20here -> "fine here"
