placed carrier at B2 across
placed battleship at A8 down
placed cruiser at D4 down
placed submarine at C3 down
placed destroyer at G6 across
placed patrol at H1 across
cannot place raft: overlaps carrier at B4
cannot place dinghy: off the board (Z9)
cannot place sloop: runs off the board at F9
   1 2 3 4 5 6 7 8 
A  . . . . . . . #
B  . # # # # # . #
C  . . # . . . . #
D  . . # # . . . #
E  . . # # . . . .
F  . . . # . . . .
G  . . . . . # # .
H  # # # . . . . .
b2: hit
B3: hit
C5: miss
d4: hit
E4: hit
F4: sunk cruiser
a8: hit
B8: hit
C8: hit
D8: sunk battleship
G6: hit
g7: sunk destroyer
q1: off the board
B4: hit
B5: hit
B6: sunk carrier
B2: repeat
H1: hit
H2: hit
H3: sunk patrol
A1: miss
C3: hit
D3: hit
E3: sunk submarine
fleet destroyed
   1 2 3 4 5 6 7 8 
A  o . . . . . . X
B  . X X X X X . X
C  . . X . o . . X
D  . . X X . . . X
E  . . X X . . . .
F  . . . X . . . .
G  . . . . . X X .
H  X X X . . . . .
afloat: 
hit=14 invalid=1 miss=2 repeat=1 sunk=6
