== start ==
8 rnbqkbnr
7 pppppppp
6 ........
5 ........
4 ........
3 ........
2 PPPPPPPP
1 RNBQKBNR
material: white 39, black 39
white king e1: safe; moves ; controls 22 squares
black king e8: safe; moves ; controls 22 squares
== scholar's mate ==
8 r.bqkb.r
7 pppp.Qpp
6 ..n..n..
5 ....p...
4 ..B.P...
3 ........
2 PPPP.PPP
1 RNB.K.NR
material: white 39, black 38
white king e1: safe; moves d1 e2 f1; controls 34 squares
black king e8: in check, no king moves; moves ; controls 33 squares
== rook endgame ==
8 ........
7 ........
6 ........
5 ....k...
4 ........
3 ........
2 .R......
1 R...K...
material: white 10, black 0
white king e1: safe; moves d1 d2 e2 f1 f2; controls 24 squares
black king e5: safe; moves d4 d5 d6 e4 e6 f4 f5 f6; controls 8 squares
== typo ==
bad position: bad piece x
