=== careful ===
open 0,0 -> 9 cells
flag 0,3 -> flagged
open 6,7 -> 1 cells
open 3,7 -> 9 cells
open 2,3 -> 8 cells
open 6,3 -> 15 cells
open 3,0 -> 1 cells
open 5,0 -> 1 cells
open 0,7 -> 1 cells
open 4,0 -> 1 cells
open 6,1 -> 0 cells
open 0,4 -> 1 cells
open 0,5 -> 1 cells
open 0,6 -> 1 cells
open 1,7 -> 1 cells
..1F1111
..1111#1
111..111
1#1111..
1111#111
11.1111#
#1....11
status: won, flags: 1/6
=== reckless ===
open 3,4 -> 1 cells
flag 4,4 -> flagged
flag 4,4 -> hidden
open 4,4 -> boom at 4,4
###*####
######*#
########
#*##1###
####*###
#######*
*#######
status: lost, flags: 0/6
=== tiny ===
open 0,0 -> 1 cells
open 0,1 -> 1 cells
open 1,0 -> 1 cells
11
1#
status: won, flags: 0/1
