1. X c2 flips 1
2. O b2 flips 1
3. X a2 flips 1
4. O a1 flips 1
5. X b3 flips 1
6. O d2 flips 2
7. X e2 flips 4
8. O d1 flips 2
9. X e4 flips 2
10. O e5 flips 3
11. X b1 flips 1
12. O c1 flips 2
13. X f6 flips 3
14. O b4 flips 3
15. X a3 flips 2
16. O a4 flips 3
17. X e1 flips 1
18. O f1 flips 1
19. X a5 flips 1
20. O a6 flips 1
   X passes
21. O e3 flips 4
22. X f2 flips 1
23. O f4 flips 5
24. X c5 flips 2
25. O f3 flips 2
   X passes
26. O b6 flips 2
   X passes
27. O d6 flips 1
   X passes
   O passes
  a b c d e f
1 O O O O O O
2 O O O O O O
3 O O O O O O
4 O O O O O O
5 O . O . O .
6 O O . O . X
black 1, white 30, empty 5
white wins
check: illegal move 0,0
