X.O|.X.|...: O plays 8 -> draw (score 0, 368 nodes)
XX.|OO.|...: X plays 2 -> X wins (score 9, 99 nodes)
X..|.O.|..X: O plays 1 -> draw (score 0, 420 nodes)
XOX|OXO|OXO: board full, draw
XXX|OO.|...: already won by X
O..|.X.|...: X plays 1 -> draw (score 0, 1341 nodes)
self-play from X..|...|...:
  O -> 4
  X -> 1
  O -> 2
  X -> 6
  O -> 3
  X -> 5
  O -> 7
  X -> 8
X|X|O
O|O|X
X|O|X
result: draw
self-play from X.O|...|...:
  X -> 3
  O -> 6
  X -> 4
  O -> 1
  X -> 5
X|O|O
X|X|X
O|.|.
winner: X
