ARRAY   at (3,2) going E
BLOCK   at (7,0) going E
HASH    at (4,5) going W
MAP     at (6,0) going E
RANGE   at (0,0) going S
RUBY    at (0,0) going E
SAKE    at (7,8) going N
SET     at (2,2) going E
STRING  at (1,1) going E
TUPLE   at (6,3) going E
not found: loop, shell, yield, keys
directions: E=7 N=1 S=1 W=1
R U B Y t k o h n
A S T R I N G e l
N h S E T n i o o
G e A R R A Y p o
E k H S A H s p E
w l u p o r c a K
M A P T U P L E A
B L O C K s i t S
leftover letters: TKOHNELHNIOOEPOKSPWLUPORCASIT
