step 7: insufficient funds in B200 (needed 20.00)
step 8: unknown account D400
step 9: insufficient funds in C300 (needed 900.00)
step 12: account B200 is frozen
step 14: unknown account Z999
--- accounts
A100   alice    checking     -63.01
A101   alice    savings     2626.96
B200   bob      checking     -95.00
C300   carol    savings      778.47
total: 3247.42
--- journal by kind
dep    6 entries     10200.00
wd     4 entries      7050.00
int    8 entries       157.42
fee    4 entries        60.00
--- failures
funds: 2
unknown: 2
other: 1
richest: alice A101
alice: 2563.95
carol: 778.47
bob: -95.00
