== all lanes open
  #17 EX waited 167s done at  303
  #18 SC waited 175s done at  422
  #19 EX waited 178s done at  335
  #20 L2 waited 185s done at  373
  #21 L1 waited 190s done at  465
  #22 EX waited 193s done at  364
  #23 EX waited 214s done at  402
  #24 L2 waited 222s done at  438
  L1 regular served  4 avg wait   89.5s
  L2 regular served  7 avg wait  100.7s
  EX express served 11 avg wait  109.1s
  SC self    served  2 avg wait   87.5s
  served 24, balked 0 [], all done at 465s, worst wait 222s
== L2 closes at 90s
  #17 EX waited 167s done at  303
  #16 SC waited 189s done at  374
  #19 EX waited 178s done at  335
  #18 L1 waited 212s done at  417
  #20 EX waited 204s done at  379
  #21 SC waited 234s done at  599
  #22 EX waited 237s done at  408
  #23 EX waited 258s done at  446
  #24 L1 waited 266s done at  477
  L1 regular served  5 avg wait  129.2s
  L2 regular served  4 avg wait   38.8s
  EX express served 12 avg wait  124.3s
  SC self    served  3 avg wait  141.0s
  served 24, balked 0 [], all done at 599s, worst wait 266s
== impatient shoppers
  L1 regular served  4 avg wait   69.2s
  L2 regular served  5 avg wait   54.2s
  EX express served  8 avg wait   67.6s
  SC self    served  1 avg wait    0.0s
  served 18, balked 6 [13, 16, 17, 18, 21, 22], all done at 330s, worst wait 119s
total wait: 2438 / 2716 / 1089
