Y1 spring    grass  1072.5 rabbits  119.0 foxes 12.36
Y1 summer    grass  1074.3 rabbits  123.4 foxes 12.73
Y1 autumn    grass  1052.2 rabbits  127.4 foxes 13.16
Y1 winter    grass  1013.9 rabbits  130.1 foxes 13.68
Y2 spring    grass  1040.1 rabbits  130.1 foxes 14.35
Y2 summer    grass  1043.5 rabbits  125.3 foxes 15.17
Y2 autumn    grass  1022.5 rabbits  122.8 foxes 15.60
Y2 winter    grass   985.7 rabbits  129.9 foxes 15.31
Y3 spring    grass  1017.1 rabbits  148.2 foxes 14.58
Y3 summer    grass  1018.8 rabbits  180.5 foxes 13.57
Y3 autumn    grass   982.9 rabbits  213.8 foxes 13.46
Y3 winter    grass   918.7 rabbits  251.8 foxes 13.89
--- final patches
meadow  grass  375.4 rabbits   98.1 foxes  9.21
forest  grass  234.2 rabbits    1.4 foxes  1.41
river   grass  203.1 rabbits  145.1 foxes  0.00
hills   grass  106.0 rabbits    7.2 foxes  3.27
rabbit peak: Y3 winter
patches without foxes: river
total hunted 529.4, migration flows 3
