12-15 R1 ito room 102 Dec 18 x4 = 660
12-15 R2 kay room 201 Dec 19 x3 = 510
12-16 ! lin: no double free from Dec 20, waitlisted
12-16 R3 moe room 301 Dec 22 x5 = 2080
12-17 ! nat: stay must be 1..14 nights
12-17 R4 ola room 101 Dec 17 x3 = 280
12-18 R2 cancelled 1 days ahead, penalty 255; from waitlist: R5 lin room 201 Dec 20 x2 = 360
12-19 ! pia: no suite free from Dec 24, waitlisted
12-20 ! unknown booking R9
12-21 R4 cancelled -4 days ahead, penalty 140
12-21 ! R4 already cancelled
12-22 R6 quy room 101 Dec 24 x1 = 120
--- occupancy
Tue 12-15 . . . .  x100
Wed 12-16 . . . .  x100
Thu 12-17 . . . .  x100
Fri 12-18 . i . .  x125
Sat 12-19 . i . .  x125
Sun 12-20 . i l .  x150
Mon 12-21 . i l .  x150
Tue 12-22 . . . m  x150
Wed 12-23 . . . m  x150
Thu 12-24 q . . m  x150
Fri 12-25 . . . m  x175
Sat 12-26 . . . m  x175
Sun 12-27 . . . .  x150
ledger entries 8, net revenue 3615
still waitlisted: pia(suite)
