day 2: ordered 50 widget (pos 8)
day 2: ordered 20 gadget (pos 7)
day 3: bolt asked for unknown X9
day 3: ordered 80 sprocket (pos 25)
day 5: received 50 widget
day 5: received 80 sprocket
day 5: backorder acme +7 widget
day 7: received 20 gadget
day 7: backorder core +2 gadget
day 7: lost sale 12 gadget to acme
day 7: ordered 20 gadget (pos 0)
day 8: ordered 50 widget (pos 14)
day 11: received 50 widget
day 11: backorder acme +4 widget
day 12: received 20 gadget
day 12: backorder bolt +3 gadget
--- stock by day
  1:  28  12  70
  2:   8   7  70
  3:   8   7  25
  4:   0   0  25
  5:  43   0 105
  6:  18   0  65
  7:  18   0  65
  8:  14   0  55
  9:  14   0  55
 10:   0   0  55
 11:  46   0  55
 12:  46  17  55
--- summary
spent:   72800
revenue: 100325
lost units: 12
open backorders: 0
pending POs: 0
lowest stock: gadget
