== classic rules=RL steps=400
painted cells: 62, visited: 112, collisions: 0
colors: 0:50 1:62
  Alice at (4, 0) facing S, 4 from origin
..##....##...
.#..#....##..
###.....##.#.
#.######...#.
.......####..
..##...#..#..
...#.#..##a..
...#..#..##..
..#..#.......
.#...######.#
.#.##.....###
..##....#..#.
...##....##..
== two ants rules=RL steps=250
painted cells: 68, visited: 140, collisions: 0
colors: 0:72 1:68
  Alice at (9, 1) facing S, 10 from origin
  Bob at (-6, 0) facing N, 6 from origin
......######....
.....#......#...
....###......#..
....#####....#..
..##.#...##.#...
.#..##.#..#.#...
b.#....#......##
##......#....#.a
...#.#..#.##..#.
...#.##...#.##..
..#....#####....
..#......###....
...#......#.....
....######......
== turmite rules=RLR steps=300
painted cells: 44, visited: 76, collisions: 0
colors: 0:32 1:34 2:10
  Cleo at (-2, 6) facing E, 8 from origin
......##...
.....#..#..
....#....#.
.#o#.o#...#
#...o#o...#
#..#...#o#.
.#.oo#.#...
..#o##..#..
..#o....#..
.#..##o#...
.#.c.......
..##.......
== filler rules=LRRRRRLLR steps=300
painted cells: 91, visited: 92, collisions: 0
colors: 0:1 1:37 2:23 3:14 4:7 5:2 6:3 7:2 8:3
  Dex at (-2, 0) facing N, 2 from origin
..########
..#+oooo+#
###o+oo+o#
#+o#*%+oo#
#o+.o&*oo#
#od*oo**o#
#o%=+@=++#
#o+*&+=###
#+oo@@+#..
########..
== highway rules=RL steps=10200
painted cells: 740, visited: 1422, collisions: 0
colors: 0:682 1:740
  Eve at (-22, -6) facing N, 28 from origin
(52x45, too large to draw)
most painted: long (740)
