d01 Ana borrowed Dune, due d15
d01 Bo borrowed Matilda, due d22
d02 Di borrowed Emma, due d16
d02 Ana placed hold on Emma (position 1)
d03 Cy borrowed Dune, due d17
d03 Bo placed hold on Dune (position 1)
d04 Bo borrowed Ulysses, due d25
d05 refused: Bo at limit
d10 renewal refused for Di: Emma
d14 renewal refused for Cy: Dune
d16 Di returned 222
d16   Emma is waiting for Ana
d17 Ana borrowed Emma, due d31
d20 Ana returned 111 5 days late, fine 125
d20   Dune is waiting for Bo
d21 refused: Bo at limit
d22 refused: unknown title 999
d30 Cy returned 111 13 days late, fine 325
d30   Dune is waiting for Bo
d33 Ana returned 222 2 days late, fine 50
d40 Bo returned 444 18 days late, fine 90
d41 Ana placed hold on Ulysses (position 1)
d45 Ana paid 175
d50 nothing to return for Bo
d50 Bo returned 333 25 days late, fine 125
d50   Ulysses is waiting for Ana
d51 Ana borrowed Ulysses, due d65
d52 nothing to return for Di
--- members
m1  Ana  adult  fines    0  loans: 333(due d65)
m2  Bo   child  fines  215  loans: -
m3  Cy   staff  fines  325  loans: -
m4  Di   adult  fines    0  loans: -
--- titles
Dune     on shelf 2 holds 1
Emma     on shelf 1 holds 0
Ulysses  on shelf 0 holds 0
Matilda  on shelf 3 holds 0
refusals: limit=2 unknown=1
fines collected: 175, outstanding: 540
