space-time diagram, 15 cars, p=0.25 (last 12 steps)
 48 ..3..2..2...3..2..2.........3...2...3..20..1..2...3.......3.
 49 .3..2..2...3..2..2...3.........3...3..200...1....3....4.....
 50 ...2..2...3..2.1...2....3........2..1.00.1....2.....3......5
 51 ..3..2...3..20..1.....3....3.......20.0.1..2.....3.....3....
 52 ....2...3..200....2.......4..2.....00..1.1...2.......4....3.
 53 .3.....3..200.1......3......2..2...00..0...2....3.......3...
 54 4...3....200.1..2........4....2...30.1..1....2......4.......
 55 ..2....3.00.1.1....3.........4...30.1..2..2.....3........5..
 56 .4...3..10.1.1..2......4........30.1..2..2...3......4.......
 57 ...2...200.0..1....3........5...00...2..2...3....4.......5..
 58 ..5..2.00.1.1...2.....3........30.1....2...3...3......5.....
 59 ....20.0.1.1..2....3.....3.....0.1..2....2...2.....4.......5
leader: car 14 (2 laps), last: car 0 (2 laps)
--- fundamental diagram
cars density  p=0.00              p=0.25              p=0.50
   5   0.08  flow  11 v 3.00 j  0 | flow  11 v 2.65 j  4 | flow   7 v 3.25 j  9
  15   0.25  flow  29 v 3.00 j  0 | flow  20 v 2.03 j 52 | flow   9 v 1.10 j 67
  25   0.42  flow  20 v 1.40 j  0 | flow  14 v 1.06 j202 | flow   9 v 0.62 j156
  40   0.67  flow   0 v 0.50 j 32 | flow   0 v 0.29 j 67 | flow   0 v 0.18 j 27
