== normal operations
t=  0 queue: LH4(T)
t=  8 SK5 declares fuel emergency
t= 15 queue: AZ4(L) LO2(L) LH4(T) KL9(T) IB3(T) AY1(T) TP2(T) OS7(T) SN3(T)
t= 17 LO2 declares fuel emergency
t= 30 queue: OS7(T) SN3(T)
order: BA12 AF77 UA90 SK5 EI8 LX6 AZ4 LO2 LH4 KL9 IB3 AY1 TP2 OS7 SN3
  land  8 ops, avg delay  3.25, max  5
  take  7 ops, avg delay 20.29, max 22
  worst: IB3(T) delayed 22
  diverted: none
  runway clear at t=36
== runway inspection 6..20
t=  0 queue: LH4(T)
t=  8 SK5 declares fuel emergency
t=  9 UA90 declares fuel emergency
t= 13 SK5 diverts
t= 14 UA90 diverts
t= 15 queue: EI8(L) LX6(L) AZ4(L) LO2(L) LH4(T) KL9(T) IB3(T) AY1(T) TP2(T) OS7(T) SN3(T)
t= 17 LO2 declares fuel emergency
t= 18 LX6 declares fuel emergency
t= 22 LO2 diverts
t= 30 queue: IB3(T) AY1(T) TP2(T) OS7(T) SN3(T)
order: BA12 AF77 LX6 EI8 AZ4 LH4 KL9 IB3 AY1 TP2 OS7 SN3
  land  5 ops, avg delay  8.40, max 15
  take  7 ops, avg delay 27.29, max 29
  worst: IB3(T) delayed 29
  diverted: SK5(L!), UA90(L!), LO2(L!)
  runway clear at t=43
== two closures
t=  0 queue: LH4(T)
t=  8 SK5 declares fuel emergency
t=  9 UA90 declares fuel emergency
t= 13 SK5 diverts
t= 15 queue: EI8(L) LX6(L) AZ4(L) LO2(L) LH4(T) KL9(T) IB3(T) AY1(T) TP2(T) OS7(T) SN3(T)
t= 17 LO2 declares fuel emergency
t= 18 LX6 declares fuel emergency
t= 22 LO2 diverts
t= 23 LX6 diverts
t= 26 AZ4 declares fuel emergency
t= 30 queue: IB3(T) AY1(T) TP2(T) OS7(T) SN3(T)
order: BA12 UA90 AF77 EI8 AZ4 LH4 KL9 IB3 AY1 TP2 OS7 SN3
  land  5 ops, avg delay  8.60, max 15
  take  7 ops, avg delay 29.29, max 31
  worst: IB3(T) delayed 31
  diverted: SK5(L!), LO2(L!), LX6(L!)
  runway clear at t=45
total delay minutes: 168 / 233 / 248
