line 51: duplicate tmp/db/f269.dat
line 185: duplicate lib/db/f1.dat
line 230: duplicate lib/core/f24.dat
   82M  .
   21M    bin/
  5.1M      net/
  4.6M      ui/
  4.1M      x/
  4.0M      db/
  3.2M      io/
  440K      core/
   20M    lib/
  5.4M      ui/
  5.0M      x/
  4.6M      io/
  2.6M      net/
  2.4M      core/
  1.2K      (1 smaller)
   18M    tmp/
  5.7M      db/
  4.3M      net/
  3.3M      io/
  2.6M      x/
  1.7M      core/
  657K      ui/
   13M    share/
  3.4M      db/
  2.4M      io/
  2.2M      x/
  2.2M      ui/
  1.6M      core/
  1.6M      net/
  9.1M    var/
  4.6M      x/
  2.0M      io/
  1.2M      db/
  833K      net/
  572K      ui/
  5.7K      (1 smaller)
   35K    (5 smaller)
