 1  1 + 2 * 3                      => 7
 2  (1 + 2) * 3                    => 9
 3  2 ^ 3 ^ 2                      => 512
 4  -4 + 10 / 3                    => -1
 5  17 % 5 * -2                    => -4
 6  r = 2.5                        => 2.5
 7  area = pi * r ^ 2              => 19.634954
 8  area / 2                       => 9.817477
 9  max(3, 7 * 2, 9) - min(4, 1)   => 13
10  sqrt(16) + abs(-3)             => 7.0
11  x = (1 + 2                     !! parse error at 10: expected ')' but got end
12  4 / (2 - 2)                    !! division by zero
13  y * 2                          !! unknown variable 'y'
14  foo(1)                         !! unknown function 'foo'
15  3 + * 4                        !! parse error at 4: unexpected '*'
16  1 2                            !! parse error at 2: trailing input
17  count = count2 = 5             !! unknown variable 'count2'
variables:
  area = 19.634954
  pi = 3.141593
  r = 2.5
