abc                      "xxabcxx"                2..5 "abc"                   ok
a.c                      "abc adc"                0..3 "abc"                   ok
^ab*                     "abbbc"                  0..4 "abbb"                  ok
^ab*                     "cab"                    no match                     ok
colou?r                  "my color"               3..8 "color"                 ok
colou?r                  "colour!"                0..6 "colour"                ok
\d+                      "order 66 now"           6..8 "66"                    ok
[a-c]+x                  "zzbcax"                 2..6 "bcax"                  ok
[^aeiou ]+               "a quiet rhythm"         2..3 "q"                     ok
\w+@\w+\.com             "mail bob@example.com!"  5..20 "bob@example.com"      ok
a*a*a*b                  "aaaaaaaaaaaaaaac"       no match                     ok
end$                     "the end"                4..7 "end"                   ok
end$                     "endless"                no match                     ok
x*                       ""                       0..0 ""                      ok
a+b+                     "aaabbbccc"              0..6 "aaabbb"                ok
\.\*                     "1.*2"                   1..3 ".*"                    ok
[0-9][0-9]:[0-5][0-9]    "at 23:59 or 7:5"        3..8 "23:59"                 ok
*a                       "a"                      error at 0: nothing to repeat
ab[cd                    "abc"                    error at 2: unterminated character class
a**                      "aa"                     error at 2: nothing to repeat
17 results agree with the built-in engine
