f(x)  = x^3 + 2 * x
f'(x) = 3 * x^2 + 2
f'(1.5) = 8.75 (numeric 8.75)
f(x)  = sin(x) * x
f'(x) = cos(x) * x + sin(x)
f'(1.5) = 1.1036 (numeric 1.1036)
f(x)  = exp(2 * x) / x
f'(x) = (exp(2 * x) * 2 * x - exp(2 * x)) / x^2
f'(1.5) = 17.8538 (numeric 17.8538)
f(x)  = ln(x^2 + 1)
f'(x) = 2 * x / (x^2 + 1)
f'(1.5) = 0.9231 (numeric 0.9231)
f(x)  = 3 * y + x * y
f'(x) = y
f'(1.5) = 2.0 (numeric 2.0)
f(x)  = (-1) * x^2
f'(x) = (-1) * (2 * x)
f'(1.5) = -3.0 (numeric -3.0)
f(x)  = x^x
f'(x) = x^x * (ln(x) + x / x)
f'(1.5) = 2.582 (numeric 2.582)
f(x)  = (1 + x) * (1 - x)
f'(x) = 1 - x + (1 + x) * (-1)
f'(1.5) = -3.0 (numeric -3.0)
f(x)  = cos(sin(x))
f'(x) = (-1) * sin(sin(x)) * cos(x)
f'(1.5) = -0.0594 (numeric -0.0594)
2 * (x + : parse error at token 6: unexpected end
x $ 2: parse error at token 1: trailing '$'
sqrt(x): parse error at token 0: unexpected 'sqrt'
