longest chain below 1200: 1161: length 182, peak 190996
highest peak below 1200: 703: length 171, peak 250504
length records:
  25: length 24, peak 88
  27: length 112, peak 9232
  54: length 113, peak 9232
  73: length 116, peak 9232
  97: length 119, peak 9232
  129: length 122, peak 9232
  171: length 125, peak 9232
  231: length 128, peak 9232
  313: length 131, peak 9232
  327: length 144, peak 9232
  649: length 145, peak 9232
  703: length 171, peak 250504
  871: length 179, peak 190996
  1161: length 182, peak 190996
trajectory of 27 (first 20): 27 82 41 124 62 31 94 47 142 71 214 107 322 161 484 242 121 364 182 91 ...
length distribution:
    0- 24   222 ############
   25- 49   408 #####################
   50- 74   156 ########
   75- 99   102 ######
  100-124   190 ##########
  125-149   108 ######
  150-174    12 #
  175-199     2 #
consecutive starts with equal length: 444
starts that never exceed themselves: 164
memo entries: 2638
average length: 62.618
