primitive triples with c <= 100: 16
  (3, 4, 5) (5, 12, 13) (8, 15, 17) (7, 24, 25)
  (20, 21, 29) (12, 35, 37) (9, 40, 41) (28, 45, 53)
  (11, 60, 61) (16, 63, 65) (33, 56, 65) (48, 55, 73)
  (13, 84, 85) (36, 77, 85) (39, 80, 89) (65, 72, 97)
perimeter <= 1000 with most triples: 840
  (240, 252, 348) area 30240
  (210, 280, 350) area 29400
  (168, 315, 357) area 26460
  (140, 336, 364) area 23520
  (120, 350, 370) area 21000
  (105, 360, 375) area 18900
  (56, 390, 394) area 10920
  (40, 399, 401) area 7980
perimeters with exactly one triple: 112
smallest areas: 6 30 60 84 180 210
largest primitive (by c, then a): (65, 72, 97)
first with c > 50: (28, 45, 53)
Berggren tree, 3 levels:
  depth 0: (3, 4, 5)
  depth 1: (5, 12, 13) (8, 15, 17) (20, 21, 29)
  depth 2: (7, 24, 25) (12, 35, 37) (28, 45, 53) (33, 56, 65) (48, 55, 73) (36, 77, 85) (39, 80, 89) (65, 72, 97) (119, 120, 169)
  depth 3 triples with c <= 100: 2
