expansions:
    1/3   = 0.(3)
    1/7   = 0.(142857)
   22/7   = 3.(142857)
    1/12  = 0.08(3)
    3/8   = 0.375
    5/6   = 0.8(3)
    1/81  = 0.(012345679)
    7/1   = 7
    1/97  = 0.(0103092783505154639175257731958762886...
period of 1/d, checked against long division:
  mismatches for d in 2..300: 0
  periods for d = 2..40: 0 1 0 0 1 6 0 1 0 2 1 6 6 1 0 16 1 18 0 6 2 22 1 0 6 3 6 28 1 15 0 2 16 6 1 3 18 6 0
  longest period below 1000: 1/983 with 982 digits
full reptend primes < 500: 7 17 19 23 29 47 59 61 97 109 113 131 149 167 179 181 193 223 229 233 257 263 269 313 337 367 379 383 389 419 433 461 487 491 499
share among primes != 2, 5: 35/93
cyclic number 142857:
  142857 x 1 = 142857
  142857 x 2 = 285714
  142857 x 3 = 428571
  142857 x 4 = 571428
  142857 x 5 = 714285
  142857 x 6 = 857142
midy's theorem (halves of the repetend sum to 9...9):
  1/7: 142 + 857 = 999
  1/13: 076 + 923 = 999
  1/17: 05882352 + 94117647 = 99999999
  1/19: 052631578 + 947368421 = 999999999
