"hello world"                      undo=0 redo=0
insert   "hello, world"                     undo=1 redo=0 *
insert   "hello, world!"                    undo=2 redo=0 *
save     "hello, world!"                    undo=2 redo=0
delete   "ello, world!"                     undo=3 redo=0 *
insert   "Hello, world!"                    undo=4 redo=0 *
undo     "ello, world!"                     undo=3 redo=1 *
undo     "hello, world!"                    undo=2 redo=2
redo     "ello, world!"                     undo=3 redo=1 *
replace  "ell0, w0rld!"                     undo=5 redo=0 *
undo     "ell0, world!"                     undo=4 redo=1 *
undo     "ello, world!"                     undo=3 redo=2 *
insert   "ello,  bigworld!"                 undo=4 redo=0 *
redo     error: nothing to redo (redo)
undo     "ello, world!"                     undo=3 redo=1 *
undo     "hello, world!"                    undo=2 redo=2
undo     "hello, world"                     undo=1 redo=3 *
undo     "hello world"                      undo=0 redo=4 *
undo     error: nothing to undo (undo)
redo     "hello, world"                     undo=1 redo=3 *
