2026-10-01 Thu ordinal  20727
2024-02-29 Thu ordinal  19782
2023-02-29: bad day in 2023-2-29
2026-13-01: bad month in 2026-13-1
2026/10/01: not a date: 2026/10/01
1970-01-01 Thu ordinal      0
2000-03-01 Wed ordinal  11017
sorted: 1970-01-01 2000-03-01 2024-02-29 2026-10-01
span: 20727 days
today + 100 = 2027-01-09, today - 365 = 2025-10-01
days until new year: 92
round trip ok: true
== month arithmetic ==
2026-01-31 + 1 months = 2026-02-28
2026-01-31 + 2 months = 2026-03-31
2026-01-31 + 13 months = 2027-02-28
2026-01-31 + -2 months = 2025-11-30
== business days ==
2026-12-23 (Wed) + 3 business days = 2026-12-29
2026-10-01 (Thu) + 10 business days = 2026-10-15
2026-04-30 (Thu) + 1 business days = 2026-05-04
== recurring: every 2nd Tuesday, Oct 2026 - Jan 2027 ==
  2026-10-13
  2026-11-10
  2026-12-08
  2027-01-12
meetings: 4
December 2026 weekdays: Mon=4 Tue=5 Wed=5 Thu=5 Fri=4 Sat=4 Sun=4
leap years 1896-1912: 1896, 1904, 1908, 1912
