C(10, 3) = 120 (mod 1000000007)
C(1000, 500) = 159835829 (mod 1000000007)
C(5, 7) = 0 (mod 1000000007)
row 10: 1 10 45 120 210 252 210 120 45 10 1
catalan(1..10): 1 2 5 14 42 132 429 1430 4862 16796
== Lucas mod 13 ==
C(100, 30) mod 13 = 7
C(1000, 1) mod 13 = 12
C(2026, 1001) mod 13 = 7
C(13, 13) mod 13 = 1
check C(100, 30) mod 13 exactly: true (C(100, 30) = 29372339821610944823963760)
== arithmetic mod 17 ==
a + b = 1 (mod 17)
a - b = 9 (mod 17)
a * b = 14 (mod 17)
a / b = 3 (mod 17)  check: 5 (mod 17)
a ** 16 = 1 (mod 17) (Fermat)
a + 100 = 3 (mod 17), a * -1 = 12 (mod 17)
error: 6 has no inverse mod 9
1 / 4 (mod 9) = 7 (mod 9)
error: mod 17 vs mod 19
== CRT ==
x = 2 (mod 3), 3 (mod 5), 2 (mod 7)  =>  23 (mod 105)
x = 1 (mod 4), 2 (mod 9), 3 (mod 25) => 353 (mod 900)
== rolling hash ==
listen   767879116
silent   808311916
enlist   168029472
google   628217175
listen   767879116
repeated: listen; distinct hashes: 4
