p1 = 3x^2 - 2x + 1
p2 = x - 1
p3 = x^3 + 3x^2 + 3x + 1
p1 + p2 = 3x^2 - x
p1 - p1 = 0
p1 * p2 = 3x^3 - 5x^2 + 3x - 1
p3 + 5 = x^3 + 3x^2 + 3x + 6
deg(p1 * p3) = 5
p3 / p2 = x^2 + 4x + 7 rem 8
p1 / (2x + 1) = (3/2)x - (7/4) rem (11/4)
check: 3x^2 - 2x + 1 == p1? true
p1' = 6x - 2
p3'' = 6x + 6
p1(p2) = 3x^2 - 8x + 6
table:
  x=-2 p1=  17 p3=  -1
  x=-1 p1=   6 p3=   0
  x= 0 p1=   1 p3=   1
  x= 1 p1=   2 p3=   8
  x= 2 p1=   9 p3=  27
  x= 3 p1=  22 p3=  64
p1(1/2) = 3/4
p1(0.5) = 0.75
integer roots of x^3 - 7x - 6: -2, -1, 3
error: division by zero polynomial
