ruby    nnz= 6 norm=2.449 top: dynamic(1) focus(1) language(1)
python  nnz= 5 norm=2.236 top: dynamic(1) focus(1) language(1)
types   nnz= 8 norm=3.317 top: types(2) catch(1) document(1)
sake    nnz=10 norm=3.162 top: dynamic(1) operations(1) program(1)
bread   nnz= 9 norm=3.000 top: bake(1) bread(1) dough(1)
pizza   nnz=10 norm=3.162 top: bake(1) dough(1) hot(1)
== most similar pairs ==
bread   ~ pizza   0.632
ruby    ~ python  0.548
types   ~ sake    0.286
ruby    ~ sake    0.258
python  ~ sake    0.141
== query ==
dynamic language simplicity    -> ruby (0.707)
hot oven dough                 -> bread (0.577)
types for the program          -> types (0.640)
quantum chromodynamics         -> no match
== arithmetic ==
a = {bake:2, dough:1, rise:1}
b = {bake:1, dough:1, oven:1}
a + b = {bake:3, dough:2, oven:1, rise:1}
a - b = {bake:1, oven:-1, rise:1}
a * 3 = {bake:6, dough:3, rise:3}
a . b = 3
a - a = {} (nnz 0)
a[missing] = 0
corpus top terms: dynamic=3, types=3, bake=2, dough=2
