== factorial ==
10!= 3628800
(18 instructions, 119 steps, stack [])
== gcd ==
gcd= 21
(15 instructions, 35 steps, stack [])
== primes ==
2
3
5
7
11
13
17
19
23
29
(33 instructions, 1073 steps, stack [])
== underflow ==
runtime error at pc 1: stack underflow at pc 1
== bad label ==
assembly error at instruction 1: unknown label nowhere
== bad op ==
assembly error at instruction 1: unknown instruction frobnicate
== forever ==
runtime error at pc 0: step limit 50 exceeded
== unset var ==
runtime error at pc 0: undefined variable ghost
== gcd listing ==
  0  push 1071
  1  store a
  2  push 462
  3  store b
  4  load b
  5  jz 13
  6  load a
  7  load b
  8  mod
  9  load b
 10  store a
 11  store b
 12  jmp 4
 13  load a
 14  print
counts: jmp 4 x1, jz 13 x1, load a x2, load b x3, mod x1, print x1, push 1071 x1, push 462 x1, store a x2, store b x2
