skip mars: cannot read -80R
== readings in Celsius ==
oslo    06:00     -3.5°C =   -3.5°C
oslo    12:00      2.0°C =    2.0°C
oslo    18:00     -1.0°C =   -1.0°C
denver  06:00     28.0°F =   -2.2°C
denver  12:00     61.5°F =   16.4°C
denver  18:00     45.0°F =    7.2°C
lab     06:00     293.2K =   20.0°C
lab     12:00     294.6K =   21.5°C
lab     18:00     293.9K =   20.8°C
cairo   12:00     35.2°C =   35.2°C
cairo   18:00     29.5°C =   29.5°C
== per station ==
oslo    min -3.5°C   max 2.0°C    swing +5.5 K    mean -0.8°C
denver  min 28.0°F   max 61.5°F   swing +18.6 K   mean 44.8°F
lab     min 293.2K   max 294.6K   swing +1.5 K    mean 293.9K
cairo   min 29.5°C   max 35.2°C   swing +5.7 K    mean 32.4°C
== ranking at noon ==
1. cairo 35.2°C
2. lab 21.5°C
3. denver 16.4°C
4. oslo 2.0°C
hottest overall: cairo at 12:00
== alerts ==
frost: oslo -3.5°C is +3.5 K below freezing
frost: oslo -1.0°C is +1.0 K below freezing
frost: denver 28.0°F is +2.2 K below freezing
heat: cairo 35.2°C within 5 K of 95.0°F
== arithmetic ==
20.0°C == 68.0°F? true  (<=> says true)
20.0°C + 10 K = 30.0°C
68.0°F + 10 K = 86.0°F
68.0°F - 10 K = 50.0°F
boiling - body = +63.0 K
3 K + 2 * 4.5 K = +12.0 K, halved +6.0 K, bigger than 10 K? true
error: unknown unit r (r)
