final state:
  A1  ann       300 open
  B2  bob         0 closed
  C3  cy        300 open
rejected events:
  #4 insufficient funds in B2
  #10 account B2 is closed
  #11 duplicate account A1
  #13 balance not zero in A1
  #14 unknown account X9
from snapshot @0  (0 accounts): total=600 consistent=true
from snapshot @5  (2 accounts): total=600 consistent=true
from snapshot @10 (3 accounts): total=600 consistent=true
