words: 75
== order 1: 28 states, 3 starts ==
  20 states with 1 follower(s)
  5 states with 2 follower(s)
  1 states with 3 follower(s)
  1 states with 4 follower(s)
  1 states with 5 follower(s)
  busiest 'them' -> Sam:1 anywhere.:1 here:1 in:2 with:2
  [7] Thank you, Sam I do not like them in a house?
  [42] I am.
  [2026] Thank you, Sam I do so like them Sam I do not like them
== order 2: 41 states, 4 starts ==
  34 states with 1 follower(s)
  6 states with 2 follower(s)
  1 states with 5 follower(s)
  busiest 'like them' -> Sam:1 anywhere.:1 here:1 in:2 with:2
  [7] Would you like them in a house?
  [42] Thank you, thank you, Sam I am.
  [2026] Thank you, thank you, Sam I am.
  I do          6 words
  I would       6 words
  Thank you,    7 words
  Would you     7 words
average sentence length: 6.50
