P1: 3 sentences, 15 words,  17 syllables, ease  105.9 (easy), grade  -0.3
P2: 2 sentences, 22 words,  69 syllables, ease  -69.7 (very difficult), grade  25.7
    complex: Photosynthesis, biochemical, whereby, chlorophyll-containing, organisms
P3: 3 sentences, 28 words,  39 syllables, ease   79.5 (standard), grade   4.5
    complex: everyone
P4: 4 sentences, 15 words,  38 syllables, ease  -11.3 (very difficult), grade  15.8
    complex: Readability, formulas, estimate, difficulty, sentences
overall: ease 27.7, grade 11.1
syllable cache: 71 words
  1 syllable(s): 31 words
  2 syllable(s): 17 words
  3 syllable(s): 13 words
  4 syllable(s):  4 words
  5 syllable(s):  4 words
  6 syllable(s):  2 words
most syllables: electromagnetic (6)
  table: 2
  little: 2
  create: 1
  the: 1
  rhythm: 1
  queue: 1
