serves 4 (x 2/3)
line 2: error: unknown unit oz
line 8: error: unknown unit oz
line 10: error: unknown unit oz
line 34: error: unknown unit oz
line 38: error: unknown unit oz
line 42: error: unknown unit oz
line 54: error: unknown unit oz
line 56: error: unknown unit oz
line 59: error: unknown unit oz
line 68: error: unknown unit oz
line 74: error: unknown unit oz
line 80: error: unknown unit oz
line 87: error: unknown unit oz
line 92: error: unknown unit oz
line 93: error: unknown unit oz
line 113: error: unknown unit oz
line 119: error: unknown unit oz
line 121: error: unknown unit oz
line 129: error: unknown unit oz
line 153: error: unknown unit oz
line 159: error: unknown unit oz
line 168: error: unknown unit oz
line 176: error: unknown unit oz
line 179: error: unknown unit oz
line 189: error: unknown unit oz
219.17 tsp milk
147.99 tsp butter
12.34 l salt
6.01 l sugar
668.41 ml butter
328.61 tsp sugar
4.58 kg butter
9 flour
9.48 l milk
9 butter
499.51 tsp egg
8.63 kg sugar
6 milk
6.18 l water
5.45 g egg
6.22 l egg
620.24 tsp flour
14.68 kg salt
553.32 tsp water
670.30 g water
253.93 tsp salt
7.44 kg flour
7 water
6.75 l flour
8 egg
7 salt
4.01 kg milk
1 sugar
