#1 alice_01: OK
#2 Bob: 6 error(s)
    username may contain only lowercase letters, digits and _
    email must contain exactly one @
    age is not a number: x9
    password needs a digit, an uppercase letter, 8 characters
    confirm does not match password
    country UK is not supported
#3 admin: 3 error(s)
    username is reserved
    email domain needs a dot
    age must be at least 13
#4 : 4 error(s)
    username is required
    email local part is empty
    age looks wrong (130)
    password needs an uppercase letter
#5 carol: OK
accepted 2/5
age       3
email     3
username  3
password  2
confirm   1
country   1
