alpha:
  attempt 1: ok
  => alpha:REQ1 (waited 0ms)
  calls made: 1
beta:
  attempt 1: 504 beta timed out, waiting 100ms
  attempt 2: 503 beta is busy, waiting 200ms
  attempt 3: ok
  => beta:REQ3 (waited 300ms)
  calls made: 3
gamma:
  attempt 1: 503 gamma is busy, waiting 100ms
  attempt 2: 503 gamma is busy, waiting 200ms
  attempt 3: 503 gamma is busy, waiting 400ms
  attempt 4: 503, giving up
  => gave up after 4 attempts; last code 503
  calls made: 4
delta:
  attempt 1: 504 delta timed out, waiting 100ms
  => fatal 403: delta denied access
  calls made: 2
eps:
  attempt 1: 503 eps is busy, waiting 100ms
  attempt 2: 504 eps timed out, waiting 200ms
  attempt 3: 503 eps is busy, waiting 400ms
  attempt 4: 504, giving up
  => gave up after 4 attempts; last code 504
  calls made: 4
summary: ok=2 gave_up=2 fatal=1
total backoff: 300ms
