x scores 31, 270 left
y scores 53, 248 left
x scores 10, 260 left
y scores 2, 246 left
x scores 8, 252 left
y scores 3, 243 left
x scores 5, 247 left
y scores 53, 190 left
x scores 5, 242 left
y scores 7, 183 left
x scores 29, 213 left
y scores 31, 152 left
x scores 35, 178 left
y scores 3, 149 left
x scores 8, 170 left
y scores 5, 144 left
x scores 32, 138 left
y scores 5, 139 left
x scores 7, 131 left
y scores 7, 132 left
x scores 30, 101 left
y scores 10, 122 left
x scores 35, 66 left
y scores 10, 112 left
x scores 7, 59 left
y scores 26, 86 left
x scores 6, 53 left
y scores 11, 75 left
x scores 8, 45 left
y scores 28, 47 left
x scores 32, 13 left
y scores 9, 38 left
x scores 11, 2 left
y scores 10, 28 left
x busts, 2 left
y busts, 28 left
x checks out with D1
line 39: game over
line 40: game over
line 41: game over
line 42: game over
line 43: game over
line 44: game over
line 45: game over
line 46: game over
line 47: game over
line 48: game over
line 49: game over
line 50: game over
line 51: game over
line 52: game over
line 53: game over
line 54: game over
line 55: game over
line 56: game over
line 57: game over
line 58: game over
line 59: game over
line 60: game over
line 61: game over
line 62: game over
line 63: game over
line 64: game over
line 65: game over
line 66: game over
line 67: game over
line 68: game over
line 69: game over
line 70: game over
line 71: game over
line 72: game over
line 73: game over
line 74: game over
line 75: game over
line 76: game over
line 77: game over
line 78: game over
line 79: game over
line 80: game over
line 81: game over
line 82: game over
line 83: game over
line 84: game over
line 85: game over
line 86: game over
line 87: game over
line 88: game over
line 89: game over
line 90: game over
line 91: game over
line 92: game over
line 93: game over
line 94: game over
line 95: game over
line 96: game over
line 97: game over
line 98: game over
line 99: game over
line 100: game over
line 101: game over
line 102: game over
line 103: game over
line 104: game over
line 105: game over
line 106: game over
line 107: game over
line 108: game over
line 109: game over
line 110: game over
line 111: game over
line 112: game over
line 113: game over
line 114: game over
line 115: game over
line 116: game over
line 117: game over
line 118: game over
line 119: game over
line 120: game over
line 121: game over
STANDINGS
1. x             0  19  16.72
2. y            28  18  15.17
winner: x
