As of 2026-10-01:
  Aiko  36y  4m 14d   13286 days lived  Taurus      turns 37 in 228 days
  Bram  26y  7m  2d    9711 days lived  Pisces      turns 27 in 150 days
  Chen  41y  0m  0d   14975 days lived  Libra       turns 41 today!
  Dana  13y  9m  1d    5022 days lived  Capricorn   turns 14 in 91 days
  Emil  68y  6m 28d   25049 days lived  Pisces      turns 69 in 153 days
  Fay    0y  8m 16d     259 days lived  Capricorn   turns 1 in 106 days
  Gus   26y 11m 29d    9861 days lived  Libra       turns 27 in 1 days

Oldest: Emil, youngest: Fay
Adults: Aiko, Bram, Chen, Emil, Gus
   0s: 1
  10s: 1
  20s: 2
  30s: 1
  40s: 1
  60s: 1
Bram celebrates: 2026-02-28 2027-02-28 2028-02-29 2029-02-28 2030-02-28 2031-02-28 2032-02-29
Real birthdays up to 2032: 8
  2026-01-31 -> 2026-03-01: 0y 1m 1d
  2024-01-31 -> 2024-03-01: 0y 1m 1d
  2026-03-31 -> 2026-04-30: 0y 0m 30d
  2025-12-31 -> 2026-01-01: 0y 0m 1d
