skip cora: no such day 2026-02-29
acme:
  2026-01-31      $9.00  basic 2026-01-31..2026-02-28
  2026-02-28      $9.00  basic 2026-02-28..2026-03-31
  2026-03-31      $9.00  basic 2026-03-31..2026-04-30
  2026-04-30      $9.00  basic 2026-04-30..2026-05-31
  2026-05-31      $9.00  basic 2026-05-31..2026-06-30
  2026-06-30      $9.00  basic 2026-06-30..2026-07-31
  2026-07-31      $9.00  basic 2026-07-31..2026-08-31
  2026-08-31      $9.00  basic 2026-08-31..2026-09-30
  2026-09-30      $9.00  basic 2026-09-30..2026-10-31
  total          $81.00
bolt:
  2026-03-15      $9.00  basic 2026-03-15..2026-04-15
  2026-04-15      $9.00  basic 2026-04-15..2026-05-15
  2026-05-01     -$4.20  credit 14/30 days of basic
  2026-05-01     $29.00  pro 2026-05-01..2026-06-01
  2026-06-01     $29.00  pro 2026-06-01..2026-07-01
  2026-07-01     $29.00  pro 2026-07-01..2026-08-01
  2026-08-01     $29.00  pro 2026-08-01..2026-09-01
  2026-09-01     $29.00  pro 2026-09-01..2026-10-01
  2026-10-01     $29.00  pro 2026-10-01..2026-11-01
  total         $187.80
dune:
  2025-11-30    $290.00  pro-annual 2025-11-30..2026-11-30
  2026-06-15   -$133.48  refund 168/365 days
  total         $156.52
echo:
  2026-06-10     $29.00  pro 2026-06-10..2026-07-10
  2026-07-10     $29.00  pro 2026-07-10..2026-08-10
  2026-08-10     $29.00  pro 2026-08-10..2026-09-10
  2026-08-20    -$19.65  credit 21/31 days of pro
  2026-08-20    $290.00  pro-annual 2026-08-20..2027-08-20
  total         $357.35

2025-11    $290.00
2026-01      $9.00
2026-02      $9.00
2026-03     $18.00
2026-04     $18.00
2026-05     $33.80
2026-06    -$66.48
2026-07     $67.00
2026-08    $337.35
2026-09     $38.00
2026-10     $29.00
Credits and refunds: 3, worth $157.33
Anchor-day clamping for 01-31: 01-31 02-28 03-31 04-30 05-31 06-30
