Adding working days from Fri 2026-10-09:
   +1  US 2026-10-13   Gulf 2026-10-11
   +2  US 2026-10-14   Gulf 2026-10-12
   +5  US 2026-10-19   Gulf 2026-10-15
  +10  US 2026-10-26   Gulf 2026-10-22
  +30  US 2026-11-24   Gulf 2026-11-19
   -1  US 2026-10-08   Gulf 2026-10-08
   -5  US 2026-10-02   Gulf 2026-10-04
Working days 2026-10-01..2026-10-31: US  20, Gulf  20
Working days 2026-11-01..2026-11-30: US  18, Gulf  21
Working days 2026-12-20..2027-01-05: US  10, Gulf  12
Working days 2026-11-30..2026-11-01: US -18, Gulf -21

Tickets (today 2026-12-31):
  #501 high    opened 2026-11-20 due 2026-11-25  met
  #502 urgent  opened 2026-11-24 due 2026-11-25  missed by 1
  #503 normal  opened 2026-11-25 due 2026-12-04  OVERDUE 18
  #504 low     opened 2026-12-18 due 2027-01-05  met
  #505 high    opened 2026-12-23 due 2026-12-29  OVERDUE 2
  #506 normal  opened 2026-10-10 due 2026-10-20  met
  #507 urgent  opened 2026-12-28 due 2026-12-29  OVERDUE 2
Late by priority: urgent=2 normal=1 high=1
