Experiment day: 2026-10-01 (Thu, JDN 2461315)
    = 2026-10-01 | 2026-09-18 Julian | 18 Rabi II 1448 AH | 13.0.13.17.12
Gregorian reform: 1582-10-15 (Fri, JDN 2299161)
    = 1582-10-15 | 1582-10-05 Julian | 17 Ramadan 990 AH | 11.18.3.9.18
    162154 days before 2026-10-01
Day before reform: 1582-10-04 Julian (Thu, JDN 2299160)
    = 1582-10-14 | 1582-10-04 Julian | 16 Ramadan 990 AH | 11.18.3.9.17
    162155 days before 2026-10-01
Hijra epoch: 1 Muharram 1 AH (Fri, JDN 1948440)
    = 0622-07-19 | 0622-07-16 Julian | 1 Muharram 1 AH | 9.9.9.5.17
    512875 days before 2026-10-01
Ramadan 1448 starts: 1 Ramadan 1448 AH (Mon, JDN 2461445)
    = 2027-02-08 | 2027-01-26 Julian | 1 Ramadan 1448 AH | 13.0.14.6.2
13th baktun: 13.0.0.0.0 (Fri, JDN 2456283)
    = 2012-12-21 | 2012-12-08 Julian | 7 Safar 1434 AH | 13.0.0.0.0
    5032 days before 2026-10-01
Unix epoch: 1970-01-01 (Thu, JDN 2440588)
    = 1970-01-01 | 1969-12-19 Julian | 22 Shawwal 1389 AH | 12.17.16.7.5
    20727 days before 2026-10-01

Drift (Julian date behind Gregorian):
  1500: Gregorian 1500-03-01 is Julian 1500-02-20 Julian (9 days)
  1700: Gregorian 1700-03-01 is Julian 1700-02-19 Julian (10 days)
  1800: Gregorian 1800-03-01 is Julian 1800-02-18 Julian (11 days)
  1900: Gregorian 1900-03-01 is Julian 1900-02-17 Julian (12 days)
  2100: Gregorian 2100-03-01 is Julian 2100-02-16 Julian (13 days)
Round-trip failures: 0
1448 AH month starts: 06-17 07-17 08-15 09-14 10-13 11-12 12-11 01-10 02-08 03-10 04-08 05-08
