Today: 2026-10-01 (Thu)
Offsets:
     +1 days -> 2026-10-02
     +7 days -> 2026-10-08
    +30 days -> 2026-10-31
   +100 days -> 2027-01-09
   +365 days -> 2027-10-01
  +1000 days -> 2029-06-27
     -1 days -> 2026-09-30
   -365 days -> 2025-10-01
New Year      2027-01-01  in 92 days
Leap day      2028-02-29  in 516 days
Moon landing  1969-07-20  20892 days ago
Bad leap      2027-02-29  rejected: invalid date
Typo          2026-13-01  rejected: invalid date
Garbled       26/10/01    rejected: bad format
Chronological: Moon landing, New Year, Leap day
Next event: New Year on 2027-01-01
Round-trip errors over 3000 days: 0
Day 10000 after 1990-05-17: 2017-10-02
2026:Sun 2027:Mon 2028:Wed 2029:Thu 2030:Fri 2031:Sat 2032:Mon
Earliest parsed: 1969-07-20
