line 7: invalid request
line 9: invalid request
t=0 floor 1 pick P1
t=4.5 floor 5 pick P5
t=6 floor 6 pick P3
t=7.5 floor 7 drop P3
t=10 floor 9 drop P5
t=13.5 floor 12 drop P1
t=13.5 floor 12 pick P2
t=15 floor 11 pick P9
t=16.5 floor 10 pick P7
t=18 floor 9 pick P6
t=22.5 floor 5 drop P6
t=24 floor 4 drop P9
t=26.5 floor 2 drop P7
t=28 floor 1 drop P2
t=29.5 floor 2 pick P8
t=38 floor 10 drop P8
t=41.5 floor 7 pick P4
t=43 floor 6 drop P4
t=48.5 floor 1 pick P10
t=50 floor 2 drop P10
P1 wait 0 ride 13.5
P2 wait 12.5 ride 14.5
P3 wait 4 ride 1.5
P4 wait 38.5 ride 1.5
P5 wait 1.5 ride 5.5
P6 wait 14 ride 4.5
P7 wait 11.5 ride 10
P8 wait 23.5 ride 8.5
P9 wait 9 ride 9
P10 wait 8.5 ride 1.5
average wait 12.30 ride 7.00
done at t=50
