missing values: hours=1 sleep=1 score=0 coffee=0 commute=0
Pearson:
           hours   sleep   score  coffee commute
hours      1.000  -0.987   0.992   0.984   0.406
sleep     -0.987   1.000  -0.985  -0.983  -0.445
score      0.992  -0.985   1.000   0.971   0.391
coffee     0.984  -0.983   0.971   1.000   0.335
commute    0.406  -0.445   0.391   0.335   1.000
Spearman:
           hours   sleep   score  coffee commute
hours      1.000  -0.994   1.000   0.979   0.429
sleep     -0.994   1.000  -0.995  -0.988  -0.418
score      1.000  -0.995   1.000   0.982   0.379
coffee     0.979  -0.988   0.982   1.000   0.342
commute    0.429  -0.418   0.379   0.342   1.000
strongest pair: hours ~ score (r=0.992)
partial r(hours, score | coffee) = 0.860
hours~score n=11 r=0.992 95% CI [0.968, 0.998]
nil
ranks with ties: [2.0, 4.5, 2.0, 6.0, 4.5, 2.0]
weak pairs: 0
