A =
[    2.000    -1.000     0.000 ]
[   -1.000     2.000    -1.000 ]
[    0.000    -1.000     2.000 ]
A * B =
[    1.500     5.000 ]
[   -3.000    -4.250 ]
[    5.500     1.500 ]
B^T * B =
[   10.250     2.250 ]
[    2.250     5.062 ]
2A - I =
[    3.000    -2.000     0.000 ]
[   -2.000     3.000    -2.000 ]
[    0.000    -2.000     3.000 ]
trace(A)=6.000 det(A)=4.000 |A|_F=4.0000
rotation^4 is identity: true
fib(30) via matrix power: 832040
det(Hilbert 4) = 1.653439e-07
after perturbing: 6.283069e-07
cannot add: shape mismatch (3x3 vs 3x2)
cannot add: shape mismatch (3x2 vs 3x3)
sum shape 3x2
cannot multiply: inner dimensions differ (3x2 vs 3x2)
