harmonic oscillator, t = 0..10, y(0) = [1, 0]
  euler    n= 50 x=-2.406212 err=1.567e+00 energy drift=+3.053e+00
  euler    n=100 x=-1.408847 err=5.698e-01 energy drift=+8.524e-01
  euler    n=200 x=-1.082826 err=2.438e-01 energy drift=+3.238e-01
  midpoint n= 50 x=-0.809505 err=2.957e-02 energy drift=+1.010e-02
  midpoint n=100 x=-0.830954 err=8.117e-03 energy drift=+1.252e-03
  midpoint n=200 x=-0.836930 err=2.142e-03 energy drift=+1.563e-04
  rk4      n= 50 x=-0.839124 err=5.294e-05 energy drift=-2.211e-05
  rk4      n=100 x=-0.839075 err=3.935e-06 energy drift=-6.936e-07
  rk4      n=200 x=-0.839072 err=2.649e-07 energy drift=-2.169e-08
logistic growth r=0.8 K=100, y(0)=5
  euler    y(12)=99.907060 exact=99.871481
  midpoint y(12)=99.868285 exact=99.871481
  rk4      y(12)=99.871476 exact=99.871481
Lotka-Volterra predator/prey (rk4, h=0.05)
  prey peak 42.80 at t=81.25
  at t=150.0 prey=14.657 predators=0.345
convergence order (rk4 on y' = -2ty, y(0)=1, t=0..1)
  n= 5 err=2.423e-05 observed order=0.00
  n=10 err=1.625e-06 observed order=3.90
  n=20 err=1.025e-07 observed order=3.99
  n=40 err=6.407e-09 observed order=4.00
