gamma at integers vs factorial:
  gamma( 1) =         1.0000  (0!) rel err 2.2e-16
  gamma( 2) =         1.0000  (1!) rel err 2.2e-16
  gamma( 3) =         2.0000  (2!) rel err 4.4e-16
  gamma( 4) =         6.0000  (3!) rel err 1.2e-15
  gamma( 5) =        24.0000  (4!) rel err 1.5e-16
  gamma( 6) =       120.0000  (5!) rel err 1.8e-15
  gamma( 7) =       720.0000  (6!) rel err 2.2e-15
  gamma( 8) =      5040.0000  (7!) rel err 2.2e-15
  gamma( 9) =     40320.0000  (8!) rel err 2.0e-15
  gamma(10) =    362880.0000  (9!) rel err 4.2e-15
gamma(0.5)^2 = 3.141592653590 (pi = 3.141592653590)
gamma(-1.5) = 2.3632718012
gamma(0.0): gamma has a pole at 0.0
gamma(-2.0): gamma has a pole at -2.0
gamma(3.5) = 3.3233509704
log-gamma vs log(gamma):
  x=  0.7 lgamma=0.260867246568 log(gamma)=0.260867246532
  x=  3.3 lgamma=0.987098577943 log(gamma)=0.987098577895
  x= 12.0 lgamma=17.502307845890 log(gamma)=17.502307845874
  x= 25.5 lgamma=56.389167643720 log(gamma)=56.389167643720
lgamma(200) = 857.933670 (gamma would overflow: yes)
erf:
  erf( 0.1) = 0.112462916018285
  erf( 0.5) = 0.520499877813047
  erf( 1.0) = 0.842700792949715
  erf( 2.0) = 0.995322265018953
  erf( 2.4) = 0.999311486103353
  erf( 2.6) = 0.999763965583471
  erf( 3.5) = 0.999999256901628
  erf(-1.0) = -0.842700792949715
continuity at 2.5: series 0.999593047982560, cf 0.999593047982555
Bessel J0 zeros by bisection:
  2.40482556, 5.52007811, 8.65372791, 11.79153444
  gaps approach pi: 3.11525, 3.13365, 3.13781
B(2.5, 1.5) = 0.196349540854
gamma cache: 4 entries, 3 hits
