endpoint      count  4xx  5xx    bytes  avg_ms max_ms
GET /api/a       33    9    6    77048   429.7    786
GET /api/b       29    7   10    59534   420.4    777
GET /login       28    8    8    46011   426.9    799
GET /api/c       21    5    5    43679   436.3    782
GET /x/y/z       20    6    4    44771   267.2    640
PUT /login       15    2    2    26660   428.2    703
DELETE /api/c    14    3    3    32388   363.1    780
POST /api/b      14    2    3    30644   425.5    724
DELETE /login    11    3    4    22131   400.5    792
POST /login      11    4    4    24583   466.5    780
POST /x/y/z      11    3    0    28811   329.2    684
PUT /api/b       11    3    3    31737   451.3    720
DELETE /api/b    10    2    5    17821   471.6    776
PUT /x/y/z       10    0    2    11931   415.2    748
DELETE /api/a     9    4    2    20105   541.9    786
DELETE /x/y/z     9    1    2    11369   367.7    738
PUT /api/a        9    2    0    16210   309.7    647
POST /api/a       7    2    2    14884   327.6    769
PUT /api/c        5    3    1     4665   314.2    668
POST /api/c       4    4    0     8826   627.3    758
busiest hour: 2026-02-01 20:00 (6 requests)
invalid lines: 19
  line 16: bad method
  line 21: bad method
  line 30: bad timestamp
  line 39: bad duration
  line 41: bad timestamp
  line 60: bad method
  line 71: bad path
  line 81: bad duration
  line 86: bad timestamp
  line 100: bad method
  line 101: bad status
  line 110: bad method
  line 125: bad timestamp
  line 166: bad path
  line 197: bad method
  line 214: bad timestamp
  line 272: bad status
  line 280: bad method
  line 294: bad timestamp
