endpoint      count  4xx  5xx    bytes  avg_ms max_ms
GET /login      105   26   20   253874   368.6    799
GET /x/y/z      105   25   24   216602   408.4    796
GET /api/b       99   32   26   173275   420.0    796
GET /api/c       99   21   37   170959   326.2    799
GET /api/a       84   20   21   168798   412.7    798
POST /api/a      44   10   10    74097   356.8    779
POST /x/y/z      40   11    9    72122   419.5    783
PUT /api/b       37   12    8    73936   469.4    791
DELETE /api/a    35    5   11    71378   398.8    737
POST /api/c      34    9    7    61284   475.3    784
PUT /api/a       34    8   10    78453   436.6    786
DELETE /api/b    33   11    7    78558   451.1    776
DELETE /login    33    7    9    51129   402.5    752
DELETE /x/y/z    33    9    7    70023   398.7    785
PUT /x/y/z       33   11    8    45115   455.5    778
PUT /login       32   13    8    71869   365.1    781
DELETE /api/c    31    6   11    62796   427.5    775
POST /api/b      30    7    9    77214   460.8    793
PUT /api/c       30   10    5    53166   354.5    795
POST /login      29    9    6    62793   407.0    786
busiest hour: 2026-01-01 15:00 (14 requests)
invalid lines: 0
